[H]N1C(=O)N(C(=O)C1(C1=C([H])C([H])=C([H])C([H])=C1[H])C([H])([H])C([H])([H])[H])C([H])([H])[H]
 - 27
[H]OC1=NC(C(=O)N1C([H])([H])[H])(C1=C([H])C([H])=C([H])C([H])=C1[H])C([H])([H])C([H])([H])[H]
 - 24
[H]N1C([H])=C2C3=C(C([H])=C([H])C([H])=C13)C1([H])C([H])=C(C(=O)N(C([H])([H])C([H])([H])[H])C([H])([H])C([H])([H])[H])C([H])([H])N(C([H])([H])[H])C1([H])C2([H])[H]
 - 47
[H]OC(N(C([H])([H])C([H])([H])[H])C([H])([H])C([H])([H])[H])=C1C([H])=C2C3=C4C(N([H])C([H])=C4C([H])([H])C2([H])N(C([H])([H])[H])C1([H])[H])=C([H])C([H])=C3[H]
 - 41
[H]N1C([H])=C2C3=C(C([H])=C([H])C([H])=C13)C1=C([H])C([H])(C(=O)N(C([H])([H])C([H])([H])[H])C([H])([H])C([H])([H])[H])C([H])([H])N(C([H])([H])[H])C1([H])C2([H])[H]
 - 47
CN1C[C@@H](C=C2[C@H]1Cc1c[nH]c3cccc2c13)C(=O)N(CC)CC
 - This structure cannot be kekulised!
CN1C[C@@H](C=C2[C@H]1Cc1c[nH]c3cccc2c31)C(=O)N(CC)CC
 - This structure cannot be kekulised!
CN1CC(C=C2C1Cc1c[nH]c3cccc2c31)C(=O)N(CC)CC
 - This structure cannot be kekulised!
[H]OC([H])([H])C([H])(O[H])C([H])(O[H])C([H])(O[H])C([H])(O[H])C([H])([H])O[H]
 - 14
[H]OC1=C(OC(=O)C1([H])O[H])C([H])(O[H])C([H])([H])O[H]
 - 13
[H]OC1=C(O[H])C([H])(OC1=O)C([H])(O[H])C([H])([H])O[H]
 - 13
[H]OC([H])([H])C([H])(O[H])C1([H])OC(=O)C([H])(O[H])C1=O
 - 19
[H]OC([H])([H])C([H])(O[H])C1([H])OC(=O)C(=O)C1([H])O[H]
 - 17
[H]OC(=O)C1=C([H])C([H])=C(C([H])=C1O[H])C([H])([H])[H]
 - 13
[H]OC(=C([H])[H])N([H])C1=C([H])C([H])=C(C(=O)O[H])C(O[H])=C1[H]
 - 22
[H]OC(=O)C1=C([H])C([H])=C(N([H])C(=O)C([H])([H])[H])C([H])=C1O[H]
 - 21
[H]OC(=O)C1=C([H])C([H])=C(N=C(O[H])C([H])([H])[H])C([H])=C1O[H]
 - 21
[H]OC([H])([H])C([H])(C(=O)OC1([H])C([H])([H])C2([H])N(C([H])([H])[H])C([H])(C1([H])[H])C1([H])OC21[H])C1=C([H])C([H])=C([H])C([H])=C1[H]
 - 33
[H]N([H])C([H])([H])C([H])([H])C1=C([H])N([H])C([H])=N1
 - 9
[H]N([H])C([H])([H])C([H])([H])C1=C([H])N=C([H])N1[H]
 - 9
NCCc1c[n]c[nH]1
 - This structure cannot be kekulised!
NCCc1cnc[nH]1
 - This structure cannot be kekulised!
[H]C1([H])N(C1([H])[H])P(=S)(N1C([H])([H])C1([H])[H])N1C([H])([H])C1([H])[H]
 - 17
[H]C1=C([H])C2=C([H])C([H])=C3C([H])=C4C(C([H])=C([H])C5=C([H])C([H])=C([H])C([H])=C45)=C([H])C3=C2C([H])=C1[H]
 - 35
[H]OC(O[H])=C([H])C1=C(N(C(=O)C2=C([H])C([H])=C(Cl)C([H])=C2[H])C2=C([H])C([H])=C(OC([H])([H])[H])C([H])=C12)C([H])([H])[H]
 - 37
[H]OC(=O)C([H])([H])C1=C(N(C(=O)C2=C([H])C([H])=C(Cl)C([H])=C2[H])C2=C([H])C([H])=C(OC([H])([H])[H])C([H])=C12)C([H])([H])[H]
 - 37
[H]OC(O[H])=C(N([H])[H])C([H])([H])C1=C([H])N([H])C2=C([H])C([H])=C([H])C([H])=C12
 - 27
[H]OC([H])(O[H])C(N([H])[H])=C([H])C1=C([H])N([H])C2=C([H])C([H])=C([H])C([H])=C12
 - 27
[H]OC([H])(O[H])C(=N[H])C([H])([H])C1=C([H])N([H])C2=C([H])C([H])=C([H])C([H])=C12
 - 27
[H]OC(=O)C([H])(N([H])[H])C([H])([H])C1=C([H])N([H])C2=C([H])C([H])=C([H])C([H])=C12
 - 27
NC(Cc1c[nH]c2ccccc12)C(=O)O
 - This structure cannot be kekulised!
NC(Cc1c[nH]c2ccccc21)C(O)=O
 - This structure cannot be kekulised!
[H]C1=C([H])C([H])=C(C([H])=C1[H])C1(C(=O)OC([H])([H])C([H])([H])[H])C([H])([H])C([H])([H])N(C([H])([H])[H])C([H])([H])C1([H])[H]
 - 23
[H]OC(=O)C1=C([H])C([H])=C(C([H])=C1[H])S(=O)(=O)N(C([H])([H])C([H])([H])C([H])([H])[H])C([H])([H])C([H])([H])C([H])([H])[H]
 - 29
[H]C1=NC2=C(N1C([H])([H])[H])C(=O)N(C(=O)N2C([H])([H])[H])C([H])([H])[H]
 - 16
[H]OC1([H])C([H])([H])C([H])([H])C2([H])C3([H])C([H])([H])C([H])=C4C([H])([H])C(=O)C([H])([H])C([H])([H])C4(C([H])([H])[H])C3([H])C([H])([H])C([H])([H])C12C([H])([H])[H]
 - 45
[H]OC1([H])C([H])([H])C([H])([H])C2([H])C3([H])C([H])([H])C([H])([H])C4=C([H])C(=O)C([H])([H])C([H])([H])C4(C([H])([H])[H])C3([H])C([H])([H])C([H])([H])C12C([H])([H])[H]
 - 45
[H]OC1=C([H])C2=C([H])C([H])([H])C3([H])C4([H])C([H])([H])C([H])([H])C([H])(O[H])C4(C([H])([H])[H])C([H])([H])C([H])([H])C3([H])C2(C([H])([H])[H])C([H])([H])C1([H])[H]
 - 47
[H]OC1=C([H])C([H])([H])C2(C(=C([H])C([H])([H])C3([H])C4([H])C([H])([H])C([H])([H])C([H])(O[H])C4(C([H])([H])[H])C([H])([H])C([H])([H])C23[H])C1([H])[H])C([H])([H])[H]
 - 43
[H]OC1=C([H])C([H])([H])C2(C(=C1[H])C([H])([H])C([H])([H])C1([H])C3([H])C([H])([H])C([H])([H])C([H])(O[H])C3(C([H])([H])[H])C([H])([H])C([H])([H])C21[H])C([H])([H])[H]
 - 44
[H]C1=C([H])C([H])=C2N(C3=C([H])C([H])=C([H])C([H])=C3SC2=C1[H])C([H])([H])C([H])(N(C([H])([H])[H])C([H])([H])[H])C([H])([H])N(C([H])([H])[H])C([H])([H])[H]
 - 24
Cn1c(=O)c2[nH]cnc2n(C)c1=O
 - This structure cannot be kekulised!
[H]N1C([H])=NC2=C1C(=O)N(C(=O)N2C([H])([H])[H])C([H])([H])[H]
 - 18
CN1C(=O)c2[nH]c[n]c2N(C)C1=O
 - This structure cannot be kekulised!
[H]N1C([H])=NC2=C1N(C(=O)N(C2=O)C([H])([H])[H])C([H])([H])[H]
 - 18
[H]OC1=C2N=C([H])N=C2N(C(=O)N1C([H])([H])[H])C([H])([H])[H]
 - 18
[H]OC(O[H])=C1N2C(O[H])=C(N=C(O[H])C3=C(OC([H])([H])[H])C([H])=C([H])C([H])=C3OC([H])([H])[H])C2([H])SC1(C([H])([H])[H])C([H])([H])[H]
 - 38
[H]OC(O[H])=C1N2C(O[H])=C(N([H])C(=O)C3=C(OC([H])([H])[H])C([H])=C([H])C([H])=C3OC([H])([H])[H])C2([H])SC1(C([H])([H])[H])C([H])([H])[H]
 - 38
[H]OC(O[H])=C1N2C([H])(O[H])C(=NC(=O)C3=C(OC([H])([H])[H])C([H])=C([H])C([H])=C3OC([H])([H])[H])C2([H])SC1(C([H])([H])[H])C([H])([H])[H]
 - 38
[H]OC(O[H])=C1N2C(SC1(C([H])([H])[H])C([H])([H])[H])=C(N=C(O[H])C1=C(OC([H])([H])[H])C([H])=C([H])C([H])=C1OC([H])([H])[H])C2([H])O[H]
 - 43
[H]OC(O[H])=C1N2C(SC1(C([H])([H])[H])C([H])([H])[H])=C(N([H])C(=O)C1=C(OC([H])([H])[H])C([H])=C([H])C([H])=C1OC([H])([H])[H])C2([H])O[H]
 - 43
[H]OC(O[H])=C1N2C(=O)C([H])(N=C(O[H])C3=C(OC([H])([H])[H])C([H])=C([H])C([H])=C3OC([H])([H])[H])C2([H])SC1(C([H])([H])[H])C([H])([H])[H]
 - 38
[H]OC(O[H])=C1N2C(=O)C(=NC([H])(O[H])C3=C(OC([H])([H])[H])C([H])=C([H])C([H])=C3OC([H])([H])[H])C2([H])SC1(C([H])([H])[H])C([H])([H])[H]
 - 38
[H]OC(O[H])=C1N2C(=O)C([H])(N([H])C(=O)C3=C(OC([H])([H])[H])C([H])=C([H])C([H])=C3OC([H])([H])[H])C2([H])SC1(C([H])([H])[H])C([H])([H])[H]
 - 38
[H]OC(=O)C1([H])N2C(=O)C([H])(N=C(O[H])C3=C(OC([H])([H])[H])C([H])=C([H])C([H])=C3OC([H])([H])[H])C2([H])SC1(C([H])([H])[H])C([H])([H])[H]
 - 38
[H]OC(=O)C1([H])N2C(=O)C(=NC([H])(O[H])C3=C(OC([H])([H])[H])C([H])=C([H])C([H])=C3OC([H])([H])[H])C2([H])SC1(C([H])([H])[H])C([H])([H])[H]
 - 38
[H]OC(=O)C1([H])N2C(O[H])=C(N=C(O[H])C3=C(OC([H])([H])[H])C([H])=C([H])C([H])=C3OC([H])([H])[H])C2([H])SC1(C([H])([H])[H])C([H])([H])[H]
 - 38
[H]OC(=O)C1([H])N2C(=O)C([H])(N([H])C(=O)C3=C(OC([H])([H])[H])C([H])=C([H])C([H])=C3OC([H])([H])[H])C2([H])SC1(C([H])([H])[H])C([H])([H])[H]
 - 38
[H]OC(=O)C1([H])N2C(O[H])=C(N([H])C(=O)C3=C(OC([H])([H])[H])C([H])=C([H])C([H])=C3OC([H])([H])[H])C2([H])SC1(C([H])([H])[H])C([H])([H])[H]
 - 38
[H]OC(=O)C1([H])N2C(SC1(C([H])([H])[H])C([H])([H])[H])=C(N=C(O[H])C1=C(OC([H])([H])[H])C([H])=C([H])C([H])=C1OC([H])([H])[H])C2([H])O[H]
 - 43
[H]OC(=O)C1([H])N2C([H])(O[H])C(=NC(=O)C3=C(OC([H])([H])[H])C([H])=C([H])C([H])=C3OC([H])([H])[H])C2([H])SC1(C([H])([H])[H])C([H])([H])[H]
 - 38
[H]OC(=O)C1([H])N2C(SC1(C([H])([H])[H])C([H])([H])[H])=C(N([H])C(=O)C1=C(OC([H])([H])[H])C([H])=C([H])C([H])=C1OC([H])([H])[H])C2([H])O[H]
 - 43
[H]OC(O[H])=C=NC([H])(O[H])C1=C([H])C([H])=C(N([H])[H])C([H])=C1[H]
 - 23
[H]OC(O[H])=C([H])N=C(O[H])C1=C([H])C([H])=C(N([H])[H])C([H])=C1[H]
 - 23
[H]OC(=O)C([H])([H])N=C(O[H])C1=C([H])C([H])=C(N([H])[H])C([H])=C1[H]
 - 23
[H]OC(O[H])=C([H])N([H])C(=O)C1=C([H])C([H])=C(N([H])[H])C([H])=C1[H]
 - 23
[H]OC(=O)C([H])([H])N([H])C(=O)C1=C([H])C([H])=C(N([H])[H])C([H])=C1[H]
 - 23
[H]OC(=O)C([H])=NC([H])(O[H])C1=C([H])C([H])=C(N([H])[H])C([H])=C1[H]
 - 23
[H]OC([H])(O[H])C([H])=NC(=O)C1=C([H])C([H])=C(N([H])[H])C([H])=C1[H]
 - 23
OC(=O)c1ccc(cc1)[N+]([O-])=O
 - 'NoneType' object has no attribute 'kekulise'
[H]OC(=O)C1=C([H])C([H])=C(C([H])=C1[H])[N+]([O-])=O
 - 'NoneType' object has no attribute 'kekulise'
[O-][N+](=O)c1ccc(cc1)C(=O)O
 - 'NoneType' object has no attribute 'kekulise'
[O-][N+](=O)c1ccc(cc1)C(O)=O
 - 'NoneType' object has no attribute 'kekulise'
OC(=O)C1=CC=C(C=C1)[N+]([O-])=O
 - 'NoneType' object has no attribute 'kekulise'
[H]SC(N([H])[H])=C([H])[H]
 - 7
[H]N([H])C(=S)C([H])([H])[H]
 - 5
[H]SC(=N[H])C([H])([H])[H]
 - 6
[H]C1=C(C(=O)OC([H])([H])[H])C([H])([H])N(C([H])([H])[H])C([H])([H])C1([H])[H]
 - 22
[H]C([H])([H])C([H])([H])OS(=O)(=O)OC([H])([H])C([H])([H])[H]
 - 10
[H]OC([H])(C([H])([H])[H])C([H])([H])[H]
 - 5
[H]OC(=C([H])[H])C([H])([H])[H]
 - 7
[H]C([H])([H])C(=O)C([H])([H])[H]
 - 5
[H]OS(=C([H])[H])C([H])([H])[H]
 - 7
[H]C([H])([H])S(=O)C([H])([H])[H]
 - 5
[H]C1=C(N2C([H])([H])C2([H])[H])C(=O)C(N2C([H])([H])C2([H])[H])=C(N2C([H])([H])C2([H])[H])C1=O
 - 29
[H]OC1=NC2=C(O[H])N=C(O[H])N=C2N1[H]
 - 15
[H]OC1=NC2=NC(O[H])=NC(O[H])=C2N1[H]
 - 15
[H]OC1=NC(O[H])=C2N([H])C(=O)N([H])C2=N1
 - 16
[H]OC1=NC2=C(N=C(O[H])N([H])C2=O)N1[H]
 - 15
[H]OC1=NC2=C(N1[H])C(=O)N([H])C(O[H])=N2
 - 16
[H]OC1=NC2=C(N1[H])C(=O)N([H])C(=O)N2[H]
 - 15
[H]OC1=NC2=C(N1[H])N([H])C(=O)N([H])C2=O
 - 15
[H]OC1=NC2=C(N1[H])C(=O)N=C(O[H])N2[H]
 - 15
[H]OC1=NC2=C(N1[H])N([H])C(O[H])=NC2=O
 - 15
[H]OC1=NC2=C(N1[H])N([H])C(=O)N=C2O[H]
 - 14
[H]OC1=NC2=C(N1[H])C(O[H])=NC(=O)N2[H]
 - 15
[H]N1C(=O)N([H])C2=C1N([H])C(=O)N([H])C2=O
 - 15
O=c1[nH]c(=O)[nH]c2c1[nH]c(=O)[nH]2
 - 'NoneType' object has no attribute 'kekulise'
[H]OC1=NC(=O)C2=C(N([H])C(=O)N2[H])N1[H]
 - 15
[H]OC1=NC(=O)N([H])C2=C1N([H])C(=O)N2[H]
 - 15
[H]OC1=C2N([H])C(=O)N=C2N([H])C(=O)N1[H]
 - 15
[H]OC1=NC2=C(N([H])C(=O)N2[H])C(=O)N1[H]
 - 15
[H]OC1=C2N([H])C(=O)N([H])C2=NC(=O)N1[H]
 - 15
[H]OC1=NC2=NC(=O)N([H])C2=C(O[H])N1[H]
 - 15
[H]OC1=NC2=NC(=O)N([H])C(O[H])=C2N1[H]
 - 15
[H]OC1=NC2=C(O[H])N([H])C(=O)N([H])C2=N1
 - 16
[H]OC1=NC(O[H])=C2N([H])C(=O)N=C2N1[H]
 - 15
[H]OC1=NC2=C(O[H])N([H])C(=O)N=C2N1[H]
 - 15
[H]OC1=NC2=C(O[H])N([H])C(O[H])=NC2=N1
 - 16
[H]OC1=NC2=C(O[H])N=C(O[H])N([H])C2=N1
 - 16
[H]OC(O[H])=C(N([H])[H])C([H])([H])C([H])([H])C([H])([H])N([H])[H]
 - 10
[H]OC([H])(O[H])C(N([H])[H])=C([H])C([H])([H])C([H])([H])N([H])[H]
 - 11
[H]OC([H])(O[H])C(=N[H])C([H])([H])C([H])([H])C([H])([H])N([H])[H]
 - 10
[H]OC(=O)C([H])(N([H])[H])C([H])([H])C([H])([H])C([H])([H])N([H])[H]
 - 10
[H]N([H])S(=O)(=O)C1=C([H])C([H])=C(C([H])=C1[H])C([H])([H])[H]
 - 15
[H]OS(=O)(=N[H])C1=C([H])C([H])=C(C([H])=C1[H])C([H])([H])[H]
 - 15
[H]C#CC([H])([H])[H]
 - 4
[H]C([H])([H])C([H])(Cl)C([H])([H])[H]
 - 5
[H]C([H])([H])C1([H])OC1([H])[H]
 - 5
[H]OC1([H])C([H])([H])C2(C([H])([H])[H])C([H])(C([H])([H])C([H])([H])C2(O[H])C([H])([H])[H])C2([H])C([H])([H])C([H])=C3C([H])([H])C(=O)C([H])([H])C([H])([H])C3(C([H])([H])[H])C12F
 - 52
[H]OC1([H])C([H])([H])C2(C([H])([H])[H])C([H])(C([H])([H])C([H])([H])C2(O[H])C([H])([H])[H])C2([H])C([H])([H])C([H])([H])C3=C([H])C(=O)C([H])([H])C([H])([H])C3(C([H])([H])[H])C12F
 - 52
[H]OC1=C([H])C([H])([H])C2(C(=C([H])C([H])([H])C3([H])C4([H])C([H])([H])C([H])([H])C(O[H])(C([H])([H])[H])C4(C([H])([H])[H])C([H])([H])C([H])(O[H])C23F)C1([H])[H])C([H])([H])[H]
 - 47
[H]OC1=C([H])C2=C([H])C([H])([H])C3([H])C4([H])C([H])([H])C([H])([H])C(O[H])(C([H])([H])[H])C4(C([H])([H])[H])C([H])([H])C([H])(O[H])C3(F)C2(C([H])([H])[H])C([H])([H])C1([H])[H]
 - 51
[H]OC1=C([H])C([H])([H])C2(C(=C1[H])C([H])([H])C([H])([H])C1([H])C3([H])C([H])([H])C([H])([H])C(O[H])(C([H])([H])[H])C3(C([H])([H])[H])C([H])([H])C([H])(O[H])C21F)C([H])([H])[H]
 - 48
[H]OC(=NC(=O)C(Br)(C([H])([H])C([H])([H])[H])C([H])([H])C([H])([H])[H])N([H])[H]
 - 23
[H]OC(=NC(=O)N([H])[H])C(Br)(C([H])([H])C([H])([H])[H])C([H])([H])C([H])([H])[H]
 - 19
[H]OC(=N[H])N=C(O[H])C(Br)(C([H])([H])C([H])([H])[H])C([H])([H])C([H])([H])[H]
 - 19
[H]N([H])C(=O)N([H])C(=O)C(Br)(C([H])([H])C([H])([H])[H])C([H])([H])C([H])([H])[H]
 - 19
[H]OC(=N[H])N([H])C(=O)C(Br)(C([H])([H])C([H])([H])[H])C([H])([H])C([H])([H])[H]
 - 19
[H]OC(O[H])=C([H])C(O[H])(C([H])=C(O[H])O[H])C(=O)O[H]
 - 18
[H]OC(O[H])=C([H])C(O[H])(C(=O)O[H])C([H])([H])C(=O)O[H]
 - 15
[H]OC(=O)C([H])([H])C(O[H])(C(=O)O[H])C([H])([H])C(=O)O[H]
 - 15
[H]C([H])([H])C([H])([H])OP(=O)(OC([H])([H])C([H])([H])[H])OC([H])([H])C([H])([H])[H]
 - 19
[H]C([H])=C([H])C(=C([H])[H])C([H])([H])[H]
 - 6
[H]OC(=C=N[H])C([H])([H])[H]
 - 7
[H]OC([H])(C#N)C([H])([H])[H]
 - 7
[H]OC(=C([H])[H])C([H])=N[H]
 - 7
[H]N=C([H])C(=O)C([H])([H])[H]
 - 6
[H]OC(O[H])=C(C([H])([H])[H])C([H])([H])[H]
 - 7
[H]OC(=O)C([H])(C([H])([H])[H])C([H])([H])[H]
 - 7
[H]N([H])C1=C([H])C([H])=C(C([H])=C1[H])S(=O)(=O)C1=C([H])C([H])=C(N([H])[H])C([H])=C1[H]
 - 18
[H]OC(O[H])=C(N([H])[H])C([H])([H])C([H])([H])[H]
 - 10
[H]OC([H])(O[H])C(N([H])[H])=C([H])C([H])([H])[H]
 - 8
[H]OC([H])(O[H])C(=N[H])C([H])([H])C([H])([H])[H]
 - 8
[H]OC(=O)C([H])(N([H])[H])C([H])([H])C([H])([H])[H]
 - 10
[H]C([H])=C(C(=O)OC([H])([H])[H])C([H])([H])[H]
 - 12
O=C1NS(=O)(=O)c2ccccc12
 - 
[H]OC1=NS(=O)(=O)C2=C([H])C([H])=C([H])C([H])=C12
 - 
OC1=NS(=O)(=O)C2=CC=CC=C12
 - 
[H]N1C(=O)C2=C([H])C([H])=C([H])C([H])=C2S1(=O)=O
 - 
O=C1NS(=O)(=O)C2=CC=CC=C12
 - 
[H]OS1(=O)=NC(=O)C2=C([H])C([H])=C([H])C([H])=C12
 - 
OS1(=O)=NC(=O)C2=CC=CC=C12
 - 
[H]N([H])C1=C([H])C([H])=C([H])C2=C1C(=O)C1=C([H])C([H])=C([H])C([H])=C1C2=O
 - 25
[H]C1=C([H])C2=C3C(=C1[H])C(=O)C(=O)C3=C([H])C([H])=C2[H]
 - 19
[H]C1=C([H])C([H])=C2C(=O)C([H])=C([H])N(C2=C1[H])C([H])([H])[H]
 - 16
[H]N([H])C(=O)C1([H])C([H])([H])C([H])([H])N(C([H])([H])C([H])([H])C([H])([H])N2C3=C([H])C(Cl)=C([H])C([H])=C3SC3=C2C([H])=C([H])C([H])=C3[H])C([H])([H])C1([H])[H]
 - 49
[H]OC(=N[H])C1([H])C([H])([H])C([H])([H])N(C([H])([H])C([H])([H])C([H])([H])N2C3=C([H])C(Cl)=C([H])C([H])=C3SC3=C2C([H])=C([H])C([H])=C3[H])C([H])([H])C1([H])[H]
 - 49
[H]OC1=C([H])C([H])=C(C2=C([H])C([H])=C([H])C([H])=C12)S(=O)(=O)O[H]
 - 18
[H]OC(=O)C1=C2C([H])=C([H])C([H])=C([H])C2=C([H])C([H])=C1[H]
 - 20
[H]C(=O)C1=C([H])C(OC([H])([H])[H])=C(OC([H])([H])[H])C(OC([H])([H])[H])=C1[H]
 - 25
[H]OC(O[H])=C([H])C1=C([H])N([H])C2=C([H])C([H])=C([H])C([H])=C12
 - 22
[H]OC(=O)C([H])([H])C1=C([H])N([H])C2=C([H])C([H])=C([H])C([H])=C12
 - 22
OC(=O)Cc1c[nH]c2ccccc12
 - This structure cannot be kekulised!
OC(=O)Cc1c[nH]c2ccccc21
 - This structure cannot be kekulised!
[H]N([H])C1=C(C([H])=C([H])C([H])=C1C([H])([H])[H])C([H])([H])[H]
 - 12
[H]OC([H])(C(=O)OC([H])([H])C([H])([H])[H])C([H])(O[H])C(=O)OC([H])([H])C([H])([H])[H]
 - 15
[H]C1=C([H])C(Cl)=C(C([H])=C1[H])C(F)(F)F
 - 12
[H]N([H])C(=O)C1=C([H])C([H])=C([H])C([H])=C1C(=O)N([H])[H]
 - 15
[H]OC(=N[H])C1=C([H])C([H])=C([H])C([H])=C1C(=O)N([H])[H]
 - 15
[H]OC(=N[H])C1=C([H])C([H])=C([H])C([H])=C1C(O[H])=N[H]
 - 15
[H]OC(=O)C1=C(C([H])=C([H])C([H])=C1[H])C(=O)O[H]
 - 13
[O-][N+](=O)c1cc(Cl)c(Cl)cc1Cl
 - 'NoneType' object has no attribute 'kekulise'
[H]C1=C(Cl)C(Cl)=C([H])C(=C1Cl)[N+]([O-])=O
 - 'NoneType' object has no attribute 'kekulise'
[O-][N+](=O)C1=CC(Cl)=C(Cl)C=C1Cl
 - 'NoneType' object has no attribute 'kekulise'
[H]C(=O)C1=C([H])C([H])=C([H])C([H])=C1Cl
 - 13
[H]C1=C([H])C([H])=C2C(C([H])=C([H])C([H])=C2C([H])([H])[H])=C1[H]
 - 20
[H]OC1=C2C([H])=C([H])C([H])=C([H])C2=C([H])C2=C([H])C([H])=C([H])C([H])=C12
 - 25
[H]C1=C([H])C([H])=C2C(=C1[H])C(=O)C1=C([H])C([H])=C([H])C([H])=C1C2([H])[H]
 - 23
[H]C1=C([H])C([H])=C2C([H])=C([H])C(=NC2=C1[H])C([H])([H])[H]
 - 15
[H]C1=C([H])C([H])=C2C([H])=C([H])C(=O)OC2=C1[H]
 - 16
[H]N1C([H])([H])C([H])([H])N(C2=C([H])C([H])=C([H])C([H])=C2[H])C([H])([H])C1([H])[H]
 - 24
Nc1ccc(cc1)c1ccccc1
 - 'NoneType' object has no attribute 'get_contributed_electrons'
[H]N([H])C1=C([H])C([H])=C(C([H])=C1[H])C1=C([H])C([H])=C([H])C([H])=C1[H]
 - 14
[H]C1=C([H])C([H])=C(C([H])=C1[H])C1=C([H])C([H])=C(C([H])=C1[H])C1=C([H])C([H])=C([H])C([H])=C1[H]
 - 20
c1cc(ccc1c1ccccc1)c1ccccc1
 - 'NoneType' object has no attribute 'get_contributed_electrons'
[H]C1=C(Cl)C(OC([H])([H])C(=O)OC([H])([H])C([H])([H])C([H])([H])C([H])([H])[H])=C([H])C(Cl)=C1Cl
 - 30
[H]C1=C([H])C([H])=C(C([H])=C1[H])C(=O)OC(=O)C1=C([H])C([H])=C([H])C([H])=C1[H]
 - 18
[H]OC(=NC([H])([H])C([H])([H])C([H])([H])[H])N([H])S(=O)(=O)C1=C([H])C([H])=C(Cl)C([H])=C1[H]
 - 18
[H]OC(=NS(=O)(=O)C1=C([H])C([H])=C(Cl)C([H])=C1[H])N([H])C([H])([H])C([H])([H])C([H])([H])[H]
 - 19
[H]N(C(=O)N([H])S(=O)(=O)C1=C([H])C([H])=C(Cl)C([H])=C1[H])C([H])([H])C([H])([H])C([H])([H])[H]
 - 21
[H]OC(N=C([H])C([H])([H])C([H])([H])[H])=NS([H])(=O)(O[H])C1=C([H])C([H])=C(Cl)C([H])=C1[H]
 - 18
[H]OS([H])(=O)(N([H])C(=O)N=C([H])C([H])([H])C([H])([H])[H])C1=C([H])C([H])=C(Cl)C([H])=C1[H]
 - 20
[H]OC(=NC([H])([H])C([H])([H])C([H])([H])[H])N=S(=O)(O[H])C1=C([H])C([H])=C(Cl)C([H])=C1[H]
 - 18
[H]OC(=NC([H])=C([H])C([H])([H])[H])N([H])S([H])(=O)(O[H])C1=C([H])C([H])=C(Cl)C([H])=C1[H]
 - 18
[H]OC([H])(N=C([H])C([H])([H])C([H])([H])[H])N([H])S(=O)(=O)C1=C([H])C([H])=C(Cl)C([H])=C1[H]
 - 18
[H]OC(=NS([H])(=O)(O[H])C1=C([H])C([H])=C(Cl)C([H])=C1[H])N([H])C([H])=C([H])C([H])([H])[H]
 - 21
[H]OS(=O)(=NC(=O)N([H])C([H])([H])C([H])([H])C([H])([H])[H])C1=C([H])C([H])=C(Cl)C([H])=C1[H]
 - 20
[H]OS([H])(=O)(N([H])C(=O)N([H])C([H])=C([H])C([H])([H])[H])C1=C([H])C([H])=C(Cl)C([H])=C1[H]
 - 20
[H]OC([H])(N([H])C([H])=C([H])C([H])([H])[H])N([H])S(=O)(=O)C1=C([H])C([H])=C(Cl)C([H])=C1[H]
 - 18
[H]OC(N=C=C([H])C([H])([H])[H])=NS([H])([H])(O[H])(O[H])C1=C([H])C([H])=C(Cl)C([H])=C1[H]
 - 18
[H]OS([H])([H])(O[H])(N([H])C(=O)N=C=C([H])C([H])([H])[H])C1=C([H])C([H])=C(Cl)C([H])=C1[H]
 - 20
[H]OC([H])(N=C=C([H])C([H])([H])[H])N([H])S([H])(=O)(O[H])C1=C([H])C([H])=C(Cl)C([H])=C1[H]
 - 18
[H]OS([H])(O[H])(=NC(=O)N=C([H])C([H])([H])C([H])([H])[H])C1=C([H])C([H])=C(Cl)C([H])=C1[H]
 - 20
[H]OC(=NC([H])=C([H])C([H])([H])[H])N=S([H])(O[H])(O[H])C1=C([H])C([H])=C(Cl)C([H])=C1[H]
 - 18
[H]OC([H])(N=C([H])C([H])([H])C([H])([H])[H])N=S(=O)(O[H])C1=C([H])C([H])=C(Cl)C([H])=C1[H]
 - 18
[H]OS([H])(O[H])(=NC(=O)N([H])C([H])=C([H])C([H])([H])[H])C1=C([H])C([H])=C(Cl)C([H])=C1[H]
 - 20
[H]OC([H])(N=S(=O)(O[H])C1=C([H])C([H])=C(Cl)C([H])=C1[H])N([H])C([H])=C([H])C([H])([H])[H]
 - 21
[H]OC([H])(N=C=C([H])C([H])([H])[H])N=S([H])(O[H])(O[H])C1=C([H])C([H])=C(Cl)C([H])=C1[H]
 - 18
[H]OC1=C([H])C([H])=C([H])C([H])=C1OC([H])([H])C([H])([H])[H]
 - 12
[H]OC(O[H])=C([H])C([H])([H])C([H])([H])OC1=C(Cl)C([H])=C(Cl)C([H])=C1[H]
 - 16
[H]OC(=O)C([H])([H])C([H])([H])C([H])([H])OC1=C(Cl)C([H])=C(Cl)C([H])=C1[H]
 - 16
Cc1cc2ccccc2[nH]1
 - This structure cannot be kekulised!
[H]N1C(=C([H])C2=C([H])C([H])=C([H])C([H])=C12)C([H])([H])[H]
 - 15
[H]N([H])C1=C([H])C(=C(C([H])=C1[H])C([H])([H])[H])C([H])([H])[H]
 - 11
[H]N([H])C1=C([H])C(=C([H])C([H])=C1C([H])([H])[H])C([H])([H])[H]
 - 12
[H]N([H])C1=C([H])C([H])=C(C(N([H])[H])=C1[H])C([H])([H])[H]
 - 14
[H]OC1=C([H])C(=C([H])C([H])=C1C([H])([H])[H])C([H])([H])[H]
 - 11
[H]OC(N([H])C1=C(C([H])=C([H])C([H])=C1C([H])([H])[H])C([H])([H])[H])=C1N(C([H])([H])[H])C([H])([H])C([H])([H])C([H])([H])C1([H])[H]
 - 23
[H]N(C(=O)C1([H])N(C([H])([H])[H])C([H])([H])C([H])([H])C([H])([H])C1([H])[H])C1=C(C([H])=C([H])C([H])=C1C([H])([H])[H])C([H])([H])[H]
 - 24
[H]OC(=NC1=C(C([H])=C([H])C([H])=C1C([H])([H])[H])C([H])([H])[H])C1([H])N(C([H])([H])[H])C([H])([H])C([H])([H])C([H])([H])C1([H])[H]
 - 22
[O-][N+](=O)c1ccc(Cl)c(c1)[N+]([O-])=O
 - 'NoneType' object has no attribute 'kekulise'
[H]C1=C(Cl)C(=C([H])C(=C1[H])[N+]([O-])=O)[N+]([O-])=O
 - 'NoneType' object has no attribute 'kekulise'
[O-][N+](=O)C1=CC=C(Cl)C(=C1)[N+]([O-])=O
 - 'NoneType' object has no attribute 'kekulise'
[O-][N+](=O)c1cc(ccc1Cl)[N+]([O-])=O
 - 'NoneType' object has no attribute 'kekulise'
[O-][N+](=O)c1cc(ccc1Cl)[N+](=O)[O-]
 - 'NoneType' object has no attribute 'kekulise'
[H]OC([H])([H])C1=C([H])C([H])=C([H])O1
 - 13
[H]C(=O)C1=C([H])C([H])=C([H])O1
 - 11
[H]C(=O)C1=C([H])C([H])=C([H])S1
 - 11
[H]N([H])C1=C([H])C(=C([H])C([H])=C1[H])S(=O)(=O)N([H])[H]
 - 12
[H]OS(=O)(=N[H])C1=C([H])C([H])=C([H])C(N([H])[H])=C1[H]
 - 18
[H]C1=C([H])C(=C([H])C([H])=C1Cl)S(=O)(=O)C([H])([H])[H]
 - 12
[H]OS(=O)(=C([H])[H])C1=C([H])C([H])=C(Cl)C([H])=C1[H]
 - 17
[H]OC(=C([H])[H])C1=C([H])C([H])=C([H])C([H])=C1[H]
 - 16
[H]C1=C([H])C([H])=C(C([H])=C1[H])C(=O)C([H])([H])[H]
 - 10
[H]OC(=O)C1=C([H])C([H])=C([H])C(N([H])[H])=C1[H]
 - 16
Cc1cccc(c1)[N+]([O-])=O
 - 'NoneType' object has no attribute 'kekulise'
CC1=CC=CC(=C1)[N+]([O-])=O
 - 'NoneType' object has no attribute 'kekulise'
[H]C1=C([H])C(=C([H])C(=C1[H])C([H])([H])[H])[N+]([O-])=O
 - 'NoneType' object has no attribute 'kekulise'
Cc1cc(ccc1)[N+]([O-])=O
 - 'NoneType' object has no attribute 'kekulise'
Cc1cc(ccc1)[N+](=O)[O-]
 - 'NoneType' object has no attribute 'kekulise'
[O-][N+](=O)c1cccc(c1)[N+]([O-])=O
 - 'NoneType' object has no attribute 'kekulise'
[O-][N+](=O)C1=CC(=CC=C1)[N+]([O-])=O
 - 'NoneType' object has no attribute 'kekulise'
[H]C1=C([H])C(=C([H])C(=C1[H])[N+]([O-])=O)[N+]([O-])=O
 - 'NoneType' object has no attribute 'kekulise'
[O-][N+](=O)c1cc(ccc1)[N+]([O-])=O
 - 'NoneType' object has no attribute 'kekulise'
[O-][N+](=O)c1cc(ccc1)[N+](=O)[O-]
 - 'NoneType' object has no attribute 'kekulise'
[H]OC(=O)C1=C([H])C([H])=C(C([H])=C1[H])C([H])([H])[H]
 - 13
[H]OC(=O)C1=C([H])C([H])=C(OC([H])([H])[H])C([H])=C1[H]
 - 18
CNc1ccc(cc1)[N+](=O)[O-]
 - 'NoneType' object has no attribute 'kekulise'
CNC1=CC=C(C=C1)[N+]([O-])=O
 - 'NoneType' object has no attribute 'kekulise'
[H]N(C1=C([H])C([H])=C(C([H])=C1[H])[N+]([O-])=O)C([H])([H])[H]
 - 'NoneType' object has no attribute 'kekulise'
CNc1ccc(cc1)[N+]([O-])=O
 - 'NoneType' object has no attribute 'kekulise'
CC(=O)c1ccc(cc1)[N+](=O)[O-]
 - 'NoneType' object has no attribute 'kekulise'
[H]OC(=C([H])[H])C1=C([H])C([H])=C(C([H])=C1[H])[N+]([O-])=O
 - 'NoneType' object has no attribute 'kekulise'
OC(=C)C1=CC=C(C=C1)[N+]([O-])=O
 - 'NoneType' object has no attribute 'kekulise'
[H]C1=C([H])C(=C([H])C([H])=C1C(=O)C([H])([H])[H])[N+]([O-])=O
 - 'NoneType' object has no attribute 'kekulise'
CC(=O)C1=CC=C(C=C1)[N+]([O-])=O
 - 'NoneType' object has no attribute 'kekulise'
CC(=O)c1ccc(cc1)[N+]([O-])=O
 - 'NoneType' object has no attribute 'kekulise'
[H]C([H])=C([H])C([H])([H])N(C([H])([H])C([H])=C([H])[H])C([H])([H])C([H])=C([H])[H]
 - 18
[H]C([H])([H])C(=O)OC([H])([H])C([H])(OC(=O)C([H])([H])[H])C([H])([H])OC(=O)C([H])([H])[H]
 - 20
[H]C1=C([H])C([H])=C(C([H])=C1[H])C([H])([H])C([H])([H])C([H])([H])[H]
 - 10
[H]OC(O[H])=C([H])C1=C([H])C([H])=C([H])C([H])=C1[H]
 - 17
[H]OC(=O)C([H])([H])C1=C([H])C([H])=C([H])C([H])=C1[H]
 - 17
[H]SC(=N[H])N([H])C1=C([H])C([H])=C([H])C([H])=C1[H]
 - 17
[H]SC(=NC1=C([H])C([H])=C([H])C([H])=C1[H])N([H])[H]
 - 16
[H]N([H])C(=S)N([H])C1=C([H])C([H])=C([H])C([H])=C1[H]
 - 17
[H]OC(O[H])=C([H])C1=C([H])C([H])=C(OC([H])([H])[H])C([H])=C1[H]
 - 21
[H]OC(=O)C([H])([H])C1=C([H])C([H])=C(OC([H])([H])[H])C([H])=C1[H]
 - 21
[H]OC1=C([H])C([H])=C(C([H])=C1[H])C([H])(O[H])C([H])([H])N([H])[H]
 - 13
[H]N([H])C1=C([H])C([H])=C(OC([H])([H])[H])C([H])=C1[H]
 - 17
[H]OC1=C([H])C([H])=C(C([H])=C1C([H])([H])[H])C([H])([H])[H]
 - 11
[H]C1=C([H])C(Br)=C([H])C([H])=C1Br
 - 11
[H]C1([H])OC1([H])C1([H])C([H])([H])C([H])([H])C2([H])OC2([H])C1([H])[H]
 - 20
[H]C([H])=C([H])C#N
 - 5
[H]N=C=C=C([H])[H]
 - 5
[H]OC([H])([H])C([H])=C([H])[H]
 - 5
[H]OC(O[H])=C([H])C([H])([H])S[H]
 - 7
[H]OC(=O)C([H])([H])C([H])([H])S[H]
 - 7
[H]C([H])=C([H])OC(=O)C([H])([H])[H]
 - 7
[H]C([H])([H])C([H])(OC([H])(C([H])([H])[H])C([H])([H])Cl)C([H])([H])Cl
 - 18
[H]SC1=C([H])C([H])=C([H])C([H])=C1[H]
 - 12
[H]SC(=NC([H])([H])C([H])([H])C([H])([H])C([H])([H])[H])N([H])C([H])([H])C([H])([H])C([H])([H])C([H])([H])[H]
 - 18
[H]N(C(=S)N([H])C([H])([H])C([H])([H])C([H])([H])C([H])([H])[H])C([H])([H])C([H])([H])C([H])([H])C([H])([H])[H]
 - 20
[H]N([H])C([H])([H])C([H])([H])C([H])([H])N([H])[H]
 - 6
[H]C([H])(C#N)C#N
 - 6
[H]N([H])C#CC#N
 - 6
[H]N=C=C([H])C#N
 - 6
[H]N=C=C=C=N[H]
 - 6
[H]OC(=C([H])[H])C([H])([H])C([H])([H])C([H])(C([H])([H])[H])C([H])([H])[H]
 - 9
[H]OC(=C([H])C([H])([H])C([H])(C([H])([H])[H])C([H])([H])[H])C([H])([H])[H]
 - 19
[H]C([H])([H])C(=O)C([H])([H])C([H])([H])C([H])(C([H])([H])[H])C([H])([H])[H]
 - 9
[H]C([H])([H])C([H])([H])C([H])([H])C([H])([H])C([H])([H])C([H])([H])[H]
 - 7
[H]OC([H])([H])C([H])([H])C([H])([H])C([H])([H])O[H]
 - 7
[H]OC([H])(C([H])([H])[H])C([H])([H])N([H])C([H])([H])C([H])(O[H])C([H])([H])[H]
 - 10
[H]C([H])([H])C([H])([H])C([H])([H])C([H])([H])C([H])([H])C([H])([H])Br
 - 8
[H]N([H])C([H])([H])C([H])([H])C([H])([H])C([H])([H])C([H])([H])C([H])([H])[H]
 - 8
[H]OC(O[H])=C([H])C([H])([H])C([H])([H])C([H])([H])C([H])([H])C([H])([H])C([H])([H])C([H])([H])C([H])([H])C([H])([H])[H]
 - 14
[H]OC(=O)C([H])([H])C([H])([H])C([H])([H])C([H])([H])C([H])([H])C([H])([H])C([H])([H])C([H])([H])C([H])([H])C([H])([H])[H]
 - 14
CN(C)CC/C=C1\\c2ccccc2CSc2ccccc2\\1
 - 2 bonds in a row
[H]\\C(=C1\\C2=C([H])C([H])=C([H])C([H])=C2SC([H])([H])C2=C1C([H])=C([H])C([H])=C2[H])C([H])([H])C([H])([H])N(C([H])([H])[H])C([H])([H])[H]
 - 2 bonds in a row
[H]C([H])=C(C([H])([H])[H])C([H])([H])[H]
 - 5
[H]OC(C#C[H])(C([H])([H])[H])C([H])([H])[H]
 - 7
[H]C([H])=C([H])C([H])([H])C1(C(=O)N([H])C(=O)N([H])C1=O)C1=C([H])C([H])=C([H])C([H])=C1[H]
 - 20
[H]OC1=NC(=O)C(C(=O)N1[H])(C1=C([H])C([H])=C([H])C([H])=C1[H])C([H])([H])C([H])=C([H])[H]
 - 23
[H]OC1=NC(=O)N([H])C(=O)C1(C1=C([H])C([H])=C([H])C([H])=C1[H])C([H])([H])C([H])=C([H])[H]
 - 23
[H]OC1=NC(=O)C(C(O[H])=N1)(C1=C([H])C([H])=C([H])C([H])=C1[H])C([H])([H])C([H])=C([H])[H]
 - 23
[H]OC1=NC(=O)N=C(O[H])C1(C1=C([H])C([H])=C([H])C([H])=C1[H])C([H])([H])C([H])=C([H])[H]
 - 23
[H]OC1=C2N=C([H])N(C2=NC(=N1)N([H])[H])C1([H])OC([H])(C([H])([H])O[H])C([H])(O[H])C1([H])O[H]
 - 30
[H]OC([H])([H])C1([H])OC([H])(N2C([H])=NC3=C2N=C(N([H])[H])N([H])C3=O)C([H])(O[H])C1([H])O[H]
 - 30
c1nc2c(=O)[nH]c(N)nc2n1C1OC(CO)C(O)C1O
 - 'NoneType' object has no attribute 'kekulise'
[H]OC([H])([H])C1([H])OC([H])(N2C([H])=NC3=C2N([H])C(=N[H])N([H])C3=O)C([H])(O[H])C1([H])O[H]
 - 30
[H]OC([H])([H])C1([H])OC([H])(N2C([H])=NC3=C2N([H])C(=NC3=O)N([H])[H])C([H])(O[H])C1([H])O[H]
 - 30
[H]OC1=NC(=N[H])N([H])C2=C1N=C([H])N2C1([H])OC([H])(C([H])([H])O[H])C([H])(O[H])C1([H])O[H]
 - 30
[H]OC1=C2N=C([H])N(C2=NC(=N[H])N1[H])C1([H])OC([H])(C([H])([H])O[H])C([H])(O[H])C1([H])O[H]
 - 30
COc1cc(ccc1N)c1cc(OC)c(N)cc1
 - 'NoneType' object has no attribute 'get_contributed_electrons'
[H]N([H])C1=C([H])C([H])=C(C([H])=C1OC([H])([H])[H])C1=C([H])C(OC([H])([H])[H])=C(N([H])[H])C([H])=C1[H]
 - 19
[H]C1=C([H])C(=C([H])C([H])=C1C(=O)OC([H])([H])[H])C(=O)OC([H])([H])[H]
 - 18
[H]OC1=C([H])C([H])=C([H])C([H])=C1O[H]
 - 12
[H]C1([H])C(=O)C([H])([H])C([H])([H])C1([H])[H]
 - 12
[H]OC1=C([H])C([H])([H])C([H])([H])C1([H])[H]
 - 12
Cc1ccc(cc1[N+](=O)[O-])[N+](=O)[O-]
 - 'NoneType' object has no attribute 'kekulise'
[H]C1=C(C([H])=C(C(=C1[H])C([H])([H])[H])[N+]([O-])=O)[N+]([O-])=O
 - 'NoneType' object has no attribute 'kekulise'
CC1=CC=C(C=C1[N+]([O-])=O)[N+]([O-])=O
 - 'NoneType' object has no attribute 'kekulise'
Cc1ccc(cc1[N+]([O-])=O)[N+]([O-])=O
 - 'NoneType' object has no attribute 'kekulise'
[H]OC(=C([H])[H])N([H])C1=C([H])C([H])=C(C([H])=C1[H])S(=O)(=O)N([H])[H]
 - 17
[H]N([H])S(=O)(=O)C1=C([H])C([H])=C(N([H])C(=O)C([H])([H])[H])C([H])=C1[H]
 - 23
[H]OC(=NC1=C([H])C([H])=C(C([H])=C1[H])S(=O)(=O)N([H])[H])C([H])([H])[H]
 - 21
[H]OC(=C([H])[H])N([H])C1=C([H])C([H])=C(C([H])=C1[H])S(=O)(O[H])=N[H]
 - 17
[H]OS(=O)(=N[H])C1=C([H])C([H])=C(N([H])C(=O)C([H])([H])[H])C([H])=C1[H]
 - 23
[H]OC(=NC1=C([H])C([H])=C(C([H])=C1[H])S(=O)(O[H])=N[H])C([H])([H])[H]
 - 21
Nc1ncc(s1)[N+](=O)[O-]
 - 'NoneType' object has no attribute 'kekulise'
Nc1[n]cc([s]1)[N+]([O-])=O
 - 'NoneType' object has no attribute 'kekulise'
[H]N([H])C1=NC([H])=C(S1)[N+]([O-])=O
 - 'NoneType' object has no attribute 'kekulise'
NC1=NC=C(S1)[N+]([O-])=O
 - 'NoneType' object has no attribute 'kekulise'
[H]N=C1SC(=C([H])N1[H])[N+]([O-])=O
 - 'NoneType' object has no attribute 'kekulise'
[O-][N+](=O)C1=CNC(=N)S1
 - 'NoneType' object has no attribute 'kekulise'
[H]C1=C([H])C(=C([H])C(=C1[H])N(C([H])([H])[H])C([H])([H])[H])C([H])([H])[H]
 - 20
[O-][N+](=O)c1cccc(Cl)c1
 - 'NoneType' object has no attribute 'kekulise'
[O-][N+](=O)C1=CC=CC(Cl)=C1
 - 'NoneType' object has no attribute 'kekulise'
[H]C1=C([H])C(=C([H])C(Cl)=C1[H])[N+]([O-])=O
 - 'NoneType' object has no attribute 'kekulise'
NC(=O)C1=CC(=CC(=C1)[N+]([O-])=O)[N+]([O-])=O
 - 'NoneType' object has no attribute 'kekulise'
[H]N([H])C(=O)C1=C([H])C(=C([H])C(=C1[H])[N+]([O-])=O)[N+]([O-])=O
 - 'NoneType' object has no attribute 'kekulise'
NC(=O)c1cc(cc(c1)[N+]([O-])=O)[N+]([O-])=O
 - 'NoneType' object has no attribute 'kekulise'
NC(=O)c1cc(cc(c1)[N+](=O)[O-])[N+](=O)[O-]
 - 'NoneType' object has no attribute 'kekulise'
[H]OC(=N[H])C1=C([H])C(=C([H])C(=C1[H])[N+]([O-])=O)[N+]([O-])=O
 - 'NoneType' object has no attribute 'kekulise'
OC(=N)C1=CC(=CC(=C1)[N+]([O-])=O)[N+]([O-])=O
 - 'NoneType' object has no attribute 'kekulise'
[H]N([H])C1=C([H])C([H])=C(C([H])=C1[H])S(=O)(=O)N([H])C1=NC(OC([H])([H])[H])=NC(OC([H])([H])[H])=C1[H]
 - 34
[H]N([H])C1=C([H])C([H])=C(C([H])=C1[H])S(=O)(=O)N=C1N=C(OC([H])([H])[H])N([H])C(OC([H])([H])[H])=C1[H]
 - 34
[H]N([H])C1=C([H])C([H])=C(C([H])=C1[H])S(=O)(=O)N=C1N([H])C(OC([H])([H])[H])=NC(OC([H])([H])[H])=C1[H]
 - 34
[H]OS(=O)(=NC1=NC(OC([H])([H])[H])=NC(OC([H])([H])[H])=C1[H])C1=C([H])C([H])=C(N([H])[H])C([H])=C1[H]
 - 23
[H]N(N([H])C1=C([H])C([H])=C([H])C([H])=C1[H])C1=C([H])C([H])=C([H])C([H])=C1[H]
 - 16
[H]C([H])([H])C([H])([H])OC(=O)C([H])([H])C([H])([H])C(=O)OC([H])([H])C([H])([H])[H]
 - 13
[H]OC1=C([H])C([H])=C(O[H])N=N1
 - 12
[H]OC1=NN([H])C(=O)C([H])=C1[H]
 - 11
[H]N1N([H])C(=O)C([H])=C([H])C1=O
 - 11
O=c1ccc(=O)[nH][nH]1
 - 'NoneType' object has no attribute 'kekulise'
[H]OC([H])([H])C([H])([H])C([H])(C([H])([H])[H])C([H])([H])[H]
 - 7
[H]C1([H])OC([H])([H])C([H])([H])OC1([H])[H]
 - 12
[H]C([H])([H])C(=O)OC([H])([H])C([H])([H])C([H])(C([H])([H])[H])C([H])([H])[H]
 - 10
[H]OC([H])=C(O[H])C1(O[H])C([H])(O[H])C([H])([H])C2([H])C3([H])C([H])([H])C([H])([H])C4=C([H])C(=O)C([H])=C([H])C4(C([H])([H])[H])C3(F)C([H])(O[H])C([H])([H])C12C([H])([H])[H]
 - 51
[H]OC([H])=C(O[H])C1(O[H])C([H])(O[H])C([H])([H])C2([H])C3([H])C([H])([H])C([H])=C4C([H])([H])C(=O)C([H])=C([H])C4(C([H])([H])[H])C3(F)C([H])(O[H])C([H])([H])C12C([H])([H])[H]
 - 51
[H]OC([H])=C(O[H])C1(O[H])C([H])(O[H])C([H])([H])C2([H])C3([H])C([H])([H])C([H])=C4C([H])=C(O[H])C([H])=C([H])C4(C([H])([H])[H])C3(F)C([H])(O[H])C([H])([H])C12C([H])([H])[H]
 - 51
[H]OC([H])([H])C(=O)C1(O[H])C([H])(O[H])C([H])([H])C2([H])C3([H])C([H])([H])C([H])=C4C([H])([H])C(=O)C([H])=C([H])C4(C([H])([H])[H])C3(F)C([H])(O[H])C([H])([H])C12C([H])([H])[H]
 - 51
[H]OC([H])([H])C(=O)C1(O[H])C([H])(O[H])C([H])([H])C2([H])C3([H])C([H])([H])C([H])([H])C4=C([H])C(=O)C([H])=C([H])C4(C([H])([H])[H])C3(F)C([H])(O[H])C([H])([H])C12C([H])([H])[H]
 - 51
[H]OC1=C([H])C2=C([H])C([H])([H])C3([H])C4([H])C([H])([H])C([H])(O[H])C(O[H])(C(=O)C([H])([H])O[H])C4(C([H])([H])[H])C([H])([H])C([H])(O[H])C3(F)C2(C([H])=C1[H])C([H])([H])[H]
 - 50
[H]OC([H])(C([H])=O)C1(O[H])C([H])(O[H])C([H])([H])C2([H])C3([H])C([H])([H])C([H])([H])C4=C([H])C(=O)C([H])=C([H])C4(C([H])([H])[H])C3(F)C([H])(O[H])C([H])([H])C12C([H])([H])[H]
 - 51
[H]OC([H])(C([H])=O)C1(O[H])C([H])(O[H])C([H])([H])C2([H])C3([H])C([H])([H])C([H])=C4C([H])([H])C(=O)C([H])=C([H])C4(C([H])([H])[H])C3(F)C([H])(O[H])C([H])([H])C12C([H])([H])[H]
 - 51
[H]OC1=C([H])C2=C([H])C([H])([H])C3([H])C4([H])C([H])([H])C([H])(O[H])C(O[H])(C([H])(O[H])C([H])=O)C4(C([H])([H])[H])C([H])([H])C([H])(O[H])C3(F)C2(C([H])=C1[H])C([H])([H])[H]
 - 50
[H]N1C(=O)C(C(=O)N([H])C1([H])[H])(C1=C([H])C([H])=C([H])C([H])=C1[H])C([H])([H])C([H])([H])[H]
 - 24
[H]OC1=NC([H])([H])N([H])C(=O)C1(C1=C([H])C([H])=C([H])C([H])=C1[H])C([H])([H])C([H])([H])[H]
 - 24
[H]OC1=NC([H])([H])N=C(O[H])C1(C1=C([H])C([H])=C([H])C([H])=C1[H])C([H])([H])C([H])([H])[H]
 - 24
[H]C([H])=C(Br)C([H])([H])C1(C(=O)N([H])C(=O)N(C1=O)C([H])([H])[H])C([H])(C([H])([H])[H])C([H])([H])[H]
 - 23
[H]OC1=NC(=O)C(C(=O)N1C([H])([H])[H])(C([H])([H])C(Br)=C([H])[H])C([H])(C([H])([H])[H])C([H])([H])[H]
 - 23
[H]OC1=NC(=O)N(C(=O)C1(C([H])([H])C(Br)=C([H])[H])C([H])(C([H])([H])[H])C([H])([H])[H])C([H])([H])[H]
 - 29
[H]N([H])C1=C([H])C([H])=C(C([H])=C1[H])S(=O)(=O)N=C1N=C([H])C([H])=C(N1[H])C([H])([H])[H]
 - 19
[H]N([H])C1=C([H])C([H])=C(C([H])=C1[H])S(=O)(=O)N([H])C1=NC([H])=C([H])C(=N1)C([H])([H])[H]
 - 19
[H]N([H])C1=C([H])C([H])=C(C([H])=C1[H])S(=O)(=O)N=C1N=C(C([H])=C([H])N1[H])C([H])([H])[H]
 - 19
[H]OS(=O)(=NC1=NC([H])=C([H])C(=N1)C([H])([H])[H])C1=C([H])C([H])=C(N([H])[H])C([H])=C1[H]
 - 19
COC(=O)[C@@H]1[C@@H](O)CC[C@@H]2CN3CCc4c5ccccc5[nH]c4[C@@H]3C[C@H]12
 - This structure cannot be kekulised!
[H]OC1([H])C([H])([H])C([H])([H])C2([H])C([H])([H])N3C([H])([H])C([H])([H])C4=C(N([H])C5=C4C([H])=C([H])C([H])=C5[H])C3([H])C([H])([H])C2([H])C1([H])C(=O)OC([H])([H])[H]
 - 44
COC(=O)[C@@H]1[C@@H](O)CC[C@@H]2CN3CCc4c([nH]c5ccccc45)[C@@H]3C[C@H]12
 - This structure cannot be kekulised!
COC(=O)[C@@H]1[C@@H](O)CC[C@@H]2CN3CCc4c5ccccc5[nH]c4[C@@H]3C[C@@H]21
 - This structure cannot be kekulised!
COC(=O)C1C(O)CCC2CN3CCc4c([nH]c5ccccc45)C3CC12
 - This structure cannot be kekulised!
COC(=O)C1C(O)CCC2CN3CCc4c5ccccc5[nH]c4C3CC21
 - This structure cannot be kekulised!
[O-][N+](=O)c1cc(cc(C2CCCCC2)c1O)[N+](=O)[O-]
 - 'NoneType' object has no attribute 'kekulise'
[H]OC1=C(C([H])=C(C([H])=C1[N+]([O-])=O)[N+]([O-])=O)C1([H])C([H])([H])C([H])([H])C([H])([H])C([H])([H])C1([H])[H]
 - 'NoneType' object has no attribute 'kekulise'
[O-][N+](=O)c1cc(cc(C2CCCCC2)c1O)[N+]([O-])=O
 - 'NoneType' object has no attribute 'kekulise'
OC1=C(C=C(C=C1[N+]([O-])=O)[N+]([O-])=O)C1CCCCC1
 - 'NoneType' object has no attribute 'kekulise'
Oc1c(cc(cc1[N+]([O-])=O)[N+]([O-])=O)C1CCCCC1
 - 'NoneType' object has no attribute 'kekulise'
[H]OS1([H])(O[H])=NC(=NC2=C1C([H])=C(C(Cl)=C2[H])S(=O)(=O)N([H])[H])C([H])(Cl)Cl
 - list index out of range
NS(=O)(=O)C1=CC2=C(C=C1Cl)N=C(N=S2(O)O)C(Cl)Cl
 - list index out of range
[H]OS1([H])(O[H])=C2C([H])=C(C(Cl)=C([H])C2=NC(=N1)C([H])(Cl)Cl)S(=O)(=O)N([H])[H]
 - list index out of range
NS(=O)(=O)C1=CC2=S(O)(O)N=C(N=C2C=C1Cl)C(Cl)Cl
 - list index out of range
[H]OS(=O)(=N[H])C1=C([H])C2=C(N=C(N=S2([H])(O[H])O[H])C([H])(Cl)Cl)C([H])=C1Cl
 - list index out of range
[H]OS(=O)(=N[H])C1=C([H])C2=S([H])(O[H])(O[H])N=C(N=C2C([H])=C1Cl)C([H])(Cl)Cl
 - list index out of range
OS1(O)=C2C=C(C(Cl)=CC2=NC(=N1)C(Cl)Cl)S(O)(=N)=O
 - list index out of range
[H]N([H])S(=O)(=O)C1=C([H])C2=C(N([H])C([H])(N([H])S2(=O)=O)C([H])(Cl)Cl)C([H])=C1Cl
 - 27
[H]OS1([H])(=O)N([H])C(N([H])C2=C1C([H])=C(C(Cl)=C2[H])S(=O)(=O)N([H])[H])=C(Cl)Cl
 - 26
[H]OS(=O)(=N[H])C1=C([H])C2=C(N([H])C([H])(N([H])S2(=O)=O)C([H])(Cl)Cl)C([H])=C1Cl
 - 27
[H]OS(=O)(=N[H])C1=C([H])C2=C(N([H])C(N([H])S2([H])(=O)O[H])=C(Cl)Cl)C([H])=C1Cl
 - 27
[H]OS1(=O)=NC([H])(N([H])C2=C1C([H])=C(C(Cl)=C2[H])S(=O)(=O)N([H])[H])C([H])(Cl)Cl
 - 25
[H]OS1([H])(O[H])=NC(N([H])C2=C1C([H])=C(C(Cl)=C2[H])S(=O)(=O)N([H])[H])=C(Cl)Cl
 - 26
[H]OS1([H])(=O)N=C(N([H])C2=C1C([H])=C(C(Cl)=C2[H])S(=O)(=O)N([H])[H])C([H])(Cl)Cl
 - list index out of range
NS(=O)(=O)C1=CC2=C(NC(=NS2(O)=O)C(Cl)Cl)C=C1Cl
 - list index out of range
[H]OS(=O)(=N[H])C1=C([H])C2=C(N([H])C([H])(N=S2(=O)O[H])C([H])(Cl)Cl)C([H])=C1Cl
 - 27
[H]OS(=O)(=N[H])C1=C([H])C2=C(N([H])C(N=S2([H])(O[H])O[H])=C(Cl)Cl)C([H])=C1Cl
 - 27
[H]OS1([H])(=O)N([H])C(=NC2=C1C([H])=C(C(Cl)=C2[H])S(=O)(=O)N([H])[H])C([H])(Cl)Cl
 - list index out of range
NS(=O)(=O)C1=CC2=C(C=C1Cl)N=C(NS2(O)=O)C(Cl)Cl
 - list index out of range
[H]OS(=O)(=N[H])C1=C([H])C2=C(N([H])C(=NS2([H])(=O)O[H])C([H])(Cl)Cl)C([H])=C1Cl
 - list index out of range
OS1(=O)N=C(NC2=C1C=C(C(Cl)=C2)S(O)(=N)=O)C(Cl)Cl
 - list index out of range
[H]OS(=O)(=N[H])C1=C([H])C2=C(N=C(N([H])S2([H])(=O)O[H])C([H])(Cl)Cl)C([H])=C1Cl
 - list index out of range
OS1(=O)NC(=NC2=C1C=C(C(Cl)=C2)S(O)(=N)=O)C(Cl)Cl
 - list index out of range
[H]OS1([H])(O[H])=C2C([H])=C(C(Cl)=C([H])C2=NC(N1[H])=C(Cl)Cl)S(=O)(=O)N([H])[H]
 - 23
[H]OS1(=O)=C2C([H])=C(C(Cl)=C([H])C2=NC([H])(N1[H])C([H])(Cl)Cl)S(=O)(=O)N([H])[H]
 - 23
[H]OS(=O)(=N[H])C1=C([H])C2=S([H])(O[H])(O[H])N([H])C(N=C2C([H])=C1Cl)=C(Cl)Cl
 - 24
[H]OS(=O)(=N[H])C1=C([H])C2=S(=O)(O[H])N([H])C([H])(N=C2C([H])=C1Cl)C([H])(Cl)Cl
 - 23
[H]OS=1(O[H])=C2C([H])=C(C(Cl)=C([H])C2=NC([H])(N=1)C([H])(Cl)Cl)S(=O)(=O)N([H])[H]
 - 23
[H]OS(=O)(=N[H])C1=C([H])C2=S(O[H])(O[H])=NC([H])(N=C2C([H])=C1Cl)C([H])(Cl)Cl
 - 23
[H]C1=C([H])C(=C([H])C(=C1[H])C([H])([H])[H])C(=O)N(C([H])([H])C([H])([H])[H])C([H])([H])C([H])([H])[H]
 - 15
[H]N(C1=C([H])C([H])=C([H])C([H])=C1[H])C1=C([H])C2=C([H])C([H])=C([H])C([H])=C2C([H])=C1[H]
 - 29
[H]N(C1=NC(=NC(Cl)=N1)N([H])C([H])(C([H])([H])[H])C([H])([H])[H])C([H])(C([H])([H])[H])C([H])([H])[H]
 - 22
[H]N1C(Cl)=NC(=NC([H])(C([H])([H])[H])C([H])([H])[H])N([H])C1=NC([H])(C([H])([H])[H])C([H])([H])[H]
 - 20
[H]N(C1=NC(=NC([H])(C([H])([H])[H])C([H])([H])[H])N([H])C(Cl)=N1)C([H])(C([H])([H])[H])C([H])([H])[H]
 - 22
[H]N(C1=NC(=NC([H])(C([H])([H])[H])C([H])([H])[H])N=C(Cl)N1[H])C([H])(C([H])([H])[H])C([H])([H])[H]
 - 22
[H]N(C1=NC(Cl)=NC(=NC([H])(C([H])([H])[H])C([H])([H])[H])N1[H])C([H])(C([H])([H])[H])C([H])([H])[H]
 - 22
[H]N([H])C1=C([H])C([H])=C(SC2=C([H])C([H])=C(N([H])[H])C([H])=C2[H])C([H])=C1[H]
 - 26
[H]C1=C([H])C(Cl)=NN=C1Cl
 - 9
[H]C([H])=C([H])C(=O)OC([H])([H])C([H])([H])C([H])([H])C([H])([H])[H]
 - 10
[H]OC(=O)C([H])=C(O[H])O[H]
 - 8
[H]OC(O[H])=C=C(O[H])O[H]
 - 8
[H]OC(=O)C([H])([H])C(=O)O[H]
 - 8
[H]C([H])(Cl)C([H])([H])C([H])([H])Cl
 - 6
[H]C1([H])OC([H])([H])C([H])([H])C([H])([H])C1([H])[H]
 - 14
[H]OC(N([H])[H])=C([H])I
 - 7
[H]N([H])C(=O)C([H])([H])I
 - 6
[H]OC(=N[H])C([H])([H])I
 - 6
[H]OC1=C2N=C([H])C([H])=C([H])C2=C([H])C([H])=C1[H]
 - 17
[H]OC(O[H])=C(N([H])[H])C([H])([H])C1=C([H])C([H])=C(C([H])=C1[H])N(C([H])([H])C([H])([H])Cl)C([H])([H])C([H])([H])Cl
 - 21
[H]OC([H])(O[H])C(N([H])[H])=C([H])C1=C([H])C([H])=C(C([H])=C1[H])N(C([H])([H])C([H])([H])Cl)C([H])([H])C([H])([H])Cl
 - 21
[H]OC([H])(O[H])C(=N[H])C([H])([H])C1=C([H])C([H])=C(C([H])=C1[H])N(C([H])([H])C([H])([H])Cl)C([H])([H])C([H])([H])Cl
 - 21
[H]OC(=O)C([H])(N([H])[H])C([H])([H])C1=C([H])C([H])=C(C([H])=C1[H])N(C([H])([H])C([H])([H])Cl)C([H])([H])C([H])([H])Cl
 - 21
Nc1ccc-2c(Cc3ccccc-23)c1
 - 'explicit_single'
[H]N([H])C1=C([H])C2=C(C([H])=C1[H])C1=C(C([H])=C([H])C([H])=C1[H])C2([H])[H]
 - 23
[H]N([H])C1=C([H])C([H])=C(OC([H])([H])C([H])([H])[H])C([H])=C1[H]
 - 20
[H]C1=C([H])C2=C3C(C([H])=C([H])C([H])=C3C3=C4C(C([H])=C([H])C([H])=C24)=C([H])C([H])=C3[H])=C1[H]
 - 31
c1ccc2cc-3c(cc2c1)-c1cccc2cccc-3c12
 - 'explicit_single'
[H]C1=C([H])C2=C3C(=C1[H])C1=C([H])C4=C([H])C([H])=C([H])C([H])=C4C([H])=C1C3=C([H])C([H])=C2[H]
 - 31
[H]C1=C([H])C2=C(S1)C([H])=C([H])C1=C([H])C([H])=C([H])C([H])=C21
 - 21
[H]C1=C([H])C2=C(C([H])=C1[H])C([H])([H])C1=C3C([H])=C([H])C([H])=C([H])C3=C([H])C([H])=C21
 - 29
[H]C1=C([H])C([H])=C2C(=N1)C1=C([H])C([H])=C([H])C([H])=C1C2([H])[H]
 - 20
[H]N1C([H])=C([H])C([H])=C2C([H])=C3C([H])=C([H])C([H])=C([H])C3=C12
 - 22
[H]C1=C([H])C([H])=C2OC3=C([H])C([H])=C([H])C([H])=C3OC2=C1[H]
 - 21
[H]N1N=C([H])N=C1[H]
 - 7
c1[nH][n]c[n]1
 - This structure cannot be kekulised!
c1[nH]ncn1
 - This structure cannot be kekulised!
[H]N1C([H])=NN=C1[H]
 - 7
[H]OC(=O)C(\\[H])=C(\\C(\\[H])=C(/[H])\\C(\\[H])=C(\\C(\\[H])=C(/[H])C1=C(C([H])([H])[H])C([H])([H])C([H])([H])C([H])([H])C1(C([H])([H])[H])C([H])([H])[H])/C([H])([H])[H])/C([H])([H])[H]
 - 2 bonds in a row
[H]OC(O[H])=C([H])C([H])([H])C([H])([H])C1=C([H])C([H])=C(C([H])=C1[H])N(C([H])([H])C([H])([H])Cl)C([H])([H])C([H])([H])Cl
 - 22
[H]OC(=O)C([H])([H])C([H])([H])C([H])([H])C1=C([H])C([H])=C(C([H])=C1[H])N(C([H])([H])C([H])([H])Cl)C([H])([H])C([H])([H])Cl
 - 22
[H]OC1=C(Br)C(=NC(=O)N1C([H])(C([H])([H])[H])C([H])([H])C([H])([H])[H])C([H])([H])[H]
 - 24
[H]N1C(=O)N(C(=O)C(Br)=C1C([H])([H])[H])C([H])(C([H])([H])[H])C([H])([H])C([H])([H])[H]
 - 15
Cc1[nH]c(=O)n(C(C)CC)c(=O)c1Br
 - 'NoneType' object has no attribute 'kekulise'
[H]OC1=NC(=C(Br)C(=O)N1C([H])(C([H])([H])[H])C([H])([H])C([H])([H])[H])C([H])([H])[H]
 - 24
[H]C1=C([H])C([H])=C2C([H])=C([H])C([H])=C(C2=N1)C(F)(F)F
 - 16
[H]C1=C([H])C([H])(Cl)C([H])(Cl)C([H])(Cl)C1([H])Cl
 - 14
[H]OC(=O)C1=C([H])C(Cl)=C([H])C([H])=C1O[H]
 - 14
[H]C1=NC2=C(N=C1[H])C([H])=C([H])C([H])=N2
 - 15
O=c1cc[nH]c2cc(ccc12)C(F)(F)F
 - 'NoneType' object has no attribute 'kekulise'
[H]OC1=C([H])C([H])=NC2=C([H])C(=C([H])C([H])=C12)C(F)(F)F
 - 17
[H]N1C([H])=C([H])C(=O)C2=C([H])C([H])=C(C([H])=C12)C(F)(F)F
 - 17
[H]N([H])C1=C([H])C(=C([H])C(=C1[H])C(F)(F)F)C(F)(F)F
 - 17
[H]OC(=C([H])[H])N([H])C1=C([H])C(=C([H])C([H])=C1[H])C(F)(F)F
 - 17
[H]N(C(=O)C([H])([H])[H])C1=C([H])C(=C([H])C([H])=C1[H])C(F)(F)F
 - 17
[H]OC(=NC1=C([H])C(=C([H])C([H])=C1[H])C(F)(F)F)C([H])([H])[H]
 - 19
[H]C1=C([H])C(Cl)=C([H])C([H])=C1F
 - 11
[H]C1=C([H])C([H])=C(C([H])=C1[H])C(C(=O)N1C([H])([H])C([H])([H])C([H])([H])C1([H])[H])(C1=C([H])C([H])=C([H])C([H])=C1[H])C([H])(C([H])([H])[H])C([H])([H])N1C([H])([H])C([H])([H])OC([H])([H])C1([H])[H]
 - 39
[H]OC1=C([H])C([H])=C2C(=C1[H])C1(C([H])([H])[H])C([H])([H])C([H])([H])N(C([H])([H])C([H])=C(C([H])([H])[H])C([H])([H])[H])C([H])(C2([H])[H])C1([H])C([H])([H])[H]
 - 40
[H]OC(=C([H])C([H])([H])[H])C1=C([H])C([H])=C2SC3=C(C([H])=C([H])C([H])=C3[H])N(C2=C1[H])C([H])([H])C([H])(N(C([H])([H])[H])C([H])([H])[H])C([H])([H])[H]
 - 29
[H]C1=C([H])C2=C(C([H])=C1[H])N(C1=C([H])C(=C([H])C([H])=C1S2)C(=O)C([H])([H])C([H])([H])[H])C([H])([H])C([H])(N(C([H])([H])[H])C([H])([H])[H])C([H])([H])[H]
 - 31
CCCCC[C@H](O)/C=C/[C@@H]1[C@@H](C/C=C\\CCCC(O)=O)C(=O)C[C@H]1O
 - 2 bonds in a row
[H]OC(=O)C([H])([H])C([H])([H])C([H])([H])C(\\[H])=C(/[H])C([H])([H])C1([H])C(=O)C([H])([H])C([H])(O[H])C1([H])C(\\[H])=C(/[H])C([H])(O[H])C([H])([H])C([H])([H])C([H])([H])C([H])([H])C([H])([H])[H]
 - 2 bonds in a row
[H]OC1=C([H])C([H])=C(F)C([H])=C1[H]
 - 12
[H]OC(=C1C([H])(C([H])([H])[H])C([H])([H])C2([H])C3([H])C([H])([H])C([H])=C4C([H])([H])C(=O)C([H])=C([H])C4(C([H])([H])[H])C3(F)C([H])(O[H])C([H])([H])C12C([H])([H])[H])C([H])([H])O[H]
 - 52
[H]OC(=C1C([H])(C([H])([H])[H])C([H])([H])C2([H])C3([H])C([H])([H])C([H])([H])C4=C([H])C(=O)C([H])=C([H])C4(C([H])([H])[H])C3(F)C([H])(O[H])C([H])([H])C12C([H])([H])[H])C([H])([H])O[H]
 - 52
[H]OC(=C1C([H])(C([H])([H])[H])C([H])([H])C2([H])C3([H])C([H])([H])C([H])=C4C([H])=C(O[H])C([H])=C([H])C4(C([H])([H])[H])C3(F)C([H])(O[H])C([H])([H])C12C([H])([H])[H])C([H])([H])O[H]
 - 52
[H]OC([H])=C(O[H])C1([H])C([H])(C([H])([H])[H])C([H])([H])C2([H])C3([H])C([H])([H])C([H])=C4C([H])([H])C(=O)C([H])=C([H])C4(C([H])([H])[H])C3(F)C([H])(O[H])C([H])([H])C12C([H])([H])[H]
 - 52
[H]OC([H])=C(O[H])C1([H])C([H])(C([H])([H])[H])C([H])([H])C2([H])C3([H])C([H])([H])C([H])([H])C4=C([H])C(=O)C([H])=C([H])C4(C([H])([H])[H])C3(F)C([H])(O[H])C([H])([H])C12C([H])([H])[H]
 - 52
[H]OC([H])=C(O[H])C1([H])C([H])(C([H])([H])[H])C([H])([H])C2([H])C3([H])C([H])([H])C([H])=C4C([H])=C(O[H])C([H])=C([H])C4(C([H])([H])[H])C3(F)C([H])(O[H])C([H])([H])C12C([H])([H])[H]
 - 52
[H]OC([H])([H])C(=O)C1([H])C([H])(C([H])([H])[H])C([H])([H])C2([H])C3([H])C([H])([H])C([H])=C4C([H])([H])C(=O)C([H])=C([H])C4(C([H])([H])[H])C3(F)C([H])(O[H])C([H])([H])C12C([H])([H])[H]
 - 52
[H]OC([H])([H])C(=O)C1([H])C([H])(C([H])([H])[H])C([H])([H])C2([H])C3([H])C([H])([H])C([H])([H])C4=C([H])C(=O)C([H])=C([H])C4(C([H])([H])[H])C3(F)C([H])(O[H])C([H])([H])C12C([H])([H])[H]
 - 52
[H]OC1=C([H])C2=C([H])C([H])([H])C3([H])C4([H])C([H])([H])C([H])(C([H])([H])[H])C([H])(C(=O)C([H])([H])O[H])C4(C([H])([H])[H])C([H])([H])C([H])(O[H])C3(F)C2(C([H])=C1[H])C([H])([H])[H]
 - 51
[H]OC([H])(C([H])=O)C1([H])C([H])(C([H])([H])[H])C([H])([H])C2([H])C3([H])C([H])([H])C([H])=C4C([H])([H])C(=O)C([H])=C([H])C4(C([H])([H])[H])C3(F)C([H])(O[H])C([H])([H])C12C([H])([H])[H]
 - 52
[H]OC([H])(C([H])=O)C1([H])C([H])(C([H])([H])[H])C([H])([H])C2([H])C3([H])C([H])([H])C([H])([H])C4=C([H])C(=O)C([H])=C([H])C4(C([H])([H])[H])C3(F)C([H])(O[H])C([H])([H])C12C([H])([H])[H]
 - 52
[H]OC1=C([H])C2=C([H])C([H])([H])C3([H])C4([H])C([H])([H])C([H])(C([H])([H])[H])C([H])(C([H])(O[H])C([H])=O)C4(C([H])([H])[H])C([H])([H])C([H])(O[H])C3(F)C2(C([H])=C1[H])C([H])([H])[H]
 - 51
[H]OC(=C([H])[H])C1=C([H])C([H])=C(F)C([H])=C1[H]
 - 16
[H]C1=C([H])C(=C([H])C([H])=C1F)C(=O)C([H])([H])[H]
 - 12
[H]OC(O[H])=C([H])C1=C([H])C([H])=C(F)C([H])=C1[H]
 - 17
[H]OC(=O)C([H])([H])C1=C([H])C([H])=C(F)C([H])=C1[H]
 - 17
[H]OC1(C#C[H])C([H])([H])C([H])([H])C2([H])C3([H])C([H])([H])C([H])=C4C([H])([H])C(=O)C([H])([H])C([H])([H])C4(C([H])([H])[H])C3([H])C([H])([H])C([H])([H])C12C([H])([H])[H]
 - 47
[H]OC1(C#C[H])C([H])([H])C([H])([H])C2([H])C3([H])C([H])([H])C([H])([H])C4=C([H])C(=O)C([H])([H])C([H])([H])C4(C([H])([H])[H])C3([H])C([H])([H])C([H])([H])C12C([H])([H])[H]
 - 47
[H]OC1=C([H])C([H])([H])C2(C(=C([H])C([H])([H])C3([H])C4([H])C([H])([H])C([H])([H])C(O[H])(C#C[H])C4(C([H])([H])[H])C([H])([H])C([H])([H])C23[H])C1([H])[H])C([H])([H])[H]
 - 45
[H]OC1=C([H])C2=C([H])C([H])([H])C3([H])C4([H])C([H])([H])C([H])([H])C(O[H])(C#C[H])C4(C([H])([H])[H])C([H])([H])C([H])([H])C3([H])C2(C([H])([H])[H])C([H])([H])C1([H])[H]
 - 49
[H]OC1=C([H])C([H])([H])C2(C(=C1[H])C([H])([H])C([H])([H])C1([H])C3([H])C([H])([H])C([H])([H])C(O[H])(C#C[H])C3(C([H])([H])[H])C([H])([H])C([H])([H])C21[H])C([H])([H])[H]
 - 46
[H]OC(=C([H])C([H])([H])[H])N(C1=C([H])C([H])=C([H])C([H])=C1[H])C1([H])C([H])([H])C([H])([H])N(C([H])([H])C([H])([H])C2=C([H])C([H])=C([H])C([H])=C2[H])C([H])([H])C1([H])[H]
 - 51
[H]C1=C([H])C([H])=C(C([H])=C1[H])N(C(=O)C([H])([H])C([H])([H])[H])C1([H])C([H])([H])C([H])([H])N(C([H])([H])C([H])([H])C2=C([H])C([H])=C([H])C([H])=C2[H])C([H])([H])C1([H])[H]
 - 51
[H]OC(=O)C1=C([H])C([H])=C(N([H])[H])C(F)=C1[H]
 - 16
[H]OC1=NC(O[H])=C([H])N1[H]
 - 10
[H]OC1=NC([H])=C(O[H])N1[H]
 - 10
[H]OC1([H])N=C([H])C(=O)N1[H]
 - 10
[H]OC1=C([H])N([H])C(=O)N1[H]
 - 10
[H]OC1=NC([H])(O[H])N=C1[H]
 - 10
[H]OC1([H])N([H])C(=O)N=C1[H]
 - 10
[H]OC1=NC([H])(O[H])C([H])=N1
 - 11
[H]N1C(=O)N([H])C([H])([H])C1=O
 - 10
[H]OC1=NC([H])([H])C(=O)N1[H]
 - 10
[H]OC1=NC(=O)N([H])C1([H])[H]
 - 9
[H]OC1=NC(=O)C([H])([H])N1[H]
 - 10
[H]OC1=NC([H])([H])C(O[H])=N1
 - 11
[H]C1=C([H])C([H])=C(F)C([H])=C1[H]
 - 11
[H]OC1([H])C([H])(OC2([H])C([H])=C3C([H])([H])C([H])([H])C4([H])C([H])(C([H])([H])C([H])([H])C5(C([H])([H])[H])C([H])(C6=C([H])OC(=O)C([H])=C6[H])C([H])([H])C([H])([H])C45O[H])C3(C([H])([H])[H])C([H])([H])C2([H])[H])OC([H])(C([H])([H])[H])C([H])(O[H])C1([H])O[H]
 - 77
[H]C1=NC([H])=C(F)C([H])=N1
 - 10
[H]OC1=C([H])C([H])=C(C([H])=C1[H])C1([H])OC2=C([H])C(O[H])=C([H])C(O[H])=C2C(O[H])=C1[H]
 - 31
[H]OC1=C([H])C([H])=C(C([H])=C1[H])C1([H])OC2=C([H])C(O[H])=C([H])C(O[H])=C2C(=O)C1([H])[H]
 - 30
[H]OC1=C([H])C([H])([H])C([H])(N1C([H])([H])[H])C1=C([H])C([H])=C([H])N=C1[H]
 - 16
[H]C1=C([H])C([H])=C(C([H])=N1)C1([H])N(C(=O)C([H])([H])C1([H])[H])C([H])([H])[H]
 - 19
[H]OC([H])(C([H])([H])Br)C([H])(O[H])C([H])(O[H])C([H])(O[H])C([H])([H])Br
 - 13
[H]OC(=O)C1=C([H])OC([H])=C1[H]
 - 11
[H]OC1=NC([H])=NC2=C([H])C([H])=C([H])C([H])=C12
 - 17
[H]N1C([H])=NC2=C([H])C([H])=C([H])C([H])=C2C1=O
 - 16
O=c1[nH]cnc2ccccc12
 - 'NoneType' object has no attribute 'kekulise'
[H]N1C([H])=NC(=O)C2=C([H])C([H])=C([H])C([H])=C12
 - 17
[H]OC1=C2C(=O)C([H])=C(OC2=C([H])C([H])=C1[H])C1=C([H])C([H])=C([H])C([H])=C1[H]
 - 19
Oc1cccc2oc(cc(=O)c12)c1ccccc1
 - 'NoneType' object has no attribute 'get_contributed_electrons'
[H]OC1=C2C(=O)C([H])=C([H])C([H])=C2OC(=C1[H])C1=C([H])C([H])=C([H])C([H])=C1[H]
 - 19
[H]N1C([H])([H])C([H])([H])C([H])([H])C([H])([H])C1([H])C1=C([H])C([H])=C([H])N=C1[H]
 - 15
[H]ON=C(O[H])C1=C([H])C([H])=C([H])C([H])=C1[H]
 - 16
[H]OC([H])(N=O)C1=C([H])C([H])=C([H])C([H])=C1[H]
 - 16
[H]ON([H])C(=O)C1=C([H])C([H])=C([H])C([H])=C1[H]
 - 16
[H]OC(=O)C1=C([H])C2=C([H])C([H])=C([H])C([H])=C2O1
 - 18
[H]OC1=C([H])C([H])=C(OC2([H])OC([H])(C([H])([H])O[H])C([H])(O[H])C([H])(O[H])C2([H])O[H])C([H])=C1[H]
 - 34
[H]C1=C([H])C2([H])C([H])([H])C([H])([H])C1([H])C2([H])[H]
 - 13
[H]OC1=C(C([H])=C([H])C(=C1[H])C([H])(C([H])([H])[H])C([H])([H])[H])C([H])([H])[H]
 - 22
[H]N([H])C(N=C(N([H])[H])N([H])C1=C([H])C([H])=C(Cl)C([H])=C1[H])=NC([H])(C([H])([H])[H])C([H])([H])[H]
 - 23
[H]N=C(N=C(N([H])[H])N([H])C1=C([H])C([H])=C(Cl)C([H])=C1[H])N([H])C([H])(C([H])([H])[H])C([H])([H])[H]
 - 22
[H]N=C(N=C(N([H])[H])N([H])C([H])(C([H])([H])[H])C([H])([H])[H])N([H])C1=C([H])C([H])=C(Cl)C([H])=C1[H]
 - 21
[H]N=C(N([H])C(=NC([H])(C([H])([H])[H])C([H])([H])[H])N([H])[H])N([H])C1=C([H])C([H])=C(Cl)C([H])=C1[H]
 - 21
[H]N=C(N([H])C(=N[H])N([H])C([H])(C([H])([H])[H])C([H])([H])[H])N([H])C1=C([H])C([H])=C(Cl)C([H])=C1[H]
 - 21
[H]N([H])C(=NC1=C([H])C([H])=C(Cl)C([H])=C1[H])N([H])C(=NC([H])(C([H])([H])[H])C([H])([H])[H])N([H])[H]
 - 18
[H]N([H])C(N=C(N([H])[H])N([H])C([H])(C([H])([H])[H])C([H])([H])[H])=NC1=C([H])C([H])=C(Cl)C([H])=C1[H]
 - 22
[H]N=C(N([H])C(=NC1=C([H])C([H])=C(Cl)C([H])=C1[H])N([H])[H])N([H])C([H])(C([H])([H])[H])C([H])([H])[H]
 - 22
[H]OC(O[H])=C([H])C([H])([H])C1=C([H])C([H])=C(O[H])C([H])=C1[H]
 - 21
[H]OC(=O)C([H])([H])C([H])([H])C1=C([H])C([H])=C(O[H])C([H])=C1[H]
 - 21
[H]OC(=C([H])C([H])([H])C([H])([H])C([H])([H])[H])C([H])([H])C([H])([H])C([H])([H])C([H])([H])[H]
 - 16
[H]C([H])([H])C([H])([H])C([H])([H])C([H])([H])C(=O)C([H])([H])C([H])([H])C([H])([H])C([H])([H])[H]
 - 11
[H]C([H])(F)C1([H])OC1([H])[H]
 - 6
[H]OC1=C([H])C2([H])OC([H])([H])C([H])=C3C([H])([H])N4C([H])([H])C([H])([H])C56C7=C([H])C(OC([H])([H])[H])=C([H])C([H])=C7N1C5([H])C2([H])C3([H])C([H])([H])C46[H]
 - 40
[H]C1=C2N3C(=O)C([H])([H])C4([H])OC([H])([H])C([H])=C5C([H])([H])N6C([H])([H])C([H])([H])C7(C2=C([H])C(OC([H])([H])[H])=C1[H])C6([H])C([H])([H])C5([H])C4([H])C37[H]
 - 39
[H]C([H])([H])OP(=O)(OC([H])([H])[H])OC([H])([H])[H]
 - 13
[H]C([H])([H])C([H])([H])OC(=O)C(Cl)(Cl)Cl
 - 10
[H]OC(=O)C1=C(C(=O)O[H])C(C(=O)O[H])=C(C(=O)O[H])C(C(=O)O[H])=C1C(=O)O[H]
 - 26
[H]OC1=C([H])C(O[H])=C2C(O[H])=C([H])C([H])(OC2=C1[H])C1=C([H])C([H])=C(OC([H])([H])[H])C(O[H])=C1[H]
 - 35
[H]OC1=C([H])C(O[H])=C2C(OC([H])(C3=C([H])C([H])=C(OC([H])([H])[H])C(O[H])=C3[H])C([H])([H])C2=O)=C1[H]
 - 35
[H]OC([H])(C([H])([H])OC1=C([H])C([H])=C([H])C2=C([H])C([H])=C([H])C([H])=C12)C([H])([H])N([H])C([H])(C([H])([H])[H])C([H])([H])[H]
 - 26
[H]OC1=C(C(=C([H])[H])C(O[H])=C(C1=C([H])[H])C([H])([H])[H])C([H])([H])[H]
 - 13
[H]OC1=C(C(=C([H])[H])C(=O)C(=C1C([H])([H])[H])C([H])([H])[H])C([H])([H])[H]
 - 21
[H]C([H])([H])C1=C(C(=O)C(=C(C1=O)C([H])([H])[H])C([H])([H])[H])C([H])([H])[H]
 - 21
[H]OC1=C(C(=C([H])[H])C(=O)C(=C([H])[H])C1([H])C([H])([H])[H])C([H])([H])[H]
 - 15
[H]OC1=C(C(=C([H])[H])C(=O)C([H])(C1=C([H])[H])C([H])([H])[H])C([H])([H])[H]
 - 13
[H]C([H])=C1C(=O)C(=C(C(=O)C1([H])C([H])([H])[H])C([H])([H])[H])C([H])([H])[H]
 - 21
[H]C([H])=C1C(=O)C(=C([H])[H])C([H])(C(=O)C1([H])C([H])([H])[H])C([H])([H])[H]
 - 15
[H]C([H])=C1C(=O)C([H])(C(=C([H])[H])C(=O)C1([H])C([H])([H])[H])C([H])([H])[H]
 - 15
[H]C1=C([H])C(C#N)=C(C([H])=C1[H])C([H])([H])[H]
 - 11
[H]N=C=C1C([H])=C([H])C([H])=C([H])C1=C([H])[H]
 - 13
[H]C1=C([H])C(=C([H])C(=C1[H])C([H])(C([H])([H])[H])C([H])([H])[H])C([H])([H])[H]
 - 21
[H]\\C(=N/C1=C([H])C([H])=C([H])C([H])=C1[H])C1=C([H])C([H])=C([H])C([H])=C1[H]
 - 2 bonds in a row
[H]OC1=C([H])C([H])=C(I)C([H])=C1[H]
 - 12
[H]C([H])([H])C([H])([H])C([H])([H])Cl
 - 5
[H]OC(N([H])[H])=C([H])C([H])([H])C([H])([H])[H]
 - 7
[H]N([H])C(=O)C([H])([H])C([H])([H])C([H])([H])[H]
 - 7
[H]OC(=N[H])C([H])([H])C([H])([H])C([H])([H])[H]
 - 7
[H]OC(OC([H])([H])C([H])([H])[H])=NC([H])(O[H])C(Cl)(Cl)Cl
 - 13
[H]OC([H])(N([H])C(=O)OC([H])([H])C([H])([H])[H])C(Cl)(Cl)Cl
 - 17
[H]OC([H])(C([H])([H])[H])C([H])([H])C([H])([H])C([H])([H])C([H])([H])C([H])([H])[H]
 - 9
[H]C([H])([H])C([H])([H])C([H])([H])C([H])([H])C([H])([H])Cl
 - 7
[H]OC1([H])C([H])([H])C2(O[H])C3([H])C([H])([H])C([H])([H])C4([H])C([H])([H])C([H])(OC5([H])OC([H])(C([H])([H])[H])C([H])(O[H])C([H])(O[H])C5([H])[H])C([H])([H])C([H])([H])C4(C([H])([H])[H])C3([H])C([H])([H])C([H])([H])C2(C([H])([H])[H])C1([H])C1=C([H])C(=O)OC1([H])[H]
 - 71
[H]C1([H])N(C1([H])[H])P(=O)(N1C([H])([H])C1([H])[H])N1C([H])([H])C1([H])[H]
 - 17
CCCCC[C@H](O)/C=C/[C@@H]1[C@@H](C/C=C\\CCCC(O)=O)[C@@H](O)C[C@H]1O
 - 2 bonds in a row
[H]OC(=O)C([H])([H])C([H])([H])C([H])([H])C(\\[H])=C(/[H])C([H])([H])C1([H])C([H])(O[H])C([H])([H])C([H])(O[H])C1([H])C(\\[H])=C(/[H])C([H])(O[H])C([H])([H])C([H])([H])C([H])([H])C([H])([H])C([H])([H])[H]
 - 2 bonds in a row
Cc1ncc(n1C)[N+](=O)[O-]
 - 'NoneType' object has no attribute 'kekulise'
[H]C1=C(N(C(=N1)C([H])([H])[H])C([H])([H])[H])[N+]([O-])=O
 - 'NoneType' object has no attribute 'kekulise'
Cc1[n]cc([n]1C)[N+]([O-])=O
 - 'NoneType' object has no attribute 'kekulise'
Cc1ncc(n1C)[N+]([O-])=O
 - 'NoneType' object has no attribute 'kekulise'
CN1C(C)=NC=C1[N+]([O-])=O
 - 'NoneType' object has no attribute 'kekulise'
[O-][N+](=O)c1ccccc1C=O
 - 'NoneType' object has no attribute 'kekulise'
[O-][N+](=O)C1=CC=CC=C1C=O
 - 'NoneType' object has no attribute 'kekulise'
[H]C(=O)C1=C([H])C([H])=C([H])C([H])=C1[N+]([O-])=O
 - 'NoneType' object has no attribute 'kekulise'
CCCOC1=CC=C(C=C1NC(O)=C)[N+]([O-])=O
 - 'NoneType' object has no attribute 'kekulise'
[H]OC(=C([H])[H])N([H])C1=C([H])C(=C([H])C([H])=C1OC([H])([H])C([H])([H])C([H])([H])[H])[N+]([O-])=O
 - 'NoneType' object has no attribute 'kekulise'
[H]N(C(=O)C([H])([H])[H])C1=C([H])C(=C([H])C([H])=C1OC([H])([H])C([H])([H])C([H])([H])[H])[N+]([O-])=O
 - 'NoneType' object has no attribute 'kekulise'
CC(=O)Nc1cc(ccc1OCCC)[N+]([O-])=O
 - 'NoneType' object has no attribute 'kekulise'
CC(=O)Nc1cc(ccc1OCCC)[N+](=O)[O-]
 - 'NoneType' object has no attribute 'kekulise'
CCCOC1=CC=C(C=C1NC(C)=O)[N+]([O-])=O
 - 'NoneType' object has no attribute 'kekulise'
[H]OC(=NC1=C([H])C(=C([H])C([H])=C1OC([H])([H])C([H])([H])C([H])([H])[H])[N+]([O-])=O)C([H])([H])[H]
 - 'NoneType' object has no attribute 'kekulise'
CCCOC1=CC=C(C=C1N=C(C)O)[N+]([O-])=O
 - 'NoneType' object has no attribute 'kekulise'
c1cnccc1c1ccncc1
 - 'NoneType' object has no attribute 'get_contributed_electrons'
[H]C1=NC([H])=C([H])C(=C1[H])C1=C([H])C([H])=NC([H])=C1[H]
 - 19
[H]C1=C([H])C([H])=C(C([H])=C1[H])N(C([H])([H])C([H])([H])Cl)C([H])([H])C([H])([H])Cl
 - 20
[H]OC(=C(C([H])([H])[H])C([H])([H])[H])C([H])(C([H])([H])[H])C([H])([H])[H]
 - 13
[H]C([H])([H])C([H])(C(=O)C([H])(C([H])([H])[H])C([H])([H])[H])C([H])([H])[H]
 - 19
[H]N([H])C1=C([H])C([H])=C([H])C([H])=C1C([H])([H])C([H])([H])[H]
 - 13
[H]C1=C([H])N2C(=NC3=C([H])C([H])=C([H])C([H])=C3C2=O)C([H])=C1[H]
 - 22
[H]N([H])C1=C([H])C([H])=C2C([H])=C3C([H])=C([H])C([H])=C([H])C3=NC2=C1[H]
 - 24
[H]N([H])C1=C([H])C2=NC3=C([H])C([H])=C([H])C([H])=C3C([H])=C2C([H])=C1[H]
 - 24
[H]N=C1C([H])=C([H])C2=C([H])C3=C([H])C([H])=C([H])C([H])=C3N([H])C2=C1[H]
 - 24
[H]OC1=C([H])C2=C([H])C([H])=C(O[H])C([H])=C2C([H])=C1[H]
 - 19
[H]C1=NC([H])=C(C([H])=C1[H])C1=C([H])C([H])=C([H])C([H])=N1
 - 20
c1ncccc1c1ccccn1
 - 'NoneType' object has no attribute 'get_contributed_electrons'
[O-][N+](=O)c1cc(O)cc(c1)[N+](=O)[O-]
 - 'NoneType' object has no attribute 'kekulise'
[H]OC1=C([H])C(=C([H])C(=C1[H])[N+]([O-])=O)[N+]([O-])=O
 - 'NoneType' object has no attribute 'kekulise'
[O-][N+](=O)c1cc(O)cc(c1)[N+]([O-])=O
 - 'NoneType' object has no attribute 'kekulise'
OC1=CC(=CC(=C1)[N+]([O-])=O)[N+]([O-])=O
 - 'NoneType' object has no attribute 'kekulise'
Oc1cc(cc(c1)[N+]([O-])=O)[N+]([O-])=O
 - 'NoneType' object has no attribute 'kekulise'
[H]OC([H])([H])C1=C([H])C([H])=NC([H])=C1[H]
 - 14
[H]N(C(=O)N(C([H])([H])[H])C([H])([H])[H])C1=C([H])C([H])=C([H])C(Cl)=C1[H]
 - 14
[H]OC(=NC1=C([H])C([H])=C([H])C(Cl)=C1[H])N(C([H])([H])[H])C([H])([H])[H]
 - 16
[H]N(C([H])([H])[H])C([H])([H])C([H])([H])C1=C([H])C([H])=C([H])C([H])=C1[H]
 - 11
[H]OC1=C([H])C([H])=C([H])C(Br)=C1[H]
 - 12
[H]N([H])C1=C([H])C([H])=NC([H])=N1
 - 12
[H]N=C1N([H])C([H])=NC([H])=C1[H]
 - 11
[H]N=C1N=C([H])N([H])C([H])=C1[H]
 - 11
[H]C([H])([H])F
 - 3
[H]OC1([H])C([H])([H])C2(O[H])C3([H])C([H])([H])C([H])([H])C4([H])C([H])([H])C([H])(OC5([H])OC([H])(C([H])([H])[H])C([H])(O[H])C([H])(OC([H])([H])[H])C5([H])O[H])C([H])([H])C([H])([H])C4(C([H])([H])[H])C3([H])C([H])([H])C([H])([H])C2(C([H])([H])[H])C11C([H])=C([H])C(=O)OC1([H])[H]
 - 75
[H]C([H])([H])C([H])([H])C([H])([H])S(=O)(=O)C([H])([H])C([H])([H])C([H])([H])[H]
 - 10
[H]OS(=O)(=C([H])C([H])([H])C([H])([H])[H])C([H])([H])C([H])([H])C([H])([H])[H]
 - 14
[H]OS([H])(=O)(C([H])([H])C([H])=C([H])[H])C([H])([H])C([H])([H])C([H])([H])[H]
 - 14
[H]OS([H])(=O)(C([H])=C([H])C([H])([H])[H])C([H])([H])C([H])([H])C([H])([H])[H]
 - 14
[H]OS(O[H])(#CC([H])([H])C([H])([H])[H])C([H])([H])C([H])([H])C([H])([H])[H]
 - 14
[H]OS([H])(O[H])(=C=C([H])C([H])([H])[H])C([H])([H])C([H])([H])C([H])([H])[H]
 - 14
[H]OS(O[H])(=C([H])C([H])([H])C([H])([H])[H])=C([H])C([H])([H])C([H])([H])[H]
 - 15
[H]OS([H])(O[H])(=C([H])C([H])([H])C([H])([H])[H])C([H])([H])C([H])=C([H])[H]
 - 16
[H]OS([H])(O[H])(=C([H])C([H])=C([H])[H])C([H])([H])C([H])([H])C([H])([H])[H]
 - 14
[H]OS([H])(O[H])(C([H])=C([H])C([H])([H])[H])=C([H])C([H])([H])C([H])([H])[H]
 - 15
[H]OS([H])([H])(O[H])(C([H])=C([H])C([H])([H])[H])C([H])([H])C([H])=C([H])[H]
 - 16
[H]OS([H])([H])(O[H])(C([H])=C([H])C([H])([H])[H])C([H])=C([H])C([H])([H])[H]
 - 16
[H]OS([H])([H])(O[H])(C([H])=C=C([H])[H])C([H])([H])C([H])([H])C([H])([H])[H]
 - 14
[H]C(Br)=C(Br)Br
 - 6
[H]N([H])C(=O)OC([H])([H])[H]
 - 6
[H]OC(=N[H])OC([H])([H])[H]
 - 6
[O-][N+](=O)c1cc([N+]([O-])=O)c2ccccc2c1
 - 'NoneType' object has no attribute 'kekulise'
[H]C1=C([H])C2=C([H])C(=C([H])C(=C2C([H])=C1[H])[N+]([O-])=O)[N+]([O-])=O
 - 'NoneType' object has no attribute 'kekulise'
[O-][N+](=O)c1cc2ccccc2c(c1)[N+]([O-])=O
 - 'NoneType' object has no attribute 'kekulise'
[O-][N+](=O)c1cc2ccccc2c(c1)[N+](=O)[O-]
 - 'NoneType' object has no attribute 'kekulise'
[O-][N+](=O)C1=CC2=CC=CC=C2C(=C1)[N+]([O-])=O
 - 'NoneType' object has no attribute 'kekulise'
[H]OC1=C(C([H])=C([H])C([H])=C1[H])C(=O)OC([H])([H])C([H])([H])C([H])([H])[H]
 - 14
[O-][N+](=O)c1cc2c(cc1)NC(=O)C2=O
 - 'NoneType' object has no attribute 'kekulise'
[H]OC1=NC2=C([H])C([H])=C(C([H])=C2C1=O)[N+]([O-])=O
 - 'NoneType' object has no attribute 'kekulise'
OC1=NC2=C(C=C(C=C2)[N+]([O-])=O)C1=O
 - 'NoneType' object has no attribute 'kekulise'
[H]N1C(=O)C(=O)C2=C([H])C(=C([H])C([H])=C12)[N+]([O-])=O
 - 'NoneType' object has no attribute 'kekulise'
[O-][N+](=O)C1=CC2=C(NC(=O)C2=O)C=C1
 - 'NoneType' object has no attribute 'kekulise'
[H]OC1=C2C([H])=C(C([H])=C([H])C2=NC1=O)[N+]([O-])=O
 - 'NoneType' object has no attribute 'kekulise'
OC1=C2C=C(C=CC2=NC1=O)[N+]([O-])=O
 - 'NoneType' object has no attribute 'kekulise'
[H]C1=C([H])C([H])=C(C([H])=C1[H])C(=O)N(C([H])([H])[H])C([H])([H])[H]
 - 12
[O-][N+](=O)c1ccccc1C#N
 - 'NoneType' object has no attribute 'kekulise'
[O-][N+](=O)C1=CC=CC=C1C#N
 - 'NoneType' object has no attribute 'kekulise'
[H]C1=C([H])C([H])=C(C(C#N)=C1[H])[N+]([O-])=O
 - 'NoneType' object has no attribute 'kekulise'
N#Cc1ccccc1[N+]([O-])=O
 - 'NoneType' object has no attribute 'kekulise'
N#Cc1ccccc1[N+](=O)[O-]
 - 'NoneType' object has no attribute 'kekulise'
Cn1c2c([nH]c(=O)[nH]c2=O)[nH]c1=O
 - 'NoneType' object has no attribute 'kekulise'
[H]OC1=NC2=NC(O[H])=NC(O[H])=C2N1C([H])([H])[H]
 - 15
[H]OC1=NC(O[H])=C2N(C(=O)N([H])C2=N1)C([H])([H])[H]
 - 15
[H]OC1=NC2=C(N1C([H])([H])[H])C(=O)N([H])C(O[H])=N2
 - 19
[H]OC1=NC2=C(N1C([H])([H])[H])C(=O)N([H])C(=O)N2[H]
 - 18
[H]OC1=NC2=C(N1C([H])([H])[H])C(=O)N=C(O[H])N2[H]
 - 18
[H]OC1=NC2=C(N1C([H])([H])[H])C(O[H])=NC(=O)N2[H]
 - 18
[H]N1C(=O)N(C2=C1N([H])C(=O)N([H])C2=O)C([H])([H])[H]
 - 16
[H]OC1=NC(=O)C2=C(N([H])C(=O)N2C([H])([H])[H])N1[H]
 - 18
[H]OC1=NC(=O)N([H])C2=C1N(C(=O)N2[H])C([H])([H])[H]
 - 14
[H]OC1=C2N(C(=O)N=C2N([H])C(=O)N1[H])C([H])([H])[H]
 - 14
[H]OC1=NC2=C(N(C(=O)N2[H])C([H])([H])[H])C(=O)N1[H]
 - 18
[H]OC1=C2N(C(=O)N([H])C2=NC(=O)N1[H])C([H])([H])[H]
 - 14
[H]OC1=NC2=NC(=O)N(C2=C(O[H])N1[H])C([H])([H])[H]
 - 14
[H]OC1=NC2=NC(=O)N([H])C(O[H])=C2N1C([H])([H])[H]
 - 15
[H]OC1=NC(O[H])=C2N(C(=O)N=C2N1[H])C([H])([H])[H]
 - 14
[H]OC([H])(N=N[H])C1=C([H])C([H])=C([H])C([H])=C1[H]
 - 17
[H]OC(=NN([H])[H])C1=C([H])C([H])=C([H])C([H])=C1[H]
 - 17
[H]N([H])N([H])C(=O)C1=C([H])C([H])=C([H])C([H])=C1[H]
 - 17
[H]OC(O[H])=C([H])C1=C([H])C([H])=C([H])C([H])=C1O[H]
 - 17
[H]OC(=O)C([H])([H])C1=C([H])C([H])=C([H])C([H])=C1O[H]
 - 17
[H]C1=C([H])C2=C(N=C(SC([H])([H])[H])S2)C([H])=C1[H]
 - 17
[H]OC1=C([H])C([H])=C([H])C(=C1[H])C(=O)N([H])[H]
 - 11
[H]OC(=N[H])C1=C([H])C(O[H])=C([H])C([H])=C1[H]
 - 16
[H]OC(=O)C1=C([H])C([H])=C([H])C(I)=C1[H]
 - 14
[H]OC(N([H])[H])=C([H])OC1=C([H])C([H])=C([H])C([H])=C1[H]
 - 19
[H]N([H])C(=O)C([H])([H])OC1=C([H])C([H])=C([H])C([H])=C1[H]
 - 19
[H]OC(=N[H])C([H])([H])OC1=C([H])C([H])=C([H])C([H])=C1[H]
 - 19
[H]OC(=C([H])[H])N([H])C1=C([H])C([H])=C(I)C([H])=C1[H]
 - 18
[H]N(C(=O)C([H])([H])[H])C1=C([H])C([H])=C(I)C([H])=C1[H]
 - 18
[H]OC(=NC1=C([H])C([H])=C(I)C([H])=C1[H])C([H])([H])[H]
 - 16
[H]C([H])([H])C([H])(C([H])([H])[H])C([H])([H])C#N
 - 7
[H]N=C=C([H])C([H])(C([H])([H])[H])C([H])([H])[H]
 - 7
[H]OC(=NC([H])([H])C([H])([H])[H])N([H])[H]
 - 12
[H]N([H])C(=O)N([H])C([H])([H])C([H])([H])[H]
 - 7
[H]OC(=N[H])N([H])C([H])([H])C([H])([H])[H]
 - 7
Cc1ccc(C)[nH]1
 - This structure cannot be kekulised!
[H]N1C(=C([H])C([H])=C1C([H])([H])[H])C([H])([H])[H]
 - 8
[H]C([H])([H])N1C([H])([H])C([H])([H])C([H])([H])C([H])([H])C1([H])[H]
 - 18
[H]C([H])([H])C([H])(C([H])([H])[H])C([H])([H])OC([H])([H])C([H])(C([H])([H])[H])C([H])([H])[H]
 - 11
[H]/C1=C(\\[H])/C(/[H])=C(/[H])\\C(\\[H])=C(\\[H])/C(/[H])=C\\1/[H]
 - 2 bonds in a row
[H]C([H])(C#N)C([H])([H])C([H])([H])C([H])([H])C([H])([H])C([H])([H])C#N
 - 11
[H]N=C=C([H])C([H])([H])C([H])([H])C([H])([H])C([H])([H])C([H])([H])C#N
 - 11
[H]N=C=C([H])C([H])([H])C([H])([H])C([H])([H])C([H])([H])C([H])=C=N[H]
 - 11
OC(=O)c1ccc[nH]1
 - This structure cannot be kekulised!
[H]OC(=O)C1=C([H])C([H])=C([H])N1[H]
 - 12
[H]N(C(=S)C1=C([H])C([H])=C([H])C([H])=C1[H])C1=C([H])C([H])=C([H])C([H])=C1[H]
 - 16
[H]SC(=NC1=C([H])C([H])=C([H])C([H])=C1[H])C1=C([H])C([H])=C([H])C([H])=C1[H]
 - 16
[H]\\C(=C(\\[H])C([H])([H])[H])C1=C([H])C([H])=C([H])C([H])=C1[H]
 - 2 bonds in a row
Cc1ccc(cc1)c1ccccc1
 - 'NoneType' object has no attribute 'get_contributed_electrons'
[H]C1=C([H])C([H])=C(C([H])=C1[H])C1=C([H])C([H])=C(C([H])=C1[H])C([H])([H])[H]
 - 20
[H]OC1=C([H])OC(=C([H])C1=O)C([H])([H])[H]
 - 10
[H]C1=C([H])C([H])=C(C([H])=C1[H])C([H])([H])C([H])([H])C#N
 - 12
[H]N=C=C([H])C([H])([H])C1=C([H])C([H])=C([H])C([H])=C1[H]
 - 18
[H]OC1=C([H])C(=C(O[H])C(=C1[H])C([H])([H])[H])C([H])([H])[H]
 - 11
[H]OC(O[H])=C([H])C([H])([H])C(C(=O)O[H])(C([H])([H])[H])C([H])([H])[H]
 - 12
[H]OC(=O)C([H])([H])C([H])([H])C(C(=O)O[H])(C([H])([H])[H])C([H])([H])[H]
 - 12
[H]OC(O[H])=C(C([H])([H])C(O[H])=C([H])[H])C([H])([H])C([H])([H])C([H])([H])[H]
 - 16
[H]OC(O[H])=C(C([H])=C(O[H])C([H])([H])[H])C([H])([H])C([H])([H])C([H])([H])[H]
 - 16
[H]OC(=O)C([H])(C([H])([H])C(O[H])=C([H])[H])C([H])([H])C([H])([H])C([H])([H])[H]
 - 16
[H]OC(=C([H])C([H])(C(=O)O[H])C([H])([H])C([H])([H])C([H])([H])[H])C([H])([H])[H]
 - 22
[H]OC(O[H])=C(C([H])([H])C(=O)C([H])([H])[H])C([H])([H])C([H])([H])C([H])([H])[H]
 - 16
[H]OC(=C([H])[H])C([H])([H])C(=C([H])C([H])([H])C([H])([H])[H])C([H])(O[H])O[H]
 - 20
[H]OC(=C([H])[H])C([H])=C(C([H])([H])C([H])([H])C([H])([H])[H])C([H])(O[H])O[H]
 - 20
[H]OC(=C([H])C(=C([H])C([H])([H])C([H])([H])[H])C([H])(O[H])O[H])C([H])([H])[H]
 - 22
[H]OC(=C=C(C([H])([H])C([H])([H])C([H])([H])[H])C([H])(O[H])O[H])C([H])([H])[H]
 - 22
[H]OC(=O)C(=C([H])C([H])(O[H])C([H])([H])[H])C([H])([H])C([H])([H])C([H])([H])[H]
 - 16
[H]OC(=O)C([H])(C([H])([H])C(=O)C([H])([H])[H])C([H])([H])C([H])([H])C([H])([H])[H]
 - 16
[H]OC([H])(O[H])C(=C([H])C(=O)C([H])([H])[H])C([H])([H])C([H])([H])C([H])([H])[H]
 - 16
[H]OC([H])(O[H])C(=C([H])C([H])([H])C([H])([H])[H])C([H])([H])C(=O)C([H])([H])[H]
 - 17
[H]C([H])=C(C(=O)OC([H])([H])C([H])(C([H])([H])C([H])([H])[H])C([H])([H])C([H])([H])C([H])([H])C([H])([H])[H])C([H])([H])[H]
 - 33
Cc1[nH]ccn1
 - This structure cannot be kekulised!
[H]N1C([H])=C([H])N=C1C([H])([H])[H]
 - 8
Cc1[nH]cc[n]1
 - This structure cannot be kekulised!
Cc1ncc[nH]1
 - This structure cannot be kekulised!
[H]C1=C([H])N(C(=O)C([H])=C1[H])C([H])([H])[H]
 - 10
[H]N([H])C1=C2N=C([H])N(C2=NC([H])=N1)C([H])([H])[H]
 - 14
[H]N=C1N([H])C([H])=NC2=C1N=C([H])N2C([H])([H])[H]
 - 14
[H]N=C1N=C([H])N([H])C2=C1N=C([H])N2C([H])([H])[H]
 - 14
[H]C1=C([H])C([H])=C(SC(Cl)(Cl)Cl)C([H])=C1[H]
 - 15
[H]C1=C([H])C([H])=C(C([H])=C1[H])N1N=C(C(N=O)=C1C([H])([H])[H])C([H])([H])[H]
 - 18
Cc1c(N=O)c(C)nn1c1ccccc1
 - 'NoneType' object has no attribute 'get_contributed_electrons'
[H]C1=C([H])C([H])=C(OC([H])([H])[H])C(Cl)=C1[H]
 - 15
[H]N([H])C(=O)N([H])C1=C([H])C(F)=C([H])C([H])=C1[H]
 - 17
[H]OC(=N[H])N([H])C1=C([H])C(F)=C([H])C([H])=C1[H]
 - 17
[H]OC(=NC1=C([H])C(F)=C([H])C([H])=C1[H])N([H])[H]
 - 16
[H]C1=C([H])C([H])=C2C(=C1[H])C1=C([H])C([H])=C([H])C([H])=C1C([H])([H])C2([H])[H]
 - 24
[H]OC(=O)C(\\[H])=C(/[H])C1=C([H])C([H])=C(OC([H])([H])[H])C([H])=C1[H]
 - 2 bonds in a row
[H]C1=C([H])C2=C([H])C([H])=C([H])C(OC(=O)C([H])([H])[H])=C2C([H])=C1[H]
 - 23
[H]OC1=NC2=C(C([H])=C(Cl)C([H])=C2[H])C(=NC1([H])[H])C1=C(SC([H])([H])[H])C([H])=C([H])C([H])=C1[H]
 - 33
[H]N1C2=C(C([H])=C(Cl)C([H])=C2[H])C(=NC([H])([H])C1=O)C1=C(SC([H])([H])[H])C([H])=C([H])C([H])=C1[H]
 - 33
[H]N1C(C2=C(SC([H])([H])[H])C([H])=C([H])C([H])=C2[H])=C2C([H])=C(Cl)C([H])=C([H])C2=NC(=O)C1([H])[H]
 - 32
CCC1(O)CC2CN(C1)CCc1c([nH]c3ccccc13)C(C2)(C(=O)OC)c1cc2c(cc1OC)N(C)C1C22CCN3CC=CC(CC)(C23)C(OC(=O)CN(C)C)C1(O)C(=O)OC
 - This structure cannot be kekulised!
N1c2ccccc2C(=C13)CCN(C4)CC(O)(CC)CC4CC3(C(=O)OC)c5c(OC)cc(c6c5)N(C)C7C(O)(C(=O)OC)C(OC(=O)CN(C)C)C(CC)(C9C678)C=CCN9CC8
 - Processing took more than 5 seconds
[H]OC1(C([H])([H])C([H])([H])[H])C([H])([H])N2C([H])([H])C([H])(C1([H])[H])C([H])([H])C(C(=O)OC([H])([H])[H])(C1=C(C3=C(N1[H])C([H])=C([H])C([H])=C3[H])C([H])([H])C2([H])[H])C1=C(OC([H])([H])[H])C([H])=C2N(C([H])([H])[H])C3([H])C4(C2=C1[H])C([H])([H])C([H])([H])N1C([H])([H])C([H])=C([H])C(C([H])([H])C([H])([H])[H])(C41[H])C([H])(OC(=O)C([H])([H])N(C([H])([H])[H])C([H])([H])[H])C3(O[H])C(=O)OC([H])([H])[H]
 - 73
[nH]1c2ccccc2c2c1C(CC1CN(CC2)CC(O)(CC)C1)(C(=O)OC)c1c(OC)cc2c(c1)C13C(N2C)C(O)(C(=O)OC)C(OC(=O)CN(C)C)C2(CC)C1N(CC=C2)CC3
 - This structure cannot be kekulised!
CN(C)CC(=O)OC1C2(CC)C=CCN3CCC4(C23)C(N(C)c2cc(OC)c(cc42)C2(CC3CN(CCc4c5ccccc5[nH]c24)CC(O)(C3)CC)C(=O)OC)C1(O)C(=O)OC
 - This structure cannot be kekulised!
[H]OC([H])([H])C([H])([H])OC(=O)C(=C([H])[H])C([H])([H])[H]
 - 10
[H]C(=O)C1=C([H])C([H])=NC([H])=C1[H]
 - 12
[H]OC([H])([H])C1=C([H])C(Cl)=C([H])C([H])=C1[H]
 - 15
[H]C1=C([H])C(=O)N(C(=O)N1C([H])([H])[H])C([H])([H])[H]
 - 15
Oc1ccc(cc1[N+]([O-])=O)-c1ccccc1
 - 'NoneType' object has no attribute 'kekulise'
OC1=CC=C(C=C1[N+]([O-])=O)C1=CC=CC=C1
 - 'NoneType' object has no attribute 'kekulise'
[H]OC1=C([H])C([H])=C(C([H])=C1[N+]([O-])=O)C1=C([H])C([H])=C([H])C([H])=C1[H]
 - 'NoneType' object has no attribute 'kekulise'
[O-][N+](=O)c1cc(ccc1O)c1ccccc1
 - 'NoneType' object has no attribute 'kekulise'
[O-][N+](=O)c1cc(ccc1O)-c1ccccc1
 - 'NoneType' object has no attribute 'kekulise'
[H]C([H])=C(C([H])=O)C([H])([H])C([H])([H])[H]
 - 8
[H]OC([H])([H])C([H])([H])C([H])([H])C(=O)OC([H])([H])[H]
 - 9
[H]OC([H])([H])C([H])([H])C([H])([H])C([H])([H])Cl
 - 7
[H]OC1=C(Cl)C(Cl)=C([H])C([H])=C1Cl
 - 12
Cn1cnc(c1Br)[N+]([O-])=O
 - 'NoneType' object has no attribute 'kekulise'
[H]C1=NC(=C(Br)N1C([H])([H])[H])[N+]([O-])=O
 - 'NoneType' object has no attribute 'kekulise'
C[n]1c[n]c(c1Br)[N+]([O-])=O
 - 'NoneType' object has no attribute 'kekulise'
Cn1cnc(c1Br)[N+](=O)[O-]
 - 'NoneType' object has no attribute 'kekulise'
CN1C=NC(=C1Br)[N+]([O-])=O
 - 'NoneType' object has no attribute 'kekulise'
[H]OC1=NC([H])([H])C([H])([H])C([H])([H])C([H])([H])C([H])([H])C([H])([H])C1([H])[H]
 - 23
[H]OC1=C([H])C([H])([H])C([H])([H])C([H])([H])C([H])([H])C([H])([H])C([H])([H])N1[H]
 - 24
[H]N1C(=O)C([H])([H])C([H])([H])C([H])([H])C([H])([H])C([H])([H])C([H])([H])C1([H])[H]
 - 23
[H]C1=C([H])C([H])=C(C([H])=C1[H])C(=O)C(C([H])([H])[H])(C([H])([H])[H])C([H])([H])[H]
 - 13
[H]C1=C([H])C([H])=C2C([H])=C(C([H])=C([H])C2=C1[H])C([H])([H])C([H])([H])[H]
 - 16
[H]OC1=C([H])C([H])=C(C([H])=C1[H])C([H])([H])C([H])(N([H])[H])C(=O)OC([H])([H])C([H])([H])[H]
 - 16
COP(=O)(Oc1ccc(cc1)[N+](=O)[O-])OC
 - 'NoneType' object has no attribute 'kekulise'
[H]C1=C([H])C(=C([H])C([H])=C1OP(=O)(OC([H])([H])[H])OC([H])([H])[H])[N+]([O-])=O
 - 'NoneType' object has no attribute 'kekulise'
COP(=O)(OC)Oc1ccc(cc1)[N+]([O-])=O
 - 'NoneType' object has no attribute 'kekulise'
COP(=O)(Oc1ccc(cc1)[N+]([O-])=O)OC
 - 'NoneType' object has no attribute 'kekulise'
COP(=O)(OC)OC1=CC=C(C=C1)[N+]([O-])=O
 - 'NoneType' object has no attribute 'kekulise'
[H]OC(=NC1([H])C([H])([H])C([H])([H])C([H])([H])C([H])([H])C1([H])[H])N([H])S(=O)(=O)C1=C([H])C([H])=C(C([H])=C1[H])C(O[H])=C([H])[H]
 - 23
[H]OC(=NS(=O)(=O)C1=C([H])C([H])=C(C([H])=C1[H])C(O[H])=C([H])[H])N([H])C1([H])C([H])([H])C([H])([H])C([H])([H])C([H])([H])C1([H])[H]
 - 24
[H]OC(=NC1([H])C([H])([H])C([H])([H])C([H])([H])C([H])([H])C1([H])[H])N([H])S(=O)(=O)C1=C([H])C([H])=C(C([H])=C1[H])C(=O)C([H])([H])[H]
 - 23
[H]OC(=C([H])[H])C1=C([H])C([H])=C(C([H])=C1[H])S(=O)(=O)N([H])C(=O)N([H])C1([H])C([H])([H])C([H])([H])C([H])([H])C([H])([H])C1([H])[H]
 - 23
[H]OC(=NS(=O)(=O)C1=C([H])C([H])=C(C([H])=C1[H])C(=O)C([H])([H])[H])N([H])C1([H])C([H])([H])C([H])([H])C([H])([H])C([H])([H])C1([H])[H]
 - 24
[H]N(C(=O)N([H])S(=O)(=O)C1=C([H])C([H])=C(C([H])=C1[H])C(=O)C([H])([H])[H])C1([H])C([H])([H])C([H])([H])C([H])([H])C([H])([H])C1([H])[H]
 - 26
[H]OC(N=C1C([H])([H])C([H])([H])C([H])([H])C([H])([H])C1([H])[H])=NS([H])(=O)(O[H])C1=C([H])C([H])=C(C([H])=C1[H])C(O[H])=C([H])[H]
 - 23
[H]OC(N=C1C([H])([H])C([H])([H])C([H])([H])C([H])([H])C1([H])[H])=NS([H])(=O)(O[H])C1=C([H])C([H])=C(C([H])=C1[H])C(=O)C([H])([H])[H]
 - 23
[H]OC(=NC1=C([H])C([H])([H])C([H])([H])C([H])([H])C1([H])[H])N([H])S([H])(=O)(O[H])C1=C([H])C([H])=C(C([H])=C1[H])C(O[H])=C([H])[H]
 - 23
[H]OC(=NS([H])(=O)(O[H])C1=C([H])C([H])=C(C([H])=C1[H])C(O[H])=C([H])[H])N([H])C1=C([H])C([H])([H])C([H])([H])C([H])([H])C1([H])[H]
 - 26
[H]OC(=NC1=C([H])C([H])([H])C([H])([H])C([H])([H])C1([H])[H])N([H])S([H])(=O)(O[H])C1=C([H])C([H])=C(C([H])=C1[H])C(=O)C([H])([H])[H]
 - 23
[H]OC(=NS([H])(=O)(O[H])C1=C([H])C([H])=C(C([H])=C1[H])C(=O)C([H])([H])[H])N([H])C1=C([H])C([H])([H])C([H])([H])C([H])([H])C1([H])[H]
 - 26
[H]OC(=NC1([H])C([H])([H])C([H])([H])C([H])([H])C([H])([H])C1([H])[H])N=S(=O)(O[H])C1=C([H])C([H])=C(C([H])=C1[H])C(O[H])=C([H])[H]
 - 23
[H]OC(=NC1([H])C([H])([H])C([H])([H])C([H])([H])C([H])([H])C1([H])[H])N=S(=O)(O[H])C1=C([H])C([H])=C(C([H])=C1[H])C(=O)C([H])([H])[H]
 - 23
[H]OC(=C([H])[H])C1=C([H])C([H])=C(C([H])=C1[H])S(=O)(O[H])=NC(=O)N([H])C1([H])C([H])([H])C([H])([H])C([H])([H])C([H])([H])C1([H])[H]
 - 23
[H]OS(=O)(=NC(=O)N([H])C1([H])C([H])([H])C([H])([H])C([H])([H])C([H])([H])C1([H])[H])C1=C([H])C([H])=C(C([H])=C1[H])C(=O)C([H])([H])[H]
 - 27
[H]OC(=C([H])[H])C1=C([H])C([H])=C(C([H])=C1[H])S([H])(O[H])(O[H])=NC(=O)N=C1C([H])([H])C([H])([H])C([H])([H])C([H])([H])C1([H])[H]
 - 23
[H]OC(=NC1=C([H])C([H])([H])C([H])([H])C([H])([H])C1([H])[H])N=S([H])(O[H])(O[H])C1=C([H])C([H])=C(C([H])=C1[H])C(O[H])=C([H])[H]
 - 23
[H]OC(=C([H])[H])C1=C([H])C([H])=C(C([H])=C1[H])S(=O)(O[H])=NC([H])(O[H])N=C1C([H])([H])C([H])([H])C([H])([H])C([H])([H])C1([H])[H]
 - 23
[H]OS([H])(O[H])(=NC(=O)N=C1C([H])([H])C([H])([H])C([H])([H])C([H])([H])C1([H])[H])C1=C([H])C([H])=C(C([H])=C1[H])C(=O)C([H])([H])[H]
 - 27
[H]OC(=NC1=C([H])C([H])([H])C([H])([H])C([H])([H])C1([H])[H])N=S([H])(O[H])(O[H])C1=C([H])C([H])=C(C([H])=C1[H])C(=O)C([H])([H])[H]
 - 23
[H]OC(=C([H])[H])C1=C([H])C([H])=C(C([H])=C1[H])S([H])(O[H])(O[H])=NC(=O)N([H])C1=C([H])C([H])([H])C([H])([H])C([H])([H])C1([H])[H]
 - 23
[H]OC([H])(N=C1C([H])([H])C([H])([H])C([H])([H])C([H])([H])C1([H])[H])N=S(=O)(O[H])C1=C([H])C([H])=C(C([H])=C1[H])C(=O)C([H])([H])[H]
 - 23
[H]OC(=C([H])[H])C1=C([H])C([H])=C(C([H])=C1[H])S(=O)(O[H])=NC([H])(O[H])N([H])C1=C([H])C([H])([H])C([H])([H])C([H])([H])C1([H])[H]
 - 23
[H]OS([H])(O[H])(=NC(=O)N([H])C1=C([H])C([H])([H])C([H])([H])C([H])([H])C1([H])[H])C1=C([H])C([H])=C(C([H])=C1[H])C(=O)C([H])([H])[H]
 - 27
[H]OC([H])(N=S(=O)(O[H])C1=C([H])C([H])=C(C([H])=C1[H])C(=O)C([H])([H])[H])N([H])C1=C([H])C([H])([H])C([H])([H])C([H])([H])C1([H])[H]
 - 26
[H]C1=C([H])C([H])=C2C(=C1[H])N(C1=C([H])C(Cl)=C([H])C([H])=C1S2=O)C([H])([H])C([H])([H])C([H])([H])N(C([H])([H])[H])C([H])([H])[H]
 - 24
[H]C1=NC([H])=C([H])C(=C1[H])N(C([H])([H])[H])C([H])([H])[H]
 - 11
[H]OC(=C([H])[H])C1=NC([H])=C([H])C([H])=C1[H]
 - 15
[H]C1=C([H])C([H])=C([H])C(=N1)C(=O)C([H])([H])[H]
 - 10
[H]C1=NC([H])=C([H])C(=C1[H])C([H])([H])C([H])([H])C([H])([H])[H]
 - 11
[O-][N+](=O)c1cc[n+]([O-])cc1
 - 'NoneType' object has no attribute 'kekulise'
[O-][N+](=O)C1=CC=[N+]([O-])C=C1
 - 'NoneType' object has no attribute 'kekulise'
O=N(=O)c(ccn(=O)c1)c1
 - 'NoneType' object has no attribute 'kekulise'
O=N(=O)c1ccn(=O)cc1
 - 'NoneType' object has no attribute 'kekulise'
[O-][n+]1ccc(cc1)[N+]([O-])=O
 - 'NoneType' object has no attribute 'kekulise'
[H]N([H])S(=O)(=O)C1=C([H])C([H])=C(C([H])=C1[H])C([H])([H])C([H])([H])C([H])([H])[H]
 - 15
[H]OS(=O)(=N[H])C1=C([H])C([H])=C(C([H])=C1[H])C([H])([H])C([H])([H])C([H])([H])[H]
 - 15
COC(=O)c1ccc[nH]1
 - This structure cannot be kekulised!
[H]N1C([H])=C([H])C([H])=C1C(=O)OC([H])([H])[H]
 - 10
[H]OC1=C2C([H])([H])C(=C(C([H])([H])[H])C1([H])[H])C2(C([H])([H])[H])C([H])([H])[H]
 - 14
[H]OC1=C2C([H])([H])C([H])(C(=C([H])[H])C1([H])[H])C2(C([H])([H])[H])C([H])([H])[H]
 - 14
[H]C([H])([H])C1=C2C([H])([H])C([H])(C(=O)C1([H])[H])C2(C([H])([H])[H])C([H])([H])[H]
 - 14
[H]OC1=C([H])C(=C2C([H])([H])C1([H])C2(C([H])([H])[H])C([H])([H])[H])C([H])([H])[H]
 - 22
[H]OC1=C2C([H])([H])C([H])(C(=C1[H])C([H])([H])[H])C2(C([H])([H])[H])C([H])([H])[H]
 - 17
[H]C([H])=C1C([H])([H])C(=O)C2([H])C([H])([H])C1([H])C2(C([H])([H])[H])C([H])([H])[H]
 - 15
[H]OC1=C([H])C(=C([H])[H])C2([H])C([H])([H])C1([H])C2(C([H])([H])[H])C([H])([H])[H]
 - 15
[H]C1=C(C([H])([H])[H])C2([H])C([H])([H])C([H])(C1=O)C2(C([H])([H])[H])C([H])([H])[H]
 - 15
[H]N(C1=C([H])C([H])=C([H])C([H])=C1[H])S(=O)(=O)C([H])([H])[H]
 - 14
[H]OS(=O)(=NC1=C([H])C([H])=C([H])C([H])=C1[H])C([H])([H])[H]
 - 17
[H]OS(=O)(=C([H])[H])N([H])C1=C([H])C([H])=C([H])C([H])=C1[H]
 - 19
[H]OS(O[H])(=NC1=C([H])C([H])=C([H])C([H])=C1[H])=C([H])[H]
 - 18
[H]OC(=O)C(=C(\\[H])C1=C([H])C([H])=C([H])C([H])=C1[H])\\C([H])([H])[H]
 - 2 bonds in a row
[H]OC([H])(C1=C([H])C([H])=C([H])C([H])=C1[H])C([H])(N(C([H])([H])[H])C([H])([H])[H])C([H])([H])[H]
 - 16
[H]C1=C([H])C([H])=C(OP(=O)(OC2=C([H])C([H])=C([H])C([H])=C2[H])OC([H])([H])C([H])(C([H])([H])C([H])([H])[H])C([H])([H])C([H])([H])C([H])([H])C([H])([H])[H])C([H])=C1[H]
 - 51
[H]OC(=NN1C([H])([H])C([H])([H])C([H])([H])C([H])([H])C1([H])[H])N([H])S(=O)(=O)C1=C([H])C([H])=C(C([H])=C1[H])C([H])([H])[H]
 - 21
[H]OC(=NS(=O)(=O)C1=C([H])C([H])=C(C([H])=C1[H])C([H])([H])[H])N([H])N1C([H])([H])C([H])([H])C([H])([H])C([H])([H])C1([H])[H]
 - 22
[H]OC(=NN1C([H])([H])C([H])([H])C([H])([H])C([H])([H])C1([H])[H])N=S(=O)(O[H])C1=C([H])C([H])=C(C([H])=C1[H])C([H])([H])[H]
 - 21
[H]N(N1C([H])([H])C([H])([H])C([H])([H])C([H])([H])C1([H])[H])C(=O)N([H])S(=O)(=O)C1=C([H])C([H])=C(C([H])=C1[H])C([H])([H])[H]
 - 21
[H]OS(=O)(=NC(=O)N([H])N1C([H])([H])C([H])([H])C([H])([H])C([H])([H])C1([H])[H])C1=C([H])C([H])=C(C([H])=C1[H])C([H])([H])[H]
 - 26
[H]N=C1N([H])C(=N[H])N(C2=C([H])C([H])=C(F)C([H])=C2[H])C(N1[H])(C([H])([H])[H])C([H])([H])[H]
 - 22
[H]N=C1N=C(N([H])[H])N([H])C(N1C1=C([H])C([H])=C(F)C([H])=C1[H])(C([H])([H])[H])C([H])([H])[H]
 - 24
[H]N=C1N=C(N([H])[H])N(C2=C([H])C([H])=C(F)C([H])=C2[H])C(N1[H])(C([H])([H])[H])C([H])([H])[H]
 - 22
[H]N=C1N([H])C(=NC(N1C1=C([H])C([H])=C(F)C([H])=C1[H])(C([H])([H])[H])C([H])([H])[H])N([H])[H]
 - 29
[H]N([H])C1=NC(N(C(=N1)N([H])[H])C1=C([H])C([H])=C(F)C([H])=C1[H])(C([H])([H])[H])C([H])([H])[H]
 - 24
[H]N([H])C(=O)C1=C([H])C(=C([H])C([H])=C1[H])S(=O)(=O)N([H])[H]
 - 14
[H]OC(=N[H])C1=C([H])C(=C([H])C([H])=C1[H])S(=O)(=O)N([H])[H]
 - 14
[H]OS(=O)(=N[H])C1=C([H])C([H])=C([H])C(=C1[H])C(=O)N([H])[H]
 - 15
[H]OC(=N[H])C1=C([H])C(=C([H])C([H])=C1[H])S(=O)(O[H])=N[H]
 - 14
[H]N([H])C1=NC([H])=C(C([H])=C1[H])C([H])([H])[H]
 - 11
[H]N=C1N([H])C([H])=C(C([H])=C1[H])C([H])([H])[H]
 - 11
[H]C1=C([H])C([H])=C(C(OC(=O)C([H])([H])[H])=C1[H])C([H])(C([H])([H])[H])C([H])([H])[H]
 - 16
[H]C([H])([H])OC(C([H])([H])[H])(C([H])([H])[H])C([H])([H])[H]
 - 7
Cn1ccnc1[N+]([O-])=O
 - 'NoneType' object has no attribute 'kekulise'
[H]C1=C([H])N(C(=N1)[N+]([O-])=O)C([H])([H])[H]
 - 'NoneType' object has no attribute 'kekulise'
C[n]1cc[n]c1[N+]([O-])=O
 - 'NoneType' object has no attribute 'kekulise'
Cn1ccnc1[N+](=O)[O-]
 - 'NoneType' object has no attribute 'kekulise'
CN1C=CN=C1[N+]([O-])=O
 - 'NoneType' object has no attribute 'kekulise'
[H]OC1([H])C([H])([H])C([H])([H])C2(C([H])([H])[H])C([H])(C([H])([H])C([H])([H])C3([H])C2([H])C([H])([H])C([H])(O[H])C2(C([H])([H])[H])C([H])(C4=C([H])C(=O)OC4([H])[H])C([H])([H])C([H])([H])C32O[H])C1([H])[H]
 - 60
[H]C([H])([H])C([H])([H])C1([H])C([H])([H])C([H])([H])C([H])([H])C([H])([H])C1([H])[H]
 - 9
[H]C1=C([H])C([H])=C2C(=C1[H])C(=O)OC2(C([H])([H])[H])C([H])([H])[H]
 - 14
[H]C1=C([H])C([H])=C(C([H])=C1[H])N1N=C([H])C(Cl)=C(Cl)C1=O
 - 20
O=c1c(Cl)c(Cl)cnn1c1ccccc1
 - 'NoneType' object has no attribute 'get_contributed_electrons'
[H]C([H])([H])OC(=O)C([H])([H])C([H])([H])C([H])([H])C([H])([H])C([H])([H])C(=O)OC([H])([H])[H]
 - 14
[H]N([H])C1=C([H])C(SC([H])([H])[H])=C([H])C([H])=C1[H]
 - 17
[H]OS1([H])(O[H])=NC(=NC2=C1C([H])=C(C(Cl)=C2[H])S(=O)(=O)N([H])[H])C([H])([H])Cl
 - list index out of range
NS(=O)(=O)C1=C(Cl)C=C2N=C(CCl)N=S(O)(O)C2=C1
 - list index out of range
[H]OS1([H])(O[H])=C2C([H])=C(C(Cl)=C([H])C2=NC(=N1)C([H])([H])Cl)S(=O)(=O)N([H])[H]
 - list index out of range
NS(=O)(=O)C1=CC2=S(O)(O)N=C(CCl)N=C2C=C1Cl
 - list index out of range
[H]OS(=O)(=N[H])C1=C([H])C2=C(N=C(N=S2([H])(O[H])O[H])C([H])([H])Cl)C([H])=C1Cl
 - list index out of range
[H]OS(=O)(=N[H])C1=C([H])C2=S([H])(O[H])(O[H])N=C(N=C2C([H])=C1Cl)C([H])([H])Cl
 - list index out of range
OS1(O)=C2C=C(C(Cl)=CC2=NC(CCl)=N1)S(O)(=N)=O
 - list index out of range
[H]N([H])S(=O)(=O)C1=C([H])C2=C(N([H])C([H])(N([H])S2(=O)=O)C([H])([H])Cl)C([H])=C1Cl
 - 27
[H]OS(=O)(=N[H])C1=C([H])C2=C(N([H])C([H])(N([H])S2(=O)=O)C([H])([H])Cl)C([H])=C1Cl
 - 27
[H]OS1(=O)=NC([H])(N([H])C2=C1C([H])=C(C(Cl)=C2[H])S(=O)(=O)N([H])[H])C([H])([H])Cl
 - 25
[H]OS1([H])(=O)N([H])C(N([H])C2=C1C([H])=C(C(Cl)=C2[H])S(=O)(=O)N([H])[H])=C([H])Cl
 - 26
[H]OS1([H])(=O)N=C(N([H])C2=C1C([H])=C(C(Cl)=C2[H])S(=O)(=O)N([H])[H])C([H])([H])Cl
 - list index out of range
NS(=O)(=O)C1=C(Cl)C=C2NC(CCl)=NS(O)(=O)C2=C1
 - list index out of range
NS(=O)(=O)C1=CC2=C(NC(CCl)=NS2(O)=O)C=C1Cl
 - list index out of range
[H]OS(=O)(=N[H])C1=C([H])C2=C(N([H])C([H])(N=S2(=O)O[H])C([H])([H])Cl)C([H])=C1Cl
 - 27
[H]OS1([H])(=O)N([H])C(=NC2=C1C([H])=C(C(Cl)=C2[H])S(=O)(=O)N([H])[H])C([H])([H])Cl
 - list index out of range
NS(=O)(=O)C1=C(Cl)C=C2N=C(CCl)NS(O)(=O)C2=C1
 - list index out of range
[H]OS(=O)(=N[H])C1=C([H])C2=C(N([H])C(N([H])S2([H])(=O)O[H])=C([H])Cl)C([H])=C1Cl
 - 27
[H]OS(=O)(=N[H])C1=C([H])C2=C(N([H])C(=NS2([H])(=O)O[H])C([H])([H])Cl)C([H])=C1Cl
 - list index out of range
OS1(=O)N=C(CCl)NC2=CC(Cl)=C(C=C12)S(O)(=N)=O
 - list index out of range
[H]OS1([H])(O[H])=NC(N([H])C2=C1C([H])=C(C(Cl)=C2[H])S(=O)(=O)N([H])[H])=C([H])Cl
 - 26
[H]OS(=O)(=N[H])C1=C([H])C2=C(N=C(N([H])S2([H])(=O)O[H])C([H])([H])Cl)C([H])=C1Cl
 - list index out of range
OS1(=O)NC(CCl)=NC2=CC(Cl)=C(C=C12)S(O)(=N)=O
 - list index out of range
[H]OS(=O)(=N[H])C1=C([H])C2=C(N([H])C(N=S2([H])(O[H])O[H])=C([H])Cl)C([H])=C1Cl
 - 27
[H]OS1(=O)=C2C([H])=C(C(Cl)=C([H])C2=NC([H])(N1[H])C([H])([H])Cl)S(=O)(=O)N([H])[H]
 - 23
[H]OS(=O)(=N[H])C1=C([H])C2=S(=O)(O[H])N([H])C([H])(N=C2C([H])=C1Cl)C([H])([H])Cl
 - 23
[H]OS1([H])(O[H])=C2C([H])=C(C(Cl)=C([H])C2=NC(N1[H])=C([H])Cl)S(=O)(=O)N([H])[H]
 - 23
[H]OS=1(O[H])=C2C([H])=C(C(Cl)=C([H])C2=NC([H])(N=1)C([H])([H])Cl)S(=O)(=O)N([H])[H]
 - 23
[H]OS(=O)(=N[H])C1=C([H])C2=S([H])(O[H])(O[H])N([H])C(N=C2C([H])=C1Cl)=C([H])Cl
 - 24
[H]OS(=O)(=N[H])C1=C([H])C2=S(O[H])(O[H])=NC([H])(N=C2C([H])=C1Cl)C([H])([H])Cl
 - 23
[H]OS1([H])(O[H])=NC(=NC2=C([H])C(Cl)=C(C([H])=C12)S(=O)(=O)N([H])[H])C([H])([H])C1=C([H])C([H])=C([H])C([H])=C1[H]
 - list index out of range
NS(=O)(=O)C1=CC2=C(C=C1Cl)N=C(CC1=CC=CC=C1)N=S2(O)O
 - list index out of range
[H]OS1([H])(O[H])=C2C([H])=C(C(Cl)=C([H])C2=NC(=N1)C([H])([H])C1=C([H])C([H])=C([H])C([H])=C1[H])S(=O)(=O)N([H])[H]
 - list index out of range
NS(=O)(=O)C1=CC2=S(O)(O)N=C(CC3=CC=CC=C3)N=C2C=C1Cl
 - list index out of range
[H]OS(=O)(=N[H])C1=C(Cl)C([H])=C2N=C(N=S([H])(O[H])(O[H])C2=C1[H])C([H])([H])C1=C([H])C([H])=C([H])C([H])=C1[H]
 - list index out of range
[H]OS(=O)(=N[H])C1=C([H])C2=S([H])(O[H])(O[H])N=C(N=C2C([H])=C1Cl)C([H])([H])C1=C([H])C([H])=C([H])C([H])=C1[H]
 - list index out of range
OS1(O)=C2C=C(C(Cl)=CC2=NC(CC2=CC=CC=C2)=N1)S(O)(=N)=O
 - list index out of range
[H]N([H])S(=O)(=O)C1=C(Cl)C([H])=C2N([H])C([H])(N([H])S(=O)(=O)C2=C1[H])C([H])([H])C1=C([H])C([H])=C([H])C([H])=C1[H]
 - 25
[H]OS(=O)(=N[H])C1=C(Cl)C([H])=C2N([H])C([H])(N([H])S(=O)(=O)C2=C1[H])C([H])([H])C1=C([H])C([H])=C([H])C([H])=C1[H]
 - 25
[H]OS1(=O)=NC([H])(N([H])C2=C([H])C(Cl)=C(C([H])=C12)S(=O)(=O)N([H])[H])C([H])([H])C1=C([H])C([H])=C([H])C([H])=C1[H]
 - 25
[H]OS1([H])(=O)N([H])C(N([H])C2=C([H])C(Cl)=C(C([H])=C12)S(=O)(=O)N([H])[H])=C([H])C1=C([H])C([H])=C([H])C([H])=C1[H]
 - 26
[H]OS1([H])(=O)N=C(N([H])C2=C([H])C(Cl)=C(C([H])=C12)S(=O)(=O)N([H])[H])C([H])([H])C1=C([H])C([H])=C([H])C([H])=C1[H]
 - list index out of range
NS(=O)(=O)C1=CC2=C(NC(CC3=CC=CC=C3)=NS2(O)=O)C=C1Cl
 - list index out of range
[H]OS(=O)(=N[H])C1=C(Cl)C([H])=C2N([H])C([H])(N=S(=O)(O[H])C2=C1[H])C([H])([H])C1=C([H])C([H])=C([H])C([H])=C1[H]
 - 25
[H]OS(=O)(=N[H])C1=C(Cl)C([H])=C2N([H])C(N([H])S([H])(=O)(O[H])C2=C1[H])=C([H])C1=C([H])C([H])=C([H])C([H])=C1[H]
 - 26
[H]OS1([H])(=O)N([H])C(=NC2=C([H])C(Cl)=C(C([H])=C12)S(=O)(=O)N([H])[H])C([H])([H])C1=C([H])C([H])=C([H])C([H])=C1[H]
 - list index out of range
NS(=O)(=O)C1=CC2=C(C=C1Cl)N=C(CC1=CC=CC=C1)NS2(O)=O
 - list index out of range
[H]OS(=O)(=N[H])C1=C(Cl)C([H])=C2N([H])C(=NS([H])(=O)(O[H])C2=C1[H])C([H])([H])C1=C([H])C([H])=C([H])C([H])=C1[H]
 - list index out of range
OS1(=O)N=C(CC2=CC=CC=C2)NC2=C1C=C(C(Cl)=C2)S(O)(=N)=O
 - list index out of range
[H]OS1([H])(O[H])=NC(N([H])C2=C([H])C(Cl)=C(C([H])=C12)S(=O)(=O)N([H])[H])=C([H])C1=C([H])C([H])=C([H])C([H])=C1[H]
 - 26
[H]OS(=O)(=N[H])C1=C(Cl)C([H])=C2N=C(N([H])S([H])(=O)(O[H])C2=C1[H])C([H])([H])C1=C([H])C([H])=C([H])C([H])=C1[H]
 - list index out of range
OS1(=O)NC(CC2=CC=CC=C2)=NC2=C1C=C(C(Cl)=C2)S(O)(=N)=O
 - list index out of range
[H]OS(=O)(=N[H])C1=C(Cl)C([H])=C2N([H])C(N=S([H])(O[H])(O[H])C2=C1[H])=C([H])C1=C([H])C([H])=C([H])C([H])=C1[H]
 - 26
[H]OS1(=O)=C2C([H])=C(C(Cl)=C([H])C2=NC([H])(N1[H])C([H])([H])C1=C([H])C([H])=C([H])C([H])=C1[H])S(=O)(=O)N([H])[H]
 - 33
[H]OS1([H])(O[H])=C2C([H])=C(C(Cl)=C([H])C2=NC(N1[H])=C([H])C1=C([H])C([H])=C([H])C([H])=C1[H])S(=O)(=O)N([H])[H]
 - 33
[H]OS(=O)(=N[H])C1=C([H])C2=S(=O)(O[H])N([H])C([H])(N=C2C([H])=C1Cl)C([H])([H])C1=C([H])C([H])=C([H])C([H])=C1[H]
 - 25
[H]OS=1(O[H])=C2C([H])=C(C(Cl)=C([H])C2=NC([H])(N=1)C([H])([H])C1=C([H])C([H])=C([H])C([H])=C1[H])S(=O)(=O)N([H])[H]
 - 33
[H]OS(=O)(=N[H])C1=C([H])C2=S([H])(O[H])(O[H])N([H])C(N=C2C([H])=C1Cl)=C([H])C1=C([H])C([H])=C([H])C([H])=C1[H]
 - 26
[H]OS(=O)(=N[H])C1=C([H])C2=S(O[H])(O[H])=NC([H])(N=C2C([H])=C1Cl)C([H])([H])C1=C([H])C([H])=C([H])C([H])=C1[H]
 - 25
[H]ON1C(=O)C(=NC([H])=C1C([H])(C([H])([H])[H])C([H])([H])C([H])([H])[H])C([H])([H])C([H])(C([H])([H])[H])C([H])([H])[H]
 - 24
[H]OC(O[H])=C([H])OC1=C([H])C([H])=C([H])C(=C1[H])C([H])(C([H])([H])[H])C([H])([H])[H]
 - 17
[H]OC(=O)C([H])([H])OC1=C([H])C([H])=C([H])C(=C1[H])C([H])(C([H])([H])[H])C([H])([H])[H]
 - 17
[H]OC(O[H])=C([H])OC1=C([H])C([H])=C2C(=C1[H])C([H])([H])C([H])([H])C([H])([H])C2([H])[H]
 - 16
[H]OC(=O)C([H])([H])OC1=C([H])C([H])=C2C(=C1[H])C([H])([H])C([H])([H])C([H])([H])C2([H])[H]
 - 16
[H]OC(O[H])=C([H])OC1=C([H])C([H])=C([H])C(=C1[H])C(=O)O[H]
 - 17
[H]OC(=O)C1=C([H])C(OC([H])([H])C(=O)O[H])=C([H])C([H])=C1[H]
 - 21
[H]OC(O[H])=C([H])OC1=C([H])C([H])=C(C([H])=C1[H])C(O[H])=C([H])[H]
 - 17
[H]OC(=O)C([H])([H])OC1=C([H])C([H])=C(C([H])=C1[H])C(O[H])=C([H])[H]
 - 17
[H]OC(O[H])=C([H])OC1=C([H])C([H])=C(C([H])=C1[H])C(=O)C([H])([H])[H]
 - 17
[H]OC(=O)C([H])([H])OC1=C([H])C([H])=C(C([H])=C1[H])C(=O)C([H])([H])[H]
 - 17
[H]OC(O[H])=C([H])OC1=C([H])C([H])=C([H])C(I)=C1[H]
 - 18
[H]OC(=O)C([H])([H])OC1=C([H])C([H])=C([H])C(I)=C1[H]
 - 18
[H]\\C(C#N)=C(\\[H])C1=C([H])C([H])=C([H])C([H])=C1[H]
 - 2 bonds in a row
[H]C1=C([H])C(Cl)=NC(=C1[H])C(Cl)(Cl)Cl
 - 12
[H]OC(=NC(=O)C1=C(O[H])C([H])=C([H])C([H])=C1[H])C1=C(O[H])C([H])=C([H])C([H])=C1[H]
 - 20
[H]OC1=C(C([H])=C([H])C([H])=C1[H])C(=O)N([H])C(=O)C1=C(O[H])C([H])=C([H])C([H])=C1[H]
 - 20
Cc1c(cccc1[N+](=O)[O-])C(=O)O
 - 'NoneType' object has no attribute 'kekulise'
[H]OC(=O)C1=C([H])C([H])=C([H])C(=C1C([H])([H])[H])[N+]([O-])=O
 - 'NoneType' object has no attribute 'kekulise'
CC1=C(C=CC=C1[N+]([O-])=O)C(O)=O
 - 'NoneType' object has no attribute 'kekulise'
Cc1c(cccc1[N+]([O-])=O)C(O)=O
 - 'NoneType' object has no attribute 'kekulise'
[H]OC(O[H])=C1C([H])=C([H])C([H])=C(C1=C([H])[H])[N+]([O-])=O
 - 'NoneType' object has no attribute 'kekulise'
OC(O)=C1C=CC=C(C1=C)[N+]([O-])=O
 - 'NoneType' object has no attribute 'kekulise'
[H]N1C([H])([H])C([H])=C(C2=C([H])C([H])=C(F)C([H])=C2[H])C([H])([H])C1([H])[H]
 - 23
[H]C1=C([H])C(=C([H])C([H])=C1Cl)C([H])(C#N)C([H])(C([H])([H])[H])C([H])([H])[H]
 - 14
[H]N=C=C(C1=C([H])C([H])=C(Cl)C([H])=C1[H])C([H])(C([H])([H])[H])C([H])([H])[H]
 - 16
[H]C1=C([H])C(F)=C(C([H])=C1[H])C1=NC([H])([H])C(=O)N(C2=C([H])C([H])=C(F)C([H])=C12)C([H])([H])[H]
 - 29
[H]OC(=C([H])[H])N([H])C1=C([H])C(=C([H])C(=C1[H])C([H])([H])[H])C([H])([H])[H]
 - 16
[H]N(C(=O)C([H])([H])[H])C1=C([H])C(=C([H])C(=C1[H])C([H])([H])[H])C([H])([H])[H]
 - 16
[H]OC(=NC1=C([H])C(=C([H])C(=C1[H])C([H])([H])[H])C([H])([H])[H])C([H])([H])[H]
 - 22
Clc1ccccc1c1ccccc1
 - 'NoneType' object has no attribute 'get_contributed_electrons'
[H]C1=C([H])C([H])=C(C([H])=C1[H])C1=C([H])C([H])=C([H])C([H])=C1Cl
 - 21
Brc1ccccc1c1ccccc1
 - 'NoneType' object has no attribute 'get_contributed_electrons'
[H]C1=C([H])C([H])=C(C([H])=C1[H])C1=C([H])C([H])=C([H])C([H])=C1Br
 - 21
[H]C1=C([H])C([H])=C(C([H])=N1)C([H])([H])N(C([H])([H])[H])C([H])([H])[H]
 - 11
[H]OC(=C([H])C([H])([H])C([H])([H])N1C([H])([H])C([H])([H])C([H])(N2C(O[H])=NC3=C([H])C([H])=C([H])C([H])=C23)C([H])([H])C1([H])[H])C1=C([H])C([H])=C(F)C([H])=C1[H]
 - 42
[H]OC1=NC2=C([H])C([H])=C([H])C([H])=C2N1C1([H])C([H])([H])C([H])([H])N(C([H])([H])C([H])([H])C([H])([H])C(=O)C2=C([H])C([H])=C(F)C([H])=C2[H])C([H])([H])C1([H])[H]
 - 50
[H]OC(=C([H])C([H])([H])C([H])([H])N1C([H])([H])C([H])([H])C([H])(N2C(=O)N([H])C3=C([H])C([H])=C([H])C([H])=C23)C([H])([H])C1([H])[H])C1=C([H])C([H])=C(F)C([H])=C1[H]
 - 42
[H]N1C(=O)N(C2=C([H])C([H])=C([H])C([H])=C12)C1([H])C([H])([H])C([H])([H])N(C([H])([H])C([H])([H])C([H])([H])C(=O)C2=C([H])C([H])=C(F)C([H])=C2[H])C([H])([H])C1([H])[H]
 - 50
O=c1[nH]c2ccccc2n1C1CCN(CCCC(=O)c2ccc(F)cc2)CC1
 - 'NoneType' object has no attribute 'kekulise'
[H]N([H])C(=O)OC([H])([H])C([H])([H])C([H])([H])C([H])([H])C([H])([H])C([H])([H])[H]
 - 11
[H]OC(=N[H])OC([H])([H])C([H])([H])C([H])([H])C([H])([H])C([H])([H])C([H])([H])[H]
 - 11
[H]C1=C([H])C(N=C=S)=C([H])C(Br)=C1[H]
 - 13
[H]OC(=O)C1=C([H])C([H])=C(N=C=S)C([H])=C1[H]
 - 16
[H]C1=C([H])C(=C([H])C([H])=C1N=C=S)N(C([H])([H])[H])C([H])([H])[H]
 - 14
[H]N1C(=O)C([H])=NN(C1=O)C1([H])OC([H])(C([H])([H])OC(=O)C([H])([H])[H])C([H])(OC(=O)C([H])([H])[H])C1([H])OC(=O)C([H])([H])[H]
 - 35
CC(=O)O[C@@H]1[C@H](OC(=O)C)[C@@H](COC(=O)C)O[C@H]1n1ncc(=O)[nH]c1=O
 - 'NoneType' object has no attribute 'kekulise'
[H]OC1=NC(=O)C([H])=NN1C1([H])OC([H])(C([H])([H])OC(=O)C([H])([H])[H])C([H])(OC(=O)C([H])([H])[H])C1([H])OC(=O)C([H])([H])[H]
 - 35
[H]OC1=NC(=O)N(N=C1[H])C1([H])OC([H])(C([H])([H])OC(=O)C([H])([H])[H])C([H])(OC(=O)C([H])([H])[H])C1([H])OC(=O)C([H])([H])[H]
 - 35
[H]OC(=C([H])[H])N([H])C1=C([H])C([H])=C(C(=C1[H])C([H])([H])[H])C([H])([H])[H]
 - 16
[H]N(C(=O)C([H])([H])[H])C1=C([H])C([H])=C(C(=C1[H])C([H])([H])[H])C([H])([H])[H]
 - 16
[H]OC(=NC1=C([H])C([H])=C(C(=C1[H])C([H])([H])[H])C([H])([H])[H])C([H])([H])[H]
 - 22
[H]N(C([H])([H])C([H])([H])C([H])([H])C([H])([H])[H])P(=O)(OC1=C([H])C(Cl)=C(Cl)C([H])=C1Cl)OC([H])([H])[H]
 - 30
[H]OP([H])(OC1=C([H])C(Cl)=C(Cl)C([H])=C1Cl)(OC([H])([H])[H])N=C([H])C([H])([H])C([H])([H])C([H])([H])[H]
 - 22
[H]OP([H])(OC1=C([H])C(Cl)=C(Cl)C([H])=C1Cl)(OC([H])([H])[H])N([H])C([H])=C([H])C([H])([H])C([H])([H])[H]
 - 22
[H]OP(OC1=C([H])C(Cl)=C(Cl)C([H])=C1Cl)(OC([H])([H])[H])=NC([H])([H])C([H])([H])C([H])([H])C([H])([H])[H]
 - 21
[H]OP([H])(OC1=C([H])C(Cl)=C(Cl)C([H])=C1Cl)(OC([H])([H])[H])N([H])C([H])=C(C([H])([H])[H])C([H])([H])[H]
 - 22
[H]N(C([H])([H])C([H])(C([H])([H])[H])C([H])([H])[H])P(=O)(OC1=C([H])C(Cl)=C(Cl)C([H])=C1Cl)OC([H])([H])[H]
 - 30
[H]OP([H])(OC1=C([H])C(Cl)=C(Cl)C([H])=C1Cl)(OC([H])([H])[H])N=C([H])C([H])(C([H])([H])[H])C([H])([H])[H]
 - 22
[H]OP(OC1=C([H])C(Cl)=C(Cl)C([H])=C1Cl)(OC([H])([H])[H])=NC([H])([H])C([H])(C([H])([H])[H])C([H])([H])[H]
 - 21
[H]N(C(C([H])([H])[H])(C([H])([H])[H])C([H])([H])[H])P(=O)(OC1=C([H])C(Cl)=C(Cl)C([H])=C1Cl)OC([H])([H])[H]
 - 30
[H]OP(OC1=C([H])C(Cl)=C(Cl)C([H])=C1Cl)(OC([H])([H])[H])=NC(C([H])([H])[H])(C([H])([H])[H])C([H])([H])[H]
 - 21
[H]C1=C([H])C([H])=C2C(OC([H])([H])[H])=C([H])C([H])=C([H])C2=C1[H]
 - 21
[H]OC1=NC([H])=C(O[H])N1C1=C([H])C([H])=C([H])C([H])=C1[H]
 - 20
[H]OC1=C([H])N([H])C(=O)N1C1=C([H])C([H])=C([H])C([H])=C1[H]
 - 20
[H]N1C(=O)N(C(=O)C1([H])[H])C1=C([H])C([H])=C([H])C([H])=C1[H]
 - 20
[H]OC1=NC([H])([H])C(=O)N1C1=C([H])C([H])=C([H])C([H])=C1[H]
 - 20
[H]OS1(=O)=NC(=NC2=C1C([H])=C([H])C(Cl)=C2[H])C(F)(F)F
 - 18
[H]N1C(=NS(=O)(=O)C2=C1C([H])=C(Cl)C([H])=C2[H])C(F)(F)F
 - 18
[H]N1C(=NC2=C(C([H])=C([H])C(Cl)=C2[H])S1(=O)=O)C(F)(F)F
 - 18
COP(=O)(OC)Oc1ccc(c(C)c1)[N+]([O-])=O
 - 'NoneType' object has no attribute 'kekulise'
COP(=O)(OC)OC1=CC=C(C(C)=C1)[N+]([O-])=O
 - 'NoneType' object has no attribute 'kekulise'
[H]C1=C(OP(=O)(OC([H])([H])[H])OC([H])([H])[H])C([H])=C(C(=C1[H])[N+]([O-])=O)C([H])([H])[H]
 - 'NoneType' object has no attribute 'kekulise'
Cc1cc(ccc1[N+]([O-])=O)OP(=O)(OC)OC
 - 'NoneType' object has no attribute 'kekulise'
Cc1cc(ccc1[N+](=O)[O-])OP(=O)(OC)OC
 - 'NoneType' object has no attribute 'kekulise'
[H]OC1=NC2=C([H])C([H])=C(C([H])=C2C(=NC1([H])[H])C1=C([H])C([H])=C([H])C([H])=C1[H])C(F)(F)F
 - 30
[H]N1C2=C([H])C([H])=C(C([H])=C2C(=NC([H])([H])C1=O)C1=C([H])C([H])=C([H])C([H])=C1[H])C(F)(F)F
 - 30
[H]N1C(C2=C([H])C([H])=C([H])C([H])=C2[H])=C2C([H])=C(C([H])=C([H])C2=NC(=O)C1([H])[H])C(F)(F)F
 - 27
[H]OC(N([H])C1=C([H])C([H])=C(C(Cl)=C1[H])C([H])([H])[H])=C(C([H])([H])[H])C([H])([H])C([H])([H])C([H])([H])[H]
 - 20
[H]N(C(=O)C([H])(C([H])([H])[H])C([H])([H])C([H])([H])C([H])([H])[H])C1=C([H])C([H])=C(C(Cl)=C1[H])C([H])([H])[H]
 - 21
[H]OC(=NC1=C([H])C([H])=C(C(Cl)=C1[H])C([H])([H])[H])C([H])(C([H])([H])[H])C([H])([H])C([H])([H])C([H])([H])[H]
 - 19
FC(F)(F)c1[nH]c2c(n1)c(Br)c(Br)c(Br)c2Br
 - This structure cannot be kekulised!
[H]N1C(=NC2=C1C(Br)=C(Br)C(Br)=C2Br)C(F)(F)F
 - 18
FC(F)(F)c1[nH]c2c([n]1)c(Br)c(Br)c(Br)c2Br
 - This structure cannot be kekulised!
FC(F)(F)c1nc2c(Br)c(Br)c(Br)c(Br)c2[nH]1
 - This structure cannot be kekulised!
[H]OC1=C([H])C(=N[H])C(=O)C2=C([H])C([H])=C([H])C([H])=C12
 - 20
[H]N=C1C(=O)C2=C([H])C([H])=C([H])C([H])=C2C(=O)C1([H])[H]
 - 18
[H]N([H])C1=C([H])C(=O)C2=C([H])C([H])=C([H])C([H])=C2C1=O
 - 19
[H]C1=C(Cl)C(Cl)=NC(Cl)=C1Cl
 - 11
[H]C1=C2N=C3SC(=O)SC3=NC2=C([H])C(=C1[H])C([H])([H])[H]
 - 16
[H]OC1=C([H])C([H])=C(C([H])=C1N1N=C2C([H])=C([H])C([H])=C([H])C2=N1)C([H])([H])[H]
 - 25
Cc1cc(c(O)cc1)n1nc2ccccc2n1
 - 'NoneType' object has no attribute 'get_contributed_electrons'
[H]C1=NC([H])=C(Cl)C([H])=C1Cl
 - 10
[H]C([H])=C(C(=O)OC([H])([H])C1=C([H])C([H])=C([H])C([H])=C1[H])C([H])([H])[H]
 - 22
[H]OC(=C([H])[H])C([H])([H])C([H])([H])C#C[H]
 - 8
[H]OC(=C([H])C([H])([H])C#C[H])C([H])([H])[H]
 - 12
[H]C#CC([H])([H])C([H])([H])C(=O)C([H])([H])[H]
 - 8
[H]OS(=C([H])C([H])([H])[H])C([H])([H])SP(=S)(OC([H])([H])C([H])([H])[H])OC([H])([H])C([H])([H])[H]
 - 15
[H]OS([H])(C([H])=C([H])[H])C([H])([H])SP(=S)(OC([H])([H])C([H])([H])[H])OC([H])([H])C([H])([H])[H]
 - 15
[H]C([H])([H])C([H])([H])OP(=S)(OC([H])([H])C([H])([H])[H])SC([H])([H])S(=O)C([H])([H])C([H])([H])[H]
 - 19
[H]OS(=C([H])SP(=S)(OC([H])([H])C([H])([H])[H])OC([H])([H])C([H])([H])[H])C([H])([H])C([H])([H])[H]
 - 25
[H]OC(OC([H])([H])C([H])([H])C([H])([H])C([H])([H])C([H])([H])[H])=NC([H])([H])[H]
 - 21
[H]N(C(=O)OC([H])([H])C([H])([H])C([H])([H])C([H])([H])C([H])([H])[H])C([H])([H])[H]
 - 22
[H]C([H])([H])C([H])([H])N(C([H])([H])C([H])([H])[H])P(=O)(N(C([H])([H])C([H])([H])[H])C([H])([H])C([H])([H])[H])N(C([H])([H])C([H])([H])[H])C([H])([H])C([H])([H])[H]
 - 18
[H]OC(OC1=C([H])C([H])=C(C([H])=C1[H])C(C([H])([H])[H])(C([H])([H])[H])C([H])([H])[H])=NC([H])([H])[H]
 - 28
[H]N(C(=O)OC1=C([H])C([H])=C(C([H])=C1[H])C(C([H])([H])[H])(C([H])([H])[H])C([H])([H])[H])C([H])([H])[H]
 - 29
[H]OC1=NC2=C([H])C([H])=C(Br)C([H])=C2C(=NC1([H])[H])C1=C([H])C([H])=C([H])C([H])=C1F
 - 21
[H]N1C2=C([H])C([H])=C(Br)C([H])=C2C(=NC([H])([H])C1=O)C1=C([H])C([H])=C([H])C([H])=C1F
 - 21
[H]N1C(C2=C([H])C([H])=C([H])C([H])=C2F)=C2C([H])=C(Br)C([H])=C([H])C2=NC(=O)C1([H])[H]
 - 28
[H]OC1=NC2=C([H])C([H])=C(F)C([H])=C2C(=NC1([H])[H])C1=C([H])C([H])=C([H])C([H])=C1[H]
 - 20
[H]N1C2=C([H])C([H])=C(F)C([H])=C2C(=NC([H])([H])C1=O)C1=C([H])C([H])=C([H])C([H])=C1[H]
 - 20
[H]N1C(C2=C([H])C([H])=C([H])C([H])=C2[H])=C2C([H])=C(F)C([H])=C([H])C2=NC(=O)C1([H])[H]
 - 28
[H]N([H])C1=C(OC2=C([H])C([H])=C([H])C([H])=C2[H])C([H])=C([H])C([H])=C1[H]
 - 24
[H]C1=C([H])C([H])=C(OC2=C([H])C([H])=C([H])C([H])=C2Cl)C([H])=C1[H]
 - 22
[H]C(=C(C#N)C#N)C1=C([H])C([H])=C([H])C([H])=C1[H]
 - 17
[H]OC1=NC2=C(C([H])=C([H])C(=C2[H])C(F)(F)F)C(=NC1([H])[H])C1=C([H])C([H])=C([H])C([H])=C1[H]
 - 23
[H]N1C2=C(C([H])=C([H])C(=C2[H])C(F)(F)F)C(=NC([H])([H])C1=O)C1=C([H])C([H])=C([H])C([H])=C1[H]
 - 23
[H]N1C(C2=C([H])C([H])=C([H])C([H])=C2[H])=C2C([H])=C([H])C(=C([H])C2=NC(=O)C1([H])[H])C(F)(F)F
 - 27
[H]C1=C([H])C([H])=C2N(C(=O)SC2=C1[H])C([H])([H])[H]
 - 13
[H]C1=NC(SC([H])([H])[H])=C(N=C1[H])C([H])([H])[H]
 - 12
[H]C([H])(N1C([H])([H])C([H])([H])N(C([H])([H])C2([H])OC2([H])[H])C([H])([H])C1([H])[H])C1([H])OC1([H])[H]
 - 27
NC(=CC1=CC=C(C=C1)[N+]([O-])=O)C(O)O
 - 'NoneType' object has no attribute 'kekulise'
[H]OC([H])(O[H])C(=N[H])C([H])([H])C1=C([H])C([H])=C(C([H])=C1[H])[N+]([O-])=O
 - 'NoneType' object has no attribute 'kekulise'
OC(O)C(=N)CC1=CC=C(C=C1)[N+]([O-])=O
 - 'NoneType' object has no attribute 'kekulise'
[H]OC(O[H])=C(N([H])[H])C([H])([H])C1=C([H])C([H])=C(C([H])=C1[H])[N+]([O-])=O
 - 'NoneType' object has no attribute 'kekulise'
NC(CC1=CC=C(C=C1)[N+]([O-])=O)=C(O)O
 - 'NoneType' object has no attribute 'kekulise'
[H]OC([H])(O[H])C(N([H])[H])=C([H])C1=C([H])C([H])=C(C([H])=C1[H])[N+]([O-])=O
 - 'NoneType' object has no attribute 'kekulise'
[H]OC(=O)C([H])(N([H])[H])C([H])([H])C1=C([H])C([H])=C(C([H])=C1[H])[N+]([O-])=O
 - 'NoneType' object has no attribute 'kekulise'
NC(CC1=CC=C(C=C1)[N+]([O-])=O)C(O)=O
 - 'NoneType' object has no attribute 'kekulise'
NC(Cc1ccc(cc1)[N+]([O-])=O)C(O)=O
 - 'NoneType' object has no attribute 'kekulise'
O=C(O)C(N)Cc1ccc([N+](=O)[O-])cc1
 - 'NoneType' object has no attribute 'kekulise'
[H]OC([H])(C([H])([H])OC1=C([H])C([H])=C([H])C(=C1[H])C([H])([H])[H])C([H])([H])N([H])C([H])(C([H])([H])[H])C([H])([H])[H]
 - 23
[H]C1=C([H])C(=C([H])C([H])=C1C([H])([H])[H])C([H])([H])C#N
 - 15
[H]N=C=C([H])C1=C([H])C([H])=C(C([H])=C1[H])C([H])([H])[H]
 - 14
[H]C1=NC2=C([H])C([H])=C([H])C([H])=C2C(C#N)=C1[H]
 - 17
CS(=O)(=O)c1cc(ccc1)[N+](=O)[O-]
 - 'NoneType' object has no attribute 'kekulise'
[H]C1=C([H])C(=C([H])C(=C1[H])S(=O)(=O)C([H])([H])[H])[N+]([O-])=O
 - 'NoneType' object has no attribute 'kekulise'
CS(=O)(=O)C1=CC(=CC=C1)[N+]([O-])=O
 - 'NoneType' object has no attribute 'kekulise'
CS(=O)(=O)c1cc(ccc1)[N+]([O-])=O
 - 'NoneType' object has no attribute 'kekulise'
[H]OS(=O)(=C([H])[H])C1=C([H])C([H])=C([H])C(=C1[H])[N+]([O-])=O
 - 'NoneType' object has no attribute 'kekulise'
OS(=C)(=O)C1=CC(=CC=C1)[N+]([O-])=O
 - 'NoneType' object has no attribute 'kekulise'
[H]C1=C([H])C([H])=C(C(OC(=O)C([H])([H])[H])=C1[H])C(F)(F)F
 - 16
[H]OC([H])([H])C1([H])OC([H])(C([H])=C1[H])N1C([H])=C(C(=O)N([H])C1=O)C([H])([H])[H]
 - 23
Cc1cn([C@H]2C=C[C@@H](CO)O2)c(=O)[nH]c1=O
 - 'NoneType' object has no attribute 'kekulise'
[H]OC1=NC(=O)C(=C([H])N1C1([H])OC([H])(C([H])=C1[H])C([H])([H])O[H])C([H])([H])[H]
 - 25
[H]OC1=NC(=O)N(C([H])=C1C([H])([H])[H])C1([H])OC([H])(C([H])=C1[H])C([H])([H])O[H]
 - 17
[H]C1=C([H])C(=C([H])C(OC(=O)C([H])([H])[H])=C1[H])C([H])([H])C([H])([H])[H]
 - 16
[H]C1=C([H])C(=O)C(OC([H])([H])[H])=C(OC([H])([H])[H])C1=O
 - 19
[H]C1=NC([H])=C(OC([H])([H])[H])N=C1[H]
 - 13
N#Cc1ccc(n1CCO)[N+](=O)[O-]
 - 'NoneType' object has no attribute 'kekulise'
[H]OC([H])([H])C([H])([H])N1C(C#N)=C([H])C([H])=C1[N+]([O-])=O
 - 'NoneType' object has no attribute 'kekulise'
N#Cc1ccc([n]1CCO)[N+]([O-])=O
 - 'NoneType' object has no attribute 'kekulise'
OCCn1c(ccc1[N+]([O-])=O)C#N
 - 'NoneType' object has no attribute 'kekulise'
OCCN1C(=CC=C1[N+]([O-])=O)C#N
 - 'NoneType' object has no attribute 'kekulise'
[O-][N+](=O)c1cccc(Cl)c1Cl
 - 'NoneType' object has no attribute 'kekulise'
[H]C1=C([H])C(=C(Cl)C(Cl)=C1[H])[N+]([O-])=O
 - 'NoneType' object has no attribute 'kekulise'
[O-][N+](=O)C1=CC=CC(Cl)=C1Cl
 - 'NoneType' object has no attribute 'kekulise'
[H]N([H])C([H])([H])C([H])([H])C1=C([H])C([H])=C(C([H])=C1[H])C([H])([H])[H]
 - 11
[H]N([H])C1=C([H])C([H])=C(C([H])=C1[H])S(=O)(=O)N=C1N=C([H])C(=C([H])N1[H])C([H])([H])C([H])([H])[H]
 - 25
[H]N([H])C1=C([H])C([H])=C(C([H])=C1[H])S(=O)(=O)N([H])C1=NC([H])=C(C([H])=N1)C([H])([H])C([H])([H])[H]
 - 20
[H]OS(=O)(=NC1=NC([H])=C(C([H])=N1)C([H])([H])C([H])([H])[H])C1=C([H])C([H])=C(N([H])[H])C([H])=C1[H]
 - 21
[H]OC(O[H])=C(OC1=C([H])C([H])=C(Cl)C([H])=C1[H])C([H])([H])[H]
 - 19
[H]OC(=O)C([H])(OC1=C([H])C([H])=C(Cl)C([H])=C1[H])C([H])([H])[H]
 - 19
Oc1ccc(cc1O)[N+]([O-])=O
 - 'NoneType' object has no attribute 'kekulise'
OC1=CC=C(C=C1O)[N+]([O-])=O
 - 'NoneType' object has no attribute 'kekulise'
[H]OC1=C(O[H])C([H])=C(C([H])=C1[H])[N+]([O-])=O
 - 'NoneType' object has no attribute 'kekulise'
[O-][N+](=O)c1cc(O)c(O)cc1
 - 'NoneType' object has no attribute 'kekulise'
O=c1c2ccccc2c(=O)c2=c1sc(C#N)c(s2)C#N
 - 'NoneType' object has no attribute 'kekulise'
N#Cc1sc2=c(sc1C#N)c(=O)c1ccccc1c2=O
 - 'NoneType' object has no attribute 'kekulise'
[H]C1=C([H])C([H])=C2C(=O)C3=C(SC(C#N)=C(S3)C#N)C(=O)C2=C1[H]
 - 23
[H]C1=C([H])C([H])=C(C([H])=C1[H])C([H])(N=C=S)C1=C([H])C([H])=C([H])C([H])=C1[H]
 - 17
[H]OC1=NC(=C(O[H])N1[H])C([H])([H])C1=C([H])C([H])=C([H])C([H])=C1[H]
 - 15
[H]OC1=NC(O[H])=C(N1[H])C([H])([H])C1=C([H])C([H])=C([H])C([H])=C1[H]
 - 15
[H]OC1=C(N([H])C(=O)N1[H])C([H])([H])C1=C([H])C([H])=C([H])C([H])=C1[H]
 - 15
[H]OC1([H])N([H])C(=O)C(N1[H])=C([H])C1=C([H])C([H])=C([H])C([H])=C1[H]
 - 15
[H]OC1=NC([H])(O[H])N([H])C1=C([H])C1=C([H])C([H])=C([H])C([H])=C1[H]
 - 15
[H]OC1([H])N=C(C(=O)N1[H])C([H])([H])C1=C([H])C([H])=C([H])C([H])=C1[H]
 - 15
[H]OC1([H])N([H])C(=O)N([H])C1=C([H])C1=C([H])C([H])=C([H])C([H])=C1[H]
 - 15
[H]OC1=NC([H])(O[H])N=C1C([H])([H])C1=C([H])C([H])=C([H])C([H])=C1[H]
 - 15
[H]OC1=NC(=C([H])C2=C([H])C([H])=C([H])C([H])=C2[H])C([H])(O[H])N1[H]
 - 23
[H]OC1=NC([H])(O[H])C(N1[H])=C([H])C1=C([H])C([H])=C([H])C([H])=C1[H]
 - 15
[H]OC1([H])N([H])C(=O)N=C1C([H])([H])C1=C([H])C([H])=C([H])C([H])=C1[H]
 - 15
[H]OC1=NC([H])(O[H])C(=N1)C([H])([H])C1=C([H])C([H])=C([H])C([H])=C1[H]
 - 15
[H]N1C(=O)N([H])C([H])(C1=O)C([H])([H])C1=C([H])C([H])=C([H])C([H])=C1[H]
 - 15
[H]OC1=NC(=O)C([H])(N1[H])C([H])([H])C1=C([H])C([H])=C([H])C([H])=C1[H]
 - 15
[H]OC1=NC(=O)N([H])C1([H])C([H])([H])C1=C([H])C([H])=C([H])C([H])=C1[H]
 - 15
[H]OC1=NC([H])(C(=O)N1[H])C([H])([H])C1=C([H])C([H])=C([H])C([H])=C1[H]
 - 15
[H]OC1=NC([H])(C(O[H])=N1)C([H])([H])C1=C([H])C([H])=C([H])C([H])=C1[H]
 - 15
[H]OC(OC1=C([H])C(=C(SC([H])([H])[H])C([H])=C1[H])C([H])([H])[H])=NC([H])([H])[H]
 - 23
[H]N(C(=O)OC1=C([H])C(=C(SC([H])([H])[H])C([H])=C1[H])C([H])([H])[H])C([H])([H])[H]
 - 24
[H]OC(=NC([H])([H])[H])N([H])C1=C([H])C([H])=C(Cl)C(Cl)=C1[H]
 - 20
[H]N(C(=O)N([H])C([H])([H])[H])C1=C([H])C([H])=C(Cl)C(Cl)=C1[H]
 - 20
[H]OC(=NC1=C([H])C([H])=C(Cl)C(Cl)=C1[H])N([H])C([H])([H])[H]
 - 16
[H]OC(=NN([H])[H])C([H])(C([H])([H])[H])C([H])([H])[H]
 - 8
[H]OC([H])(N=N[H])C([H])(C([H])([H])[H])C([H])([H])[H]
 - 8
[H]OC(N([H])N([H])[H])=C(C([H])([H])[H])C([H])([H])[H]
 - 9
[H]N([H])N([H])C(=O)C([H])(C([H])([H])[H])C([H])([H])[H]
 - 8
[H]OC(=C([H])[H])N([H])C1=C([H])C([H])=C(C([H])=C1[H])C([H])([H])C([H])([H])C([H])([H])C([H])([H])[H]
 - 17
[H]N(C(=O)C([H])([H])[H])C1=C([H])C([H])=C(C([H])=C1[H])C([H])([H])C([H])([H])C([H])([H])C([H])([H])[H]
 - 17
[H]OC(=NC1=C([H])C([H])=C(C([H])=C1[H])C([H])([H])C([H])([H])C([H])([H])C([H])([H])[H])C([H])([H])[H]
 - 28
[H]OC(=C([H])[H])N([H])C1=C([H])C([H])=C(C([H])=C1[H])C([H])([H])C([H])([H])[H]
 - 17
[H]N(C(=O)C([H])([H])[H])C1=C([H])C([H])=C(C([H])=C1[H])C([H])([H])C([H])([H])[H]
 - 17
[H]OC(=NC1=C([H])C([H])=C(C([H])=C1[H])C([H])([H])C([H])([H])[H])C([H])([H])[H]
 - 22
[H]OC1=C([H])C([H])=C(Br)C([H])=C1C(=O)N([H])C1=C([H])C([H])=C(Cl)C([H])=C1[H]
 - 26
[H]OC(=NC1=C([H])C([H])=C(Cl)C([H])=C1[H])C1=C([H])C(Br)=C([H])C([H])=C1O[H]
 - 25
[H]C1=C([H])C([H])=C(C(=O)N(C([H])([H])C([H])([H])[H])C([H])([H])C([H])([H])[H])C(OC([H])([H])C([H])([H])[H])=C1[H]
 - 34
[H]C1=C([H])C([H])=C2C(=C1[H])N(C1=C([H])C([H])=C([H])C([H])=C1S2(=O)=O)C([H])([H])C([H])(C([H])([H])[H])C([H])([H])N(C([H])([H])[H])C([H])([H])[H]
 - 25
[H]N(N=C(C#N)C#N)C1=C([H])C([H])=C([H])C(Cl)=C1Cl
 - 18
[H]N=C=C(N=NC1=C([H])C([H])=C([H])C(Cl)=C1Cl)C#N
 - 18
[H]C1=C([H])C(Cl)=C(Cl)C(N=NC([H])(C#N)C#N)=C1[H]
 - 18
[O-][N+](=O)C1=CC=C(NN=C(C#N)C#N)C=C1
 - 'NoneType' object has no attribute 'kekulise'
[H]N(N=C(C#N)C#N)C1=C([H])C([H])=C(C([H])=C1[H])[N+]([O-])=O
 - 'NoneType' object has no attribute 'kekulise'
c1cc([N+](=O)[O-])ccc1NN=C(C#N)C#N
 - 'NoneType' object has no attribute 'kekulise'
N#CC(C#N)=NNc1ccc(cc1)[N+]([O-])=O
 - 'NoneType' object has no attribute 'kekulise'
[H]N=C=C(N=NC1=C([H])C([H])=C(C([H])=C1[H])[N+]([O-])=O)C#N
 - 'NoneType' object has no attribute 'kekulise'
[O-][N+](=O)C1=CC=C(C=C1)N=NC(C#N)=C=N
 - 'NoneType' object has no attribute 'kekulise'
[H]C1=C([H])C(=C([H])C([H])=C1N=NC([H])(C#N)C#N)[N+]([O-])=O
 - 'NoneType' object has no attribute 'kekulise'
[O-][N+](=O)C1=CC=C(C=C1)N=NC(C#N)C#N
 - 'NoneType' object has no attribute 'kekulise'
[H]N([H])C1=C([H])C([H])=C(OP(=S)(OC([H])([H])C([H])([H])[H])OC([H])([H])C([H])([H])[H])C([H])=C1[H]
 - 31
[H]C#CC([H])(N(C(=O)N([H])C1=C([H])C([H])=C(Cl)C([H])=C1[H])C([H])([H])[H])C([H])([H])[H]
 - 26
[H]OC(=NC1=C([H])C([H])=C(Cl)C([H])=C1[H])N(C([H])([H])[H])C([H])(C#C[H])C([H])([H])[H]
 - 17
CCOC(=O)c1cc2ccccc2[nH]1
 - This structure cannot be kekulised!
[H]N1C(=C([H])C2=C([H])C([H])=C([H])C([H])=C12)C(=O)OC([H])([H])C([H])([H])[H]
 - 15
[H]N([H])C1=C([H])C([H])=C(C([H])=C1[H])S(=O)(=O)N([H])C1=NC(=NC(OC([H])([H])[H])=C1[H])C([H])([H])[H]
 - 29
[H]N([H])C1=C([H])C([H])=C(C([H])=C1[H])S(=O)(=O)N=C1N=C(N([H])C(OC([H])([H])[H])=C1[H])C([H])([H])[H]
 - 29
[H]N([H])C1=C([H])C([H])=C(C([H])=C1[H])S(=O)(=O)N=C1N([H])C(=NC(OC([H])([H])[H])=C1[H])C([H])([H])[H]
 - 29
[H]OS(=O)(=NC1=NC(=NC(OC([H])([H])[H])=C1[H])C([H])([H])[H])C1=C([H])C([H])=C(N([H])[H])C([H])=C1[H]
 - 22
[H]OC1=C([H])C(=C([H])C(O[H])=C1O[H])C(=O)OC([H])([H])C([H])(C([H])([H])[H])C([H])([H])[H]
 - 17
[H]N=C(N([H])[H])C1=C([H])C([H])=C(N([H])[H])C([H])=C1[H]
 - 18
[H]N1C(=NC2=C([H])C([H])=C([H])C([H])=C12)C1=C([H])C([H])=C([H])O1
 - 15
c1ccoc1-c1[nH]c2ccccc2[n]1
 - This structure cannot be kekulised!
c1coc(c1)-c1nc2ccccc2[nH]1
 - This structure cannot be kekulised!
[H]OC(OC1=C([H])C([H])=C([H])C(OC([H])([H])[H])=C1[H])=NC([H])([H])[H]
 - 20
[H]N(C(=O)OC1=C([H])C([H])=C([H])C(OC([H])([H])[H])=C1[H])C([H])([H])[H]
 - 21
[H]OC(OC1=C([H])C([H])=C(OC([H])([H])[H])C([H])=C1[H])=NC([H])([H])[H]
 - 20
[H]N(C(=O)OC1=C([H])C([H])=C(OC([H])([H])[H])C([H])=C1[H])C([H])([H])[H]
 - 21
[H]C1=C([H])C([H])=C2C(=N1)C(C1=C(C([H])=C([H])C([H])=C1[H])C([H])([H])C2([H])[H])=C1C([H])([H])C([H])([H])N(C([H])([H])[H])C([H])([H])C1([H])[H]
 - 24
[H]OC(OC1=C([H])C(OC([H])([H])C([H])([H])C([H])([H])C([H])([H])[H])=C([H])C([H])=C1[H])=NC([H])([H])[H]
 - 29
[H]N(C(=O)OC1=C([H])C(OC([H])([H])C([H])([H])C([H])([H])C([H])([H])[H])=C([H])C([H])=C1[H])C([H])([H])[H]
 - 30
[H]N([H])C1=NN=C([H])S1
 - 9
[H]N=C1SC([H])=NN1[H]
 - 8
[H]C([H])([H])C([H])([H])OC([H])([H])C1([H])OC1([H])[H]
 - 8
[H]OC([H])([H])C1([H])OC([H])(N2C([H])=NC3=C(N=C([H])N=C23)N([H])[H])C([H])([H])C1([H])[H]
 - 28
[H]OC([H])([H])C1([H])OC([H])(N2C([H])=NC3=C2N=C([H])N([H])C3=N[H])C([H])([H])C1([H])[H]
 - 28
[H]OC([H])([H])C1([H])OC([H])(N2C([H])=NC3=C2N([H])C([H])=NC3=N[H])C([H])([H])C1([H])[H]
 - 28
[H]C1=C([H])C([H])=C(C([H])=C1[H])C([H])([H])C([H])([H])C([H])([H])I
 - 12
[H]OC(=C([H])[H])C([H])([H])P(=O)(OC([H])([H])[H])OC([H])([H])[H]
 - 11
[H]OC(=C([H])P(=O)(OC([H])([H])[H])OC([H])([H])[H])C([H])([H])[H]
 - 18
[H]OC(=C=P(O[H])(OC([H])([H])[H])OC([H])([H])[H])C([H])([H])[H]
 - 18
[H]OC(=C([H])[H])C([H])=P(O[H])(OC([H])([H])[H])OC([H])([H])[H]
 - 12
[H]C([H])([H])OP(=O)(OC([H])([H])[H])C([H])([H])C(=O)C([H])([H])[H]
 - 13
[H]OP(OC([H])([H])[H])(OC([H])([H])[H])=C([H])C(=O)C([H])([H])[H]
 - 14
[H]OC(=O)C(N1N=NC2=C([H])C([H])=C([H])C([H])=C12)(C([H])([H])[H])C([H])([H])[H]
 - 19
[H]OC(=NC([H])([H])C([H])([H])[H])C1=C([H])N=C([H])C([H])=C1[H]
 - 12
[H]N(C(=O)C1=C([H])N=C([H])C([H])=C1[H])C([H])([H])C([H])([H])[H]
 - 15
[H]OC(=C([H])[H])C1(OC(=O)C([H])([H])C([H])([H])[H])C([H])(C([H])([H])[H])C([H])([H])C2([H])C3([H])C([H])([H])C([H])=C4C([H])([H])C(=O)C([H])=C([H])C4(C([H])([H])[H])C3(F)C([H])(O[H])C([H])([H])C12C([H])([H])[H]
 - 60
[H]OC(=C([H])[H])C1(OC(=O)C([H])([H])C([H])([H])[H])C([H])(C([H])([H])[H])C([H])([H])C2([H])C3([H])C([H])([H])C([H])([H])C4=C([H])C(=O)C([H])=C([H])C4(C([H])([H])[H])C3(F)C([H])(O[H])C([H])([H])C12C([H])([H])[H]
 - 60
[H]OC(=C([H])[H])C1(OC(=O)C([H])([H])C([H])([H])[H])C([H])(C([H])([H])[H])C([H])([H])C2([H])C3([H])C([H])([H])C([H])=C4C([H])=C(O[H])C([H])=C([H])C4(C([H])([H])[H])C3(F)C([H])(O[H])C([H])([H])C12C([H])([H])[H]
 - 60
[H]OC1([H])C([H])([H])C2(C([H])([H])[H])C([H])(C([H])([H])C([H])(C([H])([H])[H])C2(OC(=O)C([H])([H])C([H])([H])[H])C(=O)C([H])([H])[H])C2([H])C([H])([H])C([H])=C3C([H])([H])C(=O)C([H])=C([H])C3(C([H])([H])[H])C12F
 - 63
[H]OC1([H])C([H])([H])C2(C([H])([H])[H])C([H])(C([H])([H])C([H])(C([H])([H])[H])C2(OC(=O)C([H])([H])C([H])([H])[H])C(=O)C([H])([H])[H])C2([H])C([H])([H])C([H])([H])C3=C([H])C(=O)C([H])=C([H])C3(C([H])([H])[H])C12F
 - 63
[H]OC1=C([H])C2=C([H])C([H])([H])C3([H])C4([H])C([H])([H])C([H])(C([H])([H])[H])C(OC(=O)C([H])([H])C([H])([H])[H])(C(=O)C([H])([H])[H])C4(C([H])([H])[H])C([H])([H])C([H])(O[H])C3(F)C2(C([H])=C1[H])C([H])([H])[H]
 - 59
[H]N([H])S(=O)(=O)C1=C([H])C([H])=C(C([H])=C1[H])C1=C([H])C([H])=C([H])C([H])=C1[H]
 - 17
NS(=O)(=O)c1ccc(cc1)c1ccccc1
 - 'NoneType' object has no attribute 'get_contributed_electrons'
[H]OS(=O)(=N[H])C1=C([H])C([H])=C(C([H])=C1[H])C1=C([H])C([H])=C([H])C([H])=C1[H]
 - 17
[H]OC(=O)C1=C([H])C([H])=C([H])C([H])=C1C(=O)OC([H])([H])[H]
 - 14
OCC(NC(O)=C)C(O)C1=CC=C(C=C1)[N+]([O-])=O
 - 'NoneType' object has no attribute 'kekulise'
[H]OC(=NC([H])(C([H])([H])O[H])C([H])(O[H])C1=C([H])C([H])=C(C([H])=C1[H])[N+]([O-])=O)C([H])([H])[H]
 - 'NoneType' object has no attribute 'kekulise'
CC(O)=NC(CO)C(O)C1=CC=C(C=C1)[N+]([O-])=O
 - 'NoneType' object has no attribute 'kekulise'
[H]OC([H])([H])C([H])(N([H])C(=O)C([H])([H])[H])C([H])(O[H])C1=C([H])C([H])=C(C([H])=C1[H])[N+]([O-])=O
 - 'NoneType' object has no attribute 'kekulise'
c1cc([N+](=O)[O-])ccc1C(O)C(CO)NC(=O)C
 - 'NoneType' object has no attribute 'kekulise'
CC(=O)NC(CO)C(O)C1=CC=C(C=C1)[N+]([O-])=O
 - 'NoneType' object has no attribute 'kekulise'
CC(=O)NC(CO)C(O)c1ccc(cc1)[N+]([O-])=O
 - 'NoneType' object has no attribute 'kekulise'
[H]OC(=C([H])[H])N([H])C([H])(C([H])([H])O[H])C([H])(O[H])C1=C([H])C([H])=C(C([H])=C1[H])[N+]([O-])=O
 - 'NoneType' object has no attribute 'kekulise'
[H]OC1=NC(O[H])=C(C#N)C([H])=N1
 - 13
[H]OC1=C(C#N)C([H])=NC(=O)N1[H]
 - 12
[H]N1C(=O)N=C([H])C([H])(C#N)C1=O
 - 12
[H]OC1=NC(=O)N=C([H])C1([H])C#N
 - 11
[H]OC1=NC(=O)C([H])(C#N)C([H])=N1
 - 13
[H]N1C([H])=C(C#N)C(=O)N([H])C1=O
 - 12
N#Cc1c[nH]c(=O)[nH]c1=O
 - 'NoneType' object has no attribute 'get_contributed_electrons'
[H]N=C=C1C([H])=NC(=O)N([H])C1=O
 - 12
[H]OC1=NC([H])=C(C#N)C(=O)N1[H]
 - 12
[H]OC1=NC(=O)C(C#N)=C([H])N1[H]
 - 12
[H]OC1=NC(=O)N([H])C([H])=C1C#N
 - 11
[H]OC1=NC(=O)N=C([H])C1=C=N[H]
 - 11
[H]OC1=NC(=O)C(=C=N[H])C([H])=N1
 - 13
[H]C([H])([H])C([H])([H])C([H])(N=C=S)C([H])([H])[H]
 - 8
[H]OC1=NC([H])=NC([H])=C1[H]
 - 10
[H]N1C([H])=NC(=O)C([H])=C1[H]
 - 10
O=c1cc[nH]cn1
 - 'NoneType' object has no attribute 'kekulise'
[H]N1C([H])=NC([H])=C([H])C1=O
 - 10
[H]OC1=C([H])C(=C([H])C(O[H])=C1O[H])C(=O)OC([H])([H])C([H])([H])C([H])([H])C([H])([H])C([H])([H])[H]
 - 18
[H]OC1=NC(O[H])=C([H])C(=N1)C(=O)OC([H])([H])C([H])(C([H])([H])[H])C([H])([H])[H]
 - 16
[H]OC1=C([H])C(=NC(=O)N1[H])C(=O)OC([H])([H])C([H])(C([H])([H])[H])C([H])([H])[H]
 - 16
[H]N1C(=O)N([H])C(=C([H])C1=O)C(=O)OC([H])([H])C([H])(C([H])([H])[H])C([H])([H])[H]
 - 16
c1(=O)[nH]c(C(=O)OCC(C)C)cc(=O)[nH]1
 - 'NoneType' object has no attribute 'get_contributed_electrons'
[H]N1C(=O)N=C(C(=O)OC([H])([H])C([H])(C([H])([H])[H])C([H])([H])[H])C([H])([H])C1=O
 - 26
[H]OC1=NC(=O)C([H])=C(N1[H])C(=O)OC([H])([H])C([H])(C([H])([H])[H])C([H])([H])[H]
 - 16
[H]OC1=NC(=O)N([H])C(=C1[H])C(=O)OC([H])([H])C([H])(C([H])([H])[H])C([H])([H])[H]
 - 16
[H]OC1=NC(=C([H])C(=O)N1[H])C(=O)OC([H])([H])C([H])(C([H])([H])[H])C([H])([H])[H]
 - 16
[H]OC1=NC(=O)C([H])([H])C(=N1)C(=O)OC([H])([H])C([H])(C([H])([H])[H])C([H])([H])[H]
 - 16
[H]OC1=NC(=O)N=C(C(=O)OC([H])([H])C([H])(C([H])([H])[H])C([H])([H])[H])C1([H])[H]
 - 25
[H]N(C1=NC([H])([H])C([H])([H])N1[H])C1=C(C([H])=C([H])C([H])=C1C([H])([H])C([H])([H])[H])C([H])([H])C([H])([H])[H]
 - 21
[H]N1C(=NC2=C(C([H])=C([H])C([H])=C2C([H])([H])C([H])([H])[H])C([H])([H])C([H])([H])[H])N([H])C([H])([H])C1([H])[H]
 - 33
[H]N([H])S(=O)(=O)C1=C([H])C(C(=O)OC([H])([H])C([H])([H])[H])=C(N([H])C([H])([H])C2=C([H])C([H])=C([H])O2)C([H])=C1Cl
 - 37
[H]OS(=O)(=N[H])C1=C([H])C(C(=O)OC([H])([H])C([H])([H])[H])=C(N([H])C([H])([H])C2=C([H])C([H])=C([H])O2)C([H])=C1Cl
 - 37
[H]N(C1=NC([H])([H])C([H])([H])N1[H])C1=C([H])C([H])=C(C([H])=C1C([H])([H])[H])C([H])([H])[H]
 - 21
[H]N1C(=NC2=C([H])C([H])=C(C([H])=C2C([H])([H])[H])C([H])([H])[H])N([H])C([H])([H])C1([H])[H]
 - 27
[H]C1=C(OP(=O)(OC([H])([H])C([H])([H])[H])OC([H])([H])C([H])([H])[H])C([H])=C(C(SC([H])([H])[H])=C1[H])C([H])([H])[H]
 - 32
[H]OC1=C([H])C([H])=C([H])C([H])=C1OC([H])(C([H])([H])[H])C([H])([H])[H]
 - 12
[H]OC1=C([H])C(Cl)=C(Cl)C(Cl)=C1Cl
 - 12
[H]\\C1=C([H])\\C([H])([H])C([H])([H])\\C([H])=C([H])/C([H])([H])C([H])([H])\\C([H])=C([H])/C([H])([H])C1([H])[H]
 - 2 bonds in a row
[H]OC(=NC([H])([H])C([H])(C([H])([H])[H])C([H])([H])[H])N([H])C1=C([H])C(Cl)=C(Cl)C([H])=C1[H]
 - 18
[H]N(C(=O)N([H])C([H])([H])C([H])(C([H])([H])[H])C([H])([H])[H])C1=C([H])C(Cl)=C(Cl)C([H])=C1[H]
 - 20
[H]OC(=NC1=C([H])C(Cl)=C(Cl)C([H])=C1[H])N([H])C([H])([H])C([H])(C([H])([H])[H])C([H])([H])[H]
 - 17
c1nc2ccccc2nc1c1ccccc1
 - 'NoneType' object has no attribute 'get_contributed_electrons'
[H]C1=C([H])C([H])=C(C([H])=C1[H])C1=C([H])N=C2C([H])=C([H])C([H])=C([H])C2=N1
 - 26
[H]N([H])C1=C([H])N=C([H])C([H])=N1
 - 12
[H]N=C1N([H])C([H])=C([H])N=C1[H]
 - 11
[H]N(C([H])([H])[H])S(=O)(=O)C1=C([H])C([H])=C([H])C([H])=C1[H]
 - 19
[H]OS([H])(=O)(N=C([H])[H])C1=C([H])C([H])=C([H])C([H])=C1[H]
 - 19
[H]OS(=O)(=NC([H])([H])[H])C1=C([H])C([H])=C([H])C([H])=C1[H]
 - 19
[H]N([H])C1=C([H])C([H])=C(Cl)C([H])=C1C(=O)OC([H])([H])[H]
 - 13
[H]OC([H])([H])C1([H])OC([H])(OC2([H])C([H])([H])C([H])([H])C([H])([H])C([H])([H])C2([H])[H])C([H])(O[H])C([H])(O[H])C1([H])O[H]
 - 37
[H]OC(=NC([H])([H])C([H])([H])[H])C([H])([H])Br
 - 12
[H]OC(N([H])C([H])([H])C([H])([H])[H])=C([H])Br
 - 13
[H]N(C(=O)C([H])([H])Br)C([H])([H])C([H])([H])[H]
 - 9
[O-][N+](=O)c1ccc(CCBr)cc1
 - 'NoneType' object has no attribute 'kekulise'
[O-][N+](=O)C1=CC=C(CCBr)C=C1
 - 'NoneType' object has no attribute 'kekulise'
[H]C1=C([H])C(=C([H])C([H])=C1[N+]([O-])=O)C([H])([H])C([H])([H])Br
 - 'NoneType' object has no attribute 'kekulise'
[H]N([H])C1=C([H])C([H])=C(OC([H])([H])[H])C(Cl)=C1[H]
 - 17
[H]C1=C([H])C([H])=C(C([H])=C1[H])C1([H])OC(=O)C2=C([H])C([H])=C([H])C([H])=C12
 - 26
[H]OC(N([H])C1=C([H])C([H])=C(C([H])=C1[H])C([H])([H])[H])=C([H])N1C([H])([H])C([H])([H])C([H])([H])C([H])([H])C1([H])[H]
 - 20
[H]N(C(=O)C([H])([H])N1C([H])([H])C([H])([H])C([H])([H])C([H])([H])C1([H])[H])C1=C([H])C([H])=C(C([H])=C1[H])C([H])([H])[H]
 - 24
[H]OC(=NC1=C([H])C([H])=C(C([H])=C1[H])C([H])([H])[H])C([H])([H])N1C([H])([H])C([H])([H])C([H])([H])C([H])([H])C1([H])[H]
 - 19
[H]N([H])C(=O)C1=C([H])C([H])=C([H])N=N1
 - 14
[H]OC(=N[H])C1=C([H])C([H])=C([H])N=N1
 - 14
N#Cc1c[nH]c2ccccc12
 - This structure cannot be kekulised!
[H]N1C([H])=C(C#N)C2=C([H])C([H])=C([H])C([H])=C12
 - 17
N#Cc1c[nH]c2ccccc21
 - This structure cannot be kekulised!
[H]N([H])C1=NC([H])=C([H])C([H])=N1
 - 12
[H]N=C1N=C([H])C([H])=C([H])N1[H]
 - 11
[H]N([H])C(=O)C1=C([H])N=C([H])C(=N1)C([H])([H])[H]
 - 13
[H]OC(=N[H])C1=C([H])N=C([H])C(=N1)C([H])([H])[H]
 - 13
[O-][N+](=O)c1ccc2ccc3cccc4ccc1c2c34
 - 'NoneType' object has no attribute 'kekulise'
[H]C1=C([H])C2=C3C(C([H])=C([H])C4=C([H])C([H])=C(C(C([H])=C2[H])=C34)[N+]([O-])=O)=C1[H]
 - 'NoneType' object has no attribute 'kekulise'
[O-][N+](=O)C1=CC=C2C=CC3=C4C(C=CC1=C24)=CC=C3
 - 'NoneType' object has no attribute 'kekulise'
[H]N(C(=O)OC([H])([H])C([H])([H])C([H])([H])[H])C1=C([H])C([H])=C([H])C([H])=C1[H]
 - 16
[H]OC(OC([H])([H])C([H])([H])C([H])([H])[H])=NC1=C([H])C([H])=C([H])C([H])=C1[H]
 - 15
[H]OC(=NC([H])([H])C([H])([H])C([H])([H])C([H])([H])N([H])[H])C1=C([H])C([H])=C([H])C([H])=C1[H]
 - 20
[H]N([H])C([H])([H])C([H])([H])C([H])([H])C([H])([H])N([H])C(=O)C1=C([H])C([H])=C([H])C([H])=C1[H]
 - 15
[H]C([H])([H])C1=NSN=C1C([H])([H])[H]
 - 9
[H]N1C2=C([H])C([H])=C([H])C([H])=C2C(=NC2=C1C([H])=C([H])C(Cl)=C2[H])N1C([H])([H])C([H])([H])N(C([H])([H])[H])C([H])([H])C1([H])[H]
 - 25
[H]N1C2=C(N=C3C([H])=C([H])C([H])=C([H])C3=C1N1C([H])([H])C([H])([H])N(C([H])([H])[H])C([H])([H])C1([H])[H])C([H])=C([H])C(Cl)=C2[H]
 - 41
[H]C1=C([H])C([H])=C2C(N=C3C([H])=C([H])C(Cl)=C([H])C3=NC2([H])N2C([H])([H])C([H])([H])N(C([H])([H])[H])C([H])([H])C2([H])[H])=C1[H]
 - 41
[H]N([H])C(=O)C1=C([H])C(OC([H])([H])[H])=C([H])C([H])=C1[H]
 - 19
[H]OC(=N[H])C1=C([H])C(OC([H])([H])[H])=C([H])C([H])=C1[H]
 - 19
[H]OC1([H])C([H])([H])C2([H])C([H])([H])C([H])([H])C1([H])C2([H])O[H]
 - 16
[H]C1=C([H])C([H])=C2C(=C1[H])C(=O)C([H])(C2=O)C1=C([H])C(OC([H])([H])[H])=C([H])C([H])=C1[H]
 - 30
OC(=O)c1ccc(Cl)cc1[N+]([O-])=O
 - 'NoneType' object has no attribute 'kekulise'
[H]OC(=O)C1=C([H])C([H])=C(Cl)C([H])=C1[N+]([O-])=O
 - 'NoneType' object has no attribute 'kekulise'
[O-][N+](=O)c1cc(Cl)ccc1C(=O)O
 - 'NoneType' object has no attribute 'kekulise'
[O-][N+](=O)c1cc(Cl)ccc1C(O)=O
 - 'NoneType' object has no attribute 'kekulise'
OC(=O)C1=CC=C(Cl)C=C1[N+]([O-])=O
 - 'NoneType' object has no attribute 'kekulise'
[Br-].CCC[n+]1cccc2ccccc12
 - This structure cannot be kekulised!
CCC[N+]1=CC=CC2=CC=CC=C12
 - 'NoneType' object has no attribute 'kekulise'
CCC[n+]1cccc2ccccc12
 - This structure cannot be kekulised!
[Br-].CCC[N+]1=CC=CC2=CC=CC=C12
 - 'NoneType' object has no attribute 'kekulise'
[H]OC(=NN([H])[H])C([H])([H])C([H])([H])C([H])([H])C([H])([H])C([H])([H])C([H])([H])C([H])([H])[H]
 - 12
[H]OC([H])(N=N[H])C([H])([H])C([H])([H])C([H])([H])C([H])([H])C([H])([H])C([H])([H])C([H])([H])[H]
 - 12
[H]OC(N([H])N([H])[H])=C([H])C([H])([H])C([H])([H])C([H])([H])C([H])([H])C([H])([H])C([H])([H])[H]
 - 12
[H]N([H])N([H])C(=O)C([H])([H])C([H])([H])C([H])([H])C([H])([H])C([H])([H])C([H])([H])C([H])([H])[H]
 - 12
[H]N(C([H])=O)C1=C([H])C([H])=C(C#N)C([H])=C1[H]
 - 16
[H]OC([H])=NC1=C([H])C([H])=C(C#N)C([H])=C1[H]
 - 16
[Br-].C(C[n+]1ccccc1)c1ccccc1
 - This structure cannot be kekulised!
[Br-].C(C[N+]1=CC=CC=C1)C1=CC=CC=C1
 - 'NoneType' object has no attribute 'kekulise'
C(C[N+]1=CC=CC=C1)C1=CC=CC=C1
 - 'NoneType' object has no attribute 'kekulise'
C(C[n+]1ccccc1)c1ccccc1
 - This structure cannot be kekulised!
[N-]=[N+]=Nc1ccc(cc1)C(=O)O
 - 'NoneType' object has no attribute 'kekulise'
OC(=O)C1=CC=C([N-][N+]#N)C=C1
 - 'NoneType' object has no attribute 'kekulise'
[H]OC(=O)C1=C([H])C([H])=C(N([H])[N+]#N)C([H])=C1[H]
 - 'NoneType' object has no attribute 'kekulise'
OC(=O)C1=CC=C(N[N+]#N)C=C1
 - 'NoneType' object has no attribute 'kekulise'
[H]OC(=O)C1=C([H])C([H])=C(N=[N+]=N[H])C([H])=C1[H]
 - 'NoneType' object has no attribute 'kekulise'
N=[N+]=Nc1ccc(cc1)C(O)=O
 - 'NoneType' object has no attribute 'kekulise'
OC(=O)C1=CC=C(C=C1)N=[N+]=N
 - 'NoneType' object has no attribute 'kekulise'
[N-]=[N+]=Nc1ccc(cc1)C(O)=O
 - 'NoneType' object has no attribute 'kekulise'
OC(=O)C1=CC=C(C=C1)N=[N+]=[N-]
 - 'NoneType' object has no attribute 'kekulise'
OC1=C(C=CC=C1[N+]([O-])=O)C(=O)NC1=CC=C(Cl)C=C1
 - 'NoneType' object has no attribute 'kekulise'
[H]OC1=C(C([H])=C([H])C([H])=C1C(=O)N([H])C1=C([H])C([H])=C(Cl)C([H])=C1[H])[N+]([O-])=O
 - 'NoneType' object has no attribute 'kekulise'
[O-][N+](=O)c1cccc(c1O)C(=O)Nc1ccc(Cl)cc1
 - 'NoneType' object has no attribute 'kekulise'
[H]OC(=NC1=C([H])C([H])=C(Cl)C([H])=C1[H])C1=C([H])C([H])=C([H])C(=C1O[H])[N+]([O-])=O
 - 'NoneType' object has no attribute 'kekulise'
OC(=NC1=CC=C(Cl)C=C1)C1=C(O)C(=CC=C1)[N+]([O-])=O
 - 'NoneType' object has no attribute 'kekulise'
[O-][N+](=O)c1cc2nc([nH]c2cc1Cl)C(F)(F)F
 - 'NoneType' object has no attribute 'kekulise'
[H]N1C2=C([H])C(=C(Cl)C([H])=C2N=C1C(F)(F)F)[N+]([O-])=O
 - 'NoneType' object has no attribute 'kekulise'
[O-][N+](=O)C1=C(Cl)C=C2N=C(NC2=C1)C(F)(F)F
 - 'NoneType' object has no attribute 'kekulise'
[H]N1C2=C([H])C(Cl)=C(C([H])=C2N=C1C(F)(F)F)[N+]([O-])=O
 - 'NoneType' object has no attribute 'kekulise'
[O-][N+](=O)C1=C(Cl)C=C2NC(=NC2=C1)C(F)(F)F
 - 'NoneType' object has no attribute 'kekulise'
[O-][N+](=O)c1cc2[n]c([nH]c2cc1Cl)C(F)(F)F
 - 'NoneType' object has no attribute 'kekulise'
[H]C1=C(Cl)C(=C([H])C(Cl)=C1Cl)C([H])([H])[H]
 - 12
Cn1cc2ccc(cc2n1)[N+]([O-])=O
 - 'NoneType' object has no attribute 'kekulise'
[H]C1=C2C([H])=C([H])C(=C([H])C2=NN1C([H])([H])[H])[N+]([O-])=O
 - 'NoneType' object has no attribute 'kekulise'
[N+](=O)([O-])c1ccc2cn(C)nc2c1
 - 'NoneType' object has no attribute 'kekulise'
C[n]1cc2ccc(cc2[n]1)[N+]([O-])=O
 - 'NoneType' object has no attribute 'kekulise'
CN1C=C2C=CC(=CC2=N1)[N+]([O-])=O
 - 'NoneType' object has no attribute 'kekulise'
[H]N([H])C1=NC(OC([H])([H])[H])=C([H])N=C1[H]
 - 15
[H]N=C1N([H])C(OC([H])([H])[H])=C([H])N=C1[H]
 - 15
[H]OC(=C([H])[H])N([H])C(O[H])=C1C([H])([H])C([H])([H])C1([H])[H]
 - 12
[H]OC(N=C(O[H])C([H])([H])[H])=C1C([H])([H])C([H])([H])C1([H])[H]
 - 12
[H]OC(N=C(O[H])C1([H])C([H])([H])C([H])([H])C1([H])[H])=C([H])[H]
 - 19
[H]OC(N([H])C(=O)C([H])([H])[H])=C1C([H])([H])C([H])([H])C1([H])[H]
 - 12
[H]OC(=C([H])[H])N([H])C(=O)C1([H])C([H])([H])C([H])([H])C1([H])[H]
 - 11
[H]OC(=NC(=O)C([H])([H])[H])C1([H])C([H])([H])C([H])([H])C1([H])[H]
 - 11
[H]OC(=NC(=O)C1([H])C([H])([H])C([H])([H])C1([H])[H])C([H])([H])[H]
 - 18
[H]N(C(=O)C([H])([H])[H])C(=O)C1([H])C([H])([H])C([H])([H])C1([H])[H]
 - 11
[H]C1=C([H])C(=C([H])C(=C1[H])C(=O)N(C([H])([H])[H])C([H])([H])[H])C([H])([H])[H]
 - 22
[H]C1=NC([H])=C(C([H])=C1[H])C(=O)OC([H])([H])C([H])([H])C([H])([H])C([H])([H])[H]
 - 14
Cn1cnc(c1S(=O)(=O)Oc1ccccc1)[N+](=O)[O-]
 - 'NoneType' object has no attribute 'kekulise'
CN1C=NC(=C1S(=O)(=O)OC1=CC=CC=C1)[N+]([O-])=O
 - 'NoneType' object has no attribute 'kekulise'
[H]C1=NC(=C(N1C([H])([H])[H])S(=O)(=O)OC1=C([H])C([H])=C([H])C([H])=C1[H])[N+]([O-])=O
 - 'NoneType' object has no attribute 'kekulise'
C[n]1c[n]c(c1S(=O)(=O)Oc1ccccc1)[N+]([O-])=O
 - 'NoneType' object has no attribute 'kekulise'
Cn1cnc(c1S(=O)(=O)Oc1ccccc1)[N+]([O-])=O
 - 'NoneType' object has no attribute 'kekulise'
[H]N([H])C1=NC([H])=C(C(=N1)N([H])[H])C([H])([H])C1=C([H])C([H])=C(OC([H])([H])[H])C(OC([H])([H])[H])=C1OC([H])([H])[H]
 - 34
[H]N=C1N=C([H])C(=C(N([H])[H])N1[H])C([H])([H])C1=C([H])C([H])=C(OC([H])([H])[H])C(OC([H])([H])[H])=C1OC([H])([H])[H]
 - 34
[H]N=C1N([H])C([H])=C(C(=N[H])N1[H])C([H])([H])C1=C([H])C([H])=C(OC([H])([H])[H])C(OC([H])([H])[H])=C1OC([H])([H])[H]
 - 34
[H]N=C1N([H])C(=NC([H])=C1C([H])([H])C1=C([H])C([H])=C(OC([H])([H])[H])C(OC([H])([H])[H])=C1OC([H])([H])[H])N([H])[H]
 - 37
[H]N=C1N=C(N([H])[H])C(=C([H])N1[H])C([H])([H])C1=C([H])C([H])=C(OC([H])([H])[H])C(OC([H])([H])[H])=C1OC([H])([H])[H]
 - 34
[H]N=C1N=C(N([H])[H])N([H])C([H])=C1C([H])([H])C1=C([H])C([H])=C(OC([H])([H])[H])C(OC([H])([H])[H])=C1OC([H])([H])[H]
 - 34
CN(C)C(=O)NC1=CC(=CC=C1)[N+]([O-])=O
 - 'NoneType' object has no attribute 'kekulise'
[H]N(C(=O)N(C([H])([H])[H])C([H])([H])[H])C1=C([H])C([H])=C([H])C(=C1[H])[N+]([O-])=O
 - 'NoneType' object has no attribute 'kekulise'
CN(C)C(=O)Nc1cc([N+](=O)[O-])ccc1
 - 'NoneType' object has no attribute 'kekulise'
CN(C)C(=O)Nc1cc(ccc1)[N+]([O-])=O
 - 'NoneType' object has no attribute 'kekulise'
[H]OC(=NC1=C([H])C([H])=C([H])C(=C1[H])[N+]([O-])=O)N(C([H])([H])[H])C([H])([H])[H]
 - 'NoneType' object has no attribute 'kekulise'
CN(C)C(O)=NC1=CC(=CC=C1)[N+]([O-])=O
 - 'NoneType' object has no attribute 'kekulise'
[H]OC12C([H])([H])C([H])(OC(=O)C([H])([H])[H])C([H])(C3=C([H])C(=O)OC3([H])[H])C1(C([H])([H])[H])C([H])([H])C([H])([H])C1([H])C2([H])C([H])([H])C([H])([H])C2([H])C([H])([H])C([H])(OC3([H])OC([H])(C([H])([H])[H])C([H])(OC4([H])OC([H])(C([H])([H])[H])C([H])(OC5([H])OC([H])(C([H])([H])[H])C([H])(OC(=O)C([H])([H])[H])C([H])(OC(=O)C([H])([H])[H])C5([H])[H])C([H])(OC(=O)C([H])([H])[H])C4([H])[H])C([H])(OC(=O)C([H])([H])[H])C3([H])[H])C([H])([H])C([H])([H])C12C([H])([H])[H]
 - 140
C[C@]12CC[C@@H](C[C@H]1CC[C@@H]1[C@@H]2CC[C@]2(C)[C@H]([C@H](C[C@@]21O)OC(C)=O)C1COC(=O)C=1)O[C@H]1C[C@H](OC(C)=O)[C@H](O[C@H]2C[C@H](OC(C)=O)[C@H](O[C@H]3C[C@H](OC(C)=O)[C@H](OC(C)=O)[C@@H](C)O3)C(C)O2)[C@@H](C)O1
 - Processing took more than 5 seconds
[H]OC([H])([H])C1([H])OC([H])(OC2=C(N([H])[H])C([H])=C([H])C([H])=C2[H])C([H])(O[H])C([H])(O[H])C1([H])O[H]
 - 33
[H]C1=NC([H])=C(OC([H])([H])[H])C([H])=C1[H]
 - 14
[H]OC(=C([H])[H])N([H])C1([H])C2=C([H])C(=O)C(OC([H])([H])[H])=C([H])C([H])=C2C2=C(C([H])=C(OC([H])([H])[H])C(O[H])=C2OC([H])([H])[H])C([H])([H])C1([H])[H]
 - 49
[H]OC(=NC1([H])C2=C([H])C(=O)C(OC([H])([H])[H])=C([H])C([H])=C2C2=C(C([H])=C(OC([H])([H])[H])C(O[H])=C2OC([H])([H])[H])C([H])([H])C1([H])[H])C([H])([H])[H]
 - 48
[H]OC1=C(OC([H])([H])[H])C2=C(C([H])=C1OC([H])([H])[H])C([H])([H])C([H])([H])C([H])(N([H])C(=O)C([H])([H])[H])C1=C([H])C(=O)C(OC([H])([H])[H])=C([H])C([H])=C21
 - 51
[H]C([H])=C([H])C1=C([H])C(=C([H])C([H])=C1[H])C([H])([H])C([H])([H])[H]
 - 14
[H]OC(O[H])=C1N(C(O[H])=C(N([H])[H])C([H])([H])C2=C([H])C([H])=C([H])C([H])=C2[H])C([H])([H])C([H])([H])C1([H])[H]
 - 35
[H]OC(O[H])=C1N(C([H])([H])C([H])([H])C1([H])[H])C([H])(O[H])C(N([H])[H])=C([H])C1=C([H])C([H])=C([H])C([H])=C1[H]
 - 21
[H]OC(O[H])=C1N(C(=O)C([H])(N([H])[H])C([H])([H])C2=C([H])C([H])=C([H])C([H])=C2[H])C([H])([H])C([H])([H])C1([H])[H]
 - 35
[H]OC(O[H])=C1N(C([H])([H])C([H])([H])C1([H])[H])C([H])(O[H])C(=N[H])C([H])([H])C1=C([H])C([H])=C([H])C([H])=C1[H]
 - 21
[H]OC(=O)C1([H])N(C([H])([H])C([H])([H])C1([H])[H])C([H])(O[H])C(=N[H])C([H])([H])C1=C([H])C([H])=C([H])C([H])=C1[H]
 - 21
[H]OC(N1C([H])([H])C([H])([H])C([H])([H])C1([H])C(=O)O[H])=C(N([H])[H])C([H])([H])C1=C([H])C([H])=C([H])C([H])=C1[H]
 - 20
[H]OC(=O)C1([H])N(C(=O)C([H])(N([H])[H])C([H])([H])C2=C([H])C([H])=C([H])C([H])=C2[H])C([H])([H])C([H])([H])C1([H])[H]
 - 35
[H]OC(=O)C1([H])N(C([H])([H])C([H])([H])C1([H])[H])C([H])(O[H])C(N([H])[H])=C([H])C1=C([H])C([H])=C([H])C([H])=C1[H]
 - 21
C/C(=C\\C(=O)OC(C)c1ccccc1)/OP(=O)(OC)OC
 - 2 bonds in a row
[H]\\C(C(=O)OC([H])(C1=C([H])C([H])=C([H])C([H])=C1[H])C([H])([H])[H])=C(\\OP(=O)(OC([H])([H])[H])OC([H])([H])[H])C([H])([H])[H]
 - 2 bonds in a row
[H]C([H])([H])C1(C(=O)C2(C([H])([H])[H])C([H])([H])C([H])([H])C1([H])C2([H])[H])C([H])([H])[H]
 - 19
CCCCN(CCOC(C)=O)c1ccc(N=Nc2c(cc(cc2C#N)[N+]([O-])=O)C#N)c(C)c1
 - 'NoneType' object has no attribute 'kekulise'
C(#N)c1cc([N+](=O)[O-])cc(C#N)c1N=Nc1ccc(N(CCCC)CCOC(=O)C)cc1C
 - 'NoneType' object has no attribute 'kekulise'
CCCCN(CCOC(C)=O)c1cc(C)c(cc1)N=Nc1c(cc(cc1C#N)[N+]([O-])=O)C#N
 - 'NoneType' object has no attribute 'kekulise'
CCCCN(CCOC(C)=O)C1=CC=C(N=NC2=C(C=C(C=C2C#N)[N+]([O-])=O)C#N)C(C)=C1
 - 'NoneType' object has no attribute 'kekulise'
[H]C1=C(\\N=N\\C2=C(C#N)C([H])=C(C([H])=C2C#N)[N+]([O-])=O)C(=C([H])C(=C1[H])N(C([H])([H])C([H])([H])OC(=O)C([H])([H])[H])C([H])([H])C([H])([H])C([H])([H])C([H])([H])[H])C([H])([H])[H]
 - 2 bonds in a row
[H]C1=C([H])C([H])=C2C(=O)N(C(=O)C2=C1[H])C([H])(SP(=S)(OC([H])([H])C([H])([H])[H])OC([H])([H])C([H])([H])[H])C([H])([H])Cl
 - 37
[H]\\C(=C(\\[H])C1=C([H])C([H])=C(N=C=S)C([H])=C1[H])C1=C([H])C([H])=C([H])C([H])=C1[H]
 - 2 bonds in a row
[H]N1C([H])([H])C([H])=C(C2=C([H])C([H])=C([H])C([H])=C2[H])C([H])([H])C1([H])[H]
 - 23
[H]C1=C([H])C([H])=C(C(=O)N(C([H])([H])C([H])([H])[H])C([H])([H])C([H])([H])[H])C(Cl)=C1[H]
 - 27
[H]OC1(C([H])([H])[H])C([H])([H])C([H])([H])C([H])(C(=C([H])[H])C([H])([H])[H])C1([H])C([H])([H])[H]
 - 24
[H]C1=C(C(N(C([H])([H])[H])C([H])([H])[H])=C(C([H])=C1C([H])([H])[H])C([H])([H])[H])C([H])([H])[H]
 - 17
[H]OC(=C([H])[H])N([H])C1=C([H])C([H])=C([H])S1
 - 10
[H]N(C(=O)C([H])([H])[H])C1=C([H])C([H])=C([H])S1
 - 10
[H]OC(=NC1=C([H])C([H])=C([H])S1)C([H])([H])[H]
 - 13
[H]C1=C([H])C([H])=C(C([H])=C1[H])P(=S)(OC1=C([H])C([H])=C(C#N)C([H])=C1[H])OC([H])([H])C([H])([H])[H]
 - 27
[H]C1=C([H])C([H])=C(O1)C(=O)N(C([H])([H])[H])C([H])([H])[H]
 - 11
[H]C([H])([H])OP(=O)(O\\C(=C(\\Cl)C(=O)N(C([H])([H])C([H])([H])[H])C([H])([H])C([H])([H])[H])C([H])([H])[H])OC([H])([H])[H]
 - 2 bonds in a row
[H]OC(=O)C1=C([H])C([H])=C(SC([H])([H])[H])C([H])=C1[H]
 - 18
[H]C1=C([H])C([H])=C(C([H])=C1[H])C([H])([H])SP(=O)(OC([H])([H])C([H])([H])[H])OC([H])([H])C([H])([H])[H]
 - 17
[H]N([H])C(=O)C1=C([H])C([H])=C([H])N=C1N([H])[H]
 - 14
[H]OC(=N[H])C1=C([H])C([H])=C([H])N=C1N([H])[H]
 - 14
[H]N=C1N([H])C([H])=C([H])C([H])=C1C(=O)N([H])[H]
 - 12
[H]OC(=N[H])C1=C([H])C([H])=C([H])N([H])C1=N[H]
 - 15
[H]N([H])C1=C([H])C([H])=C(C([H])=C1[H])C(=O)OC([H])([H])C([H])([H])C([H])([H])C([H])([H])C([H])([H])C([H])([H])[H]
 - 17
[I-].CCCCCCCC[n+]1ccccc1C
 - This structure cannot be kekulised!
[I-].CCCCCCCC[N+]1=CC=CC=C1C
 - 'NoneType' object has no attribute 'kekulise'
CCCCCCCC[N+]1=CC=CC=C1C
 - 'NoneType' object has no attribute 'kekulise'
CCCCCCCC[n+]1ccccc1C
 - This structure cannot be kekulised!
[H]OC([H])([H])C([H])([H])OC([H])([H])C([H])([H])OC(=O)C([H])=C([H])[H]
 - 12
OC(CF)Cn1ccnc1[N+]([O-])=O
 - 'NoneType' object has no attribute 'kekulise'
[H]OC([H])(C([H])([H])F)C([H])([H])N1C([H])=C([H])N=C1[N+]([O-])=O
 - 'NoneType' object has no attribute 'kekulise'
[O-][N+](=O)c1[n]cc[n]1CC(O)CF
 - 'NoneType' object has no attribute 'kekulise'
FCC(O)Cn1c([N+](=O)[O-])ncc1
 - 'NoneType' object has no attribute 'kekulise'
OC(CF)CN1C=CN=C1[N+]([O-])=O
 - 'NoneType' object has no attribute 'kekulise'
CC(O)Cn1c([N+](=O)[O-])ncc1
 - 'NoneType' object has no attribute 'kekulise'
CC(O)CN1C=CN=C1[N+]([O-])=O
 - 'NoneType' object has no attribute 'kekulise'
[H]OC([H])(C([H])([H])[H])C([H])([H])N1C([H])=C([H])N=C1[N+]([O-])=O
 - 'NoneType' object has no attribute 'kekulise'
CC(O)C[n]1cc[n]c1[N+]([O-])=O
 - 'NoneType' object has no attribute 'kekulise'
CC(O)Cn1ccnc1[N+]([O-])=O
 - 'NoneType' object has no attribute 'kekulise'
[H]C([H])(Cl)C([H])(OP(=O)(OC([H])(C([H])([H])Cl)C([H])([H])Cl)OC([H])(C([H])([H])Cl)C([H])([H])Cl)C([H])([H])Cl
 - 32
[H]OC([H])(N=N[H])C1=C([H])C([H])=C([H])C(N([H])[H])=C1[H]
 - 19
[H]OC(=NN([H])[H])C1=C([H])C([H])=C([H])C(N([H])[H])=C1[H]
 - 19
[H]N([H])N([H])C(=O)C1=C([H])C([H])=C([H])C(N([H])[H])=C1[H]
 - 19
[H]C1([H])C2=C(C(=S)SS2)C([H])([H])C([H])([H])C1([H])[H]
 - 16
[H]OC([H])(C1([H])C([H])([H])C1([H])[H])C1([H])C([H])([H])C1([H])[H]
 - 13
[H]N([H])C1=C([H])C([H])=C(C([H])=C1[H])C(=O)OC([H])([H])C([H])([H])C([H])([H])C([H])([H])C([H])([H])C([H])([H])C([H])([H])C([H])([H])[H]
 - 19
[H]C1=C([H])C([H])=C(C([H])=C1[H])S(=O)(=O)N(C([H])([H])[H])C([H])([H])[H]
 - 13
[H]OC1([H])C2([H])C([H])([H])C([H])([H])C([H])(C2([H])[H])C1([H])O[H]
 - 18
[H]C1=NC(OC([H])([H])C([H])([H])[H])=C([H])C([H])=C1[H]
 - 17
[H]ON1C(C([H])([H])[H])(C([H])([H])[H])C([H])([H])C([H])(N([H])[H])C([H])([H])C1(C([H])([H])[H])C([H])([H])[H]
 - 24
[H]C1=C([H])C(=C([H])O1)C(=O)N(C([H])([H])[H])C([H])([H])[H]
 - 11
[H]C1=C([H])C([H])=C(OC([H])([H])C([H])([H])[H])C([H])=N1
 - 18
[H]C([H])([H])C1(OC(C([H])([H])[H])(C([H])([H])[H])C([H])([H])C1([H])[H])C([H])([H])[H]
 - 19
[H]OC([H])([H])C1=C(Cl)C([H])=C([H])C([H])=C1Cl
 - 15
[O-][N+](=O)c1ccc(cc1)Oc1ccc(cc1[N+](=O)[O-])C(F)(F)F
 - 'NoneType' object has no attribute 'kekulise'
[H]C1=C([H])C(=C([H])C([H])=C1OC1=C(C([H])=C(C([H])=C1[H])C(F)(F)F)[N+]([O-])=O)[N+]([O-])=O
 - 'NoneType' object has no attribute 'kekulise'
[O-][N+](=O)c1ccc(cc1)Oc1ccc(cc1[N+]([O-])=O)C(F)(F)F
 - 'NoneType' object has no attribute 'kekulise'
[O-][N+](=O)c1ccc(Oc2ccc(cc2[N+]([O-])=O)C(F)(F)F)cc1
 - 'NoneType' object has no attribute 'kekulise'
[O-][N+](=O)C1=CC=C(OC2=CC=C(C=C2[N+]([O-])=O)C(F)(F)F)C=C1
 - 'NoneType' object has no attribute 'kekulise'
[H]OC(O[H])=C1N2C(O[H])=C(N([H])C(O[H])=C(N([H])[H])C3=C([H])C([H])=C([H])C([H])=C3[H])C2([H])SC([H])=C1C([H])([H])[H]
 - 37
[H]OC(O[H])=C1N2C(O[H])=C(N([H])C(O[H])=C(N([H])[H])C3=C([H])C([H])=C([H])C([H])=C3[H])C2([H])SC([H])([H])C1=C([H])[H]
 - 38
[H]OC(O[H])=C1N2C(O[H])=C(N=C(O[H])C([H])(N([H])[H])C3=C([H])C([H])=C([H])C([H])=C3[H])C2([H])SC([H])=C1C([H])([H])[H]
 - 37
[H]OC(O[H])=C1N2C(O[H])=C(N([H])C(=O)C([H])(N([H])[H])C3=C([H])C([H])=C([H])C([H])=C3[H])C2([H])SC([H])=C1C([H])([H])[H]
 - 37
[H]OC(O[H])=C1N2C(O[H])=C(N=C(O[H])C([H])(N([H])[H])C3=C([H])C([H])=C([H])C([H])=C3[H])C2([H])SC([H])([H])C1=C([H])[H]
 - 38
[H]OC(O[H])=C1N2C(=O)C([H])(N([H])C(O[H])=C(N([H])[H])C3=C([H])C([H])=C([H])C([H])=C3[H])C2([H])SC([H])=C1C([H])([H])[H]
 - 37
[H]OC(O[H])=C1N2C(O[H])=C(N([H])C(=O)C([H])(N([H])[H])C3=C([H])C([H])=C([H])C([H])=C3[H])C2([H])SC([H])([H])C1=C([H])[H]
 - 38
[H]OC(O[H])=C1N2C(=O)C([H])(N([H])C(O[H])=C(N([H])[H])C3=C([H])C([H])=C([H])C([H])=C3[H])C2([H])SC([H])([H])C1=C([H])[H]
 - 38
[H]OC(O[H])=C1N2C(=O)C([H])(N=C(O[H])C([H])(N([H])[H])C3=C([H])C([H])=C([H])C([H])=C3[H])C2([H])SC([H])=C1C([H])([H])[H]
 - 37
[H]OC(O[H])=C1N2C(=O)C([H])(N([H])C(=O)C([H])(N([H])[H])C3=C([H])C([H])=C([H])C([H])=C3[H])C2([H])SC([H])=C1C([H])([H])[H]
 - 37
[H]OC(O[H])=C1N2C(=O)C([H])(N=C(O[H])C([H])(N([H])[H])C3=C([H])C([H])=C([H])C([H])=C3[H])C2([H])SC([H])([H])C1=C([H])[H]
 - 38
[H]OC(O[H])=C1N2C(=O)C([H])(N([H])C(=O)C([H])(N([H])[H])C3=C([H])C([H])=C([H])C([H])=C3[H])C2([H])SC([H])([H])C1=C([H])[H]
 - 38
[H]OC(=O)C1([H])N2C(=O)C([H])(N=C(O[H])C([H])(N([H])[H])C3=C([H])C([H])=C([H])C([H])=C3[H])C2([H])SC([H])=C1C([H])([H])[H]
 - 37
[H]OC(=O)C1=C(C([H])([H])[H])C([H])([H])SC2([H])N1C(=O)C2([H])N=C(O[H])C([H])(N([H])[H])C1=C([H])C([H])=C([H])C([H])=C1[H]
 - 26
[H]OC(=O)C1=C(C([H])([H])[H])C([H])([H])SC2([H])N1C(O[H])=C2N=C(O[H])C([H])(N([H])[H])C1=C([H])C([H])=C([H])C([H])=C1[H]
 - 26
[H]OC(=O)C1([H])N2C(=O)C([H])(N([H])C(=O)C([H])(N([H])[H])C3=C([H])C([H])=C([H])C([H])=C3[H])C2([H])SC([H])=C1C([H])([H])[H]
 - 37
[H]OC(=O)C1=C(C([H])([H])[H])C([H])([H])SC2([H])N1C(=O)C2([H])N([H])C(=O)C([H])(N([H])[H])C1=C([H])C([H])=C([H])C([H])=C1[H]
 - 25
[H]OC(=O)C1([H])N2C(O[H])=C(N([H])C(=O)C([H])(N([H])[H])C3=C([H])C([H])=C([H])C([H])=C3[H])C2([H])SC([H])=C1C([H])([H])[H]
 - 37
[H]OC(=O)C1=C(C([H])([H])[H])C([H])([H])SC2([H])N1C(O[H])=C2N([H])C(=O)C([H])(N([H])[H])C1=C([H])C([H])=C([H])C([H])=C1[H]
 - 25
[H]OC(=O)C1([H])N2C(=O)C([H])(N=C(O[H])C([H])(N([H])[H])C3=C([H])C([H])=C([H])C([H])=C3[H])C2([H])SC([H])([H])C1=C([H])[H]
 - 38
[H]OC(=O)C1([H])N2C(=O)C([H])(N([H])C(=O)C([H])(N([H])[H])C3=C([H])C([H])=C([H])C([H])=C3[H])C2([H])SC([H])([H])C1=C([H])[H]
 - 38
[H]OC(=O)C1([H])N2C(O[H])=C(N([H])C(=O)C([H])(N([H])[H])C3=C([H])C([H])=C([H])C([H])=C3[H])C2([H])SC([H])([H])C1=C([H])[H]
 - 38
[H]OC(=O)C1([H])N2C(=O)C([H])(N([H])C(O[H])=C(N([H])[H])C3=C([H])C([H])=C([H])C([H])=C3[H])C2([H])SC([H])=C1C([H])([H])[H]
 - 37
[H]OC(=O)C1=C(C([H])([H])[H])C([H])([H])SC2([H])N1C(=O)C2([H])N([H])C(O[H])=C(N([H])[H])C1=C([H])C([H])=C([H])C([H])=C1[H]
 - 25
[H]OC(=O)C1=C(C([H])([H])[H])C([H])([H])SC2([H])N1C(O[H])=C2N([H])C(O[H])=C(N([H])[H])C1=C([H])C([H])=C([H])C([H])=C1[H]
 - 25
[H]OC(=O)C1([H])N2C(=O)C([H])(N([H])C(O[H])=C(N([H])[H])C3=C([H])C([H])=C([H])C([H])=C3[H])C2([H])SC([H])([H])C1=C([H])[H]
 - 38
[H]C1=C([H])C([H])=C(C([H])=C1[H])C1=C([H])C(Cl)=C(Cl)C([H])=C1Cl
 - 21
Clc1cc(c2ccccc2)c(Cl)cc1Cl
 - 'NoneType' object has no attribute 'get_contributed_electrons'
[O-][N+](=O)O[C@@H]1CO[C@@H]2[C@@H](O)CO[C@H]12
 - 'NoneType' object has no attribute 'kekulise'
[H]OC1([H])C([H])([H])OC2([H])C([H])(O[N+]([O-])=O)C([H])([H])OC12[H]
 - 'NoneType' object has no attribute 'kekulise'
[O-][N+](=O)OC1COC2C(O)COC12
 - 'NoneType' object has no attribute 'kekulise'
O[C@H]1CO[C@@H]2[C@@H](CO[C@H]12)O[N+]([O-])=O
 - 'NoneType' object has no attribute 'kekulise'
OC1COC2C(COC12)O[N+]([O-])=O
 - 'NoneType' object has no attribute 'kekulise'
c1cc([N+](=O)[O-])c2c([N+](=O)[O-])cc[n+]([O-])c2c1
 - 'NoneType' object has no attribute 'kekulise'
[O-][N+](=O)C1=CC=CC2=C1C(=CC=[N+]2[O-])[N+]([O-])=O
 - 'NoneType' object has no attribute 'kekulise'
[O-][N+](=O)c1cccc2[n+]([O-])ccc([N+]([O-])=O)c12
 - 'NoneType' object has no attribute 'kekulise'
[O-][N+](=O)c1cccc2c1c(cc[n+]2[O-])[N+]([O-])=O
 - 'NoneType' object has no attribute 'kekulise'
c1cc(N(=O)(=O))c2c(N(=O)(=O))ccn(=O)c2c1
 - 'NoneType' object has no attribute 'kekulise'
O=N(=O)c1cccc2c1c(ccn2=O)N(=O)=O
 - 'NoneType' object has no attribute 'kekulise'
[O-][N+](=O)C1=CC=CC2=[N+]([O-])C=CC(=C12)[N+]([O-])=O
 - 'NoneType' object has no attribute 'kekulise'
[H]OC(=C([H])[H])N([H])C1=C([H])C(=C(O[H])C([H])=C1[H])C([H])([H])[H]
 - 18
[H]OC1=C(C([H])=C(N([H])C(=O)C([H])([H])[H])C([H])=C1[H])C([H])([H])[H]
 - 18
[H]OC(=NC1=C([H])C(=C(O[H])C([H])=C1[H])C([H])([H])[H])C([H])([H])[H]
 - 20
[H]OC(=O)C(N1N=C2C([H])=C([H])C([H])=C([H])C2=N1)(C([H])([H])[H])C([H])([H])[H]
 - 19
[Br-].C[N+](C)(C)Cc1cccnc1
 - 'NoneType' object has no attribute 'kekulise'
[Br-].C[N+](C)(C)CC1=CC=CN=C1
 - 'NoneType' object has no attribute 'kekulise'
[H]C1=NC([H])=C(C([H])=C1[H])C([H])([H])[N+](C([H])([H])[H])(C([H])([H])[H])C([H])([H])[H]
 - 'NoneType' object has no attribute 'kekulise'
C[N+](C)(C)Cc1c[n]ccc1
 - 'NoneType' object has no attribute 'kekulise'
C[N+](C)(C)Cc1cccnc1
 - 'NoneType' object has no attribute 'kekulise'
[Br-].C[N+](C)(C)Cc1c[n]ccc1
 - 'NoneType' object has no attribute 'kekulise'
[Br-].C[N+](C)(C)Cc1cnccc1
 - 'NoneType' object has no attribute 'kekulise'
[H]N(C1=NC([H])([H])C([H])([H])N1[H])C1=C(Cl)C(=C([H])C([H])=C1[H])C([H])([H])[H]
 - 21
[H]N1C(=NC2=C(Cl)C(=C([H])C([H])=C2[H])C([H])([H])[H])N([H])C([H])([H])C1([H])[H]
 - 24
[H]C1=C([H])N2C(=NC(=C(C2=O)C([H])([H])[H])C([H])([H])[H])C([H])=C1[H]
 - 22
[H]\\C(=C(\\[H])C1=C(C([H])=C([H])C([H])=C1[H])C([H])([H])[H])C(=O)C([H])([H])[H]
 - 2 bonds in a row
[H]OC(=NN=C(O[H])C([H])([H])[H])N([H])C1=C([H])C([H])=C(C([H])=C1[H])C([H])([H])[H]
 - 16
[H]OC(=NN([H])C(O[H])=C([H])[H])N([H])C1=C([H])C([H])=C(C([H])=C1[H])C([H])([H])[H]
 - 16
[H]OC(=NN([H])C(=O)N([H])C1=C([H])C([H])=C(C([H])=C1[H])C([H])([H])[H])C([H])([H])[H]
 - 25
[H]OC(=NN([H])C(=O)C([H])([H])[H])N([H])C1=C([H])C([H])=C(C([H])=C1[H])C([H])([H])[H]
 - 16
[H]OC(=NC1=C([H])C([H])=C(C([H])=C1[H])C([H])([H])[H])N([H])N=C(O[H])C([H])([H])[H]
 - 19
[H]OC([H])(N=NC(=O)N([H])C1=C([H])C([H])=C(C([H])=C1[H])C([H])([H])[H])C([H])([H])[H]
 - 25
[H]OC(N=NC([H])(O[H])C([H])([H])[H])=NC1=C([H])C([H])=C(C([H])=C1[H])C([H])([H])[H]
 - 16
[H]OC(N=NC([H])(O[H])N([H])C1=C([H])C([H])=C(C([H])=C1[H])C([H])([H])[H])=C([H])[H]
 - 26
[H]OC(=C([H])[H])N([H])N([H])C(=O)N([H])C1=C([H])C([H])=C(C([H])=C1[H])C([H])([H])[H]
 - 16
[H]OC([H])(N=NC(=O)C([H])([H])[H])N([H])C1=C([H])C([H])=C(C([H])=C1[H])C([H])([H])[H]
 - 16
[H]N(N([H])C(=O)C([H])([H])[H])C(=O)N([H])C1=C([H])C([H])=C(C([H])=C1[H])C([H])([H])[H]
 - 16
[H]OC(=NC1=C([H])C([H])=C(C([H])=C1[H])C([H])([H])[H])N([H])N([H])C(O[H])=C([H])[H]
 - 19
[H]OC(=NC1=C([H])C([H])=C(C([H])=C1[H])C([H])([H])[H])N([H])N([H])C(=O)C([H])([H])[H]
 - 19
[H]OC([H])([H])C1=C([H])C([H])=C([H])C([H])=C1Cl
 - 15
[H]OC1=NC2=C([H])C([H])=C(Cl)C([H])=C2C(=NC1([H])OC(=O)C1=C([H])C(OC([H])([H])[H])=C(OC([H])([H])[H])C(OC([H])([H])[H])=C1[H])C1=C([H])C([H])=C([H])C([H])=C1[H]
 - 45
[H]N1C2=C([H])C([H])=C(Cl)C([H])=C2C(=NC([H])(OC(=O)C2=C([H])C(OC([H])([H])[H])=C(OC([H])([H])[H])C(OC([H])([H])[H])=C2[H])C1=O)C1=C([H])C([H])=C([H])C([H])=C1[H]
 - 43
[H]N1C(C2=C([H])C([H])=C([H])C([H])=C2[H])=C2C([H])=C(Cl)C([H])=C([H])C2=NC(=O)C1([H])OC(=O)C1=C([H])C(OC([H])([H])[H])=C(OC([H])([H])[H])C(OC([H])([H])[H])=C1[H]
 - 54
[H]N1N=NC(=N1)C([H])([H])C1=C([H])C([H])=C([H])C([H])=C1[H]
 - 19
C(c1[n][nH][n][n]1)c1ccccc1
 - This structure cannot be kekulised!
C(c1n[nH]nn1)c1ccccc1
 - This structure cannot be kekulised!
[H]N1N=NN=C1C([H])([H])C1=C([H])C([H])=C([H])C([H])=C1[H]
 - 19
[H]C1=C(OC([H])([H])[H])N(N=C1C([H])([H])[H])C1=NC([H])=NC([H])=C1[H]
 - 16
n1cnccc1n1nc(C)cc1OC
 - 'NoneType' object has no attribute 'get_contributed_electrons'
n1cnccc1n2nc(C)cc2OC
 - 'NoneType' object has no attribute 'get_contributed_electrons'
[H]OC(=C([H])OC1=C([H])C([H])=C([H])C([H])=C1[H])N(C1=C([H])C([H])=C([H])C([H])=C1[H])C([H])([H])[H]
 - 19
[H]C1=C([H])C([H])=C(OC([H])([H])C(=O)N(C2=C([H])C([H])=C([H])C([H])=C2[H])C([H])([H])[H])C([H])=C1[H]
 - 32
[H]C([H])([H])C([H])([H])C([H])(C#N)C([H])([H])[H]
 - 7
[H]N=C=C(C([H])([H])[H])C([H])([H])C([H])([H])[H]
 - 9
[H]C1=C([H])C([H])=C2C(=C1[H])C(=O)C([H])(C2=O)C1=C([H])C(=C([H])C([H])=C1[H])C(F)(F)F
 - 25
[H]OC1(OC2([H])C3([H])C([H])(OC(=O)C13C([H])([H])[H])C([H])([H])C([H])(C1=C([H])C([H])([H])C(=O)C21C([H])([H])[H])C([H])([H])[H])C([H])([H])[H]
 - 41
[H]OC1=C([H])C([H])=C2C([H])(C([H])([H])[H])C([H])([H])C3([H])OC(=O)C4(C([H])([H])[H])C3([H])C([H])(OC4(O[H])C([H])([H])[H])C12C([H])([H])[H]
 - 40
[H]OC1(OC2([H])C3([H])C([H])(OC(=O)C13C([H])([H])[H])C([H])([H])C([H])(C([H])([H])[H])C1([H])C([H])=C([H])C(=O)C21C([H])([H])[H])C([H])([H])[H]
 - 41
CCc1n[nH]c(=O)[nH]c1=O
 - 'NoneType' object has no attribute 'get_contributed_electrons'
[H]OC1=NN=C(C(=O)N1[H])C([H])([H])C([H])([H])[H]
 - 11
[H]OC1=NC(O[H])=C(N=N1)C([H])([H])C([H])([H])[H]
 - 11
[H]OC1=C(N=NC(=O)N1[H])C([H])([H])C([H])([H])[H]
 - 11
[H]N1N=C(C(=O)N([H])C1=O)C([H])([H])C([H])([H])[H]
 - 11
[H]OC1=NC(=O)C(=NN1[H])C([H])([H])C([H])([H])[H]
 - 11
[H]OC1=NC(=O)N([H])N=C1C([H])([H])C([H])([H])[H]
 - 11
[H]N1C(=O)N=NC([H])(C1=O)C([H])([H])C([H])([H])[H]
 - 11
[H]OC1=NC(=O)C([H])(N=N1)C([H])([H])C([H])([H])[H]
 - 11
[H]OC1=NC(=O)N=NC1([H])C([H])([H])C([H])([H])[H]
 - 11
[H]OC(O[H])=C([H])OC1=C([H])C([H])=C([H])C([H])=C1C(C([H])([H])[H])(C([H])([H])[H])C([H])([H])[H]
 - 18
[H]OC(=O)C([H])([H])OC1=C([H])C([H])=C([H])C([H])=C1C(C([H])([H])[H])(C([H])([H])[H])C([H])([H])[H]
 - 18
[H]OS1(=O)=NC([H])=NC2=C1C([H])=C(C(Br)=C2[H])S(=O)(=O)N([H])[H]
 - 18
[H]OS(=O)(=N[H])C1=C([H])C2=C(N=C([H])N=S2(=O)O[H])C([H])=C1Br
 - 22
[H]N([H])S(=O)(=O)C1=C([H])C2=C(N([H])C([H])=NS2(=O)=O)C([H])=C1Br
 - 22
[H]N([H])S(=O)(=O)C1=C([H])C2=C(N=C([H])N([H])S2(=O)=O)C([H])=C1Br
 - 22
[H]OS(=O)(=N[H])C1=C([H])C2=C(N([H])C([H])=NS2(=O)=O)C([H])=C1Br
 - 22
[H]OS(=O)(=N[H])C1=C([H])C2=C(N=C([H])N([H])S2(=O)=O)C([H])=C1Br
 - 22
[H]OC(=C([H])[H])C(=C([H])C1=C([H])C([H])=C(Cl)C([H])=C1[H])C(O[H])=C([H])[H]
 - 21
[H]OC(=C([H])[H])C(=C([H])C1=C([H])C([H])=C(Cl)C([H])=C1[H])C(=O)C([H])([H])[H]
 - 21
[H]C(=C(C(=O)C([H])([H])[H])C(=O)C([H])([H])[H])C1=C([H])C([H])=C(Cl)C([H])=C1[H]
 - 16
[H]N(C([H])([H])[H])C1([H])C([H])([H])C2=C(C([H])=C([H])C([H])=C2[H])C([H])([H])C1([H])[H]
 - 25
[H]C1=NC(Cl)=C([H])N=C1Cl
 - 9
[H]N(C(=O)N(C([H])([H])[H])C([H])([H])[H])C1=C([H])C([H])=C(OC([H])([H])[H])C(Cl)=C1[H]
 - 27
[H]OC(=NC1=C([H])C([H])=C(OC([H])([H])[H])C(Cl)=C1[H])N(C([H])([H])[H])C([H])([H])[H]
 - 20
[H]OC(O[H])=C(C([H])([H])C([H])([H])[H])C([H])([H])C([H])([H])C([H])([H])[H]
 - 14
[H]OC(=O)C([H])(C([H])([H])C([H])([H])[H])C([H])([H])C([H])([H])C([H])([H])[H]
 - 14
[H]C1=C([H])C(\\N=N\\N(C([H])([H])[H])C([H])([H])[H])=C([H])C(=C1[H])C([H])([H])[H]
 - 2 bonds in a row
[H]OC([H])([H])C1([H])OC([H])(OC2=C([H])C([H])=C(C([H])=C2[H])C([H])([H])[H])C([H])(O[H])C([H])(O[H])C1([H])O[H]
 - 34
CNC(=O)ON=C(C)C(C)(C)[N+]([O-])=O
 - 'NoneType' object has no attribute 'kekulise'
CN=C(O)ON=C(C)C(C)(C)[N+]([O-])=O
 - 'NoneType' object has no attribute 'kekulise'
CC(=NOC(=O)NC)C(C)(C)[N+]([O-])=O
 - 'NoneType' object has no attribute 'kekulise'
CNC(=O)ON=C(C)C(C)(C)[N+](=O)[O-]
 - 'NoneType' object has no attribute 'kekulise'
[H]N(C(=O)O\\N=C(/C([H])([H])[H])C([N+]([O-])=O)(C([H])([H])[H])C([H])([H])[H])C([H])([H])[H]
 - 2 bonds in a row
CN=C(O)ONC(=C)C(C)(C)[N+]([O-])=O
 - 'NoneType' object has no attribute 'kekulise'
CNC(=O)ONC(=C)C(C)(C)[N+]([O-])=O
 - 'NoneType' object has no attribute 'kekulise'
[H]N(C(=O)OC([H])([H])[H])C1=C(C([H])=C([H])C([H])=C1C([H])([H])[H])C([H])([H])[H]
 - 18
[H]OC(OC([H])([H])[H])=NC1=C(C([H])=C([H])C([H])=C1C([H])([H])[H])C([H])([H])[H]
 - 18
[H]OC(O[H])=C(N([H])C(O[H])=C(N([H])[H])C([H])([H])C1=C([H])N([H])C2=C([H])C([H])=C([H])C([H])=C12)C([H])([H])C1=C([H])N([H])C2=C([H])C([H])=C([H])C([H])=C12
 - 34
[H]OC(N([H])C(=C([H])C1=C([H])N([H])C2=C([H])C([H])=C([H])C([H])=C12)C([H])(O[H])O[H])=C(N([H])[H])C([H])([H])C1=C([H])N([H])C2=C([H])C([H])=C([H])C([H])=C12
 - 30
[H]OC(O[H])=C(N([H])C([H])(O[H])C(N([H])[H])=C([H])C1=C([H])N([H])C2=C([H])C([H])=C([H])C([H])=C12)C([H])([H])C1=C([H])N([H])C2=C([H])C([H])=C([H])C([H])=C12
 - 34
[H]OC(O[H])=C(N=C(O[H])C([H])(N([H])[H])C([H])([H])C1=C([H])N([H])C2=C([H])C([H])=C([H])C([H])=C12)C([H])([H])C1=C([H])N([H])C2=C([H])C([H])=C([H])C([H])=C12
 - 34
[H]OC(O[H])=C(N([H])C(=O)C([H])(N([H])[H])C([H])([H])C1=C([H])N([H])C2=C([H])C([H])=C([H])C([H])=C12)C([H])([H])C1=C([H])N([H])C2=C([H])C([H])=C([H])C([H])=C12
 - 34
[H]OC([H])(O[H])C(N([H])C([H])(O[H])C(N([H])[H])=C([H])C1=C([H])N([H])C2=C([H])C([H])=C([H])C([H])=C12)=C([H])C1=C([H])N([H])C2=C([H])C([H])=C([H])C([H])=C12
 - 35
[H]OC(N=C(C([H])([H])C1=C([H])N([H])C2=C([H])C([H])=C([H])C([H])=C12)C([H])(O[H])O[H])=C(N([H])[H])C([H])([H])C1=C([H])N([H])C2=C([H])C([H])=C([H])C([H])=C12
 - 30
[H]OC(O[H])=C(N([H])C([H])(O[H])C(=N[H])C([H])([H])C1=C([H])N([H])C2=C([H])C([H])=C([H])C([H])=C12)C([H])([H])C1=C([H])N([H])C2=C([H])C([H])=C([H])C([H])=C12
 - 34
[H]OC(=NC([H])(C([H])([H])C1=C([H])N([H])C2=C([H])C([H])=C([H])C([H])=C12)C([H])(O[H])O[H])C(N([H])[H])=C([H])C1=C([H])N([H])C2=C([H])C([H])=C([H])C([H])=C12
 - 31
[H]OC(=NC(=C([H])C1=C([H])N([H])C2=C([H])C([H])=C([H])C([H])=C12)C([H])(O[H])O[H])C([H])(N([H])[H])C([H])([H])C1=C([H])N([H])C2=C([H])C([H])=C([H])C([H])=C12
 - 30
[H]OC([H])(O[H])C(N([H])C(=O)C([H])(N([H])[H])C([H])([H])C1=C([H])N([H])C2=C([H])C([H])=C([H])C([H])=C12)=C([H])C1=C([H])N([H])C2=C([H])C([H])=C([H])C([H])=C12
 - 35
[H]OC([H])(O[H])C([H])(N([H])C(=O)C(N([H])[H])=C([H])C1=C([H])N([H])C2=C([H])C([H])=C([H])C([H])=C12)C([H])([H])C1=C([H])N([H])C2=C([H])C([H])=C([H])C([H])=C12
 - 34
[H]OC([H])(O[H])C(=NC([H])(O[H])C(N([H])[H])=C([H])C1=C([H])N([H])C2=C([H])C([H])=C([H])C([H])=C12)C([H])([H])C1=C([H])N([H])C2=C([H])C([H])=C([H])C([H])=C12
 - 34
[H]OC([H])(O[H])C(N([H])C([H])(O[H])C(=N[H])C([H])([H])C1=C([H])N([H])C2=C([H])C([H])=C([H])C([H])=C12)=C([H])C1=C([H])N([H])C2=C([H])C([H])=C([H])C([H])=C12
 - 35
[H]OC([H])(O[H])C(=NC(=O)C([H])(N([H])[H])C([H])([H])C1=C([H])N([H])C2=C([H])C([H])=C([H])C([H])=C12)C([H])([H])C1=C([H])N([H])C2=C([H])C([H])=C([H])C([H])=C12
 - 34
[H]OC(=NC([H])(C([H])([H])C1=C([H])N([H])C2=C([H])C([H])=C([H])C([H])=C12)C([H])(O[H])O[H])C(=N[H])C([H])([H])C1=C([H])N([H])C2=C([H])C([H])=C([H])C([H])=C12
 - 31
[H]OC([H])(O[H])C([H])(N([H])C(=O)C(=N[H])C([H])([H])C1=C([H])N([H])C2=C([H])C([H])=C([H])C([H])=C12)C([H])([H])C1=C([H])N([H])C2=C([H])C([H])=C([H])C([H])=C12
 - 34
[H]OC([H])(O[H])C(=NC([H])(O[H])C(=N[H])C([H])([H])C1=C([H])N([H])C2=C([H])C([H])=C([H])C([H])=C12)C([H])([H])C1=C([H])N([H])C2=C([H])C([H])=C([H])C([H])=C12
 - 34
[H]OC(=O)C([H])(N([H])C([H])(O[H])C(=N[H])C([H])([H])C1=C([H])N([H])C2=C([H])C([H])=C([H])C([H])=C12)C([H])([H])C1=C([H])N([H])C2=C([H])C([H])=C([H])C([H])=C12
 - 34
[H]OC(=O)C([H])(N=C(O[H])C([H])(N([H])[H])C([H])([H])C1=C([H])N([H])C2=C([H])C([H])=C([H])C([H])=C12)C([H])([H])C1=C([H])N([H])C2=C([H])C([H])=C([H])C([H])=C12
 - 34
[H]OC(=O)C([H])(N([H])C(=O)C([H])(N([H])[H])C([H])([H])C1=C([H])N([H])C2=C([H])C([H])=C([H])C([H])=C12)C([H])([H])C1=C([H])N([H])C2=C([H])C([H])=C([H])C([H])=C12
 - 34
NC(Cc1c[nH]c2ccccc21)C(=O)NC(Cc1c[nH]c2ccccc21)C(O)=O
 - This structure cannot be kekulised!
OC(=O)C(Cc1c[nH]c2ccccc12)NC(=O)C(N)Cc1c[nH]c2ccccc12
 - This structure cannot be kekulised!
[H]OC(=O)C(=NC([H])(O[H])C([H])(N([H])[H])C([H])([H])C1=C([H])N([H])C2=C([H])C([H])=C([H])C([H])=C12)C([H])([H])C1=C([H])N([H])C2=C([H])C([H])=C([H])C([H])=C12
 - 34
[H]OC(=O)C([H])(N([H])C(O[H])=C(N([H])[H])C([H])([H])C1=C([H])N([H])C2=C([H])C([H])=C([H])C([H])=C12)C([H])([H])C1=C([H])N([H])C2=C([H])C([H])=C([H])C([H])=C12
 - 34
[H]OC(=O)C([H])(N([H])C([H])(O[H])C(N([H])[H])=C([H])C1=C([H])N([H])C2=C([H])C([H])=C([H])C([H])=C12)C([H])([H])C1=C([H])N([H])C2=C([H])C([H])=C([H])C([H])=C12
 - 34
[H]OC(=O)C(N([H])C([H])(O[H])C([H])(N([H])[H])C([H])([H])C1=C([H])N([H])C2=C([H])C([H])=C([H])C([H])=C12)=C([H])C1=C([H])N([H])C2=C([H])C([H])=C([H])C([H])=C12
 - 35
[H]OC1=C([H])C([H])=C2C(OC([H])(C(O[H])=C2O[H])C2=C([H])C([H])=C(O[H])C(O[H])=C2[H])=C1[H]
 - 32
[H]OC1=C([H])C([H])=C2C(OC(=C(O[H])C2([H])O[H])C2=C([H])C([H])=C(O[H])C(O[H])=C2[H])=C1[H]
 - 32
[H]OC1=C([H])C([H])=C2C(=O)C([H])(O[H])C([H])(OC2=C1[H])C1=C([H])C([H])=C(O[H])C(O[H])=C1[H]
 - 22
[H]OC1=C([H])C([H])=C2C(OC([H])(C(=O)C2([H])O[H])C2=C([H])C([H])=C(O[H])C(O[H])=C2[H])=C1[H]
 - 32
[H]OC(=NC([H])([H])[H])N([H])C1=C([H])C(Cl)=C([H])C([H])=C1[H]
 - 20
[H]N(C(=O)N([H])C([H])([H])[H])C1=C([H])C(Cl)=C([H])C([H])=C1[H]
 - 20
[H]OC(=NC1=C([H])C(Cl)=C([H])C([H])=C1[H])N([H])C([H])([H])[H]
 - 16
[H]N([H])N1C(SC([H])([H])[H])=NN=C(C1=O)C([H])([H])C([H])([H])[H]
 - 14
[H]OC(=C1C([H])=C2C(=C([H])C1=C([H])[H])C(C([H])([H])[H])(C([H])([H])[H])C([H])(C([H])([H])[H])C([H])([H])C2(C([H])([H])[H])C([H])([H])[H])C([H])([H])[H]
 - 42
[H]OC(=C([H])[H])C1=C([H])C2=C(C([H])=C1C([H])([H])[H])C(C([H])([H])[H])(C([H])([H])[H])C([H])(C([H])([H])[H])C([H])([H])C2(C([H])([H])[H])C([H])([H])[H]
 - 37
[H]C1=C(C(=O)C([H])([H])[H])C(=C([H])C2=C1C(C([H])([H])[H])(C([H])([H])[H])C([H])([H])C([H])(C([H])([H])[H])C2(C([H])([H])[H])C([H])([H])[H])C([H])([H])[H]
 - 42
[H]OC(N([H])C1=C(C([H])=C([H])C([H])=C1C([H])([H])[H])C([H])([H])[H])=C([H])N(C([H])([H])[H])C([H])([H])[H]
 - 23
[H]N(C(=O)C([H])([H])N(C([H])([H])[H])C([H])([H])[H])C1=C(C([H])=C([H])C([H])=C1C([H])([H])[H])C([H])([H])[H]
 - 17
[H]OC(=NC1=C(C([H])=C([H])C([H])=C1C([H])([H])[H])C([H])([H])[H])C([H])([H])N(C([H])([H])[H])C([H])([H])[H]
 - 22
[H]C1=C([H])C(=C([H])C(Cl)=C1Cl)C([H])(OC(=O)C([H])([H])[H])C(Cl)(Cl)Cl
 - 21
[H]OC1=C([H])C([H])([H])C(C(=O)N1[H])(C1=C([H])C([H])=C([H])C([H])=C1[H])C1([H])C([H])([H])C([H])([H])N(C([H])([H])C2=C([H])C([H])=C([H])C([H])=C2[H])C([H])([H])C1([H])[H]
 - 51
[H]OC1=C([H])C([H])([H])C(C(O[H])=N1)(C1=C([H])C([H])=C([H])C([H])=C1[H])C1([H])C([H])([H])C([H])([H])N(C([H])([H])C2=C([H])C([H])=C([H])C([H])=C2[H])C([H])([H])C1([H])[H]
 - 51
[H]N1C(=O)C([H])([H])C([H])([H])C(C1=O)(C1=C([H])C([H])=C([H])C([H])=C1[H])C1([H])C([H])([H])C([H])([H])N(C([H])([H])C2=C([H])C([H])=C([H])C([H])=C2[H])C([H])([H])C1([H])[H]
 - 51
[H]OC1=NC(=O)C([H])([H])C([H])([H])C1(C1=C([H])C([H])=C([H])C([H])=C1[H])C1([H])C([H])([H])C([H])([H])N(C([H])([H])C2=C([H])C([H])=C([H])C([H])=C2[H])C([H])([H])C1([H])[H]
 - 51
[H]OC1=NC(=O)C(C2=C([H])C([H])=C([H])C([H])=C2[H])(C([H])([H])C1([H])[H])C1([H])C([H])([H])C([H])([H])N(C([H])([H])C2=C([H])C([H])=C([H])C([H])=C2[H])C([H])([H])C1([H])[H]
 - 51
[H]C([H])=C1C(=O)OC2([H])C3([H])OC3(C([H])([H])[H])C([H])([H])C3([H])OC(=O)C(=C3[H])C([H])([H])C([H])(OC(=O)C([H])=C(C([H])([H])[H])C([H])([H])[H])C12[H]
 - 48
[H]OC(=C([H])[H])N([H])C1=C([H])C2=C([H])C([H])=C([H])N=C2C([H])=C1[H]
 - 23
[H]N(C(=O)C([H])([H])[H])C1=C([H])C2=C([H])C([H])=C([H])N=C2C([H])=C1[H]
 - 23
[H]N(C(=O)C([H])([H])[H])C1=C([H])C2=C(N=C([H])C([H])=C2[H])C([H])=C1[H]
 - 23
[H]OC(=NC1=C([H])C2=C([H])C([H])=C([H])N=C2C([H])=C1[H])C([H])([H])[H]
 - 21
[H]N=C(C1=C([H])C([H])=C([H])C([H])=C1[H])C1=C(C([H])=C([H])C([H])=C1[H])C([H])([H])[H]
 - 16
[H]N([H])C(C1=C([H])C([H])=C([H])C([H])=C1[H])=C1C([H])=C([H])C([H])=C([H])C1=C([H])[H]
 - 16
[H]N(C1=NC(Cl)=NC(=N1)N([H])C1([H])C([H])([H])C1([H])[H])C([H])(C([H])([H])[H])C([H])([H])[H]
 - 20
[H]N1C(Cl)=NC(=NC([H])(C([H])([H])[H])C([H])([H])[H])N([H])C1=NC1([H])C([H])([H])C1([H])[H]
 - 20
[H]N1C(Cl)=NC(=NC2([H])C([H])([H])C2([H])[H])N([H])C1=NC([H])(C([H])([H])[H])C([H])([H])[H]
 - 18
[H]N(C1=NC(=NC2([H])C([H])([H])C2([H])[H])N([H])C(Cl)=N1)C([H])(C([H])([H])[H])C([H])([H])[H]
 - 20
[H]N(C1=NC(=NC([H])(C([H])([H])[H])C([H])([H])[H])N([H])C(Cl)=N1)C1([H])C([H])([H])C1([H])[H]
 - 22
[H]N(C1=NC(=NC([H])(C([H])([H])[H])C([H])([H])[H])N=C(Cl)N1[H])C1([H])C([H])([H])C1([H])[H]
 - 22
[H]N(C1=NC(=NC2([H])C([H])([H])C2([H])[H])N=C(Cl)N1[H])C([H])(C([H])([H])[H])C([H])([H])[H]
 - 20
[H]N(C1=NC(Cl)=NC(=NC([H])(C([H])([H])[H])C([H])([H])[H])N1[H])C1([H])C([H])([H])C1([H])[H]
 - 22
[H]N(C1=NC(Cl)=NC(=NC2([H])C([H])([H])C2([H])[H])N1[H])C([H])(C([H])([H])[H])C([H])([H])[H]
 - 20
CCOC(=O)C(C)NC(=O)CCCCSc1c2[nH]cnc2ncn1
 - This structure cannot be kekulised!
[H]OC(=NC([H])(C(=O)OC([H])([H])C([H])([H])[H])C([H])([H])[H])C([H])([H])C([H])([H])C([H])([H])C([H])([H])SC1=C2N([H])C([H])=NC2=NC([H])=N1
 - 25
[H]OC(=NC([H])(C(=O)OC([H])([H])C([H])([H])[H])C([H])([H])[H])C([H])([H])C([H])([H])C([H])([H])C([H])([H])SC1=C2N=C([H])N([H])C2=NC([H])=N1
 - 25
[H]OC(N([H])C([H])(C(=O)OC([H])([H])C([H])([H])[H])C([H])([H])[H])=C([H])C([H])([H])C([H])([H])C([H])([H])SC1=C2N=C([H])N([H])C2=NC([H])=N1
 - 25
[H]OC(N([H])C([H])(C(=O)OC([H])([H])C([H])([H])[H])C([H])([H])[H])=C([H])C([H])([H])C([H])([H])C([H])([H])SC1=C2N([H])C([H])=NC2=NC([H])=N1
 - 25
[H]N(C(=O)C([H])([H])C([H])([H])C([H])([H])C([H])([H])SC1=C2N([H])C([H])=NC2=NC([H])=N1)C([H])(C(=O)OC([H])([H])C([H])([H])[H])C([H])([H])[H]
 - 30
CCOC(=O)C(C)NC(=O)CCCCSc1[n]c[n]c2[n]c[nH]c12
 - This structure cannot be kekulised!
[H]N(C(=O)C([H])([H])C([H])([H])C([H])([H])C([H])([H])SC1=C2N=C([H])N([H])C2=NC([H])=N1)C([H])(C(=O)OC([H])([H])C([H])([H])[H])C([H])([H])[H]
 - 30
[H]OC(=NC([H])(C(=O)OC([H])([H])C([H])([H])[H])C([H])([H])[H])C([H])([H])C([H])([H])C([H])([H])C([H])([H])SC1=C2N=C([H])N=C2N=C([H])N1[H]
 - 25
[H]OC(=NC([H])(C(=O)OC([H])([H])C([H])([H])[H])C([H])([H])[H])C([H])([H])C([H])([H])C([H])([H])C([H])([H])SC1=C2N=C([H])N=C2N([H])C([H])=N1
 - 25
[H]OC(N([H])C([H])(C(=O)OC([H])([H])C([H])([H])[H])C([H])([H])[H])=C([H])C([H])([H])C([H])([H])C([H])([H])SC1=C2N=C([H])N=C2N=C([H])N1[H]
 - 25
[H]OC(N([H])C([H])(C(=O)OC([H])([H])C([H])([H])[H])C([H])([H])[H])=C([H])C([H])([H])C([H])([H])C([H])([H])SC1=C2N=C([H])N=C2N([H])C([H])=N1
 - 25
[H]N(C(=O)C([H])([H])C([H])([H])C([H])([H])C([H])([H])SC1=C2N=C([H])N=C2N=C([H])N1[H])C([H])(C(=O)OC([H])([H])C([H])([H])[H])C([H])([H])[H]
 - 30
[H]N(C(=O)C([H])([H])C([H])([H])C([H])([H])C([H])([H])SC1=C2N=C([H])N=C2N([H])C([H])=N1)C([H])(C(=O)OC([H])([H])C([H])([H])[H])C([H])([H])[H]
 - 30
[H]N(C1=C([H])C([H])=C(SC([H])([H])[H])C([H])=C1[H])S(=O)(=O)C(F)(F)F
 - 18
[H]OS(=O)(=NC1=C([H])C([H])=C(SC([H])([H])[H])C([H])=C1[H])C(F)(F)F
 - 21
[H]N(C1=C([H])C([H])=C(C([H])=C1[H])S(=O)(=O)C([H])([H])[H])S(=O)(=O)C(F)(F)F
 - 20
[H]OS(=O)(=NC1=C([H])C([H])=C(C([H])=C1[H])S(=O)(=O)C([H])([H])[H])C(F)(F)F
 - 23
[H]OS(=O)(=C([H])[H])C1=C([H])C([H])=C(N([H])S(=O)(=O)C(F)(F)F)C([H])=C1[H]
 - 25
[H]OS(=O)(=C([H])[H])C1=C([H])C([H])=C(N=S(=O)(O[H])C(F)(F)F)C([H])=C1[H]
 - 25
[H]OC1=C([H])C(N([H])S(=O)(=O)C(F)(F)F)=C([H])C([H])=C1[H]
 - 20
[H]OC1=C([H])C(N=S(=O)(O[H])C(F)(F)F)=C([H])C([H])=C1[H]
 - 20
[H]N(C1=C([H])C([H])=C(F)C([H])=C1[H])S(=O)(=O)C(F)(F)F
 - 16
[H]OS(=O)(=NC1=C([H])C([H])=C(F)C([H])=C1[H])C(F)(F)F
 - 17
[H]N(C1=C([H])C([H])=C(Cl)C([H])=C1[H])S(=O)(=O)C(F)(F)F
 - 16
[H]OS(=O)(=NC1=C([H])C([H])=C(Cl)C([H])=C1[H])C(F)(F)F
 - 17
CC(C)c1cnc(n1C)[N+]([O-])=O
 - 'NoneType' object has no attribute 'kekulise'
[H]C1=C(N(C(=N1)[N+]([O-])=O)C([H])([H])[H])C([H])(C([H])([H])[H])C([H])([H])[H]
 - 'NoneType' object has no attribute 'kekulise'
C[n]1c(c[n]c1[N+]([O-])=O)C(C)C
 - 'NoneType' object has no attribute 'kekulise'
Cn1c(cnc1[N+](=O)[O-])C(C)C
 - 'NoneType' object has no attribute 'kekulise'
CC(C)C1=CN=C(N1C)[N+]([O-])=O
 - 'NoneType' object has no attribute 'kekulise'
OCC(NC(O)=C=C=N)C(O)C1=CC=C(C=C1)[N+]([O-])=O
 - 'NoneType' object has no attribute 'kekulise'
[H]OC(=NC([H])(C([H])([H])O[H])C([H])(O[H])C1=C([H])C([H])=C(C([H])=C1[H])[N+]([O-])=O)C([H])=C=N[H]
 - 'NoneType' object has no attribute 'kekulise'
OCC(N=C(O)C=C=N)C(O)C1=CC=C(C=C1)[N+]([O-])=O
 - 'NoneType' object has no attribute 'kekulise'
[H]OC(=NC([H])(C([H])([H])O[H])C([H])(O[H])C1=C([H])C([H])=C(C([H])=C1[H])[N+]([O-])=O)C([H])([H])C#N
 - 'NoneType' object has no attribute 'kekulise'
OCC(N=C(O)CC#N)C(O)C1=CC=C(C=C1)[N+]([O-])=O
 - 'NoneType' object has no attribute 'kekulise'
[H]OC([H])([H])C([H])(N([H])C(=O)C([H])=C=N[H])C([H])(O[H])C1=C([H])C([H])=C(C([H])=C1[H])[N+]([O-])=O
 - 'NoneType' object has no attribute 'kekulise'
OCC(NC(=O)C=C=N)C(O)C1=CC=C(C=C1)[N+]([O-])=O
 - 'NoneType' object has no attribute 'kekulise'
[H]OC([H])([H])C([H])(N([H])C(=O)C([H])([H])C#N)C([H])(O[H])C1=C([H])C([H])=C(C([H])=C1[H])[N+]([O-])=O
 - 'NoneType' object has no attribute 'kekulise'
c1cc([N+](=O)[O-])ccc1C(O)C(CO)NC(=O)CC#N
 - 'NoneType' object has no attribute 'kekulise'
N#CCC(=O)NC(CO)C(O)c1ccc(cc1)[N+]([O-])=O
 - 'NoneType' object has no attribute 'kekulise'
OCC(NC(=O)CC#N)C(O)C1=CC=C(C=C1)[N+]([O-])=O
 - 'NoneType' object has no attribute 'kekulise'
[H]OC(=NC([H])(C([H])([H])O[H])C([H])(O[H])C1=C([H])C([H])=C(C([H])=C1[H])[N+]([O-])=O)C#CN([H])[H]
 - 'NoneType' object has no attribute 'kekulise'
NC#CC(O)=NC(CO)C(O)C1=CC=C(C=C1)[N+]([O-])=O
 - 'NoneType' object has no attribute 'kekulise'
[H]OC([H])([H])C([H])(N([H])C(=O)C#CN([H])[H])C([H])(O[H])C1=C([H])C([H])=C(C([H])=C1[H])[N+]([O-])=O
 - 'NoneType' object has no attribute 'kekulise'
NC#CC(=O)NC(CO)C(O)C1=CC=C(C=C1)[N+]([O-])=O
 - 'NoneType' object has no attribute 'kekulise'
[H]OC(N([H])C([H])(C([H])([H])O[H])C([H])(O[H])C1=C([H])C([H])=C(C([H])=C1[H])[N+]([O-])=O)=C([H])C#N
 - 'NoneType' object has no attribute 'kekulise'
OCC(NC(O)=CC#N)C(O)C1=CC=C(C=C1)[N+]([O-])=O
 - 'NoneType' object has no attribute 'kekulise'
[H]OC(=C=C=N[H])N([H])C([H])(C([H])([H])O[H])C([H])(O[H])C1=C([H])C([H])=C(C([H])=C1[H])[N+]([O-])=O
 - 'NoneType' object has no attribute 'kekulise'
[H]OC(=NC(C#C[H])(C([H])([H])[H])C([H])([H])[H])C1=C([H])C(Cl)=C([H])C(Cl)=C1[H]
 - 17
[H]C#CC(N([H])C(=O)C1=C([H])C(Cl)=C([H])C(Cl)=C1[H])(C([H])([H])[H])C([H])([H])[H]
 - 20
[H]OC(N([H])C1=C(SC([H])=C1C([H])([H])[H])C(=O)OC([H])([H])[H])=C(N([H])C([H])([H])C([H])([H])C([H])([H])[H])C([H])([H])[H]
 - 23
[H]OC([H])(N([H])C1=C(SC([H])=C1C([H])([H])[H])C(=O)OC([H])([H])[H])C(=C([H])[H])N([H])C([H])([H])C([H])([H])C([H])([H])[H]
 - 24
[H]N(C(=O)C([H])(N([H])C([H])([H])C([H])([H])C([H])([H])[H])C([H])([H])[H])C1=C(SC([H])=C1C([H])([H])[H])C(=O)OC([H])([H])[H]
 - 23
[H]OC([H])(N([H])C1=C(SC([H])=C1C([H])([H])[H])C(=O)OC([H])([H])[H])C(=NC([H])([H])C([H])([H])C([H])([H])[H])C([H])([H])[H]
 - 24
[H]OC(=NC1=C(SC([H])=C1C([H])([H])[H])C(=O)OC([H])([H])[H])C([H])(N([H])C([H])([H])C([H])([H])C([H])([H])[H])C([H])([H])[H]
 - 22
[H]OC([H])([H])C([H])([H])OC1=C(Br)C([H])=C(Br)C([H])=C1Br
 - 19
[H]C(=C(C([H])([H])[H])C([H])([H])[H])C1([H])C([H])(C(=O)OC([H])([H])[H])C1(C([H])([H])[H])C([H])([H])[H]
 - 14
[H]C1=C([H])C2=C(C([H])=C1[H])C1([H])N(C3=C([H])C([H])=C([H])C([H])=C3C2([H])[H])C([H])([H])C([H])([H])N(C([H])([H])[H])C1([H])[H]
 - 24
OCCN1CCOC1=Nc1ncc(s1)[N+]([O-])=O
 - 'NoneType' object has no attribute 'kekulise'
[O-][N+](=O)c1c[n]c(N=C2OCCN2CCO)[s]1
 - 'NoneType' object has no attribute 'kekulise'
OCCN1CCOC1=Nc1sc([N+](=O)[O-])cn1
 - 'NoneType' object has no attribute 'kekulise'
[H]OC([H])([H])C([H])([H])N1\\C(OC([H])([H])C1([H])[H])=N\\C1=NC([H])=C(S1)[N+]([O-])=O
 - 2 bonds in a row
OCCN1CCOC1=NC1=NC=C(S1)[N+]([O-])=O
 - 'NoneType' object has no attribute 'kekulise'
[O-][N+](=O)c1cnc(NC2=NCCN2CCO)s1
 - 'NoneType' object has no attribute 'kekulise'
[H]OC([H])([H])C([H])([H])N1C(=NC2=NC([H])=C(S2)[N+]([O-])=O)N([H])C([H])([H])C1([H])[H]
 - 'NoneType' object has no attribute 'kekulise'
OCCN1CCNC1=NC1=NC=C(S1)[N+]([O-])=O
 - 'NoneType' object has no attribute 'kekulise'
[O-][N+](=O)c1c[n]c(NC2=NCCN2CCO)[s]1
 - 'NoneType' object has no attribute 'kekulise'
[H]OC([H])([H])C([H])([H])N1C(=NC([H])([H])C1([H])[H])N([H])C1=NC([H])=C(S1)[N+]([O-])=O
 - 'NoneType' object has no attribute 'kekulise'
OCCN1CCN=C1NC1=NC=C(S1)[N+]([O-])=O
 - 'NoneType' object has no attribute 'kekulise'
[H]OC([H])([H])C([H])([H])N1C(N=C2SC(=C([H])N2[H])[N+]([O-])=O)=NC([H])([H])C1([H])[H]
 - 'NoneType' object has no attribute 'kekulise'
OCCN1CCN=C1N=C1NC=C(S1)[N+]([O-])=O
 - 'NoneType' object has no attribute 'kekulise'
[H]OC(=NC([H])([H])C([H])([H])C([H])([H])[H])C1=C([H])C2=C([H])C([H])=C([H])C([H])=C2O1
 - 16
[H]N(C(=O)C1=C([H])C2=C([H])C([H])=C([H])C([H])=C2O1)C([H])([H])C([H])([H])C([H])([H])[H]
 - 19
[H]OC([H])=C(O[H])C1(O[H])C([H])([H])C2=C(C(O[H])=C3C(=O)C4=C(OC([H])([H])[H])C([H])=C([H])C([H])=C4C(=O)C3=C2O[H])C([H])(O[H])C1([H])[H]
 - 46
[H]OC1=C2C(=O)C3=C([H])C([H])=C([H])C(OC([H])([H])[H])=C3C(=O)C2=C(O[H])C2=C1C([H])([H])C(O[H])(C(=O)C([H])([H])O[H])C([H])([H])C2([H])O[H]
 - 45
[H]OC1=C2C(=O)C3=C([H])C([H])=C([H])C(OC([H])([H])[H])=C3C(=O)C2=C(O[H])C2=C1C([H])([H])C(O[H])(C([H])([H])C2([H])O[H])C([H])(O[H])C([H])=O
 - 38
[H]N(C(=O)C(F)(F)F)C1=C([H])C([H])=C(C([H])=C1[H])C(=O)OC([H])([H])C([H])([H])[H]
 - 19
[H]OC(=NC1=C([H])C([H])=C(C([H])=C1[H])C(=O)OC([H])([H])C([H])([H])[H])C(F)(F)F
 - 25
[H]N([H])C1=C([H])C([H])=C(C([H])=C1[H])S(=O)(=O)N1C(=O)N([H])C(=O)C1(C1=C([H])C([H])=C([H])C([H])=C1[H])C1=C([H])C([H])=C([H])C([H])=C1[H]
 - 36
[H]OC1=NC(=O)C(N1S(=O)(=O)C1=C([H])C([H])=C(N([H])[H])C([H])=C1[H])(C1=C([H])C([H])=C([H])C([H])=C1[H])C1=C([H])C([H])=C([H])C([H])=C1[H]
 - 36
[H]OC1=NC(=O)N(C1(C1=C([H])C([H])=C([H])C([H])=C1[H])C1=C([H])C([H])=C([H])C([H])=C1[H])S(=O)(=O)C1=C([H])C([H])=C(N([H])[H])C([H])=C1[H]
 - 31
Clc1nonc1c1ccccc1
 - 'NoneType' object has no attribute 'get_contributed_electrons'
[H]C1=C([H])C([H])=C(C([H])=C1[H])C1=NON=C1Cl
 - 13
[H]N([H])C1=NC(N([H])[H])=C(C([H])=N1)C([H])([H])C1=C([H])C(=C(OC([H])([H])[H])C(OC([H])([H])[H])=C1[H])C([H])([H])[H]
 - 33
[H]N=C1N=C([H])C(=C(N([H])[H])N1[H])C([H])([H])C1=C([H])C(=C(OC([H])([H])[H])C(OC([H])([H])[H])=C1[H])C([H])([H])[H]
 - 33
[H]N=C1N([H])C([H])=C(C(=N[H])N1[H])C([H])([H])C1=C([H])C(=C(OC([H])([H])[H])C(OC([H])([H])[H])=C1[H])C([H])([H])[H]
 - 33
[H]N=C1N=C(N([H])[H])N([H])C([H])=C1C([H])([H])C1=C([H])C(=C(OC([H])([H])[H])C(OC([H])([H])[H])=C1[H])C([H])([H])[H]
 - 33
[H]N=C1N([H])C(=NC([H])=C1C([H])([H])C1=C([H])C(=C(OC([H])([H])[H])C(OC([H])([H])[H])=C1[H])C([H])([H])[H])N([H])[H]
 - 36
[H]N=C1N=C(N([H])[H])C(=C([H])N1[H])C([H])([H])C1=C([H])C(=C(OC([H])([H])[H])C(OC([H])([H])[H])=C1[H])C([H])([H])[H]
 - 33
[H]C1=C([H])C([H])=C(OC2=C([H])C(Cl)=C([H])C(Cl)=C2[H])C([H])=C1[H]
 - 22
[H]OC(=NS(=O)(=O)C1=C([H])C([H])=C(Cl)C([H])=C1[H])N([H])C1=C([H])C([H])=C([H])C([H])=C1[H]
 - 21
[H]N(C(=O)N([H])S(=O)(=O)C1=C([H])C([H])=C(Cl)C([H])=C1[H])C1=C([H])C([H])=C([H])C([H])=C1[H]
 - 21
[H]OC(=NC1=C([H])C([H])=C([H])C([H])=C1[H])N([H])S(=O)(=O)C1=C([H])C([H])=C(Cl)C([H])=C1[H]
 - 21
[H]OS(=O)(=NC(=O)N([H])C1=C([H])C([H])=C([H])C([H])=C1[H])C1=C([H])C([H])=C(Cl)C([H])=C1[H]
 - 21
[H]OC(=NC1=C([H])C([H])=C([H])C([H])=C1[H])N=S(=O)(O[H])C1=C([H])C([H])=C(Cl)C([H])=C1[H]
 - 21
[H]C1=C([H])C([H])=C(OC([H])([H])[H])O1
 - 13
s1nnc(c2ccccc2)c1
 - 'NoneType' object has no attribute 'get_contributed_electrons'
[H]C1=C(N=NS1)C1=C([H])C([H])=C([H])C([H])=C1[H]
 - 16
[H]OC([H])([H])C1([H])OC([H])(N2C([H])=C(C(=O)N([H])C2=O)C([H])([H])[H])C([H])([H])C1([H])F
 - 28
Cc1cn([C@H]2C[C@H](F)[C@@H](CO)O2)c(=O)[nH]c1=O
 - 'NoneType' object has no attribute 'kekulise'
[H]OC1=NC(=O)C(=C([H])N1C1([H])OC([H])(C([H])([H])O[H])C([H])(F)C1([H])[H])C([H])([H])[H]
 - 27
[H]OC1=NC(=O)N(C([H])=C1C([H])([H])[H])C1([H])OC([H])(C([H])([H])O[H])C([H])(F)C1([H])[H]
 - 28
o1c([N+](=O)[O-])ccc1C=C1SC(=N)N(C)C1=O
 - 'NoneType' object has no attribute 'kekulise'
CN1C(=N)SC(=CC2=CC=C(O2)[N+]([O-])=O)C1=O
 - 'NoneType' object has no attribute 'kekulise'
CN1C(=N)SC(=Cc2ccc(o2)[N+]([O-])=O)C1=O
 - 'NoneType' object has no attribute 'kekulise'
[H]N=C1S\\C(=C(\\[H])C2=C([H])C([H])=C(O2)[N+]([O-])=O)C(=O)N1C([H])([H])[H]
 - 2 bonds in a row
CCN1C(=N)SC(=Cc2ccc(o2)[N+]([O-])=O)C1=O
 - 'NoneType' object has no attribute 'kekulise'
CCN1C(=N)SC(=CC2=CC=C(O2)[N+]([O-])=O)C1=O
 - 'NoneType' object has no attribute 'kekulise'
o1c([N+](=O)[O-])ccc1C=C1SC(=N)N(CC)C1=O
 - 'NoneType' object has no attribute 'kekulise'
[H]N=C1S\\C(=C(\\[H])C2=C([H])C([H])=C(O2)[N+]([O-])=O)C(=O)N1C([H])([H])C([H])([H])[H]
 - 2 bonds in a row
CN(C)C1=NC(=O)C(S1)=Cc1ccc(o1)[N+]([O-])=O
 - 'NoneType' object has no attribute 'kekulise'
CN(C)C1=NC(=O)C(S1)=CC1=CC=C(O1)[N+]([O-])=O
 - 'NoneType' object has no attribute 'kekulise'
CN(C)C1=NC(=O)C(=Cc2ccc(o2)[N+]([O-])=O)S1
 - 'NoneType' object has no attribute 'kekulise'
S1C(=NC(=O)C1=Cc1ccc([N+](=O)[O-])o1)N(C)C
 - 'NoneType' object has no attribute 'kekulise'
[H]\\C(C1=C([H])C([H])=C(O1)[N+]([O-])=O)=C1\\SC(=NC1=O)N(C([H])([H])[H])C([H])([H])[H]
 - 2 bonds in a row
[H]OC(O[H])=C([H])C1=C([H])C([H])=C(OC([H])([H])C([H])([H])C([H])([H])[H])C([H])=C1[H]
 - 27
[H]OC(=O)C([H])([H])C1=C([H])C([H])=C(OC([H])([H])C([H])([H])C([H])([H])[H])C([H])=C1[H]
 - 27
c1cc([N+](=O)[O-])ccc1OC(C)C
 - 'NoneType' object has no attribute 'kekulise'
CC(C)OC1=CC=C(C=C1)[N+]([O-])=O
 - 'NoneType' object has no attribute 'kekulise'
[H]C1=C([H])C(=C([H])C([H])=C1OC([H])(C([H])([H])[H])C([H])([H])[H])[N+]([O-])=O
 - 'NoneType' object has no attribute 'kekulise'
CC(C)Oc1ccc(cc1)[N+]([O-])=O
 - 'NoneType' object has no attribute 'kekulise'
Cn1cnc(n1)[N+](=O)[O-]
 - 'NoneType' object has no attribute 'kekulise'
[H]C1=NC(=NN1C([H])([H])[H])[N+]([O-])=O
 - 'NoneType' object has no attribute 'kekulise'
C[n]1c[n]c([n]1)[N+]([O-])=O
 - 'NoneType' object has no attribute 'kekulise'
Cn1cnc(n1)[N+]([O-])=O
 - 'NoneType' object has no attribute 'kekulise'
CN1C=NC(=N1)[N+]([O-])=O
 - 'NoneType' object has no attribute 'kekulise'
[H]OC(C1=C([H])N=C([H])N=C1[H])(C1=C([H])C([H])=C([H])C([H])=C1[H])C1=C([H])C([H])=C(Cl)C([H])=C1Cl
 - 24
CNC1=NC(O)=C(S1)C=C=CC1=CC=C(O1)[N+]([O-])=O
 - 'NoneType' object has no attribute 'kekulise'
CN=C1NC(O)=C(S1)C=C=CC1=CC=C(O1)[N+]([O-])=O
 - 'NoneType' object has no attribute 'kekulise'
CN=C1NC(=O)C(S1)=CC=CC1=CC=C(O1)[N+]([O-])=O
 - 'NoneType' object has no attribute 'kekulise'
CN=C1SC(=CC=CC2=CC=C(O2)[N+]([O-])=O)C(O)=N1
 - 'NoneType' object has no attribute 'kekulise'
CN=C1NC(=O)C(S1)C=C=CC1=CC=C(O1)[N+]([O-])=O
 - 'NoneType' object has no attribute 'kekulise'
S1C(=NC(=O)C1=CC=Cc1ccc([N+](=O)[O-])o1)NC
 - 'NoneType' object has no attribute 'kekulise'
CNC1=NC(=O)C(=CC=Cc2ccc(o2)[N+]([O-])=O)S1
 - 'NoneType' object has no attribute 'kekulise'
CNC1=NC(=O)C(S1)=CC=CC1=CC=C(O1)[N+]([O-])=O
 - 'NoneType' object has no attribute 'kekulise'
[H]N(C1=NC(=O)\\C(S1)=C(/[H])\\C(\\[H])=C(/[H])C1=C([H])C([H])=C(O1)[N+]([O-])=O)C([H])([H])[H]
 - 2 bonds in a row
CN=C1SC(C=C=CC2=CC=C(O2)[N+]([O-])=O)C(O)=N1
 - 'NoneType' object has no attribute 'kekulise'
CNC1=NC(=O)C(S1)C=C=CC1=CC=C(O1)[N+]([O-])=O
 - 'NoneType' object has no attribute 'kekulise'
OC1=NC(=O)SC1=CC1=CC=C(O1)[N+]([O-])=O
 - 'NoneType' object has no attribute 'kekulise'
[O-][N+](=O)C1=CC=C(O1)C=C1SC(=O)NC1=O
 - 'NoneType' object has no attribute 'kekulise'
[O-][N+](=O)c1ccc(C=C2SC(=O)NC2=O)o1
 - 'NoneType' object has no attribute 'kekulise'
o1c([N+](=O)[O-])ccc1C=C1SC(=O)NC1=O
 - 'NoneType' object has no attribute 'kekulise'
[H]N1C(=O)S\\C(=C(\\[H])C2=C([H])C([H])=C(O2)[N+]([O-])=O)C1=O
 - 2 bonds in a row
OC1=NC(=O)C(S1)=CC1=CC=C(O1)[N+]([O-])=O
 - 'NoneType' object has no attribute 'kekulise'
[H]N1C(=O)N([H])C(=O)C(C1=O)(C([H])([H])[H])C([H])([H])C([H])([H])[H]
 - 16
[H]OC1=NC(=O)C(C(=O)N1[H])(C([H])([H])[H])C([H])([H])C([H])([H])[H]
 - 16
[H]OC1=NC(=O)N([H])C(=O)C1(C([H])([H])[H])C([H])([H])C([H])([H])[H]
 - 16
[H]OC1=NC(=O)N=C(O[H])C1(C([H])([H])[H])C([H])([H])C([H])([H])[H]
 - 16
[H]OC1=NC(=O)C(C(O[H])=N1)(C([H])([H])[H])C([H])([H])C([H])([H])[H]
 - 16
[H]OC(=C([H])[H])N([H])C1=C([H])C(=C(O[H])C([H])=C1[H])C([H])([H])C([H])([H])[H]
 - 18
[H]OC1=C(C([H])=C(N([H])C(=O)C([H])([H])[H])C([H])=C1[H])C([H])([H])C([H])([H])[H]
 - 18
[H]OC(=NC1=C([H])C(=C(O[H])C([H])=C1[H])C([H])([H])C([H])([H])[H])C([H])([H])[H]
 - 23
[H]N([H])P(=O)(OC([H])([H])C([H])([H])C([H])([H])[H])SC([H])([H])C([H])([H])C([H])([H])[H]
 - 17
[H]OP(=N[H])(OC([H])([H])C([H])([H])C([H])([H])[H])SC([H])([H])C([H])([H])C([H])([H])[H]
 - 17
[H]C1=C([H])C([H])=C(C([H])=C1[H])C1=C([H])C([H])([H])N(C([H])([H])[H])C([H])([H])C1([H])[H]
 - 26
[H]N(\\N=C(/C#N)C(=O)OC([H])([H])[H])C1=C([H])C(Cl)=C([H])C(Cl)=C1[H]
 - 2 bonds in a row
[H]N(\\N=C(/C#N)C(=O)C([H])([H])[H])C1=C([H])C(Cl)=C([H])C(Cl)=C1[H]
 - 2 bonds in a row
[H]N(\\N=C(/C#N)C(=O)OC([H])([H])C([H])([H])[H])C1=C([H])C(Cl)=C(Cl)C([H])=C1Cl
 - 2 bonds in a row
[H]OC(=O)C1=C([H])C([H])=C([H])C([H])=C1N([H])C([H])=C=N[H]
 - 14
[H]OC(=O)C1=C([H])C([H])=C([H])C([H])=C1N([H])C([H])([H])C#N
 - 14
[H]OC(=O)C1=C([H])C([H])=C([H])C([H])=C1N=C([H])C([H])=N[H]
 - 14
[H]OC(=O)C1=C([H])C([H])=C([H])C([H])=C1N=C=C([H])N([H])[H]
 - 14
[H]C1=C([H])C([H])=C(OC2=C(Cl)C([H])=C([H])C([H])=C2Cl)C([H])=C1[H]
 - 22
CCCN(CCC)c1c(cc(c(N)c1[N+]([O-])=O)C(F)(F)F)[N+]([O-])=O
 - 'NoneType' object has no attribute 'kekulise'
[H]N([H])C1=C(C([H])=C(C(N(C([H])([H])C([H])([H])C([H])([H])[H])C([H])([H])C([H])([H])C([H])([H])[H])=C1[N+]([O-])=O)[N+]([O-])=O)C(F)(F)F
 - 'NoneType' object has no attribute 'kekulise'
CCCN(CCC)c1c(cc(c(N)c1[N+](=O)[O-])C(F)(F)F)[N+](=O)[O-]
 - 'NoneType' object has no attribute 'kekulise'
CCCN(CCC)C1=C(C=C(C(N)=C1[N+]([O-])=O)C(F)(F)F)[N+]([O-])=O
 - 'NoneType' object has no attribute 'kekulise'
[H]OC(=C([H])[H])C1=C([H])C([H])=C([H])C([H])=C1OC(=O)N(C([H])([H])[H])C([H])([H])[H]
 - 16
[H]C1=C([H])C([H])=C(C(=O)C([H])([H])[H])C(OC(=O)N(C([H])([H])[H])C([H])([H])[H])=C1[H]
 - 27
[H]C1=C([H])C(Cl)=C(C([H])=C1[H])C1=NC([H])([H])C(=O)N(C2=C1C([H])=C(Cl)C([H])=C2[H])C([H])([H])OC([H])([H])[H]
 - 30
[H]C([H])([H])C([H])([H])C1=C(SSC1=S)C([H])([H])C([H])([H])C([H])([H])[H]
 - 12
[H]OC(=NC([H])([H])C(=O)OC1=C([H])C([H])=C(F)C([H])=C1[H])C1=C([H])C([H])=C([H])C([H])=C1[H]
 - 22
[H]N(C(=O)C1=C([H])C([H])=C([H])C([H])=C1[H])C([H])([H])C(=O)OC1=C([H])C([H])=C(F)C([H])=C1[H]
 - 21
[H]OC1=NC2=C(C([H])=C(C([H])=C2[H])N(C([H])([H])[H])C([H])([H])[H])C(=NC1([H])[H])C1=C([H])C([H])=C([H])C([H])=C1[H]
 - 25
[H]N1C2=C(C([H])=C(C([H])=C2[H])N(C([H])([H])[H])C([H])([H])[H])C(=NC([H])([H])C1=O)C1=C([H])C([H])=C([H])C([H])=C1[H]
 - 26
[H]N1C(C2=C([H])C([H])=C([H])C([H])=C2[H])=C2C([H])=C(C([H])=C([H])C2=NC(=O)C1([H])[H])N(C([H])([H])[H])C([H])([H])[H]
 - 27
[H]OC1=NC2=C([H])C([H])=C(Cl)C([H])=C2C(=NC1([H])[H])C1=C([H])C([H])=C([H])N1[H]
 - 20
[H]N1C([H])=C([H])C([H])=C1C1=NC([H])([H])C(=O)N([H])C2=C([H])C([H])=C(Cl)C([H])=C12
 - 28
O=C1CN=C(c2ccc[nH]2)c2cc(Cl)ccc2N1
 - This structure cannot be kekulised!
[H]N1C([H])=C([H])C([H])=C1C1=C2C([H])=C(Cl)C([H])=C([H])C2=NC(=O)C([H])([H])N1[H]
 - 27
[H]N1C(=O)N(C(=O)C1=O)C([H])([H])C1=C([H])C([H])=C([H])C([H])=C1[H]
 - 22
[H]OC1=NC(=O)C(=O)N1C([H])([H])C1=C([H])C([H])=C([H])C([H])=C1[H]
 - 22
[H]OC1=NC(=O)N(C1=O)C([H])([H])C1=C([H])C([H])=C([H])C([H])=C1[H]
 - 22
[H]OC1=C(N(C([H])=C([H])C1=O)C([H])([H])C([H])([H])C([H])([H])[H])C([H])([H])[H]
 - 22
[H]N([H])C1=C([H])C([H])=C(C([H])=C1[H])S(=O)(=O)N([H])C1=NC([H])=C(Br)C([H])=C1C([H])([H])[H]
 - 20
[H]N([H])C1=C([H])C([H])=C(C([H])=C1[H])S(=O)(=O)N=C1N([H])C([H])=C(Br)C([H])=C1C([H])([H])[H]
 - 27
[H]OS(=O)(=NC1=NC([H])=C(Br)C([H])=C1C([H])([H])[H])C1=C([H])C([H])=C(N([H])[H])C([H])=C1[H]
 - 20
CC1CN(C)C(N1)=NC1=NC=C(S1)[N+]([O-])=O
 - 'NoneType' object has no attribute 'kekulise'
CN1CC(C)NC1=Nc1[n]cc([s]1)[N+]([O-])=O
 - 'NoneType' object has no attribute 'kekulise'
s1c([N+](=O)[O-])cnc1N=C1N(C)CC(C)N1
 - 'NoneType' object has no attribute 'kekulise'
[H]N1\\C(=N/C2=NC([H])=C(S2)[N+]([O-])=O)N(C([H])([H])[H])C([H])([H])C1([H])C([H])([H])[H]
 - 2 bonds in a row
CC1CN(C)C(NC2=NC=C(S2)[N+]([O-])=O)=N1
 - 'NoneType' object has no attribute 'kekulise'
CC1CN(C)C(N=C2NC=C(S2)[N+]([O-])=O)=N1
 - 'NoneType' object has no attribute 'kekulise'
[H]N(C1=NC([H])([H])C([H])([H])N1[H])C1=C(Cl)SC([H])=C1C([H])([H])[H]
 - 14
[H]N1C(=NC2=C(Cl)SC([H])=C2C([H])([H])[H])N([H])C([H])([H])C1([H])[H]
 - 21
[H]C1=NC([H])=C(OC([H])([H])[H])C([H])=N1
 - 14
[H]C1=C(Cl)C(Cl)=C([H])C(=C1[H])C1=C([H])C(Cl)=C(Cl)C([H])=C1Cl
 - 21
Clc1ccc(cc1Cl)c1cc(Cl)c(Cl)cc1Cl
 - 'NoneType' object has no attribute 'get_contributed_electrons'
[O-][N+](=O)c1ccc2-c3ccc(cc3C(=O)c2c1)[N+]([O-])=O
 - 'NoneType' object has no attribute 'kekulise'
[O-][N+](=O)C1=CC=C2C3=CC=C(C=C3C(=O)C2=C1)[N+]([O-])=O
 - 'NoneType' object has no attribute 'kekulise'
[H]C1=C2C3=C([H])C([H])=C(C([H])=C3C(=O)C2=C([H])C(=C1[H])[N+]([O-])=O)[N+]([O-])=O
 - 'NoneType' object has no attribute 'kekulise'
[O-][N+](=O)c1cc2c(-c3ccc(cc3C2=O)[N+](=O)[O-])cc1
 - 'NoneType' object has no attribute 'kekulise'
[O-][N+](=O)c1cc2c(cc1)-c1ccc(cc1C2=O)[N+]([O-])=O
 - 'NoneType' object has no attribute 'kekulise'
[H]OC(=C([H])[H])N([H])C1=C([H])C(Cl)=C([H])C(Cl)=C1[H]
 - 18
[H]N(C(=O)C([H])([H])[H])C1=C([H])C(Cl)=C([H])C(Cl)=C1[H]
 - 18
[H]OC(=NC1=C([H])C(Cl)=C([H])C(Cl)=C1[H])C([H])([H])[H]
 - 16
[H]OC(=NS(=O)(=O)C1=C([H])C([H])=C([H])C([H])=C1[H])N(C([H])([H])[H])C([H])([H])[H]
 - 19
[H]N(C(=O)N(C([H])([H])[H])C([H])([H])[H])S(=O)(=O)C1=C([H])C([H])=C([H])C([H])=C1[H]
 - 16
[H]OS(=O)(=NC(=O)N(C([H])([H])[H])C([H])([H])[H])C1=C([H])C([H])=C([H])C([H])=C1[H]
 - 17
[H]OC(=C([H])N1C(=O)SC2=C([H])C([H])=C(Cl)C([H])=C12)N1C([H])([H])C([H])([H])N(C([H])([H])C([H])([H])O[H])C([H])([H])C1([H])[H]
 - 39
[H]OC([H])([H])C([H])([H])N1C([H])([H])C([H])([H])N(C(=O)C([H])([H])N2C(=O)SC3=C([H])C([H])=C(Cl)C([H])=C23)C([H])([H])C1([H])[H]
 - 39
[H]OC([H])([H])C([H])([H])N1C([H])([H])C([H])([H])N(C(=O)C([H])([H])N2C(=O)SC3=C2C([H])=C(Cl)C([H])=C3[H])C([H])([H])C1([H])[H]
 - 39
Clc1cc(Cl)c(cc1)c1cc(Cl)c(Cl)cc1
 - 'NoneType' object has no attribute 'get_contributed_electrons'
[H]C1=C(Cl)C([H])=C(Cl)C(=C1[H])C1=C([H])C([H])=C(Cl)C(Cl)=C1[H]
 - 21
[H]C1=C([H])C([H])=C(C([H])=C1[H])C([H])(OC([H])([H])C([H])([H])Cl)C1=C([H])C([H])=C([H])C([H])=C1[H]
 - 22
[H]C1=C([H])C(=C([H])C([H])=C1Cl)C1=C([H])C(Cl)=C(Cl)C([H])=C1Cl
 - 21
Clc1ccc(cc1)c1cc(Cl)c(Cl)cc1Cl
 - 'NoneType' object has no attribute 'get_contributed_electrons'
[H]C1=NC([H])=C(N1C([H])(C1=C([H])C([H])=C([H])C([H])=C1[H])C([H])([H])[H])C(=O)OC([H])([H])C([H])([H])[H]
 - 25
[H]N([H])C1=C(N(C([H])=O)C([H])([H])[H])C(=O)N([H])C(=O)N1C([H])([H])[H]
 - 20
[nH]1c(=O)n(C)c(N)c(N(C)C=O)c1=O
 - 'NoneType' object has no attribute 'kekulise'
[H]OC1=C(N(C([H])=O)C([H])([H])[H])C(=N[H])N(C(=O)N1[H])C([H])([H])[H]
 - 19
[H]OC1=NC(=O)C(N(C([H])=O)C([H])([H])[H])=C(N([H])[H])N1C([H])([H])[H]
 - 20
[H]OC1=NC(=O)N(C(N([H])[H])=C1N(C([H])=O)C([H])([H])[H])C([H])([H])[H]
 - 21
[H]OC1=NC(O[H])=C(N(C([H])=O)C([H])([H])[H])C(=N[H])N1C([H])([H])[H]
 - 20
[H]N=C1N(C(=O)N([H])C(=O)C1([H])N(C([H])=O)C([H])([H])[H])C([H])([H])[H]
 - 21
[H]OC1=NC(=O)C([H])(N(C([H])=O)C([H])([H])[H])C(=N[H])N1C([H])([H])[H]
 - 20
[H]OC1=NC(=O)N(C(=N[H])C1([H])N(C([H])=O)C([H])([H])[H])C([H])([H])[H]
 - 21
Cn1c(ncc1[N+](=O)[O-])C1=NOC2CCCCC12
 - 'NoneType' object has no attribute 'kekulise'
[H]C1=C(N(C(=N1)C1=NOC2([H])C([H])([H])C([H])([H])C([H])([H])C([H])([H])C12[H])C([H])([H])[H])[N+]([O-])=O
 - 'NoneType' object has no attribute 'kekulise'
C[n]1c(c[n]c1C1=NOC2CCCCC12)[N+]([O-])=O
 - 'NoneType' object has no attribute 'kekulise'
CN1C(=CN=C1C1=NOC2CCCCC12)[N+]([O-])=O
 - 'NoneType' object has no attribute 'kekulise'
[H]N1OC2([H])C(=C1C1=NC([H])=C(N1C([H])([H])[H])[N+]([O-])=O)C([H])([H])C([H])([H])C([H])([H])C2([H])[H]
 - 'NoneType' object has no attribute 'kekulise'
CN1C(=CN=C1C1=C2CCCCC2ON1)[N+]([O-])=O
 - 'NoneType' object has no attribute 'kekulise'
[H]N([H])C1=C([H])C([H])=C(C([H])=C1[H])S(=O)(=O)C1=C(C([H])=C(C([H])=C1C([H])([H])[H])C([H])([H])[H])C([H])([H])[H]
 - 24
[H]C1=C(Cl)C([H])=C(OC([H])([H])[H])C([H])=C1Cl
 - 15
[H]OC1=NC2=C(N1C([H])([H])[H])C(=O)N(C(O[H])=N2)C([H])([H])[H]
 - 18
[H]OC1=NC2=C(N1C([H])([H])[H])C(=O)N(C(=O)N2[H])C([H])([H])[H]
 - 17
[H]N1C(=O)N(C2=C1N([H])C(=O)N(C2=O)C([H])([H])[H])C([H])([H])[H]
 - 19
Cn1c2c([nH]c(=O)n(C)c2=O)[nH]c1=O
 - 'NoneType' object has no attribute 'kekulise'
[H]OC1=NC2=C(N(C(=O)N2[H])C([H])([H])[H])C(=O)N1C([H])([H])[H]
 - 18
[H]OC1=C2N(C(=O)N=C2N([H])C(=O)N1C([H])([H])[H])C([H])([H])[H]
 - 19
[H]OC1=C2N(C(=O)N([H])C2=NC(=O)N1C([H])([H])[H])C([H])([H])[H]
 - 19
[H]OC1=NC2=NC(=O)N(C2=C(O[H])N1C([H])([H])[H])C([H])([H])[H]
 - 19
[H]OC1=NC2=NC(=O)N(C(O[H])=C2N1C([H])([H])[H])C([H])([H])[H]
 - 19
Clc1cc(Cl)c(c2c(Cl)cc(Cl)cc2Cl)c(Cl)c1
 - 'NoneType' object has no attribute 'get_contributed_electrons'
[H]C1=C(Cl)C(=C(Cl)C([H])=C1Cl)C1=C(Cl)C([H])=C(Cl)C([H])=C1Cl
 - 21
[H]OC(=C([H])[H])N([H])C([H])([H])C(O[H])=NC(=C(O[H])N([H])[H])C([H])([H])C([H])(C([H])([H])[H])C([H])([H])[H]
 - 17
[H]OC(=NC([H])([H])C(O[H])=NC(=C(O[H])N([H])[H])C([H])([H])C([H])(C([H])([H])[H])C([H])([H])[H])C([H])([H])[H]
 - 32
[H]OC(=NC([H])=C(O[H])N([H])C(=C(O[H])N([H])[H])C([H])([H])C([H])(C([H])([H])[H])C([H])([H])[H])C([H])([H])[H]
 - 32
[H]OC(=C([H])[H])N([H])C([H])([H])C(=O)N([H])C(=C(O[H])N([H])[H])C([H])([H])C([H])(C([H])([H])[H])C([H])([H])[H]
 - 17
[H]OC(=NC([H])([H])C(=O)N([H])C(=C(O[H])N([H])[H])C([H])([H])C([H])(C([H])([H])[H])C([H])([H])[H])C([H])([H])[H]
 - 32
[H]OC(N([H])[H])=C(N=C(O[H])C([H])([H])N([H])C(=O)C([H])([H])[H])C([H])([H])C([H])(C([H])([H])[H])C([H])([H])[H]
 - 23
[H]OC(N([H])C(=C(O[H])N([H])[H])C([H])([H])C([H])(C([H])([H])[H])C([H])([H])[H])=C([H])N([H])C(=O)C([H])([H])[H]
 - 26
[H]OC(N([H])[H])=C(N([H])C(=O)C([H])([H])N([H])C(=O)C([H])([H])[H])C([H])([H])C([H])(C([H])([H])[H])C([H])([H])[H]
 - 23
[H]OC(=C([H])[H])N([H])C([H])([H])C(O[H])=NC([H])(C(=O)N([H])[H])C([H])([H])C([H])(C([H])([H])[H])C([H])([H])[H]
 - 17
[H]OC(=NC([H])([H])C(O[H])=NC([H])(C(=O)N([H])[H])C([H])([H])C([H])(C([H])([H])[H])C([H])([H])[H])C([H])([H])[H]
 - 32
[H]OC(=C([H])[H])N([H])C([H])([H])C(O[H])=NC([H])(C(O[H])=N[H])C([H])([H])C([H])(C([H])([H])[H])C([H])([H])[H]
 - 17
[H]OC(=NC([H])([H])C(O[H])=NC([H])(C(O[H])=N[H])C([H])([H])C([H])(C([H])([H])[H])C([H])([H])[H])C([H])([H])[H]
 - 32
[H]OC(=C([H])[H])N([H])C([H])=C(O[H])N([H])C([H])(C(=O)N([H])[H])C([H])([H])C([H])(C([H])([H])[H])C([H])([H])[H]
 - 17
[H]OC(N([H])C([H])(C(=O)N([H])[H])C([H])([H])C([H])(C([H])([H])[H])C([H])([H])[H])=C([H])N=C(O[H])C([H])([H])[H]
 - 26
[H]OC(=C([H])[H])N([H])C([H])=C(O[H])N([H])C([H])(C(O[H])=N[H])C([H])([H])C([H])(C([H])([H])[H])C([H])([H])[H]
 - 17
[H]OC(N([H])C([H])(C(O[H])=N[H])C([H])([H])C([H])(C([H])([H])[H])C([H])([H])[H])=C([H])N=C(O[H])C([H])([H])[H]
 - 26
[H]OC(=C([H])[H])N([H])C([H])([H])C(=O)N([H])C([H])(C(=O)N([H])[H])C([H])([H])C([H])(C([H])([H])[H])C([H])([H])[H]
 - 17
[H]OC(=NC([H])([H])C(=O)N([H])C([H])(C(=O)N([H])[H])C([H])([H])C([H])(C([H])([H])[H])C([H])([H])[H])C([H])([H])[H]
 - 32
[H]OC(=NC([H])(C(=O)N([H])[H])C([H])([H])C([H])(C([H])([H])[H])C([H])([H])[H])C([H])([H])N([H])C(=O)C([H])([H])[H]
 - 25
[H]OC(=C([H])[H])N([H])C([H])([H])C(=O)N([H])C([H])(C(O[H])=N[H])C([H])([H])C([H])(C([H])([H])[H])C([H])([H])[H]
 - 17
[H]OC(=NC([H])([H])C(=O)N([H])C([H])(C(O[H])=N[H])C([H])([H])C([H])(C([H])([H])[H])C([H])([H])[H])C([H])([H])[H]
 - 32
[H]OC(=NC([H])(C(O[H])=N[H])C([H])([H])C([H])(C([H])([H])[H])C([H])([H])[H])C([H])([H])N([H])C(=O)C([H])([H])[H]
 - 25
[H]OC(N([H])C([H])(C(=O)N([H])[H])C([H])([H])C([H])(C([H])([H])[H])C([H])([H])[H])=C([H])N([H])C(=O)C([H])([H])[H]
 - 26
[H]OC(N([H])C([H])(C(O[H])=N[H])C([H])([H])C([H])(C([H])([H])[H])C([H])([H])[H])=C([H])N([H])C(=O)C([H])([H])[H]
 - 26
[H]N([H])C(=O)C([H])(N([H])C(=O)C([H])([H])N([H])C(=O)C([H])([H])[H])C([H])([H])C([H])(C([H])([H])[H])C([H])([H])[H]
 - 23
[H]OC(=N[H])C([H])(N([H])C(=O)C([H])([H])N([H])C(=O)C([H])([H])[H])C([H])([H])C([H])(C([H])([H])[H])C([H])([H])[H]
 - 23
[H]OC(=C([H])[H])N([H])C([H])([H])C1=C([H])C([H])=C([H])C(OC([H])([H])C([H])(O[H])C([H])([H])N([H])C([H])(C([H])([H])[H])C([H])([H])[H])=C1[H]
 - 43
[H]OC(=NC([H])([H])C1=C([H])C([H])=C([H])C(OC([H])([H])C([H])(O[H])C([H])([H])N([H])C([H])(C([H])([H])[H])C([H])([H])[H])=C1[H])C([H])([H])[H]
 - 41
[H]OC([H])(C([H])([H])OC1=C([H])C(=C([H])C([H])=C1[H])C([H])([H])N([H])C(=O)C([H])([H])[H])C([H])([H])N([H])C([H])(C([H])([H])[H])C([H])([H])[H]
 - 30
CN(C)C(=Nc1cc(Cl)c(cc1)n1nc(oc1=O)C(C)(C)C)O
 - 'NoneType' object has no attribute 'get_contributed_electrons'
[H]O\\C(=N/C1=C([H])C(Cl)=C(C([H])=C1[H])N1N=C(OC1=O)C(C([H])([H])[H])(C([H])([H])[H])C([H])([H])[H])N(C([H])([H])[H])C([H])([H])[H]
 - 2 bonds in a row
[H]C1=NC([H])=C(C([H])=N1)C(=O)OC([H])([H])[H]
 - 11
[H]C1=C([H])C([H])=C(N=N1)C(=O)OC([H])([H])[H]
 - 11
[H]C1=C([H])C([H])=C(C([H])=C1[H])C1=C([H])C(Cl)=C([H])C([H])=C1Cl
 - 21
Clc1cc(c2ccccc2)c(Cl)cc1
 - 'NoneType' object has no attribute 'get_contributed_electrons'
[H]C1=C([H])C([H])=C(C(Cl)=C1[H])C1=C([H])C([H])=C(Cl)C([H])=C1[H]
 - 21
Clc1ccc(cc1)c1ccccc1Cl
 - 'NoneType' object has no attribute 'get_contributed_electrons'
[H]OC([H])(C([H])([H])OC1=C([H])C([H])=C([H])C([H])=C1C#N)C([H])([H])N([H])C(C([H])([H])[H])(C([H])([H])[H])C([H])([H])[H]
 - 21
[H]OC(=NC([H])([H])[H])C([H])([H])OC1=C([H])C([H])=C(OC([H])([H])C([H])(O[H])C([H])([H])N([H])C([H])(C([H])([H])[H])C([H])([H])[H])C([H])=C1[H]
 - 44
[H]OC(N([H])C([H])([H])[H])=C([H])OC1=C([H])C([H])=C(OC([H])([H])C([H])(O[H])C([H])([H])N([H])C([H])(C([H])([H])[H])C([H])([H])[H])C([H])=C1[H]
 - 44
[H]OC([H])(C([H])([H])OC1=C([H])C([H])=C(OC([H])([H])C(=O)N([H])C([H])([H])[H])C([H])=C1[H])C([H])([H])N([H])C([H])(C([H])([H])[H])C([H])([H])[H]
 - 31
[H]OC(=C([H])[H])C1=C([H])C(=C([H])C([H])=C1[H])S(=O)(=O)N([H])[H]
 - 15
[H]N([H])S(=O)(=O)C1=C([H])C([H])=C([H])C(=C1[H])C(=O)C([H])([H])[H]
 - 15
[H]OC(=C([H])[H])C1=C([H])C(=C([H])C([H])=C1[H])S(=O)(O[H])=N[H]
 - 15
[H]OS(=O)(=N[H])C1=C([H])C([H])=C([H])C(=C1[H])C(=O)C([H])([H])[H]
 - 15
[O-][N+](=O)C1=CC=CC=C1NC(=O)CN1CCCCC1
 - 'NoneType' object has no attribute 'kekulise'
[H]OC(N([H])C1=C(C([H])=C([H])C([H])=C1[H])[N+]([O-])=O)=C([H])N1C([H])([H])C([H])([H])C([H])([H])C([H])([H])C1([H])[H]
 - 'NoneType' object has no attribute 'kekulise'
OC(NC1=CC=CC=C1[N+]([O-])=O)=CN1CCCCC1
 - 'NoneType' object has no attribute 'kekulise'
[H]N(C(=O)C([H])([H])N1C([H])([H])C([H])([H])C([H])([H])C([H])([H])C1([H])[H])C1=C(C([H])=C([H])C([H])=C1[H])[N+]([O-])=O
 - 'NoneType' object has no attribute 'kekulise'
[O-][N+](=O)c1ccccc1NC(=O)CN1CCCCC1
 - 'NoneType' object has no attribute 'kekulise'
C1CCCCN1CC(=O)Nc1ccccc1[N+](=O)[O-]
 - 'NoneType' object has no attribute 'kekulise'
[H]OC(=NC1=C(C([H])=C([H])C([H])=C1[H])[N+]([O-])=O)C([H])([H])N1C([H])([H])C([H])([H])C([H])([H])C([H])([H])C1([H])[H]
 - 'NoneType' object has no attribute 'kekulise'
OC(CN1CCCCC1)=NC1=CC=CC=C1[N+]([O-])=O
 - 'NoneType' object has no attribute 'kekulise'
[H]N1C([H])([H])C([H])([H])N(C2=C([H])C([H])=C([H])C([H])=C2OC([H])([H])[H])C([H])([H])C1([H])[H]
 - 28
Clc1cc(c2cc(Cl)ccc2Cl)c(Cl)cc1
 - 'NoneType' object has no attribute 'get_contributed_electrons'
[H]C1=C(Cl)C([H])=C(C(Cl)=C1[H])C1=C([H])C(Cl)=C([H])C([H])=C1Cl
 - 21
[O-][N+](=O)C1=CC=C2NC=CC=C2C1=N
 - 'NoneType' object has no attribute 'kekulise'
[H]N([H])C1=C(C([H])=C([H])C2=C1C([H])=C([H])C([H])=N2)[N+]([O-])=O
 - 'NoneType' object has no attribute 'kekulise'
NC1=C2C=CC=NC2=CC=C1[N+]([O-])=O
 - 'NoneType' object has no attribute 'kekulise'
Nc1c2ccc[n]c2ccc1[N+]([O-])=O
 - 'NoneType' object has no attribute 'kekulise'
Nc1c2cccnc2ccc1[N+](=O)[O-]
 - 'NoneType' object has no attribute 'kekulise'
[H]OC(=C([H])[H])N([H])C1=C([H])C2=NC([H])=C([H])C([H])=C2C([H])=C1[H]
 - 23
[H]N(C(=O)C([H])([H])[H])C1=C([H])C([H])=C2C([H])=C([H])C([H])=NC2=C1[H]
 - 23
[H]N(C(=O)C([H])([H])[H])C1=C([H])C2=NC([H])=C([H])C([H])=C2C([H])=C1[H]
 - 23
[H]OC(=NC1=C([H])C2=NC([H])=C([H])C([H])=C2C([H])=C1[H])C([H])([H])[H]
 - 21
[H]OC(N=C1C([H])=C([H])C2=C([H])C([H])=C([H])N([H])C2=C1[H])=C([H])[H]
 - 22
[H]N1C([H])=C([H])C([H])=C2C([H])=C([H])C(=NC(=O)C([H])([H])[H])C([H])=C12
 - 24
[H]OC(N([H])C1=C([H])C([H])=C([H])C([H])=N1)=C1N(C([H])([H])[H])S(=O)(=O)C2=C([H])C([H])=C([H])C([H])=C2C1=O
 - 35
[H]OC1=C(N(C([H])([H])[H])S(=O)(=O)C2=C([H])C([H])=C([H])C([H])=C12)C(=O)N([H])C1=C([H])C([H])=C([H])C([H])=N1
 - 24
[H]OC(=NC1=C([H])C([H])=C([H])C([H])=N1)C1=C(O[H])C2=C([H])C([H])=C([H])C([H])=C2S(=O)(=O)N1C([H])([H])[H]
 - 32
[H]N(C(=O)C1([H])N(C([H])([H])[H])S(=O)(=O)C2=C([H])C([H])=C([H])C([H])=C2C1=O)C1=C([H])C([H])=C([H])C([H])=N1
 - 27
[H]OC(=NC1=C([H])C([H])=C([H])C([H])=N1)C1([H])N(C([H])([H])[H])S(=O)(=O)C2=C([H])C([H])=C([H])C([H])=C2C1=O
 - 35
[H]OC(N=C1N([H])C([H])=C([H])C([H])=C1[H])=C1N(C([H])([H])[H])S(=O)(=O)C2=C([H])C([H])=C([H])C([H])=C2C1=O
 - 35
[H]OC1=C(N(C([H])([H])[H])S(=O)(=O)C2=C([H])C([H])=C([H])C([H])=C12)C(=O)N=C1N([H])C([H])=C([H])C([H])=C1[H]
 - 24
[H]N1C([H])=C([H])C([H])=C([H])C1=NC(=O)C1([H])N(C([H])([H])[H])S(=O)(=O)C2=C([H])C([H])=C([H])C([H])=C2C1=O
 - 35
CCOP(S)(OC1=CC(C)=CC=C1[N+]([O-])=O)N=C(C)CC
 - 'NoneType' object has no attribute 'kekulise'
CCOP(S)(NC(=C)CC)OC1=CC(C)=CC=C1[N+]([O-])=O
 - 'NoneType' object has no attribute 'kekulise'
[H]SP([H])(OC1=C(C([H])=C([H])C(=C1[H])C([H])([H])[H])[N+]([O-])=O)(OC([H])([H])C([H])([H])[H])N([H])C(=C([H])[H])C([H])([H])C([H])([H])[H]
 - 'NoneType' object has no attribute 'kekulise'
Cc1ccc(c(c1)OP(=S)(NC(C)CC)OCC)[N+]([O-])=O
 - 'NoneType' object has no attribute 'kekulise'
Cc1ccc(c(c1)OP(=S)(NC(C)CC)OCC)[N+](=O)[O-]
 - 'NoneType' object has no attribute 'kekulise'
CCOP(=S)(NC(C)CC)OC1=CC(C)=CC=C1[N+]([O-])=O
 - 'NoneType' object has no attribute 'kekulise'
[H]N(C([H])(C([H])([H])[H])C([H])([H])C([H])([H])[H])P(=S)(OC1=C(C([H])=C([H])C(=C1[H])C([H])([H])[H])[N+]([O-])=O)OC([H])([H])C([H])([H])[H]
 - 'NoneType' object has no attribute 'kekulise'
CCOP(S)(NC(C)=CC)OC1=CC(C)=CC=C1[N+]([O-])=O
 - 'NoneType' object has no attribute 'kekulise'
[H]SP([H])(OC1=C(C([H])=C([H])C(=C1[H])C([H])([H])[H])[N+]([O-])=O)(OC([H])([H])C([H])([H])[H])N([H])C(=C([H])C([H])([H])[H])C([H])([H])[H]
 - 'NoneType' object has no attribute 'kekulise'
[H]SP([H])(OC1=C(C([H])=C([H])C(=C1[H])C([H])([H])[H])[N+]([O-])=O)(OC([H])([H])C([H])([H])[H])N=C(C([H])([H])[H])C([H])([H])C([H])([H])[H]
 - 'NoneType' object has no attribute 'kekulise'
CCOP(S)(OC1=CC(C)=CC=C1[N+]([O-])=O)=NC(C)CC
 - 'NoneType' object has no attribute 'kekulise'
[H]SP(OC1=C(C([H])=C([H])C(=C1[H])C([H])([H])[H])[N+]([O-])=O)(OC([H])([H])C([H])([H])[H])=NC([H])(C([H])([H])[H])C([H])([H])C([H])([H])[H]
 - 'NoneType' object has no attribute 'kekulise'
[H]OC(N([H])C1=C(C([H])=C([H])C([H])=C1C([H])([H])[H])C([H])([H])[H])=C1N([H])C([H])([H])C([H])([H])N([H])C1([H])[H]
 - 23
[H]N(C(=O)C1([H])N([H])C([H])([H])C([H])([H])N([H])C1([H])[H])C1=C(C([H])=C([H])C([H])=C1C([H])([H])[H])C([H])([H])[H]
 - 20
[H]OC(=NC1=C(C([H])=C([H])C([H])=C1C([H])([H])[H])C([H])([H])[H])C1([H])N([H])C([H])([H])C([H])([H])N([H])C1([H])[H]
 - 22
[H]OC([H])(N([H])C1=C(C([H])=C([H])C([H])=C1C([H])([H])[H])C([H])([H])[H])C1([H])N([H])C([H])([H])C([H])([H])N=C1[H]
 - 24
[H]OC([H])(N([H])C1=C(C([H])=C([H])C([H])=C1C([H])([H])[H])C([H])([H])[H])C1=C([H])N([H])C([H])([H])C([H])([H])N1[H]
 - 24
[H]OC([H])(N([H])C1=C(C([H])=C([H])C([H])=C1C([H])([H])[H])C([H])([H])[H])C1=NC([H])([H])C([H])([H])N([H])C1([H])[H]
 - 24
[H]N(\\N=C(/C#N)C(=O)OC([H])([H])C([H])([H])[H])C1=C([H])C(Cl)=C(Cl)C(Cl)=C1[H]
 - 2 bonds in a row
[H]N(\\N=C(/C#N)C(=O)C([H])([H])[H])C1=C([H])C([H])=C2OC(F)(F)C(F)(F)OC2=C1[H]
 - 2 bonds in a row
[H]N(\\N=C(/C#N)C(=O)OC([H])([H])C([H])([H])[H])C1=C([H])C([H])=C([H])C(Cl)=C1[H]
 - 2 bonds in a row
[H]N(\\N=C(/C#N)C(=O)OC([H])([H])[H])C1=C([H])C([H])=C([H])C([H])=C1[H]
 - 2 bonds in a row
[H]OC1=C([H])N(C([H])=C([H])C1=O)C([H])([H])C([H])([H])N([H])[H]
 - 13
[H]OS1(=O)=NC(=NC2=C([H])C([H])=C(I)C([H])=C12)C([H])([H])[H]
 - 17
[H]C([H])=C1N([H])C2=C([H])C([H])=C(I)C([H])=C2S(=O)(=O)N1[H]
 - 20
[H]N1C(=NS(=O)(=O)C2=C([H])C(I)=C([H])C([H])=C12)C([H])([H])[H]
 - 17
[H]N1C(=NC2=C([H])C([H])=C(I)C([H])=C2S1(=O)=O)C([H])([H])[H]
 - 15
[H]OS1(=O)=NC(=C([H])[H])N([H])C2=C([H])C([H])=C(I)C([H])=C12
 - 21
[H]OS1(=O)=NC(=NC2=C1C([H])=C([H])C(Cl)=C2[H])C([H])([H])Cl
 - 18
[H]N1C(N([H])S(=O)(=O)C2=C1C([H])=C(Cl)C([H])=C2[H])=C([H])Cl
 - 19
[H]N1C(=NS(=O)(=O)C2=C1C([H])=C(Cl)C([H])=C2[H])C([H])([H])Cl
 - 18
[H]N1C(=NC2=C(C([H])=C([H])C(Cl)=C2[H])S1(=O)=O)C([H])([H])Cl
 - 18
[H]OS1(=O)=NC(N([H])C2=C1C([H])=C([H])C(Cl)=C2[H])=C([H])Cl
 - 19
[H]OS1(=O)=NC(=NC2=C1C([H])=C([H])C(Cl)=C2[H])N([H])[H]
 - 18
[H]N([H])C1=NS(=O)(=O)C2=C(N1[H])C([H])=C(Cl)C([H])=C2[H]
 - 19
[H]N([H])C1=NC2=C(C([H])=C([H])C(Cl)=C2[H])S(=O)(=O)N1[H]
 - 19
[H]N=C1N([H])C2=C(C([H])=C([H])C(Cl)=C2[H])S(=O)(=O)N1[H]
 - 19
[H]OS1(=O)=NC(=N[H])N([H])C2=C1C([H])=C([H])C(Cl)=C2[H]
 - 19
[H]OC(N(C([H])([H])C([H])=C([H])[H])C([H])([H])C([H])=C([H])[H])=C(Cl)Cl
 - 21
[H]C([H])=C([H])C([H])([H])N(C(=O)C([H])(Cl)Cl)C([H])([H])C([H])=C([H])[H]
 - 16
[H]C1=NC([H])=C(OC([H])([H])C([H])([H])[H])N=C1[H]
 - 16
Clc1cc(c2c(Cl)c(Cl)ccc2Cl)c(Cl)cc1
 - 'NoneType' object has no attribute 'get_contributed_electrons'
[H]C1=C([H])C(Cl)=C(C(Cl)=C1Cl)C1=C([H])C(Cl)=C([H])C([H])=C1Cl
 - 21
[H]C1=C([H])C(Cl)=C(C(Cl)=C1Cl)C1=C([H])C(Cl)=C(Cl)C([H])=C1Cl
 - 21
Clc1ccc(Cl)c(c2cc(Cl)c(Cl)cc2Cl)c1Cl
 - 'NoneType' object has no attribute 'get_contributed_electrons'
Clc1c(cc(Cl)c(Cl)c1Cl)c1cc(Cl)c(Cl)cc1
 - 'NoneType' object has no attribute 'get_contributed_electrons'
[H]C1=C(Cl)C(Cl)=C([H])C(=C1[H])C1=C(Cl)C(Cl)=C(Cl)C(Cl)=C1[H]
 - 21
[O-][N+](=O)c1cc2cccc(O)c2cc1
 - 'NoneType' object has no attribute 'kekulise'
[H]OC1=C([H])C([H])=C([H])C2=C([H])C(=C([H])C([H])=C12)[N+]([O-])=O
 - 'NoneType' object has no attribute 'kekulise'
Oc1cccc2cc(ccc12)[N+]([O-])=O
 - 'NoneType' object has no attribute 'kekulise'
OC1=C2C=CC(=CC2=CC=C1)[N+]([O-])=O
 - 'NoneType' object has no attribute 'kekulise'
Clc1cc(ccc1)c1cccc(Cl)c1Cl
 - 'NoneType' object has no attribute 'get_contributed_electrons'
[H]C1=C([H])C(Cl)=C([H])C(=C1[H])C1=C([H])C([H])=C([H])C(Cl)=C1Cl
 - 21
[H]C1=C([H])C(C2=C([H])C([H])=C(Cl)C([H])=C2[H])=C(Cl)C(Cl)=C1[H]
 - 21
Clc1ccc(cc1)c1cccc(Cl)c1Cl
 - 'NoneType' object has no attribute 'get_contributed_electrons'
[H]C(=O)C1=C([H])C([H])=C([H])C(OC2=C([H])C([H])=C([H])C([H])=C2[H])=C1[H]
 - 24
Clc1c(c(cc(c1Cl)c1cc(cc(c1)Cl)Cl)Cl)Cl
 - 'NoneType' object has no attribute 'get_contributed_electrons'
[H]C1=C(Cl)C([H])=C(C([H])=C1Cl)C1=C([H])C(Cl)=C(Cl)C(Cl)=C1Cl
 - 21
Clc2c(c(cc(c2Cl)c1cc(cc(c1)Cl)Cl)Cl)Cl
 - 'NoneType' object has no attribute 'get_contributed_electrons'
[H]OC([H])=C(O[H])C1(OC(=O)C([H])([H])[H])C([H])([H])C([H])([H])C2([H])C3([H])C(=C(O[H])C([H])([H])C12C([H])([H])[H])C1(C(=C([H])C(=O)C([H])([H])C1([H])[H])C([H])([H])C3([H])[H])C([H])([H])[H]
 - 33
[H]OC([H])=C(O[H])C1(OC(=O)C([H])([H])[H])C([H])([H])C([H])([H])C2([H])C3([H])C(=C(O[H])C([H])([H])C12C([H])([H])[H])C1(C(C([H])=C(O[H])C([H])([H])C1([H])[H])=C([H])C3([H])[H])C([H])([H])[H]
 - 33
[H]OC([H])=C(O[H])C1(OC(=O)C([H])([H])[H])C([H])([H])C([H])([H])C2([H])C3([H])C(=C(O[H])C([H])([H])C12C([H])([H])[H])C1(C(=C([H])C(O[H])=C([H])C1([H])[H])C([H])([H])C3([H])[H])C([H])([H])[H]
 - 33
[H]OC([H])=C(O[H])C1(OC(=O)C([H])([H])[H])C([H])([H])C([H])([H])C2([H])C3([H])C([H])([H])C([H])([H])C4=C([H])C(=O)C([H])([H])C([H])([H])C4(C([H])([H])[H])C3([H])C(=O)C([H])([H])C12C([H])([H])[H]
 - 55
[H]OC([H])=C(O[H])C1(OC(=O)C([H])([H])[H])C([H])([H])C([H])([H])C2([H])C3([H])C([H])([H])C([H])=C4C([H])=C(O[H])C([H])([H])C([H])([H])C4(C([H])([H])[H])C3([H])C(=O)C([H])([H])C12C([H])([H])[H]
 - 55
[H]OC([H])=C(O[H])C1(OC(=O)C([H])([H])[H])C([H])([H])C([H])([H])C2([H])C3([H])C([H])([H])C([H])([H])C4=C([H])C(O[H])=C([H])C([H])([H])C4(C([H])([H])[H])C3([H])C(=O)C([H])([H])C12C([H])([H])[H]
 - 55
[H]OC([H])=C(O[H])C1(OC(=O)C([H])([H])[H])C([H])([H])C([H])([H])C2([H])C3([H])C([H])([H])C([H])([H])C4=C([H])C(=O)C([H])([H])C([H])([H])C4(C([H])([H])[H])C3([H])C(O[H])=C([H])C12C([H])([H])[H]
 - 55
[H]OC([H])=C(O[H])C1(OC(=O)C([H])([H])[H])C([H])([H])C([H])([H])C2([H])C3([H])C([H])([H])C([H])([H])C4=C([H])C(O[H])=C([H])C([H])([H])C4(C([H])([H])[H])C3([H])C(O[H])=C([H])C12C([H])([H])[H]
 - 55
[H]OC([H])=C(O[H])C1(OC(=O)C([H])([H])[H])C([H])([H])C([H])([H])C2([H])C3([H])C([H])([H])C([H])=C4C([H])=C(O[H])C([H])([H])C([H])([H])C4(C([H])([H])[H])C3([H])C(O[H])=C([H])C12C([H])([H])[H]
 - 55
[H]OC1=C2C([H])(C([H])([H])C([H])([H])C3=C([H])C(=O)C([H])([H])C([H])([H])C23C([H])([H])[H])C2([H])C([H])([H])C([H])([H])C(OC(=O)C([H])([H])[H])(C(=O)C([H])([H])O[H])C2(C([H])([H])[H])C1([H])[H]
 - 57
[H]OC1=C([H])C2=C([H])C([H])([H])C3([H])C(=C(O[H])C([H])([H])C4(C([H])([H])[H])C3([H])C([H])([H])C([H])([H])C4(OC(=O)C([H])([H])[H])C(=O)C([H])([H])O[H])C2(C([H])([H])[H])C([H])([H])C1([H])[H]
 - 57
[H]OC1=C([H])C([H])([H])C2(C(=C1[H])C([H])([H])C([H])([H])C1([H])C2=C(O[H])C([H])([H])C2(C([H])([H])[H])C1([H])C([H])([H])C([H])([H])C2(OC(=O)C([H])([H])[H])C(=O)C([H])([H])O[H])C([H])([H])[H]
 - 56
[H]OC([H])([H])C(=O)C1(OC(=O)C([H])([H])[H])C([H])([H])C([H])([H])C2([H])C3([H])C([H])([H])C([H])([H])C4=C([H])C(=O)C([H])([H])C([H])([H])C4(C([H])([H])[H])C3([H])C(=O)C([H])([H])C12C([H])([H])[H]
 - 55
[H]OC1=C([H])C2=C([H])C([H])([H])C3([H])C4([H])C([H])([H])C([H])([H])C(OC(=O)C([H])([H])[H])(C(=O)C([H])([H])O[H])C4(C([H])([H])[H])C([H])([H])C(=O)C3([H])C2(C([H])([H])[H])C([H])([H])C1([H])[H]
 - 57
[H]OC1=C([H])C([H])([H])C2(C(=C1[H])C([H])([H])C([H])([H])C1([H])C3([H])C([H])([H])C([H])([H])C(OC(=O)C([H])([H])[H])(C(=O)C([H])([H])O[H])C3(C([H])([H])[H])C([H])([H])C(=O)C21[H])C([H])([H])[H]
 - 54
[H]OC1=C([H])C2(C([H])([H])[H])C([H])(C([H])([H])C([H])([H])C2(OC(=O)C([H])([H])[H])C(=O)C([H])([H])O[H])C2([H])C([H])([H])C([H])([H])C3=C([H])C(=O)C([H])([H])C([H])([H])C3(C([H])([H])[H])C12[H]
 - 58
[H]OC1=C2C([H])(C([H])([H])C([H])([H])C3=C([H])C(=O)C([H])([H])C([H])([H])C23C([H])([H])[H])C2([H])C([H])([H])C([H])([H])C(OC(=O)C([H])([H])[H])(C([H])(O[H])C([H])=O)C2(C([H])([H])[H])C1([H])[H]
 - 57
[H]OC1=C([H])C2=C([H])C([H])([H])C3([H])C4([H])C([H])([H])C([H])([H])C(OC(=O)C([H])([H])[H])(C(=O)C([H])([H])O[H])C4(C([H])=C(O[H])C3([H])C2(C([H])([H])[H])C([H])([H])C1([H])[H])C([H])([H])[H]
 - 53
[H]OC1=C([H])C([H])([H])C2(C(=C1[H])C([H])([H])C([H])([H])C1([H])C3([H])C([H])([H])C([H])([H])C(OC(=O)C([H])([H])[H])(C(=O)C([H])([H])O[H])C3(C([H])=C(O[H])C21[H])C([H])([H])[H])C([H])([H])[H]
 - 50
[H]OC1=C([H])C2=C([H])C([H])([H])C3([H])C(=C(O[H])C([H])([H])C4(C([H])([H])[H])C3([H])C([H])([H])C([H])([H])C4(OC(=O)C([H])([H])[H])C([H])(O[H])C([H])=O)C2(C([H])([H])[H])C([H])([H])C1([H])[H]
 - 57
[H]OC1=C([H])C([H])([H])C2(C(=C1[H])C([H])([H])C([H])([H])C1([H])C2=C(O[H])C([H])([H])C2(C([H])([H])[H])C1([H])C([H])([H])C([H])([H])C2(OC(=O)C([H])([H])[H])C([H])(O[H])C([H])=O)C([H])([H])[H]
 - 56
[H]OC([H])(C([H])=O)C1(OC(=O)C([H])([H])[H])C([H])([H])C([H])([H])C2([H])C3([H])C([H])([H])C([H])([H])C4=C([H])C(=O)C([H])([H])C([H])([H])C4(C([H])([H])[H])C3([H])C(=O)C([H])([H])C12C([H])([H])[H]
 - 55
[H]OC1=C([H])C2=C([H])C([H])([H])C3([H])C4([H])C([H])([H])C([H])([H])C(OC(=O)C([H])([H])[H])(C([H])(O[H])C([H])=O)C4(C([H])([H])[H])C([H])([H])C(=O)C3([H])C2(C([H])([H])[H])C([H])([H])C1([H])[H]
 - 57
[H]OC1=C([H])C([H])([H])C2(C(=C1[H])C([H])([H])C([H])([H])C1([H])C3([H])C([H])([H])C([H])([H])C(OC(=O)C([H])([H])[H])(C([H])(O[H])C([H])=O)C3(C([H])([H])[H])C([H])([H])C(=O)C21[H])C([H])([H])[H]
 - 54
[H]OC1=C([H])C2(C([H])([H])[H])C([H])(C([H])([H])C([H])([H])C2(OC(=O)C([H])([H])[H])C([H])(O[H])C([H])=O)C2([H])C([H])([H])C([H])([H])C3=C([H])C(=O)C([H])([H])C([H])([H])C3(C([H])([H])[H])C12[H]
 - 58
[H]OC1=C([H])C2=C([H])C([H])([H])C3([H])C4([H])C([H])([H])C([H])([H])C(OC(=O)C([H])([H])[H])(C([H])(O[H])C([H])=O)C4(C([H])=C(O[H])C3([H])C2(C([H])([H])[H])C([H])([H])C1([H])[H])C([H])([H])[H]
 - 53
[H]N([H])C1=NC2=C([H])C(=C([H])C([H])=C2N1C([H])([H])[H])C([H])([H])[H]
 - 15
[H]N=C1N([H])C2=C([H])C(=C([H])C([H])=C2N1C([H])([H])[H])C([H])([H])[H]
 - 15
[H]N([H])C1=C([H])C(N([H])C(=O)N(C([H])([H])[H])C([H])([H])[H])=C([H])C([H])=C1[H]
 - 25
[H]OC(=NC1=C([H])C([H])=C([H])C(N([H])[H])=C1[H])N(C([H])([H])[H])C([H])([H])[H]
 - 18
[H]C1=C([H])C(OC2=C([H])C([H])=C(Br)C(Br)=C2Br)=C([H])C(Br)=C1[H]
 - 22
[H]OC([H])(C1=C([H])C([H])=C2C([H])=C([H])C([H])=C([H])C2=C1[H])C([H])([H])[H]
 - 22
C/C(/C=C/CC(C)CCCC(C)(C)OC)=C\\C(=O)OC(C)C
 - 2 bonds in a row
[H]\\C(=C(\\[H])C([H])([H])C([H])(C([H])([H])[H])C([H])([H])C([H])([H])C([H])([H])C(OC([H])([H])[H])(C([H])([H])[H])C([H])([H])[H])\\C(=C(/[H])C(=O)OC([H])(C([H])([H])[H])C([H])([H])[H])\\C([H])([H])[H]
 - 2 bonds in a row
[H]N1C([H])=NC2=C1C(=O)N([H])C(=O)N2C([H])([H])C([H])([H])C([H])([H])C([H])([H])[H]
 - 16
CCCCN1c2[n]c[nH]c2C(=O)NC1=O
 - This structure cannot be kekulised!
CCCCn1c2nc[nH]c2c(=O)[nH]c1=O
 - 'NoneType' object has no attribute 'kekulise'
[H]N1C([H])=NC2=C1N(C(=O)N([H])C2=O)C([H])([H])C([H])([H])C([H])([H])C([H])([H])[H]
 - 16
[H]OC1=NC(=O)N(C2=C1N([H])C([H])=N2)C([H])([H])C([H])([H])C([H])([H])C([H])([H])[H]
 - 16
[H]OC1=NC(=O)N(C2=C1N=C([H])N2[H])C([H])([H])C([H])([H])C([H])([H])C([H])([H])[H]
 - 16
[H]OC1=NC(=O)C2=C(N=C([H])N2[H])N1C([H])([H])C([H])([H])C([H])([H])C([H])([H])[H]
 - 16
[H]OC1=NC(=O)C2=C(N([H])C([H])=N2)N1C([H])([H])C([H])([H])C([H])([H])C([H])([H])[H]
 - 16
[H]OC1=C2N=C([H])N=C2N(C(=O)N1[H])C([H])([H])C([H])([H])C([H])([H])C([H])([H])[H]
 - 16
[H]OC1=NC(O[H])=C2N=C([H])N=C2N1C([H])([H])C([H])([H])C([H])([H])C([H])([H])[H]
 - 16
[H]OC1=C([H])C([H])=C(O[H])N1C1=C([H])C([H])=C(Br)C([H])=C1[H]
 - 21
[H]OC1=C([H])C([H])([H])C(=O)N1C1=C([H])C([H])=C(Br)C([H])=C1[H]
 - 21
[H]C1=C([H])C(=C([H])C([H])=C1Br)N1C(=O)C([H])([H])C([H])([H])C1=O
 - 21
[H]C1=C([H])C([H])=C(OC([H])([H])C([H])([H])OC([H])([H])[H])C([H])=C1[H]
 - 22
[H]C1=C([H])C([H])=C2C(OC([H])([H])C(=O)OC([H])([H])C([H])([H])[H])=C([H])C([H])=C([H])C2=C1[H]
 - 30
[H]OC([H])(C([H])([H])OC1=C2C(=C([H])C([H])=C1[H])C([H])([H])C([H])(O[H])C([H])(O[H])C2([H])[H])C([H])([H])N([H])C(C([H])([H])[H])(C([H])([H])[H])C([H])([H])[H]
 - 32
[H]C1=NC(=NC([H])=C1[H])C(=O)OC([H])([H])C([H])([H])[H]
 - 12
[H]C([H])([H])C(C([H])([H])[H])(C([H])([H])[H])C1([H])C([H])([H])C([H])([H])N(N=O)C([H])([H])C1([H])[H]
 - 14
[H]OC(=NC([H])([H])C([H])([H])C([H])([H])N1C([H])([H])C([H])([H])OC([H])([H])C1([H])[H])C([H])=C([H])[H]
 - 28
[H]C([H])=C([H])C(=O)N([H])C([H])([H])C([H])([H])C([H])([H])N1C([H])([H])C([H])([H])OC([H])([H])C1([H])[H]
 - 15
[H]OC(=C=C([H])[H])N([H])C([H])([H])C([H])([H])C([H])([H])N1C([H])([H])C([H])([H])OC([H])([H])C1([H])[H]
 - 15
NC(=N)N=C(O)NC1=CC=C(C(Cl)=C1)[N+]([O-])=O
 - 'NoneType' object has no attribute 'kekulise'
[H]N=C(N([H])[H])N([H])C(=O)N([H])C1=C([H])C(Cl)=C(C([H])=C1[H])[N+]([O-])=O
 - 'NoneType' object has no attribute 'kekulise'
NC(=N)NC(=O)NC1=CC(Cl)=C(C=C1)[N+]([O-])=O
 - 'NoneType' object has no attribute 'kekulise'
NC(=N)NC(=O)NC1=CC=C(C(Cl)=C1)[N+]([O-])=O
 - 'NoneType' object has no attribute 'kekulise'
NC(=N)NC(=O)Nc1cc(Cl)c(cc1)[N+]([O-])=O
 - 'NoneType' object has no attribute 'kekulise'
NC(=N)NC(=O)Nc1ccc([N+](=O)[O-])c(Cl)c1
 - 'NoneType' object has no attribute 'kekulise'
[H]OC(=NC(=N[H])N([H])[H])N([H])C1=C([H])C(Cl)=C(C([H])=C1[H])[N+]([O-])=O
 - 'NoneType' object has no attribute 'kekulise'
NC(=N)N=C(O)NC1=CC(Cl)=C(C=C1)[N+]([O-])=O
 - 'NoneType' object has no attribute 'kekulise'
[H]OC(=NC1=C([H])C(Cl)=C(C([H])=C1[H])[N+]([O-])=O)N([H])C(=N[H])N([H])[H]
 - 'NoneType' object has no attribute 'kekulise'
NC(=N)NC(O)=NC1=CC(Cl)=C(C=C1)[N+]([O-])=O
 - 'NoneType' object has no attribute 'kekulise'
NC(=N)NC(O)=NC1=CC=C(C(Cl)=C1)[N+]([O-])=O
 - 'NoneType' object has no attribute 'kekulise'
[H]N([H])C(=NC(=O)N([H])C1=C([H])C(Cl)=C(C([H])=C1[H])[N+]([O-])=O)N([H])[H]
 - 'NoneType' object has no attribute 'kekulise'
NC(N)=NC(=O)NC1=CC(Cl)=C(C=C1)[N+]([O-])=O
 - 'NoneType' object has no attribute 'kekulise'
NC(N)=NC(=O)NC1=CC=C(C(Cl)=C1)[N+]([O-])=O
 - 'NoneType' object has no attribute 'kekulise'
[H]OC(N=C(N([H])[H])N([H])[H])=NC1=C([H])C(Cl)=C(C([H])=C1[H])[N+]([O-])=O
 - 'NoneType' object has no attribute 'kekulise'
NC(N)=NC(O)=NC1=CC(Cl)=C(C=C1)[N+]([O-])=O
 - 'NoneType' object has no attribute 'kekulise'
NC(N)=NC(O)=NC1=CC=C(C(Cl)=C1)[N+]([O-])=O
 - 'NoneType' object has no attribute 'kekulise'
CCC/N=C(\\N)/N=C(\\N)/Nc1ccc(Cl)cc1
 - 2 bonds in a row
[H]N([H])\\C(\\N=C(/N([H])[H])N([H])C1=C([H])C([H])=C(Cl)C([H])=C1[H])=N/C([H])([H])C([H])([H])C([H])([H])[H]
 - 2 bonds in a row
[H]N(C1=NC([H])([H])C([H])([H])N1[H])C1=C([H])C(OC([H])([H])[H])=C([H])C([H])=C1OC([H])([H])[H]
 - 26
[H]N1C(=NC2=C([H])C(OC([H])([H])[H])=C([H])C([H])=C2OC([H])([H])[H])N([H])C([H])([H])C1([H])[H]
 - 29
[H]OC1=C([H])C([H])([H])C([H])([H])C([H])([H])N1N=O
 - 15
[H]C1([H])N(N=O)C(=O)C([H])([H])C([H])([H])C1([H])[H]
 - 15
[H]N([H])S(=O)(=O)C1=C([H])C(I)=C([H])C([H])=C1[H]
 - 16
[H]OS(=O)(=N[H])C1=C([H])C(I)=C([H])C([H])=C1[H]
 - 16
[H]C([H])([H])C([H])([H])OP(=O)(SC([H])([H])C([H])([H])SC([H])([H])C([H])([H])[H])C([H])([H])C([H])([H])[H]
 - 26
[H]OP(OC([H])([H])C([H])([H])[H])(SC([H])([H])C([H])([H])SC([H])([H])C([H])([H])[H])=C([H])C([H])([H])[H]
 - 27
[H]OP([H])(OC([H])([H])C([H])([H])[H])(SC([H])([H])C([H])([H])SC([H])([H])C([H])([H])[H])C([H])=C([H])[H]
 - 28
[H]C([H])([H])C(OC(=O)C(C(=O)OC(C([H])([H])[H])(C([H])([H])[H])C([H])([H])[H])=C1SC([H])([H])C([H])([H])S1)(C([H])([H])[H])C([H])([H])[H]
 - 35
[H]C1=NC([H])=C([H])C(=C1[H])C(=O)C1=C([H])C([H])=C([H])C([H])=C1OC([H])([H])[H]
 - 22
[H]N(C(=O)OC([H])([H])[H])C1=C([H])C(OC([H])([H])[H])=C([H])C([H])=C1[H]
 - 23
[H]OC(OC([H])([H])[H])=NC1=C([H])C(OC([H])([H])[H])=C([H])C([H])=C1[H]
 - 23
[H]C1=C([H])C(=C([H])C([H])=C1O[Si]12OC([H])([H])C([H])([H])N(C([H])([H])C([H])([H])O1)C([H])([H])C([H])([H])O2)C([H])([H])[H]
 - 35
c1ccc2ccs(=O)c2c1
 - 'NoneType' object has no attribute 'get_contributed_electrons'
O=s1ccc2ccccc12
 - 'NoneType' object has no attribute 'get_contributed_electrons'
[H]C1=C([H])S(=O)C2=C1C([H])=C([H])C([H])=C2[H]
 - 
c1ccc2C=CS(=O)c2c1
 - 
O=S1C=Cc2ccccc12
 - 
O=S1C=CC2=CC=CC=C12
 - 
[H]OC1=NC2=C([H])C([H])=C(Br)C([H])=C2C(=NC1([H])[H])C1=C([H])C([H])=C([H])C([H])=C1Cl
 - 21
[H]N1C2=C([H])C([H])=C(Br)C([H])=C2C(=NC([H])([H])C1=O)C1=C([H])C([H])=C([H])C([H])=C1Cl
 - 21
[H]N1C(C2=C([H])C([H])=C([H])C([H])=C2Cl)=C2C([H])=C(Br)C([H])=C([H])C2=NC(=O)C1([H])[H]
 - 28
[H]N([H])C1=NC(N([H])[H])=C2C(=N1)C([H])=C([H])C(=C2C([H])([H])[H])C([H])([H])N([H])C1=C([H])C(OC([H])([H])[H])=C(OC([H])([H])[H])C(OC([H])([H])[H])=C1[H]
 - 28
[H]N([H])C1=NC2=C([H])C([H])=C(C(=C2C(=N1)N([H])[H])C([H])([H])[H])C([H])([H])N([H])C1=C([H])C(OC([H])([H])[H])=C(OC([H])([H])[H])C(OC([H])([H])[H])=C1[H]
 - 28
[H]N=C1N=C2C([H])=C([H])C(=C(C2=C(N([H])[H])N1[H])C([H])([H])[H])C([H])([H])N([H])C1=C([H])C(OC([H])([H])[H])=C(OC([H])([H])[H])C(OC([H])([H])[H])=C1[H]
 - 28
[H]N=C1N([H])C(=NC2=C([H])C([H])=C(C(=C12)C([H])([H])[H])C([H])([H])N([H])C1=C([H])C(OC([H])([H])[H])=C(OC([H])([H])[H])C(OC([H])([H])[H])=C1[H])N([H])[H]
 - 48
[H]N=C1N([H])C(=N[H])C2=C(C(=C([H])C([H])=C2N1[H])C([H])([H])N([H])C1=C([H])C(OC([H])([H])[H])=C(OC([H])([H])[H])C(OC([H])([H])[H])=C1[H])C([H])([H])[H]
 - 47
[H]N=C1N=C(N([H])[H])N([H])C2=C([H])C([H])=C(C(=C12)C([H])([H])[H])C([H])([H])N([H])C1=C([H])C(OC([H])([H])[H])=C(OC([H])([H])[H])C(OC([H])([H])[H])=C1[H]
 - 28
[H]N=C1N=C(N([H])[H])C2=C(C(=C([H])C([H])=C2N1[H])C([H])([H])N([H])C1=C([H])C(OC([H])([H])[H])=C(OC([H])([H])[H])C(OC([H])([H])[H])=C1[H])C([H])([H])[H]
 - 47
[H]N(C(=O)OC([H])([H])C([H])([H])N1C([H])([H])C([H])([H])C([H])([H])C([H])([H])C1([H])[H])C1=C([H])C([H])=C([H])C(OC([H])([H])C([H])([H])C([H])([H])C([H])([H])C([H])([H])[H])=C1[H]
 - 28
[H]OC(OC([H])([H])C([H])([H])N1C([H])([H])C([H])([H])C([H])([H])C([H])([H])C1([H])[H])=NC1=C([H])C([H])=C([H])C(OC([H])([H])C([H])([H])C([H])([H])C([H])([H])C([H])([H])[H])=C1[H]
 - 27
[H]OC(=NC([H])([H])N([H])C([H])([H])C([H])([H])[H])C1=C([H])C([H])=C([H])C([H])=C1[H]
 - 17
[H]N(C(=O)C1=C([H])C([H])=C([H])C([H])=C1[H])C([H])([H])N([H])C([H])([H])C([H])([H])[H]
 - 16
[H]C1=C([H])C(Cl)=C(Cl)C(=C1[H])C1=C(Cl)C(Cl)=C([H])C(Cl)=C1Cl
 - 21
Clc1c(cccc1Cl)c1c(Cl)c(Cl)cc(Cl)c1Cl
 - 'NoneType' object has no attribute 'get_contributed_electrons'
[H]N([H])C1=NN=C(O1)C([H])([H])[H]
 - 8
[H]N=C1OC(=NN1[H])C([H])([H])[H]
 - 9
[H]N([H])C(=O)OC1([H])C2=C([H])C([H])=C([H])C([H])=C2C2([H])C([H])([H])C([H])([H])C([H])([H])C([H])([H])C2([H])C1([H])OC(=O)N([H])[H]
 - 35
[H]OC(=N[H])OC1([H])C([H])(OC(=O)N([H])[H])C2=C([H])C([H])=C([H])C([H])=C2C2([H])C([H])([H])C([H])([H])C([H])([H])C([H])([H])C12[H]
 - 41
[H]OC(=N[H])OC1([H])C2=C([H])C([H])=C([H])C([H])=C2C2([H])C([H])([H])C([H])([H])C([H])([H])C([H])([H])C2([H])C1([H])OC(=O)N([H])[H]
 - 35
[H]OC(=N[H])OC1([H])C2=C([H])C([H])=C([H])C([H])=C2C2([H])C([H])([H])C([H])([H])C([H])([H])C([H])([H])C2([H])C1([H])OC(O[H])=N[H]
 - 35
[H]C1=C(Cl)C2=C([H])C(Cl)=C([H])C(Cl)=C2C([H])=C1Cl
 - 17
[H]OC1(C#C[H])C([H])([H])C([H])([H])C2([H])C3([H])C([H])([H])C([H])([H])C4=C(C([H])([H])C([H])([H])C(=O)C4([H])[H])C3([H])C(=C([H])[H])C([H])([H])C12C([H])([H])C([H])([H])[H]
 - 45
[H]OC1=C([H])C([H])([H])C2=C(C1([H])[H])C([H])([H])C([H])([H])C1([H])C3([H])C([H])([H])C([H])([H])C(O[H])(C#C[H])C3(C([H])([H])C([H])([H])[H])C([H])([H])C(=C([H])[H])C21[H]
 - 51
[H]OC1=C([H])C2=C(C([H])([H])C1([H])[H])C1([H])C(=C([H])[H])C([H])([H])C3(C([H])([H])C([H])([H])[H])C([H])(C([H])([H])C([H])([H])C3(O[H])C#C[H])C1([H])C([H])([H])C2([H])[H]
 - 50
[H]OC1(C#C[H])C([H])([H])C([H])([H])C2([H])C3([H])C([H])([H])C([H])=C4C([H])([H])C(=O)C([H])([H])C([H])([H])C4([H])C3([H])C(=C([H])[H])C([H])([H])C12C([H])([H])C([H])([H])[H]
 - 45
[H]OC1(C#C[H])C([H])([H])C([H])([H])C2([H])C3([H])C([H])([H])C([H])([H])C4=C([H])C(=O)C([H])([H])C([H])([H])C4([H])C3([H])C(=C([H])[H])C([H])([H])C12C([H])([H])C([H])([H])[H]
 - 45
[H]OC1=C([H])C([H])([H])C2([H])C(=C([H])C([H])([H])C3([H])C4([H])C([H])([H])C([H])([H])C(O[H])(C#C[H])C4(C([H])([H])C([H])([H])[H])C([H])([H])C(=C([H])[H])C23[H])C1([H])[H]
 - 50
[H]OC1=C([H])C2=C([H])C([H])([H])C3([H])C4([H])C([H])([H])C([H])([H])C(O[H])(C#C[H])C4(C([H])([H])C([H])([H])[H])C([H])([H])C(=C([H])[H])C3([H])C2([H])C([H])([H])C1([H])[H]
 - 50
[H]OC1=C([H])C([H])([H])C2([H])C(=C1[H])C([H])([H])C([H])([H])C1([H])C3([H])C([H])([H])C([H])([H])C(O[H])(C#C[H])C3(C([H])([H])C([H])([H])[H])C([H])([H])C(=C([H])[H])C21[H]
 - 51
[H]N(C(=O)O\\N=C1/SC([H])([H])C([H])([H])OC1([H])[H])C([H])([H])[H]
 - 2 bonds in a row
[H]OC(=NN([H])C([H])(C([H])([H])[H])C([H])([H])[H])C([H])(OC1=C([H])C(=C([H])C([H])=C1[H])C([H])([H])[H])C([H])([H])[H]
 - 18
[H]OC(N([H])N([H])C([H])(C([H])([H])[H])C([H])([H])[H])=C(OC1=C([H])C(=C([H])C([H])=C1[H])C([H])([H])[H])C([H])([H])[H]
 - 18
[H]OC([H])(N=NC([H])(C([H])([H])[H])C([H])([H])[H])C([H])(OC1=C([H])C(=C([H])C([H])=C1[H])C([H])([H])[H])C([H])([H])[H]
 - 18
[H]OC([H])(N([H])N=C(C([H])([H])[H])C([H])([H])[H])C([H])(OC1=C([H])C(=C([H])C([H])=C1[H])C([H])([H])[H])C([H])([H])[H]
 - 18
[H]OC([H])(N([H])N([H])C(=C([H])[H])C([H])([H])[H])C([H])(OC1=C([H])C(=C([H])C([H])=C1[H])C([H])([H])[H])C([H])([H])[H]
 - 18
[H]N(N([H])C([H])(C([H])([H])[H])C([H])([H])[H])C(=O)C([H])(OC1=C([H])C(=C([H])C([H])=C1[H])C([H])([H])[H])C([H])([H])[H]
 - 18
[H]C1=C([H])C(Cl)=C(Cl)C(=C1[H])C1=C([H])C(Cl)=C(Cl)C(Cl)=C1Cl
 - 21
Clc1c(cccc1Cl)c1cc(Cl)c(Cl)c(Cl)c1Cl
 - 'NoneType' object has no attribute 'get_contributed_electrons'
[H]C([H])([H])C1([H])N(N=O)C([H])([H])C([H])(N(N=O)C1([H])[H])C([H])([H])[H]
 - 18
[H]C1([H])N(N=O)C([H])([H])C([H])([H])C([H])([H])N(N=O)C1([H])[H]
 - 19
[H]OC(OC([H])([H])C1=C([H])C([H])=C([H])C([H])=C1[H])=NC(=C(O[H])N([H])C(=C(O[H])O[H])C([H])(C([H])([H])[H])C([H])([H])[H])C([H])([H])C1=C([H])C([H])=C([H])C([H])=C1[H]
 - 42
[H]OC(O[H])=C(N([H])C(O[H])=C(N([H])C(=O)OC([H])([H])C1=C([H])C([H])=C([H])C([H])=C1[H])C([H])([H])C1=C([H])C([H])=C([H])C([H])=C1[H])C([H])(C([H])([H])[H])C([H])([H])[H]
 - 46
[H]OC(OC([H])([H])C1=C([H])C([H])=C([H])C([H])=C1[H])=NC(=C([H])C1=C([H])C([H])=C([H])C([H])=C1[H])C([H])(O[H])N([H])C(=C(O[H])O[H])C([H])(C([H])([H])[H])C([H])([H])[H]
 - 34
[H]OC(OC([H])([H])C1=C([H])C([H])=C([H])C([H])=C1[H])=NC([H])(C(O[H])=NC(=C(O[H])O[H])C([H])(C([H])([H])[H])C([H])([H])[H])C([H])([H])C1=C([H])C([H])=C([H])C([H])=C1[H]
 - 42
[H]OC(OC([H])([H])C1=C([H])C([H])=C([H])C([H])=C1[H])=NC([H])(C(=O)N([H])C(=C(O[H])O[H])C([H])(C([H])([H])[H])C([H])([H])[H])C([H])([H])C1=C([H])C([H])=C([H])C([H])=C1[H]
 - 42
[H]OC(O[H])=C(N=C(O[H])C([H])(N([H])C(=O)OC([H])([H])C1=C([H])C([H])=C([H])C([H])=C1[H])C([H])([H])C1=C([H])C([H])=C([H])C([H])=C1[H])C([H])(C([H])([H])[H])C([H])([H])[H]
 - 46
[H]OC(O[H])=C(N([H])C(=O)C([H])(N([H])C(=O)OC([H])([H])C1=C([H])C([H])=C([H])C([H])=C1[H])C([H])([H])C1=C([H])C([H])=C([H])C([H])=C1[H])C([H])(C([H])([H])[H])C([H])([H])[H]
 - 46
[H]OC(OC([H])([H])C1=C([H])C([H])=C([H])C([H])=C1[H])=NC(=C(O[H])N=C(C([H])(O[H])O[H])C([H])(C([H])([H])[H])C([H])([H])[H])C([H])([H])C1=C([H])C([H])=C([H])C([H])=C1[H]
 - 42
[H]OC(O[H])=C(N([H])C([H])(O[H])C(=NC(=O)OC([H])([H])C1=C([H])C([H])=C([H])C([H])=C1[H])C([H])([H])C1=C([H])C([H])=C([H])C([H])=C1[H])C([H])(C([H])([H])[H])C([H])([H])[H]
 - 46
[H]OC(N=C(C([H])(O[H])O[H])C([H])(C([H])([H])[H])C([H])([H])[H])=C(N([H])C(=O)OC([H])([H])C1=C([H])C([H])=C([H])C([H])=C1[H])C([H])([H])C1=C([H])C([H])=C([H])C([H])=C1[H]
 - 42
[H]OC(OC([H])([H])C1=C([H])C([H])=C([H])C([H])=C1[H])=NC([H])(C(O[H])=NC([H])(C(=O)O[H])C([H])(C([H])([H])[H])C([H])([H])[H])C([H])([H])C1=C([H])C([H])=C([H])C([H])=C1[H]
 - 42
[H]OC(OC([H])([H])C1=C([H])C([H])=C([H])C([H])=C1[H])=NC(=C([H])C1=C([H])C([H])=C([H])C([H])=C1[H])C([H])(O[H])N=C(C([H])(O[H])O[H])C([H])(C([H])([H])[H])C([H])([H])[H]
 - 34
[H]OC(O[H])=C(N=C(O[H])C(=NC([H])(O[H])OC([H])([H])C1=C([H])C([H])=C([H])C([H])=C1[H])C([H])([H])C1=C([H])C([H])=C([H])C([H])=C1[H])C([H])(C([H])([H])[H])C([H])([H])[H]
 - 46
[H]OC(OC([H])([H])C1=C([H])C([H])=C([H])C([H])=C1[H])=NC([H])(C(=O)N([H])C([H])(C(=O)O[H])C([H])(C([H])([H])[H])C([H])([H])[H])C([H])([H])C1=C([H])C([H])=C([H])C([H])=C1[H]
 - 42
[H]OC(=O)C([H])(N=C(O[H])C([H])(N([H])C(=O)OC([H])([H])C1=C([H])C([H])=C([H])C([H])=C1[H])C([H])([H])C1=C([H])C([H])=C([H])C([H])=C1[H])C([H])(C([H])([H])[H])C([H])([H])[H]
 - 46
[H]OC(=O)C([H])(N([H])C(=O)C([H])(N([H])C(=O)OC([H])([H])C1=C([H])C([H])=C([H])C([H])=C1[H])C([H])([H])C1=C([H])C([H])=C([H])C([H])=C1[H])C([H])(C([H])([H])[H])C([H])([H])[H]
 - 46
[H]OC(=O)C(=NC([H])(O[H])C([H])(N=C(O[H])OC([H])([H])C1=C([H])C([H])=C([H])C([H])=C1[H])C([H])([H])C1=C([H])C([H])=C([H])C([H])=C1[H])C([H])(C([H])([H])[H])C([H])([H])[H]
 - 46
[H]OC(OC([H])([H])C1=C([H])C([H])=C([H])C([H])=C1[H])=NC([H])(C(=O)N=C(C([H])(O[H])O[H])C([H])(C([H])([H])[H])C([H])([H])[H])C([H])([H])C1=C([H])C([H])=C([H])C([H])=C1[H]
 - 42
[H]OC(=O)C(=NC([H])(O[H])C([H])(N([H])C(=O)OC([H])([H])C1=C([H])C([H])=C([H])C([H])=C1[H])C([H])([H])C1=C([H])C([H])=C([H])C([H])=C1[H])C([H])(C([H])([H])[H])C([H])([H])[H]
 - 46
[H]OC([H])(O[H])C(=NC(=O)C([H])(N([H])C(=O)OC([H])([H])C1=C([H])C([H])=C([H])C([H])=C1[H])C([H])([H])C1=C([H])C([H])=C([H])C([H])=C1[H])C([H])(C([H])([H])[H])C([H])([H])[H]
 - 46
[H]OC(OC([H])([H])C1=C([H])C([H])=C([H])C([H])=C1[H])=NC(=C(O[H])N([H])C([H])(C(=O)O[H])C([H])(C([H])([H])[H])C([H])([H])[H])C([H])([H])C1=C([H])C([H])=C([H])C([H])=C1[H]
 - 42
[H]OC(N([H])C([H])(C(=O)O[H])C([H])(C([H])([H])[H])C([H])([H])[H])=C(N([H])C(=O)OC([H])([H])C1=C([H])C([H])=C([H])C([H])=C1[H])C([H])([H])C1=C([H])C([H])=C([H])C([H])=C1[H]
 - 42
[H]OC([H])(O[H])C(=NC([H])(O[H])C(=NC(=O)OC([H])([H])C1=C([H])C([H])=C([H])C([H])=C1[H])C([H])([H])C1=C([H])C([H])=C([H])C([H])=C1[H])C([H])(C([H])([H])[H])C([H])([H])[H]
 - 46
[H]OC(=NC([H])(C(=O)O[H])C([H])(C([H])([H])[H])C([H])([H])[H])C(=NC([H])(O[H])OC([H])([H])C1=C([H])C([H])=C([H])C([H])=C1[H])C([H])([H])C1=C([H])C([H])=C([H])C([H])=C1[H]
 - 42
[H]OC(OC([H])([H])C1=C([H])C([H])=C([H])C([H])=C1[H])=NC(=C([H])C1=C([H])C([H])=C([H])C([H])=C1[H])C([H])(O[H])N([H])C([H])(C(=O)O[H])C([H])(C([H])([H])[H])C([H])([H])[H]
 - 34
[H]OC(=O)C([H])(N([H])C([H])(O[H])C(=NC(=O)OC([H])([H])C1=C([H])C([H])=C([H])C([H])=C1[H])C([H])([H])C1=C([H])C([H])=C([H])C([H])=C1[H])C([H])(C([H])([H])[H])C([H])([H])[H]
 - 46
[H]N(N=C(C#N)C#N)C1=C([H])C([H])=C([H])C([H])=C1Cl
 - 18
[H]N=C=C(N=NC1=C([H])C([H])=C([H])C([H])=C1Cl)C#N
 - 18
[H]C1=C([H])C([H])=C(N=NC([H])(C#N)C#N)C(Cl)=C1[H]
 - 18
[H]OC(C1=C(OC([H])([H])C([H])([H])[H])C([H])=C(C([H])=C1OC([H])([H])C([H])([H])[H])C([H])([H])C1=C(N=C(N=C1[H])N([H])[H])N([H])[H])(C([H])([H])[H])C([H])([H])[H]
 - 44
[H]OC(C1=C(OC([H])([H])C([H])([H])[H])C([H])=C(C([H])=C1OC([H])([H])C([H])([H])[H])C([H])([H])C1=C(N([H])[H])N([H])C(=N[H])N=C1[H])(C([H])([H])[H])C([H])([H])[H]
 - 44
[H]OC(C1=C(OC([H])([H])C([H])([H])[H])C([H])=C(C([H])=C1OC([H])([H])C([H])([H])[H])C([H])([H])C1=C([H])N([H])C(=N[H])N([H])C1=N[H])(C([H])([H])[H])C([H])([H])[H]
 - 44
[H]OC(C1=C(OC([H])([H])C([H])([H])[H])C([H])=C(C([H])=C1OC([H])([H])C([H])([H])[H])C([H])([H])C1=C([H])N([H])C(=NC1=N[H])N([H])[H])(C([H])([H])[H])C([H])([H])[H]
 - 44
[H]OC(C1=C(OC([H])([H])C([H])([H])[H])C([H])=C(C([H])=C1OC([H])([H])C([H])([H])[H])C([H])([H])C1=C([H])N=C(N([H])[H])N([H])C1=N[H])(C([H])([H])[H])C([H])([H])[H]
 - 44
[H]OC(C1=C(OC([H])([H])C([H])([H])[H])C([H])=C(C([H])=C1OC([H])([H])C([H])([H])[H])C([H])([H])C1=C([H])N([H])C(=N[H])N=C1N([H])[H])(C([H])([H])[H])C([H])([H])[H]
 - 44
[H]N(C(=O)OC([H])([H])C([H])([H])N1C([H])([H])C([H])([H])C([H])([H])C([H])([H])C1([H])[H])C1=C([H])C([H])=C([H])C(OC([H])([H])C([H])([H])[H])=C1[H]
 - 28
[H]OC(OC([H])([H])C([H])([H])N1C([H])([H])C([H])([H])C([H])([H])C([H])([H])C1([H])[H])=NC1=C([H])C([H])=C([H])C(OC([H])([H])C([H])([H])[H])=C1[H]
 - 27
[H]OC(=O)C1=C([H])C(N2C([H])([H])C([H])([H])C([H])([H])C2([H])[H])=C(OC2=C([H])C([H])=C([H])C([H])=C2[H])C(=C1[H])S(=O)(=O)N([H])[H]
 - 36
[H]OC(=O)C1=C([H])C(N2C([H])([H])C([H])([H])C([H])([H])C2([H])[H])=C(OC2=C([H])C([H])=C([H])C([H])=C2[H])C(=C1[H])S(=O)(O[H])=N[H]
 - 36
[H]OC(=NC1([H])C([H])([H])C([H])([H])N(C([H])([H])C2=C([H])C([H])=C([H])C([H])=C2[H])C([H])([H])C1([H])[H])C1=C([H])C(Cl)=C(N([H])[H])C([H])=C1OC([H])([H])[H]
 - 34
[H]N([H])C1=C(Cl)C([H])=C(C(=O)N([H])C2([H])C([H])([H])C([H])([H])N(C([H])([H])C3=C([H])C([H])=C([H])C([H])=C3[H])C([H])([H])C2([H])[H])C(OC([H])([H])[H])=C1[H]
 - 49
[nH]1cnc(C(=O)N)c1N=NN(C)CCCCCCCC
 - This structure cannot be kekulised!
CCCCCCCCN(C)N=Nc1[nH]c[n]c1C(N)=O
 - This structure cannot be kekulised!
[H]N([H])C(=O)C1=C(\\N=N\\N(C([H])([H])[H])C([H])([H])C([H])([H])C([H])([H])C([H])([H])C([H])([H])C([H])([H])C([H])([H])C([H])([H])[H])N([H])C([H])=N1
 - 2 bonds in a row
[H]N([H])C1=NC([H])=C(C(=N1)N([H])[H])C([H])([H])C1=C([H])C(OC([H])([H])[H])=C(N([H])[H])C(OC([H])([H])[H])=C1[H]
 - 36
[H]N=C1N=C([H])C(=C(N([H])[H])N1[H])C([H])([H])C1=C([H])C(OC([H])([H])[H])=C(N([H])[H])C(OC([H])([H])[H])=C1[H]
 - 36
[H]N=C1N([H])C([H])=C(C(=N[H])N1[H])C([H])([H])C1=C([H])C(OC([H])([H])[H])=C(N([H])[H])C(OC([H])([H])[H])=C1[H]
 - 36
[H]N=C1N([H])C(=NC([H])=C1C([H])([H])C1=C([H])C(OC([H])([H])[H])=C(N([H])[H])C(OC([H])([H])[H])=C1[H])N([H])[H]
 - 35
[H]N=C1N=C(N([H])[H])N([H])C([H])=C1C([H])([H])C1=C([H])C(OC([H])([H])[H])=C(N([H])[H])C(OC([H])([H])[H])=C1[H]
 - 36
[H]N=C1N=C(N([H])[H])C(=C([H])N1[H])C([H])([H])C1=C([H])C(OC([H])([H])[H])=C(N([H])[H])C(OC([H])([H])[H])=C1[H]
 - 36
[H]OC(=NC([H])(C([H])([H])[H])C([H])([H])[H])N([H])S(=O)(=O)C1=C([H])N=C([H])C([H])=C1N([H])C1=C([H])C([H])=C([H])C(=C1[H])C([H])([H])[H]
 - 28
[H]OC(=NS(=O)(=O)C1=C([H])N=C([H])C([H])=C1N([H])C1=C([H])C([H])=C([H])C(=C1[H])C([H])([H])[H])N([H])C([H])(C([H])([H])[H])C([H])([H])[H]
 - 33
[H]N(C1=C([H])C([H])=C([H])C(=C1[H])C([H])([H])[H])C1=C([H])C([H])=NC([H])=C1S(=O)(=O)N([H])C(=O)N([H])C([H])(C([H])([H])[H])C([H])([H])[H]
 - 25
[H]OC(=NC(=C([H])[H])C([H])([H])[H])N([H])S([H])(=O)(O[H])C1=C([H])N=C([H])C([H])=C1N([H])C1=C([H])C([H])=C([H])C(=C1[H])C([H])([H])[H]
 - 28
[H]OC(=NS([H])(=O)(O[H])C1=C([H])N=C([H])C([H])=C1N([H])C1=C([H])C([H])=C([H])C(=C1[H])C([H])([H])[H])N([H])C(=C([H])[H])C([H])([H])[H]
 - 35
[H]OC(N=C(C([H])([H])[H])C([H])([H])[H])=NS([H])(=O)(O[H])C1=C([H])N=C([H])C([H])=C1N([H])C1=C([H])C([H])=C([H])C(=C1[H])C([H])([H])[H]
 - 28
[H]OC(=NC([H])(C([H])([H])[H])C([H])([H])[H])N=S(=O)(O[H])C1=C([H])N=C([H])C([H])=C1N([H])C1=C([H])C([H])=C([H])C(=C1[H])C([H])([H])[H]
 - 28
[H]OC(=NC([H])(C([H])([H])[H])C([H])([H])[H])N([H])S(=O)(=O)C1=C([H])N([H])C([H])=C([H])C1=NC1=C([H])C([H])=C([H])C(=C1[H])C([H])([H])[H]
 - 29
[H]OC(=NS(=O)(=O)C1=C([H])N([H])C([H])=C([H])C1=NC1=C([H])C([H])=C([H])C(=C1[H])C([H])([H])[H])N([H])C([H])(C([H])([H])[H])C([H])([H])[H]
 - 33
[H]OS(=O)(=NC(=O)N([H])C([H])(C([H])([H])[H])C([H])([H])[H])C1=C([H])N=C([H])C([H])=C1N([H])C1=C([H])C([H])=C([H])C(=C1[H])C([H])([H])[H]
 - 28
[H]N(C(=O)N([H])S(=O)(=O)C1=C([H])N([H])C([H])=C([H])C1=NC1=C([H])C([H])=C([H])C(=C1[H])C([H])([H])[H])C([H])(C([H])([H])[H])C([H])([H])[H]
 - 35
[H]OC(=NC(=C([H])[H])C([H])([H])[H])N=S([H])(O[H])(O[H])C1=C([H])N=C([H])C([H])=C1N([H])C1=C([H])C([H])=C([H])C(=C1[H])C([H])([H])[H]
 - 28
[H]OS([H])(O[H])(=NC(=O)N([H])C(=C([H])[H])C([H])([H])[H])C1=C([H])N=C([H])C([H])=C1N([H])C1=C([H])C([H])=C([H])C(=C1[H])C([H])([H])[H]
 - 28
[H]OC(=NC(=C([H])[H])C([H])([H])[H])N([H])S([H])(=O)(O[H])C1=C([H])N([H])C([H])=C([H])C1=NC1=C([H])C([H])=C([H])C(=C1[H])C([H])([H])[H]
 - 29
[H]OC([H])(N=S(=O)(O[H])C1=C([H])N=C([H])C([H])=C1N([H])C1=C([H])C([H])=C([H])C(=C1[H])C([H])([H])[H])N([H])C(=C([H])[H])C([H])([H])[H]
 - 35
[H]OC(=NS([H])(=O)(O[H])C1=C([H])N([H])C([H])=C([H])C1=NC1=C([H])C([H])=C([H])C(=C1[H])C([H])([H])[H])N([H])C(=C([H])[H])C([H])([H])[H]
 - 35
[H]OS([H])(O[H])(=NC(=O)N=C(C([H])([H])[H])C([H])([H])[H])C1=C([H])N=C([H])C([H])=C1N([H])C1=C([H])C([H])=C([H])C(=C1[H])C([H])([H])[H]
 - 28
[H]OC([H])(N=C(C([H])([H])[H])C([H])([H])[H])N=S(=O)(O[H])C1=C([H])N=C([H])C([H])=C1N([H])C1=C([H])C([H])=C([H])C(=C1[H])C([H])([H])[H]
 - 28
[H]OC(=NC([H])(C([H])([H])[H])C([H])([H])[H])N=S(=O)(O[H])C1=C([H])N([H])C([H])=C([H])C1=NC1=C([H])C([H])=C([H])C(=C1[H])C([H])([H])[H]
 - 29
[H]OC(N=C(C([H])([H])[H])C([H])([H])[H])=NS([H])(=O)(O[H])C1=C([H])N([H])C([H])=C([H])C1=NC1=C([H])C([H])=C([H])C(=C1[H])C([H])([H])[H]
 - 29
[H]OS(=O)(=NC(=O)N([H])C([H])(C([H])([H])[H])C([H])([H])[H])C1=C([H])N([H])C([H])=C([H])C1=NC1=C([H])C([H])=C([H])C(=C1[H])C([H])([H])[H]
 - 29
[H]OC(=NC(=C([H])[H])C([H])([H])[H])N=S([H])(O[H])(O[H])C1=C([H])N([H])C([H])=C([H])C1=NC1=C([H])C([H])=C([H])C(=C1[H])C([H])([H])[H]
 - 29
[H]OC([H])(N=S(=O)(O[H])C1=C([H])N([H])C([H])=C([H])C1=NC1=C([H])C([H])=C([H])C(=C1[H])C([H])([H])[H])N([H])C(=C([H])[H])C([H])([H])[H]
 - 35
[H]OS([H])(O[H])(=NC(=O)N([H])C(=C([H])[H])C([H])([H])[H])C1=C([H])N([H])C([H])=C([H])C1=NC1=C([H])C([H])=C([H])C(=C1[H])C([H])([H])[H]
 - 29
[H]OC([H])(N=C(C([H])([H])[H])C([H])([H])[H])N=S(=O)(O[H])C1=C([H])N([H])C([H])=C([H])C1=NC1=C([H])C([H])=C([H])C(=C1[H])C([H])([H])[H]
 - 29
[H]OS([H])(O[H])(=NC(=O)N=C(C([H])([H])[H])C([H])([H])[H])C1=C([H])N([H])C([H])=C([H])C1=NC1=C([H])C([H])=C([H])C(=C1[H])C([H])([H])[H]
 - 29
[H]OC1=C([H])C(N([H])[H])=C([H])C([H])=C1C(=O)OC1=C([H])C([H])=C([H])C([H])=C1C([H])([H])[H]
 - 19
CC1=CC=CC(C)=C1OC(=O)C1=C(O)C=C(N)C=C1
 - Processing took more than 5 seconds
[H]OC1=C([H])C(N([H])[H])=C([H])C([H])=C1C(=O)OC1=C(C([H])=C([H])C([H])=C1C([H])([H])[H])C([H])([H])[H]
 - 26
[H]C([H])([H])OC1([H])C([H])(Cl)C([H])(Cl)C([H])(OC([H])([H])[H])C([H])(Cl)C1([H])Cl
 - 24
[H]OC([H])([H])C1([H])C([H])(Cl)C([H])(Cl)C([H])(Cl)C([H])(Cl)C1([H])Cl
 - 20
[H]OC(N([H])[H])=C(N([H])C(O[H])=C([H])[H])C([H])(C([H])([H])[H])C([H])([H])C([H])([H])[H]
 - 16
[H]OC(=NC(=C(O[H])N([H])[H])C([H])(C([H])([H])[H])C([H])([H])C([H])([H])[H])C([H])([H])[H]
 - 25
[H]OC(N([H])[H])=C(N([H])C(=O)C([H])([H])[H])C([H])(C([H])([H])[H])C([H])([H])C([H])([H])[H]
 - 16
[H]OC(=C([H])[H])N([H])C(=C(C([H])([H])[H])C([H])([H])C([H])([H])[H])C([H])(O[H])N([H])[H]
 - 22
[H]OC(N([H])[H])=C(N([H])C([H])(O[H])C([H])([H])[H])C(=C([H])[H])C([H])([H])C([H])([H])[H]
 - 18
[H]OC(=NC(=C(C([H])([H])[H])C([H])([H])C([H])([H])[H])C([H])(O[H])N([H])[H])C([H])([H])[H]
 - 25
[H]OC(N([H])[H])=C(N([H])C([H])(O[H])C([H])([H])[H])C(=C([H])C([H])([H])[H])C([H])([H])[H]
 - 18
[H]OC([H])(N([H])C(C(=O)N([H])[H])=C(C([H])([H])[H])C([H])([H])C([H])([H])[H])C([H])([H])[H]
 - 25
[H]OC([H])(N([H])[H])C(N([H])C(=O)C([H])([H])[H])=C(C([H])([H])[H])C([H])([H])C([H])([H])[H]
 - 17
[H]OC(=N[H])C(N([H])C([H])(O[H])C([H])([H])[H])=C(C([H])([H])[H])C([H])([H])C([H])([H])[H]
 - 17
[H]OC(=C([H])[H])N([H])C([H])(C(=O)N([H])[H])C([H])(C([H])([H])[H])C([H])([H])C([H])([H])[H]
 - 16
[H]OC(=NC([H])(C(=O)N([H])[H])C([H])(C([H])([H])[H])C([H])([H])C([H])([H])[H])C([H])([H])[H]
 - 25
[H]OC(=C([H])[H])N([H])C([H])(C(O[H])=N[H])C([H])(C([H])([H])[H])C([H])([H])C([H])([H])[H]
 - 16
[H]OC(=NC([H])(C(O[H])=N[H])C([H])(C([H])([H])[H])C([H])([H])C([H])([H])[H])C([H])([H])[H]
 - 25
[H]N([H])C(=O)C([H])(N([H])C(=O)C([H])([H])[H])C([H])(C([H])([H])[H])C([H])([H])C([H])([H])[H]
 - 16
[H]OC(=N[H])C([H])(N([H])C(=O)C([H])([H])[H])C([H])(C([H])([H])[H])C([H])([H])C([H])([H])[H]
 - 16
[H]OC(N=C(C([H])(O[H])N([H])[H])C([H])(C([H])([H])[H])C([H])([H])C([H])([H])[H])=C([H])[H]
 - 26
[H]OC([H])(N([H])C([H])(C(=O)N([H])[H])C(=C([H])[H])C([H])([H])C([H])([H])[H])C([H])([H])[H]
 - 25
[H]OC(=N[H])C([H])(N([H])C([H])(O[H])C([H])([H])[H])C(=C([H])[H])C([H])([H])C([H])([H])[H]
 - 18
[H]OC([H])(N=C(C(=O)N([H])[H])C([H])(C([H])([H])[H])C([H])([H])C([H])([H])[H])C([H])([H])[H]
 - 25
[H]OC([H])(N([H])[H])C(=NC(=O)C([H])([H])[H])C([H])(C([H])([H])[H])C([H])([H])C([H])([H])[H]
 - 16
[H]OC(=N[H])C(=NC([H])(O[H])C([H])([H])[H])C([H])(C([H])([H])[H])C([H])([H])C([H])([H])[H]
 - 16
[H]OC([H])(N([H])C([H])(C(=O)N([H])[H])C(=C([H])C([H])([H])[H])C([H])([H])[H])C([H])([H])[H]
 - 25
[H]OC(=N[H])C([H])(N([H])C([H])(O[H])C([H])([H])[H])C(=C([H])C([H])([H])[H])C([H])([H])[H]
 - 18
[H]OC([H])(N=C(C(=C([H])[H])C([H])([H])C([H])([H])[H])C([H])(O[H])N([H])[H])C([H])([H])[H]
 - 25
[H]OC([H])(N=C(C(=C([H])C([H])([H])[H])C([H])([H])[H])C([H])(O[H])N([H])[H])C([H])([H])[H]
 - 25
[H]C1=C([H])C([H])=C(C([H])=C1[H])C1=NC([H])(OC(=O)C([H])([H])[H])C(=O)N(C2=C([H])C([H])=C(Cl)C([H])=C12)C([H])([H])C([H])([H])OC(=O)C([H])([H])[H]
 - 35
[H]C1=C([H])C(=C([H])C(Cl)=C1OC1=C([H])C([H])=C(Cl)C(=C1[H])C(=O)OC([H])([H])[H])C(F)(F)F
 - 29
[H]OC1=C([H])C([H])=C(OC([H])([H])[H])C2=C1N=C([H])C([H])=C2[H]
 - 15
[H]OC(=C([H])[H])N(C([H])([H])[H])C([H])([H])C([H])([H])OC(=O)C1=C([H])C([H])=C([H])C([H])=C1[H]
 - 17
[H]C1=C([H])C([H])=C(C([H])=C1[H])C(=O)OC([H])([H])C([H])([H])N(C(=O)C([H])([H])[H])C([H])([H])[H]
 - 17
[H]C1=C([H])C([H])=C(OC([H])([H])C([H])([H])OC([H])([H])C([H])([H])OC([H])([H])C([H])([H])OC([H])([H])[H])C(OC([H])([H])C([H])([H])OC([H])([H])C([H])([H])OC([H])([H])C([H])([H])OC([H])([H])[H])=C1[H]
 - 61
[H]OC1=NC2=C([H])C([H])=C([H])C([H])=C2N1C([H])([H])C([H])([H])C([H])([H])N1C([H])([H])C([H])([H])C([H])(N2C(O[H])=NC3=C([H])C(Cl)=C([H])C([H])=C23)C([H])([H])C1([H])[H]
 - 52
[H]OC1=NC2=C([H])C(Cl)=C([H])C([H])=C2N1C1([H])C([H])([H])C([H])([H])N(C([H])([H])C([H])([H])C([H])([H])N2C(=O)N([H])C3=C([H])C([H])=C([H])C([H])=C23)C([H])([H])C1([H])[H]
 - 52
[H]OC1=NC2=C([H])C([H])=C([H])C([H])=C2N1C([H])([H])C([H])([H])C([H])([H])N1C([H])([H])C([H])([H])C([H])(N2C(=O)N([H])C3=C([H])C(Cl)=C([H])C([H])=C23)C([H])([H])C1([H])[H]
 - 52
[H]N1C(=O)N(C2=C([H])C([H])=C([H])C([H])=C12)C([H])([H])C([H])([H])C([H])([H])N1C([H])([H])C([H])([H])C([H])(N2C(=O)N([H])C3=C([H])C(Cl)=C([H])C([H])=C23)C([H])([H])C1([H])[H]
 - 52
[H]N1C(=O)N(C2=C([H])C([H])=C([H])C([H])=C12)C([H])([H])C([H])([H])C([H])([H])N1C([H])([H])C([H])([H])C([H])(N2C(=O)N([H])C3=C2C([H])=C([H])C(Cl)=C3[H])C([H])([H])C1([H])[H]
 - 52
O=c1[nH]c2cc(Cl)ccc2n1C1CCN(CCCn2c3ccccc3[nH]c2=O)CC1
 - 'NoneType' object has no attribute 'kekulise'
[H]N(C([H])([H])C([H])([H])[H])C([H])([H])C(F)(F)F
 - 10
[H]OC(N([H])C1=C([H])C([H])=C([H])C([H])=C1Br)=C([H])N1C([H])([H])C([H])([H])C([H])([H])C([H])([H])C1([H])[H]
 - 18
[H]N(C(=O)C([H])([H])N1C([H])([H])C([H])([H])C([H])([H])C([H])([H])C1([H])[H])C1=C([H])C([H])=C([H])C([H])=C1Br
 - 24
[H]OC(=NC1=C([H])C([H])=C([H])C([H])=C1Br)C([H])([H])N1C([H])([H])C([H])([H])C([H])([H])C([H])([H])C1([H])[H]
 - 18
[H]C1=C(Cl)C(Cl)=C(Cl)C2=C(Cl)C(Cl)=C(Cl)C(Cl)=C12
 - 18
[H]OC1=C(N([H])C([H])(O[H])N1[H])C([H])([H])C(=C([H])[H])C([H])([H])[H]
 - 13
[H]OC1=C(N([H])C([H])(O[H])N1[H])C([H])=C(C([H])([H])[H])C([H])([H])[H]
 - 13
[H]OC1=NC(=C(O[H])N1[H])C([H])([H])C([H])(C([H])([H])[H])C([H])([H])[H]
 - 12
[H]OC1=NC(O[H])=C(N1[H])C([H])([H])C([H])(C([H])([H])[H])C([H])([H])[H]
 - 12
[H]OC1([H])N([H])C(=C([H])C(=C([H])[H])C([H])([H])[H])C([H])(O[H])N1[H]
 - 22
[H]OC1([H])N=C(C([H])([H])C(=C([H])[H])C([H])([H])[H])C([H])(O[H])N1[H]
 - 22
[H]OC1([H])N=C(C([H])=C(C([H])([H])[H])C([H])([H])[H])C([H])(O[H])N1[H]
 - 22
[H]OC1=C(N([H])C(=O)N1[H])C([H])([H])C([H])(C([H])([H])[H])C([H])([H])[H]
 - 12
[H]OC1([H])N([H])C(=C=C(C([H])([H])[H])C([H])([H])[H])C([H])(O[H])N1[H]
 - 22
[H]OC1([H])N([H])C(=O)C([H])(N1[H])C([H])([H])C(=C([H])[H])C([H])([H])[H]
 - 13
[H]OC1([H])N([H])C(=O)C([H])(N1[H])C([H])=C(C([H])([H])[H])C([H])([H])[H]
 - 13
[H]OC1([H])N([H])C(=O)C(N1[H])=C([H])C([H])(C([H])([H])[H])C([H])([H])[H]
 - 12
[H]OC1([H])N=C(C(=O)N1[H])C([H])([H])C([H])(C([H])([H])[H])C([H])([H])[H]
 - 12
[H]OC1=NC([H])(O[H])N([H])C1([H])C([H])=C(C([H])([H])[H])C([H])([H])[H]
 - 12
[H]OC1=NC([H])(O[H])N([H])C1=C([H])C([H])(C([H])([H])[H])C([H])([H])[H]
 - 12
[H]OC1=NC([H])(O[H])N=C1C([H])([H])C([H])(C([H])([H])[H])C([H])([H])[H]
 - 12
[H]OC1([H])N([H])C(=O)N([H])C1=C([H])C([H])(C([H])([H])[H])C([H])([H])[H]
 - 12
[H]OC1([H])N([H])C(=O)N=C1C([H])([H])C([H])(C([H])([H])[H])C([H])([H])[H]
 - 12
[H]OC1=NC([H])(O[H])C(N1[H])=C([H])C([H])(C([H])([H])[H])C([H])([H])[H]
 - 12
[H]OC1=NC(=C([H])C([H])(C([H])([H])[H])C([H])([H])[H])C([H])(O[H])N1[H]
 - 22
[H]OC1=NC([H])(O[H])C(=N1)C([H])([H])C([H])(C([H])([H])[H])C([H])([H])[H]
 - 12
[H]N1C(=O)N([H])C([H])(C1=O)C([H])([H])C([H])(C([H])([H])[H])C([H])([H])[H]
 - 12
[H]OC1=NC(=O)C([H])(N1[H])C([H])([H])C([H])(C([H])([H])[H])C([H])([H])[H]
 - 12
[H]OC1=NC(=O)N([H])C1([H])C([H])([H])C([H])(C([H])([H])[H])C([H])([H])[H]
 - 12
[H]OC1=NC([H])(C(=O)N1[H])C([H])([H])C([H])(C([H])([H])[H])C([H])([H])[H]
 - 12
[H]OC1=NC([H])(C(O[H])=N1)C([H])([H])C([H])(C([H])([H])[H])C([H])([H])[H]
 - 12
[H]OC([H])(C([H])([H])OC1=C([H])C([H])=C([H])C(=C1[H])C([H])([H])[H])C([H])([H])N([H])C([H])([H])C([H])([H])C1=C([H])C([H])=C(OC([H])([H])[H])C(OC([H])([H])[H])=C1[H]
 - 26
[H]OC(=C([H])[H])N([H])C1=C([H])C([H])=C(Cl)C([H])=C1F
 - 18
[H]N(C(=O)C([H])([H])[H])C1=C([H])C([H])=C(Cl)C([H])=C1F
 - 18
[H]OC(=NC1=C([H])C([H])=C(Cl)C([H])=C1F)C([H])([H])[H]
 - 16
[H]OC(=NC([H])([H])C1([H])N(C([H])([H])C([H])=C([H])[H])C([H])([H])C([H])([H])C1([H])[H])C1=C([H])C2=NN([H])N=C2C([H])=C1OC([H])([H])[H]
 - 28
[H]OC(=NC([H])([H])C1([H])N(C([H])([H])C([H])=C([H])[H])C([H])([H])C([H])([H])C1([H])[H])C1=C(OC([H])([H])[H])C([H])=C2N([H])N=NC2=C1[H]
 - 28
[H]OC(=NC([H])([H])C1([H])N(C([H])([H])C([H])=C([H])[H])C([H])([H])C([H])([H])C1([H])[H])C1=C(OC([H])([H])[H])C([H])=C2N=NN([H])C2=C1[H]
 - 28
[H]C([H])=C([H])C([H])([H])N1C([H])([H])C([H])([H])C([H])([H])C1([H])C([H])([H])N([H])C(=O)C1=C([H])C2=NN([H])N=C2C([H])=C1OC([H])([H])[H]
 - 24
[H]C([H])=C([H])C([H])([H])N1C([H])([H])C([H])([H])C([H])([H])C1([H])C([H])([H])N([H])C(=O)C1=C(OC([H])([H])[H])C([H])=C2N=NN([H])C2=C1[H]
 - 24
[H]C([H])=C([H])C([H])([H])N1C([H])([H])C([H])([H])C([H])([H])C1([H])C([H])([H])N([H])C(=O)C1=C(OC([H])([H])[H])C([H])=C2N([H])N=NC2=C1[H]
 - 24
C=CCN1CCCC1CNC(=O)c1c(OC)cc2[nH]nnc2c1
 - This structure cannot be kekulised!
COc1cc2[nH][n][n]c2cc1C(=O)NCC1CCCN1CC=C
 - This structure cannot be kekulised!
[H]OC(=NC1([H])C([H])([H])C([H])([H])C([H])([H])C([H])([H])C1([H])OC(=O)C([H])([H])[H])N(N=O)C([H])([H])C([H])([H])Cl
 - 28
[H]N(C(=O)N(N=O)C([H])([H])C([H])([H])Cl)C1([H])C([H])([H])C([H])([H])C([H])([H])C([H])([H])C1([H])OC(=O)C([H])([H])[H]
 - 29
[H]OC(=NC([H])([H])N(C([H])([H])[H])C([H])([H])[H])C1=C([H])C([H])=C([H])C([H])=C1[H]
 - 17
[H]N(C(=O)C1=C([H])C([H])=C([H])C([H])=C1[H])C([H])([H])N(C([H])([H])[H])C([H])([H])[H]
 - 16
[H]OC(C([H])([H])[H])(C([H])([H])[H])C1([H])OC(C([H])=C([H])[H])(C([H])([H])[H])C([H])([H])C1([H])[H]
 - 13
CC(C)CNCC(=O)NC(O)=C=[N+]=[N-]
 - 'NoneType' object has no attribute 'kekulise'
CC(C)CNCC(=O)NC(O)=[C-][N+]#N
 - 'NoneType' object has no attribute 'kekulise'
CC(C)CNCC(=O)N=C(O)C=[N+]=[N-]
 - 'NoneType' object has no attribute 'kekulise'
CC(C)CNCC(O)=NC(=O)C=[N+]=[N-]
 - 'NoneType' object has no attribute 'kekulise'
CC(C)CNC=C(O)NC(=O)C=[N+]=[N-]
 - 'NoneType' object has no attribute 'kekulise'
CC(C)CNCC(=O)NC(=O)[CH-][N+]#N
 - 'NoneType' object has no attribute 'kekulise'
[H]N(C(=O)C([H])=[N]#N)C(=O)C([H])([H])N([H])C([H])([H])C([H])(C([H])([H])[H])C([H])([H])[H]
 - 'NoneType' object has no attribute 'kekulise'
CC(C)CNCC(=O)NC(=O)C=[N]#N
 - 'NoneType' object has no attribute 'kekulise'
CC(C)CNCC(=O)NC(=O)C=N#N
 - 'NoneType' object has no attribute 'kekulise'
CC(C)CNCC(=O)NC(=O)C=[N+]=[N-]
 - 'NoneType' object has no attribute 'kekulise'
CC(C)CNCC(=O)NC([O-])=C[N+]#N
 - 'NoneType' object has no attribute 'kekulise'
[H]ON=C(O[H])N([H])C([H])(C([H])([H])[H])C([H])([H])[H]
 - 9
[H]ON([H])C(O[H])=NC([H])(C([H])([H])[H])C([H])([H])[H]
 - 9
[H]ON([H])C(=O)N([H])C([H])(C([H])([H])[H])C([H])([H])[H]
 - 9
[H]OC([H])(N=O)N([H])C([H])(C([H])([H])[H])C([H])([H])[H]
 - 9
[H]OC(O[H])=C([H])C1=C([H])C([H])=C2C(SC([H])([H])C3=C([H])C([H])=C([H])C([H])=C3C2=O)=C1[H]
 - 31
[H]OC(=O)C([H])([H])C1=C([H])C([H])=C2C(SC([H])([H])C3=C([H])C([H])=C([H])C([H])=C3C2=O)=C1[H]
 - 31
[H]C1=C([H])C([H])=C(OC2=C([H])C([H])=C(Cl)C(Cl)=C2[H])C(Cl)=C1[H]
 - 22
Clc1cc(C(F)(F)F)ccc1Sc1cc(C(=O)OC)c([N+](=O)[O-])cc1
 - 'NoneType' object has no attribute 'kekulise'
[H]C1=C([H])C(=C([H])C(Cl)=C1SC1=C([H])C([H])=C(C(=C1[H])C(=O)OC([H])([H])[H])[N+]([O-])=O)C(F)(F)F
 - 'NoneType' object has no attribute 'kekulise'
COC(=O)C1=C(C=CC(SC2=CC=C(C=C2Cl)C(F)(F)F)=C1)[N+]([O-])=O
 - 'NoneType' object has no attribute 'kekulise'
COC(=O)c1cc(ccc1[N+]([O-])=O)Sc1ccc(cc1Cl)C(F)(F)F
 - 'NoneType' object has no attribute 'kekulise'
COC(=O)c1cc(Sc2ccc(cc2Cl)C(F)(F)F)ccc1[N+]([O-])=O
 - 'NoneType' object has no attribute 'kekulise'
[H]N([H])C1=NC(N([H])[H])=C(C([H])=N1)C([H])([H])C1=C([H])C(N(C([H])([H])[H])C([H])([H])[H])=C(OC([H])([H])[H])C(=C1[H])N(C([H])([H])[H])C([H])([H])[H]
 - 37
[H]N=C1N=C([H])C(=C(N([H])[H])N1[H])C([H])([H])C1=C([H])C(N(C([H])([H])[H])C([H])([H])[H])=C(OC([H])([H])[H])C(=C1[H])N(C([H])([H])[H])C([H])([H])[H]
 - 37
[H]N=C1N([H])C([H])=C(C(=N[H])N1[H])C([H])([H])C1=C([H])C(N(C([H])([H])[H])C([H])([H])[H])=C(OC([H])([H])[H])C(=C1[H])N(C([H])([H])[H])C([H])([H])[H]
 - 37
[H]N=C1N([H])C(=NC([H])=C1C([H])([H])C1=C([H])C(N(C([H])([H])[H])C([H])([H])[H])=C(OC([H])([H])[H])C(=C1[H])N(C([H])([H])[H])C([H])([H])[H])N([H])[H]
 - 45
[H]N=C1N=C(N([H])[H])C(=C([H])N1[H])C([H])([H])C1=C([H])C(N(C([H])([H])[H])C([H])([H])[H])=C(OC([H])([H])[H])C(=C1[H])N(C([H])([H])[H])C([H])([H])[H]
 - 37
[H]N=C1N=C(N([H])[H])N([H])C([H])=C1C([H])([H])C1=C([H])C(N(C([H])([H])[H])C([H])([H])[H])=C(OC([H])([H])[H])C(=C1[H])N(C([H])([H])[H])C([H])([H])[H]
 - 37
[H]N1C([H])([H])C([H])([H])OC([H])(C2=C([H])C(=C([H])C([H])=C2[H])C([H])([H])[H])C1([H])[H]
 - 26
[H]OC(=NN([H])[H])N([H])C1=C([H])C([H])=C(OC([H])([H])[H])C([H])=C1[H]
 - 23
[H]OC([H])(N=N[H])N([H])C1=C([H])C([H])=C(OC([H])([H])[H])C([H])=C1[H]
 - 23
[H]N([H])N([H])C(=O)N([H])C1=C([H])C([H])=C(OC([H])([H])[H])C([H])=C1[H]
 - 23
[H]OC(=NC1=C([H])C([H])=C(OC([H])([H])[H])C([H])=C1[H])N([H])N([H])[H]
 - 20
[H]C1=C([H])C(=C([H])C(=C1[H])C([H])([H])N(N=O)C([H])([H])[H])C([H])([H])[H]
 - 21
[H]C1=C([H])C(=C([H])C([H])=C1C([H])([H])[H])C([H])([H])N(N=O)C([H])([H])[H]
 - 15
[H]C1=C([H])C([H])=C(OC([H])([H])C([H])([H])C([H])([H])C([H])([H])SC(=O)N(C([H])([H])[H])C([H])([H])[H])C([H])=C1[H]
 - 35
[H]OC(C1=C([H])N=C([H])N=C1[H])(C1=C([H])C([H])=C(F)C([H])=C1[H])C1=C([H])C([H])=C([H])C([H])=C1Cl
 - 24
[H]N(C1=NC([H])([H])C([H])([H])N1[H])C1=C([H])C([H])=C(C([H])=C1OC([H])([H])[H])C([H])([H])[H]
 - 21
[H]N1C(=NC2=C([H])C([H])=C(C([H])=C2OC([H])([H])[H])C([H])([H])[H])N([H])C([H])([H])C1([H])[H]
 - 28
[H]C1=C([H])C([H])=C(C([H])=C1[H])C(=O)N(C1=C([H])C([H])=C(F)C(Cl)=C1[H])C([H])(C(=O)OC([H])(C([H])([H])[H])C([H])([H])[H])C([H])([H])[H]
 - 26
[H]C([H])([H])OC(=O)N(SN(C(=O)O\\N=C(/SC([H])([H])[H])C([H])([H])[H])C([H])([H])[H])C([H])([H])[H]
 - 2 bonds in a row
[H]C([H])([H])N(C1=NC(=NC(=N1)N(C([H])([H])[H])C([H])([H])C([H])([H])[H])N(C([H])([H])[H])C([H])([H])C([H])([H])[H])C([H])([H])C([H])([H])[H]
 - 36
[H]OC(=C([H])SP(=S)(OC([H])([H])[H])OC([H])([H])[H])N(C1=C([H])C([H])=C(Cl)C([H])=C1[H])C([H])(C([H])([H])[H])C([H])([H])[H]
 - 31
[H]C1=C([H])C(=C([H])C([H])=C1Cl)N(C(=O)C([H])([H])SP(=S)(OC([H])([H])[H])OC([H])([H])[H])C([H])(C([H])([H])[H])C([H])([H])[H]
 - 31
[H]OC(=C([H])OC(=O)C(C([H])([H])[H])(C([H])([H])[H])C([H])([H])[H])C1(O[H])C([H])(C([H])([H])[H])C([H])([H])C2([H])C3([H])C([H])([H])C(F)=C4C([H])([H])C(=O)C(Cl)=C([H])C4(C([H])([H])[H])C3(Cl)C([H])(O[H])C([H])([H])C12C([H])([H])[H]
 - 67
[H]OC(=C([H])OC(=O)C(C([H])([H])[H])(C([H])([H])[H])C([H])([H])[H])C1(O[H])C([H])(C([H])([H])[H])C([H])([H])C2([H])C3([H])C([H])([H])C(F)=C4C([H])=C(O[H])C(Cl)=C([H])C4(C([H])([H])[H])C3(Cl)C([H])(O[H])C([H])([H])C12C([H])([H])[H]
 - 67
[H]OC(=C([H])OC(=O)C(C([H])([H])[H])(C([H])([H])[H])C([H])([H])[H])C1(O[H])C([H])(C([H])([H])[H])C([H])([H])C2([H])C3([H])C([H])([H])C([H])(F)C4=C([H])C(=O)C(Cl)=C([H])C4(C([H])([H])[H])C3(Cl)C([H])(O[H])C([H])([H])C12C([H])([H])[H]
 - 67
[H]OC1([H])C([H])([H])C2(C([H])([H])[H])C([H])(C([H])([H])C([H])(C([H])([H])[H])C2(O[H])C(=O)C([H])([H])OC(=O)C(C([H])([H])[H])(C([H])([H])[H])C([H])([H])[H])C2([H])C([H])([H])C(F)=C3C([H])([H])C(=O)C(Cl)=C([H])C3(C([H])([H])[H])C12Cl
 - 70
[H]OC1=C([H])C2=C(F)C([H])([H])C3([H])C4([H])C([H])([H])C([H])(C([H])([H])[H])C(O[H])(C(=O)C([H])([H])OC(=O)C(C([H])([H])[H])(C([H])([H])[H])C([H])([H])[H])C4(C([H])([H])[H])C([H])([H])C([H])(O[H])C3(Cl)C2(C([H])=C1Cl)C([H])([H])[H]
 - 66
[H]OC1([H])C([H])([H])C2(C([H])([H])[H])C([H])(C([H])([H])C([H])(C([H])([H])[H])C2(O[H])C(=O)C([H])([H])OC(=O)C(C([H])([H])[H])(C([H])([H])[H])C([H])([H])[H])C2([H])C([H])([H])C([H])(F)C3=C([H])C(=O)C(Cl)=C([H])C3(C([H])([H])[H])C12Cl
 - 70
[H]OC([H])(C([H])([H])OC1=C([H])C([H])=C([H])C([H])=C1[H])C([H])([H])N([H])C(C([H])([H])[H])(C([H])([H])[H])C([H])([H])[H]
 - 20
[H]N([H])C1=NC(=NC(=N1)N([H])[H])C1=C([H])C([H])=C([H])C(SC([H])([H])[H])=C1[H]
 - 26
n1c(N)nc(N)nc1c1cc(SC)ccc1
 - 'NoneType' object has no attribute 'get_contributed_electrons'
n1c(N)nc(N)nc1c2cc(SC)ccc2
 - 'NoneType' object has no attribute 'get_contributed_electrons'
[H]N=C1N=C(N([H])C(=N[H])N1[H])C1=C([H])C([H])=C([H])C(SC([H])([H])[H])=C1[H]
 - 26
[H]N=C1N=C(N([H])[H])N([H])C(=N1)C1=C([H])C([H])=C([H])C(SC([H])([H])[H])=C1[H]
 - 26
[H]N=C1N=C(N=C(N1[H])C1=C([H])C([H])=C([H])C(SC([H])([H])[H])=C1[H])N([H])[H]
 - 25
[H]N=C1N=C(N=C(N([H])[H])N1[H])C1=C([H])C([H])=C([H])C(SC([H])([H])[H])=C1[H]
 - 26
[H]OC1=NC2=C([H])C([H])=C(Br)C([H])=C2C(=NC1([H])[H])C1=C([H])C([H])=C([H])C([H])=C1Br
 - 21
[H]N1C2=C([H])C([H])=C(Br)C([H])=C2C(=NC([H])([H])C1=O)C1=C([H])C([H])=C([H])C([H])=C1Br
 - 21
[H]N1C(C2=C([H])C([H])=C([H])C([H])=C2Br)=C2C([H])=C(Br)C([H])=C([H])C2=NC(=O)C1([H])[H]
 - 28
[H]OC(=NC([H])(C([H])([H])[H])C([H])([H])[H])C1=C([H])C(OC2=C(C([H])=C([H])C(=C2[H])C([H])([H])[H])C([H])([H])[H])=C([H])C([H])=C1[H]
 - 41
[H]N(C(=O)C1=C([H])C(OC2=C(C([H])=C([H])C(=C2[H])C([H])([H])[H])C([H])([H])[H])=C([H])C([H])=C1[H])C([H])(C([H])([H])[H])C([H])([H])[H]
 - 33
[H]OC(=NC(C([H])([H])[H])(C([H])([H])[H])C([H])([H])[H])C1=C([H])C(OC2=C(C([H])=C([H])C(=C2[H])C([H])([H])[H])C([H])([H])[H])=C([H])C([H])=C1[H]
 - 44
[H]N(C(=O)C1=C([H])C(OC2=C(C([H])=C([H])C(=C2[H])C([H])([H])[H])C([H])([H])[H])=C([H])C([H])=C1[H])C(C([H])([H])[H])(C([H])([H])[H])C([H])([H])[H]
 - 33
[H]N(C(=O)OC([H])([H])C([H])([H])N1C([H])([H])C([H])([H])OC([H])([H])C1([H])[H])C1=C([H])C([H])=C([H])C(OC([H])([H])C([H])([H])C([H])([H])[H])=C1[H]
 - 26
[H]OC(OC([H])([H])C([H])([H])N1C([H])([H])C([H])([H])OC([H])([H])C1([H])[H])=NC1=C([H])C([H])=C([H])C(OC([H])([H])C([H])([H])C([H])([H])[H])=C1[H]
 - 25
[H]C1=C([H])C2=C(OC(C([H])([H])[H])(C([H])([H])[H])C2([H])[H])C(OC(=O)N(SN(C(=O)OC([H])([H])C([H])([H])[H])C([H])([H])[H])C([H])([H])[H])=C1[H]
 - 45
[H]OC(=C([H])[H])N(C1=C(I)C(C(O[H])=NC([H])([H])C([H])(O[H])C([H])([H])O[H])=C(I)C(C(O[H])=NC([H])([H])C([H])(O[H])C([H])([H])O[H])=C1I)C([H])([H])C([H])(O[H])C([H])([H])O[H]
 - 49
[H]OC(=C([H])[H])N(C1=C(I)C(C(O[H])=NC([H])([H])C([H])(O[H])C([H])([H])O[H])=C(I)C(C(=O)N([H])C([H])([H])C([H])(O[H])C([H])([H])O[H])=C1I)C([H])([H])C([H])(O[H])C([H])([H])O[H]
 - 49
[H]OC(=NC([H])([H])C([H])(O[H])C([H])([H])O[H])C1=C(I)C(C(O[H])=NC([H])([H])C([H])(O[H])C([H])([H])O[H])=C(I)C(N(C(=O)C([H])([H])[H])C([H])([H])C([H])(O[H])C([H])([H])O[H])=C1I
 - 59
[H]OC(=C([H])[H])N(C1=C(I)C(C(=O)N([H])C([H])([H])C([H])(O[H])C([H])([H])O[H])=C(I)C(C(=O)N([H])C([H])([H])C([H])(O[H])C([H])([H])O[H])=C1I)C([H])([H])C([H])(O[H])C([H])([H])O[H]
 - 49
[H]OC(=NC([H])([H])C([H])(O[H])C([H])([H])O[H])C1=C(I)C(C(=O)N([H])C([H])([H])C([H])(O[H])C([H])([H])O[H])=C(I)C(N(C(=O)C([H])([H])[H])C([H])([H])C([H])(O[H])C([H])([H])O[H])=C1I
 - 59
[H]OC([H])([H])C([H])(O[H])C([H])([H])N([H])C(=O)C1=C(I)C(C(=O)N([H])C([H])([H])C([H])(O[H])C([H])([H])O[H])=C(I)C(N(C(=O)C([H])([H])[H])C([H])([H])C([H])(O[H])C([H])([H])O[H])=C1I
 - 59
[H]OC(=C([H])C([H])([H])C([H])([H])C([H])([H])C([H])([H])C([H])([H])C([H])([H])C([H])([H])C([H])([H])C([H])([H])C([H])([H])[H])N1C(O[H])=C([H])C([H])([H])C1([H])[H]
 - 37
[H]OC1=C([H])C([H])([H])C([H])([H])N1C(=O)C([H])([H])C([H])([H])C([H])([H])C([H])([H])C([H])([H])C([H])([H])C([H])([H])C([H])([H])C([H])([H])C([H])([H])C([H])([H])[H]
 - 20
[H]OC(=C([H])C([H])([H])C([H])([H])C([H])([H])C([H])([H])C([H])([H])C([H])([H])C([H])([H])C([H])([H])C([H])([H])C([H])([H])[H])N1C(=O)C([H])([H])C([H])([H])C1([H])[H]
 - 37
[H]C([H])([H])C([H])([H])C([H])([H])C([H])([H])C([H])([H])C([H])([H])C([H])([H])C([H])([H])C([H])([H])C([H])([H])C([H])([H])C(=O)N1C(=O)C([H])([H])C([H])([H])C1([H])[H]
 - 20
[H]N1C(=NC(=O)OC([H])([H])[H])N(C([H])([H])[H])C([H])(C2=C(F)C([H])=C([H])C([H])=C2[H])C1([H])[H]
 - 30
[H]OC(OC([H])([H])[H])=NC1=NC([H])([H])C([H])(N1C([H])([H])[H])C1=C(F)C([H])=C([H])C([H])=C1[H]
 - 22
[H]N(C(=O)OC([H])([H])[H])C1=NC([H])([H])C([H])(N1C([H])([H])[H])C1=C(F)C([H])=C([H])C([H])=C1[H]
 - 22
[H]OC(=O)C1([H])C2=C([H])C([H])=C(N2C([H])([H])C1([H])[H])C(=O)C1=C([H])C([H])=C(F)C([H])=C1[H]
 - 21
[H]OC(O[H])=C1C2=C([H])C([H])=C(N2C([H])([H])C1([H])[H])C(=O)C1=C([H])C([H])=C(F)C([H])=C1[H]
 - 21
[H]N([H])C([H])(C([H])([H])C1=C([H])C([H])=C([H])C([H])=C1[H])C([H])([H])C([H])([H])C([H])([H])C([H])([H])[H]
 - 20
CCOP(O)(NC=C)ON=C(C#N)C1=CC=C(C=C1)[N+]([O-])=O
 - 'NoneType' object has no attribute 'kekulise'
c1cc([N+](=O)[O-])ccc1C(=NOP(=O)(OCC)NCC)C#N
 - 'NoneType' object has no attribute 'kekulise'
CCNP(=O)(OCC)ON=C(C#N)C1=CC=C(C=C1)[N+]([O-])=O
 - 'NoneType' object has no attribute 'kekulise'
CCNP(=O)(ON=C(C#N)c1ccc(cc1)[N+]([O-])=O)OCC
 - 'NoneType' object has no attribute 'kekulise'
[H]N(C([H])([H])C([H])([H])[H])P(=O)(O\\N=C(/C#N)C1=C([H])C([H])=C(C([H])=C1[H])[N+]([O-])=O)OC([H])([H])C([H])([H])[H]
 - 2 bonds in a row
CCOP(O)(ON=C(C#N)C1=CC=C(C=C1)[N+]([O-])=O)N=CC
 - 'NoneType' object has no attribute 'kekulise'
CCOP(O)(ON=C(C#N)C1=CC=C(C=C1)[N+]([O-])=O)=NCC
 - 'NoneType' object has no attribute 'kekulise'
[H]N(C([H])([H])C([H])([H])[H])P(=O)(O\\N=C(/C#N)C1=C([H])C([H])=C(OC([H])([H])[H])C([H])=C1[H])OC([H])([H])C([H])([H])[H]
 - 2 bonds in a row
[H]N1C(=NN=C(\\C([H])=C(/[H])C2=C([H])C([H])=C(C([H])=C2[H])C(F)(F)F)C(\\[H])=C(/[H])C2=C([H])C([H])=C(C([H])=C2[H])C(F)(F)F)N([H])C([H])([H])C(C([H])([H])[H])(C([H])([H])[H])C1([H])[H]
 - 2 bonds in a row
[H]C1=C([H])C(=C([H])C([H])=C1C([H])([H])C([H])(C([H])([H])[H])C([H])([H])N1C([H])([H])C([H])(OC([H])(C([H])([H])[H])C1([H])[H])C([H])([H])[H])C(C([H])([H])[H])(C([H])([H])[H])C([H])([H])[H]
 - 43
[H]C1=C([H])N(C([H])=N1)C(=O)N(C([H])([H])C([H])([H])OC1=C(Cl)C([H])=C(Cl)C([H])=C1Cl)C([H])([H])C([H])([H])C([H])([H])[H]
 - 30
[H]C1=C([H])C2=C(Cl)C(Cl)=C(Cl)C(Cl)=C2C([H])=C1Cl
 - 17
CC(=O)OCCN(CCC#N)C1=CC=C(C=C1)N=NC1=NC2=CC=C(C=C2S1)[N+]([O-])=O
 - 'NoneType' object has no attribute 'kekulise'
CC(=O)OCCN(CC=C=N)C1=CC=C(C=C1)N=NC1=NC2=CC=C(C=C2S1)[N+]([O-])=O
 - 'NoneType' object has no attribute 'kekulise'
CC(=O)OCCN(CCC#N)c1ccc(cc1)N=Nc1[n]c2ccc(cc2[s]1)[N+]([O-])=O
 - 'NoneType' object has no attribute 'kekulise'
CC(=O)OCCN(CCC#N)c1ccc(cc1)N=Nc1nc2ccc(cc2s1)[N+](=O)[O-]
 - 'NoneType' object has no attribute 'kekulise'
[H]C1=C([H])C(=C([H])C2=C1N=C(S2)\\N=N\\C1=C([H])C([H])=C(C([H])=C1[H])N(C([H])([H])C([H])([H])OC(=O)C([H])([H])[H])C([H])([H])C([H])([H])C#N)[N+]([O-])=O
 - 2 bonds in a row
[H]OC1([H])OC([H])(C(=O)OC2([H])C([H])([H])C([H])(OC3([H])C([H])(O[H])C([H])([H])C([H])(OC4([H])C([H])(O[H])C([H])([H])C([H])(OC5([H])C([H])([H])C([H])([H])C6(C([H])([H])[H])C([H])(C([H])([H])C([H])([H])C7([H])C6([H])C([H])([H])C([H])(O[H])C6(C([H])([H])[H])C([H])(C8=C([H])C(=O)OC8([H])[H])C([H])([H])C([H])([H])C76O[H])C5([H])[H])OC4([H])C([H])([H])[H])OC3([H])C([H])([H])[H])OC([H])(C([H])([H])[H])C2([H])O[H])C([H])(O[H])C([H])(O[H])C1([H])[H]
 - 136
[H]N=C=C(OC(=O)C1([H])C([H])(C([H])=C(Cl)Cl)C1(C([H])([H])[H])C([H])([H])[H])C1=C([H])C([H])=C(F)C(OC2=C([H])C([H])=C([H])C([H])=C2[H])=C1[H]
 - 46
[H]C(=C(Cl)Cl)C1([H])C([H])(C(=O)OC([H])(C#N)C2=C([H])C([H])=C(F)C(OC3=C([H])C([H])=C([H])C([H])=C3[H])=C2[H])C1(C([H])([H])[H])C([H])([H])[H]
 - 39
[H]\\C(=N/OC([H])([H])[H])C([H])([H])C([H])([H])C1=C([H])C([H])=C([H])C([H])=C1[H]
 - 2 bonds in a row
[H]OC([H])([H])C([H])([H])C([H])([H])C([H])([H])C([H])([H])C([H])([H])N1N=NC2=C([H])C([H])=C([H])C([H])=C12
 - 17
[H]C1=C([H])C2=NN(N=C2C([H])=C1[H])C([H])([H])C(=O)OC([H])([H])C([H])([H])[H]
 - 16
[H]OC(N([H])[H])=C([H])C([H])([H])N1N=NC2=C([H])C([H])=C([H])C([H])=C12
 - 24
[H]N([H])C(=O)C([H])([H])C([H])([H])N1N=NC2=C([H])C([H])=C([H])C([H])=C12
 - 24
[H]OC(=N[H])C([H])([H])C([H])([H])N1N=NC2=C([H])C([H])=C([H])C([H])=C12
 - 24
[H]OC(N([H])[H])=C([H])C([H])([H])C([H])([H])N1N=NC2=C([H])C([H])=C([H])C([H])=C12
 - 16
[H]N([H])C(=O)C([H])([H])C([H])([H])C([H])([H])N1N=NC2=C([H])C([H])=C([H])C([H])=C12
 - 16
[H]OC(=N[H])C([H])([H])C([H])([H])C([H])([H])N1N=NC2=C([H])C([H])=C([H])C([H])=C12
 - 16
[H]C1=NC(OC2=C([H])C([H])=C(OC([H])(C(=O)OC([H])([H])[H])C([H])([H])[H])C([H])=C2[H])=C(Cl)C([H])=C1C(F)(F)F
 - 34
[H]C([H])([H])C1=C(C(=O)N2C(=N1)C([H])([H])C([H])([H])C([H])([H])C2([H])C([H])([H])[H])C([H])([H])C([H])([H])[H]
 - 27
[H]N=C1N([H])C(=N[H])N(C2=C([H])C(OC([H])([H])C([H])([H])C([H])([H])C([H])([H])[H])=C([H])C([H])=C2[H])C(N1[H])(C([H])([H])[H])C([H])([H])[H]
 - 35
[H]N=C1N=C(N([H])[H])N([H])C(N1C1=C([H])C(OC([H])([H])C([H])([H])C([H])([H])C([H])([H])[H])=C([H])C([H])=C1[H])(C([H])([H])[H])C([H])([H])[H]
 - 37
[H]N=C1N=C(N([H])[H])N(C2=C([H])C(OC([H])([H])C([H])([H])C([H])([H])C([H])([H])[H])=C([H])C([H])=C2[H])C(N1[H])(C([H])([H])[H])C([H])([H])[H]
 - 35
[H]N=C1N([H])C(=NC(N1C1=C([H])C(OC([H])([H])C([H])([H])C([H])([H])C([H])([H])[H])=C([H])C([H])=C1[H])(C([H])([H])[H])C([H])([H])[H])N([H])[H]
 - 42
[H]N([H])C1=NC(N(C(=N1)N([H])[H])C1=C([H])C(OC([H])([H])C([H])([H])C([H])([H])C([H])([H])[H])=C([H])C([H])=C1[H])(C([H])([H])[H])C([H])([H])[H]
 - 37
[H]C1=C2OC3=C(C2=C(Cl)C(Cl)=C1[H])C(Cl)=C([H])C(Cl)=C3Cl
 - 20
[H]C1=NC([H])=C([H])C(=C1[H])C1=C([H])C(C#N)=C(OC([H])([H])[H])N=C1[H]
 - 24
c1cnccc1c1cnc(OC)c(C#N)c1
 - 'NoneType' object has no attribute 'get_contributed_electrons'
c1cnccc1c2cnc(OC)c(C#N)c2
 - 'NoneType' object has no attribute 'get_contributed_electrons'
[O-][N+](=O)c1nccn1CCCOc1ccccc1
 - 'NoneType' object has no attribute 'kekulise'
[O-][N+](=O)C1=NC=CN1CCCOC1=CC=CC=C1
 - 'NoneType' object has no attribute 'kekulise'
[H]C1=C([H])N(C(=N1)[N+]([O-])=O)C([H])([H])C([H])([H])C([H])([H])OC1=C([H])C([H])=C([H])C([H])=C1[H]
 - 'NoneType' object has no attribute 'kekulise'
[O-][N+](=O)c1[n]cc[n]1CCCOc1ccccc1
 - 'NoneType' object has no attribute 'kekulise'
c1ccccc1OCCCn1c([N+](=O)[O-])ncc1
 - 'NoneType' object has no attribute 'kekulise'
[H]N([H])C1=NC(N([H])[H])=C(C([H])=N1)C([H])([H])C1=C([H])C(OC([H])([H])[H])=C(N2C([H])=C([H])C([H])=C2[H])C(OC([H])([H])[H])=C1[H]
 - 42
n1c(N)nc(N)c(Cc2cc(OC)c(n3cccc3)c(OC)c2)c1
 - 'NoneType' object has no attribute 'get_contributed_electrons'
[H]N=C1N=C([H])C(=C(N([H])[H])N1[H])C([H])([H])C1=C([H])C(OC([H])([H])[H])=C(N2C([H])=C([H])C([H])=C2[H])C(OC([H])([H])[H])=C1[H]
 - 42
[H]N=C1N([H])C([H])=C(C(=N[H])N1[H])C([H])([H])C1=C([H])C(OC([H])([H])[H])=C(N2C([H])=C([H])C([H])=C2[H])C(OC([H])([H])[H])=C1[H]
 - 42
[H]N=C1N([H])C(=NC([H])=C1C([H])([H])C1=C([H])C(OC([H])([H])[H])=C(N2C([H])=C([H])C([H])=C2[H])C(OC([H])([H])[H])=C1[H])N([H])[H]
 - 41
[H]N=C1N=C(N([H])[H])N([H])C([H])=C1C([H])([H])C1=C([H])C(OC([H])([H])[H])=C(N2C([H])=C([H])C([H])=C2[H])C(OC([H])([H])[H])=C1[H]
 - 42
[H]N=C1N=C(N([H])[H])C(=C([H])N1[H])C([H])([H])C1=C([H])C(OC([H])([H])[H])=C(N2C([H])=C([H])C([H])=C2[H])C(OC([H])([H])[H])=C1[H]
 - 42
[H]OC(=NC1([H])C2=C([H])C(=O)C(O[H])=C([H])C([H])=C2C2=C(OC([H])([H])[H])C(OC([H])([H])[H])=C(OC([H])([H])[H])C([H])=C2C([H])([H])C1([H])[H])C(F)(F)F
 - 48
[H]OC1=C([H])C([H])=C2C3=C(OC([H])([H])[H])C(OC([H])([H])[H])=C(OC([H])([H])[H])C([H])=C3C([H])([H])C([H])([H])C([H])(N([H])C(=O)C(F)(F)F)C2=C([H])C1=O
 - 50
[H]OC1=C([H])C(=C([H])C(OC([H])([H])[H])=C1O[H])C([H])([H])C1=C(N=C(N=C1[H])N([H])[H])N([H])[H]
 - 20
[H]OC1=C([H])C(=C([H])C(OC([H])([H])[H])=C1O[H])C([H])([H])C1=C(N([H])[H])N([H])C(=N[H])N=C1[H]
 - 20
[H]OC1=C([H])C(=C([H])C(OC([H])([H])[H])=C1O[H])C([H])([H])C1=C([H])N([H])C(=N[H])N([H])C1=N[H]
 - 20
[H]OC1=C([H])C(=C([H])C(OC([H])([H])[H])=C1O[H])C([H])([H])C1=C([H])N=C(N([H])[H])N([H])C1=N[H]
 - 20
[H]OC1=C([H])C(=C([H])C(OC([H])([H])[H])=C1O[H])C([H])([H])C1=C([H])N([H])C(=NC1=N[H])N([H])[H]
 - 20
[H]OC1=C([H])C(=C([H])C(OC([H])([H])[H])=C1O[H])C([H])([H])C1=C([H])N([H])C(=N[H])N=C1N([H])[H]
 - 20
[H]C1=C([H])C(OC2=C([H])C(Cl)=C(Cl)C(Cl)=C2Cl)=C(Cl)C(Cl)=C1Cl
 - 22
[H]OC(=NC([H])([H])C1([H])N(C([H])([H])C([H])([H])[H])C([H])([H])C([H])([H])C1([H])[H])C1=C([H])C(=C(N([H])[H])C([H])=C1OC([H])([H])[H])S(=O)(=O)C([H])([H])C([H])([H])[H]
 - 27
[H]N([H])C1=C(C([H])=C(C(=O)N([H])C([H])([H])C2([H])N(C([H])([H])C([H])([H])[H])C([H])([H])C([H])([H])C2([H])[H])C(OC([H])([H])[H])=C1[H])S(=O)(=O)C([H])([H])C([H])([H])[H]
 - 41
[H]OC(=NC([H])([H])C1([H])N(C([H])([H])C([H])([H])[H])C([H])([H])C([H])([H])C1([H])[H])C1=C([H])C(=C(N([H])[H])C([H])=C1OC([H])([H])[H])S(=O)(O[H])=C([H])C([H])([H])[H]
 - 27
[H]OC(=NC([H])([H])C1([H])N(C([H])([H])C([H])([H])[H])C([H])([H])C([H])([H])C1([H])[H])C1=C([H])C(=C(N([H])[H])C([H])=C1OC([H])([H])[H])S([H])(=O)(O[H])C([H])=C([H])[H]
 - 27
CCN1CCCC1CN=C(O)C1=CC(=C(N)C=C1OC)S(O)(=O)C=C
 - Processing took more than 5 seconds
[H]OS(=O)(=C([H])C([H])([H])[H])C1=C(N([H])[H])C([H])=C(OC([H])([H])[H])C(=C1[H])C(=O)N([H])C([H])([H])C1([H])N(C([H])([H])C([H])([H])[H])C([H])([H])C([H])([H])C1([H])[H]
 - 27
[H]OS([H])(=O)(C([H])=C([H])[H])C1=C(N([H])[H])C([H])=C(OC([H])([H])[H])C(=C1[H])C(=O)N([H])C([H])([H])C1([H])N(C([H])([H])C([H])([H])[H])C([H])([H])C([H])([H])C1([H])[H]
 - 27
[H]OC(=NC([H])([H])C1([H])N(C([H])([H])C([H])([H])[H])C([H])([H])C([H])([H])C1([H])[H])C1=C([H])C(=C(N([H])[H])C([H])=C1OC([H])([H])[H])S(O[H])(O[H])#CC([H])([H])[H]
 - 27
[H]OC(=NC([H])([H])C1([H])N(C([H])([H])C([H])([H])[H])C([H])([H])C([H])([H])C1([H])[H])C1=C([H])C(=C(N([H])[H])C([H])=C1OC([H])([H])[H])S([H])(O[H])(O[H])=C=C([H])[H]
 - 27
[H]OS(O[H])(#CC([H])([H])[H])C1=C(N([H])[H])C([H])=C(OC([H])([H])[H])C(=C1[H])C(=O)N([H])C([H])([H])C1([H])N(C([H])([H])C([H])([H])[H])C([H])([H])C([H])([H])C1([H])[H]
 - 27
[H]OS([H])(O[H])(=C=C([H])[H])C1=C(N([H])[H])C([H])=C(OC([H])([H])[H])C(=C1[H])C(=O)N([H])C([H])([H])C1([H])N(C([H])([H])C([H])([H])[H])C([H])([H])C([H])([H])C1([H])[H]
 - 27
[H]OC(N([H])[H])=C([H])C([H])([H])C([H])([H])C1=C([H])C([H])=NC([H])=C1[H]
 - 13
[H]N([H])C(=O)C([H])([H])C([H])([H])C([H])([H])C1=C([H])C([H])=NC([H])=C1[H]
 - 13
[H]OC(=N[H])C([H])([H])C([H])([H])C([H])([H])C1=C([H])C([H])=NC([H])=C1[H]
 - 13
[H]C([H])([H])C1=C(Cl)N=C(C#N)C(=N1)C#N
 - 13
[H]OC1=C([H])C([H])=C(O[H])N1C1=C(I)C([H])=C([H])C([H])=C1[H]
 - 21
[H]OC1=C([H])C([H])([H])C(=O)N1C1=C(I)C([H])=C([H])C([H])=C1[H]
 - 21
[H]C1=C([H])C(I)=C(C([H])=C1[H])N1C(=O)C([H])([H])C([H])([H])C1=O
 - 21
[H]OC1=C([H])C([H])=C(O[H])N1C1=C([H])C([H])=C([H])C(=C1[H])C(=O)OC([H])([H])[H]
 - 20
[H]OC1=C([H])C([H])([H])C(=O)N1C1=C([H])C([H])=C([H])C(=C1[H])C(=O)OC([H])([H])[H]
 - 20
[H]C1=C([H])C(=C([H])C(=C1[H])N1C(=O)C([H])([H])C([H])([H])C1=O)C(=O)OC([H])([H])[H]
 - 22
[H]OC1=NC(=NC([H])=C1C([H])([H])C1=C([H])C([H])=C2OC([H])([H])OC2=C1[H])N([H])C([H])([H])C([H])([H])SC([H])([H])C1=C(N=C([H])N1[H])C([H])([H])[H]
 - 29
[H]OC1=NC(=NC([H])=C1C([H])([H])C1=C([H])C([H])=C2OC([H])([H])OC2=C1[H])N([H])C([H])([H])C([H])([H])SC([H])([H])C1=C(N([H])C([H])=N1)C([H])([H])[H]
 - 29
[H]OC1=C(C([H])=NC(=NC([H])([H])C([H])([H])SC([H])([H])C2=C(N=C([H])N2[H])C([H])([H])[H])N1[H])C([H])([H])C1=C([H])C([H])=C2OC([H])([H])OC2=C1[H]
 - 31
[H]OC1=C(C([H])=NC(=NC([H])([H])C([H])([H])SC([H])([H])C2=C(N([H])C([H])=N2)C([H])([H])[H])N1[H])C([H])([H])C1=C([H])C([H])=C2OC([H])([H])OC2=C1[H]
 - 31
[H]N1C([H])=NC(=C1C([H])([H])[H])C([H])([H])SC([H])([H])C([H])([H])N=C1N=C([H])C([H])(C(=O)N1[H])C([H])([H])C1=C([H])C([H])=C2OC([H])([H])OC2=C1[H]
 - 31
[H]N1C([H])=NC(=C1C([H])([H])SC([H])([H])C([H])([H])N=C1N=C([H])C([H])(C(=O)N1[H])C([H])([H])C1=C([H])C([H])=C2OC([H])([H])OC2=C1[H])C([H])([H])[H]
 - 46
[H]OC1=NC(=NC([H])([H])C([H])([H])SC([H])([H])C2=C(N([H])C([H])=N2)C([H])([H])[H])N=C([H])C1([H])C([H])([H])C1=C([H])C([H])=C2OC([H])([H])OC2=C1[H]
 - 31
[H]OC1=NC(=NC([H])([H])C([H])([H])SC([H])([H])C2=C(N=C([H])N2[H])C([H])([H])[H])N=C([H])C1([H])C([H])([H])C1=C([H])C([H])=C2OC([H])([H])OC2=C1[H]
 - 31
[H]N1C([H])=NC(=C1C([H])([H])SC([H])([H])C([H])([H])N=C1N([H])C([H])=C(C(=O)N1[H])C([H])([H])C1=C([H])C([H])=C2OC([H])([H])OC2=C1[H])C([H])([H])[H]
 - 46
[H]N1C([H])=NC(=C1C([H])([H])[H])C([H])([H])SC([H])([H])C([H])([H])N=C1N([H])C([H])=C(C(=O)N1[H])C([H])([H])C1=C([H])C([H])=C2OC([H])([H])OC2=C1[H]
 - 31
[H]N(C1=NC(=O)C([H])(C([H])=N1)C([H])([H])C1=C([H])C([H])=C2OC([H])([H])OC2=C1[H])C([H])([H])C([H])([H])SC([H])([H])C1=C(N=C([H])N1[H])C([H])([H])[H]
 - 29
[H]N(C1=NC(=O)C([H])(C([H])=N1)C([H])([H])C1=C([H])C([H])=C2OC([H])([H])OC2=C1[H])C([H])([H])C([H])([H])SC([H])([H])C1=C(N([H])C([H])=N1)C([H])([H])[H]
 - 29
[H]OC1=NC(=NC([H])([H])C([H])([H])SC([H])([H])C2=C(N([H])C([H])=N2)C([H])([H])[H])N([H])C([H])=C1C([H])([H])C1=C([H])C([H])=C2OC([H])([H])OC2=C1[H]
 - 32
[H]OC1=NC(=NC([H])([H])C([H])([H])SC([H])([H])C2=C(N=C([H])N2[H])C([H])([H])[H])N([H])C([H])=C1C([H])([H])C1=C([H])C([H])=C2OC([H])([H])OC2=C1[H]
 - 32
[H]N(C1=NC([H])=C(C(=O)N1[H])C([H])([H])C1=C([H])C([H])=C2OC([H])([H])OC2=C1[H])C([H])([H])C([H])([H])SC([H])([H])C1=C(N([H])C([H])=N1)C([H])([H])[H]
 - 29
Cc1[nH]c[n]c1CSCCNC1NC(=O)C(Cc2cc3OCOc3cc2)=CN=1
 - This structure cannot be kekulised!
Cc1[nH]cnc1CSCCNc1[nH]c(=O)c(Cc2cc3OCOc3cc2)cn1
 - 'NoneType' object has no attribute 'kekulise'
[H]N(C1=NC([H])=C(C(=O)N1[H])C([H])([H])C1=C([H])C([H])=C2OC([H])([H])OC2=C1[H])C([H])([H])C([H])([H])SC([H])([H])C1=C(N=C([H])N1[H])C([H])([H])[H]
 - 29
[H]N(C1=NC(=O)C(=C([H])N1[H])C([H])([H])C1=C([H])C([H])=C2OC([H])([H])OC2=C1[H])C([H])([H])C([H])([H])SC([H])([H])C1=C(N=C([H])N1[H])C([H])([H])[H]
 - 29
[H]N(C1=NC(=O)C(=C([H])N1[H])C([H])([H])C1=C([H])C([H])=C2OC([H])([H])OC2=C1[H])C([H])([H])C([H])([H])SC([H])([H])C1=C(N([H])C([H])=N1)C([H])([H])[H]
 - 29
[H]OC(N([H])C1=C(I)C(C(=O)N(C([H])([H])[H])C([H])([H])C([H])(O[H])C([H])([H])O[H])=C(I)C(C(O[H])=NC([H])([H])C([H])(O[H])C([H])([H])O[H])=C1I)=C([H])OC([H])([H])[H]
 - 50
[H]OC(=NC([H])([H])C([H])(O[H])C([H])([H])O[H])C1=C(I)C(N([H])C(=O)C([H])([H])OC([H])([H])[H])=C(I)C(C(=O)N(C([H])([H])[H])C([H])([H])C([H])(O[H])C([H])([H])O[H])=C1I
 - 55
[H]OC(N([H])C1=C(I)C(C(=O)N(C([H])([H])[H])C([H])([H])C([H])(O[H])C([H])([H])O[H])=C(I)C(C(=O)N([H])C([H])([H])C([H])(O[H])C([H])([H])O[H])=C1I)=C([H])OC([H])([H])[H]
 - 50
[H]OC([H])([H])C([H])(O[H])C([H])([H])N([H])C(=O)C1=C(I)C(N([H])C(=O)C([H])([H])OC([H])([H])[H])=C(I)C(C(=O)N(C([H])([H])[H])C([H])([H])C([H])(O[H])C([H])([H])O[H])=C1I
 - 55
[H]OC(=NC([H])([H])C([H])(O[H])C([H])([H])O[H])C1=C(I)C(N=C(O[H])C([H])([H])OC([H])([H])[H])=C(I)C(C(=O)N(C([H])([H])[H])C([H])([H])C([H])(O[H])C([H])([H])O[H])=C1I
 - 55
[H]OC(=NC1=C(I)C(C(=O)N(C([H])([H])[H])C([H])([H])C([H])(O[H])C([H])([H])O[H])=C(I)C(C(=O)N([H])C([H])([H])C([H])(O[H])C([H])([H])O[H])=C1I)C([H])([H])OC([H])([H])[H]
 - 49
[H]N1C(=NC2=C([H])C([H])=C(OC([H])([H])[H])C([H])=C12)S(=O)C([H])([H])C1=NC([H])=C(C(OC([H])([H])[H])=C1C([H])([H])[H])C([H])([H])[H]
 - 25
[H]N1C(=NC2=C([H])C(OC([H])([H])[H])=C([H])C([H])=C12)S(=O)C([H])([H])C1=NC([H])=C(C(OC([H])([H])[H])=C1C([H])([H])[H])C([H])([H])[H]
 - 25
Cc1c[n]c(CS(=O)c2[nH]c3ccc(cc3[n]2)OC)c(C)c1OC
 - This structure cannot be kekulised!
Cc1cnc(CS(=O)c2[nH]c3ccc(cc3n2)OC)c(C)c1OC
 - This structure cannot be kekulised!
[H]OS([H])(C([H])=C1N=C([H])C(=C(OC([H])([H])[H])C1=C([H])[H])C([H])([H])[H])C1=NC2=C([H])C(OC([H])([H])[H])=C([H])C([H])=C2N1[H]
 - 26
[H]OS([H])(C([H])=C1N=C([H])C(=C(OC([H])([H])[H])C1=C([H])[H])C([H])([H])[H])C1=NC2=C([H])C([H])=C(OC([H])([H])[H])C([H])=C2N1[H]
 - 26
[H]OS(=C([H])C1=NC([H])=C(C(OC([H])([H])[H])=C1C([H])([H])[H])C([H])([H])[H])C1=NC2=C([H])C([H])=C(OC([H])([H])[H])C([H])=C2N1[H]
 - 26
[H]OS(=C([H])C1=NC([H])=C(C(OC([H])([H])[H])=C1C([H])([H])[H])C([H])([H])[H])C1=NC2=C([H])C(OC([H])([H])[H])=C([H])C([H])=C2N1[H]
 - 26
[H]OS(C([H])=C1N=C([H])C(=C(OC([H])([H])[H])C1=C([H])[H])C([H])([H])[H])=C1N([H])C2=C([H])C([H])=C(OC([H])([H])[H])C([H])=C2N1[H]
 - 25
[H]OC(=NC(=O)C(C(=O)OC([H])([H])[H])(C([H])([H])C([H])=C([H])[H])C([H])([H])C([H])=C([H])[H])N([H])[H]
 - 31
[H]OC(=NC(=O)N([H])[H])C(C(=O)OC([H])([H])[H])(C([H])([H])C([H])=C([H])[H])C([H])([H])C([H])=C([H])[H]
 - 18
[H]OC(=N[H])N=C(O[H])C(C(=O)OC([H])([H])[H])(C([H])([H])C([H])=C([H])[H])C([H])([H])C([H])=C([H])[H]
 - 18
[H]N([H])C(=O)N([H])C(=O)C(C(=O)OC([H])([H])[H])(C([H])([H])C([H])=C([H])[H])C([H])([H])C([H])=C([H])[H]
 - 18
[H]OC(=N[H])N([H])C(=O)C(C(=O)OC([H])([H])[H])(C([H])([H])C([H])=C([H])[H])C([H])([H])C([H])=C([H])[H]
 - 18
[H]OC1=C(\\C(=N\\OC([H])([H])C([H])([H])[H])C([H])([H])C([H])([H])C([H])([H])[H])C(=O)C([H])([H])C([H])(C([H])([H])C([H])(SC([H])([H])C([H])([H])[H])C([H])([H])[H])C1([H])[H]
 - 2 bonds in a row
[O-][N+](=O)c1nccn1CC(=O)N(CCO)CCO
 - 'NoneType' object has no attribute 'kekulise'
[H]OC([H])([H])C([H])([H])N(C(=O)C([H])([H])N1C([H])=C([H])N=C1[N+]([O-])=O)C([H])([H])C([H])([H])O[H]
 - 'NoneType' object has no attribute 'kekulise'
[O-][N+](=O)c1[n]cc[n]1CC(=O)N(CCO)CCO
 - 'NoneType' object has no attribute 'kekulise'
OCCN(CCO)C(=O)CN1C=CN=C1[N+]([O-])=O
 - 'NoneType' object has no attribute 'kekulise'
[H]OC(=C([H])N1C([H])=C([H])N=C1[N+]([O-])=O)N(C([H])([H])C([H])([H])O[H])C([H])([H])C([H])([H])O[H]
 - 'NoneType' object has no attribute 'kekulise'
OCCN(CCO)C(O)=CN1C=CN=C1[N+]([O-])=O
 - 'NoneType' object has no attribute 'kekulise'
[H]OC(=NS(=O)(=O)C1=C(C([H])=C([H])C([H])=C1[H])C(=O)OC([H])([H])[H])N([H])C1=NC(=NC(OC([H])([H])[H])=N1)C([H])([H])[H]
 - 27
[H]N(C(=O)N([H])S(=O)(=O)C1=C(C([H])=C([H])C([H])=C1[H])C(=O)OC([H])([H])[H])C1=NC(=NC(OC([H])([H])[H])=N1)C([H])([H])[H]
 - 27
[H]OC(=NC1=NC(=NC(OC([H])([H])[H])=N1)C([H])([H])[H])N([H])S(=O)(=O)C1=C(C([H])=C([H])C([H])=C1[H])C(=O)OC([H])([H])[H]
 - 33
[H]OC(N=C1N=C(N=C(OC([H])([H])[H])N1[H])C([H])([H])[H])=NS(=O)(=O)C1=C(C([H])=C([H])C([H])=C1[H])C(=O)OC([H])([H])[H]
 - 33
[H]OC(N=C1N=C(OC([H])([H])[H])N([H])C(=N1)C([H])([H])[H])=NS(=O)(=O)C1=C(C([H])=C([H])C([H])=C1[H])C(=O)OC([H])([H])[H]
 - 33
[H]OC(N=C1N=C(OC([H])([H])[H])N=C(N1[H])C([H])([H])[H])=NS(=O)(=O)C1=C(C([H])=C([H])C([H])=C1[H])C(=O)OC([H])([H])[H]
 - 33
[H]N(C(=O)N=C1N=C(OC([H])([H])[H])N([H])C(=N1)C([H])([H])[H])S(=O)(=O)C1=C(C([H])=C([H])C([H])=C1[H])C(=O)OC([H])([H])[H]
 - 33
[H]N(C(=O)N=C1N=C(N=C(OC([H])([H])[H])N1[H])C([H])([H])[H])S(=O)(=O)C1=C(C([H])=C([H])C([H])=C1[H])C(=O)OC([H])([H])[H]
 - 33
[H]N(C(=O)N=C1N=C(OC([H])([H])[H])N=C(N1[H])C([H])([H])[H])S(=O)(=O)C1=C(C([H])=C([H])C([H])=C1[H])C(=O)OC([H])([H])[H]
 - 33
[H]OS(=O)(=NC(=O)N([H])C1=NC(=NC(OC([H])([H])[H])=N1)C([H])([H])[H])C1=C(C([H])=C([H])C([H])=C1[H])C(=O)OC([H])([H])[H]
 - 33
[H]OC(=NC1=NC(=NC(OC([H])([H])[H])=N1)C([H])([H])[H])N=S(=O)(O[H])C1=C(C([H])=C([H])C([H])=C1[H])C(=O)OC([H])([H])[H]
 - 33
[H]OS(=O)(=NC(=O)N=C1N=C(N=C(OC([H])([H])[H])N1[H])C([H])([H])[H])C1=C(C([H])=C([H])C([H])=C1[H])C(=O)OC([H])([H])[H]
 - 33
[H]OS(=O)(=NC(=O)N=C1N=C(OC([H])([H])[H])N=C(N1[H])C([H])([H])[H])C1=C(C([H])=C([H])C([H])=C1[H])C(=O)OC([H])([H])[H]
 - 33
[H]OS(=O)(=NC(=O)N=C1N=C(OC([H])([H])[H])N([H])C(=N1)C([H])([H])[H])C1=C(C([H])=C([H])C([H])=C1[H])C(=O)OC([H])([H])[H]
 - 33
[H]OC(N([H])C1=C([H])C([H])=C([H])C([H])=C1[H])=C([H])N(C(O[H])=C(Cl)C([H])([H])[H])C1=C([H])C([H])=C([H])C([H])=C1[H]
 - 29
[H]OC(N(C1=C([H])C([H])=C([H])C([H])=C1[H])C([H])([H])C(=O)N([H])C1=C([H])C([H])=C([H])C([H])=C1[H])=C(Cl)C([H])([H])[H]
 - 34
[H]OC(N(C1=C([H])C([H])=C([H])C([H])=C1[H])C([H])([H])C(O[H])=NC1=C([H])C([H])=C([H])C([H])=C1[H])=C(Cl)C([H])([H])[H]
 - 34
[H]OC(N([H])C1=C([H])C([H])=C([H])C([H])=C1[H])=C([H])N(C(=O)C([H])(Cl)C([H])([H])[H])C1=C([H])C([H])=C([H])C([H])=C1[H]
 - 29
[H]N(C(=O)C([H])([H])N(C(=O)C([H])(Cl)C([H])([H])[H])C1=C([H])C([H])=C([H])C([H])=C1[H])C1=C([H])C([H])=C([H])C([H])=C1[H]
 - 29
[H]OC(=NC1=C([H])C([H])=C([H])C([H])=C1[H])C([H])([H])N(C(=O)C([H])(Cl)C([H])([H])[H])C1=C([H])C([H])=C([H])C([H])=C1[H]
 - 29
[H]SC(=NC([H])([H])C([H])([H])SC([H])([H])C1=C([H])N=C([H])N1C([H])([H])[H])N([H])C([H])([H])[H]
 - 26
[H]SC(=NC([H])([H])[H])N([H])C([H])([H])C([H])([H])SC([H])([H])C1=C([H])N=C([H])N1C([H])([H])[H]
 - 16
[H]N(C(=S)N([H])C([H])([H])C([H])([H])SC([H])([H])C1=C([H])N=C([H])N1C([H])([H])[H])C([H])([H])[H]
 - 28
[I-].CCCCCCCCCCCCCC[n+]1ccccc1C
 - This structure cannot be kekulised!
[I-].CCCCCCCCCCCCCC[N+]1=CC=CC=C1C
 - 'NoneType' object has no attribute 'kekulise'
CCCCCCCCCCCCCC[N+]1=CC=CC=C1C
 - 'NoneType' object has no attribute 'kekulise'
CCCCCCCCCCCCCC[n+]1ccccc1C
 - This structure cannot be kekulised!
[H]OC(=C([H])[H])N1C(=O)N=C([H])C(F)=C1O[H]
 - 15
[H]OC1=C(F)C([H])=NC(=O)N1C(=O)C([H])([H])[H]
 - 13
[H]OC(=C([H])[H])N1C(=O)N([H])C([H])=C(F)C1=O
 - 16
[H]OC(=C([H])[H])N1C(O[H])=NC([H])=C(F)C1=O
 - 16
[H]N1C([H])=C(F)C(=O)N(C(=O)C([H])([H])[H])C1=O
 - 16
[nH]1c(=O)n(C(=O)C)c(=O)c(F)c1
 - 'NoneType' object has no attribute 'kekulise'
[H]OC1=NC([H])=C(F)C(=O)N1C(=O)C([H])([H])[H]
 - 13
[H]C1=C([H])C([H])=C2N(N=NC2=C1[H])C([H])(C(=O)OC([H])([H])C([H])([H])[H])C([H])([H])[H]
 - 26
[H]OC([H])([H])C([H])([H])N(C1=NN=C(N([H])N2C(=C([H])C([H])=C2C([H])([H])[H])C([H])([H])[H])C([H])=C1[H])C([H])([H])C([H])(O[H])C([H])([H])[H]
 - 35
[H]OC([H])([H])C([H])([H])N(C1=NN([H])C(=NN2C(=C([H])C([H])=C2C([H])([H])[H])C([H])([H])[H])C([H])=C1[H])C([H])([H])C([H])(O[H])C([H])([H])[H]
 - 35
[H]C([H])([H])C([H])([H])OC1([H])OC2([H])OC3(OOC22C([H])(C([H])([H])C([H])([H])C([H])(C([H])([H])[H])C2([H])C([H])([H])C3([H])[H])C1([H])C([H])([H])[H])C([H])([H])[H]
 - 41
[H]\\C(=C(\\C#N)C(=O)OC([H])([H])[H])C1=C([H])C([H])=C(O1)SC([H])([H])[H]
 - 2 bonds in a row
[H]OC([H])(C([H])(N1N=C([H])N=C1[H])C([H])([H])C1=C([H])C([H])=C(Cl)C([H])=C1[H])C(C([H])([H])[H])(C([H])([H])[H])C([H])([H])[H]
 - 28
[H]N([H])C1=NN([H])C(=N1)C1=C([H])C([H])=NC(N([H])C([H])([H])C([H])([H])C([H])([H])C([H])([H])C([H])([H])C([H])([H])[H])=C1[H]
 - 38
[H]N([H])C1=NC(=NN1[H])C1=C([H])C([H])=NC(N([H])C([H])([H])C([H])([H])C([H])([H])C([H])([H])C([H])([H])C([H])([H])[H])=C1[H]
 - 38
c1cnc(NCCCCCC)cc1c1n[nH]c(N)n1
 - 'NoneType' object has no attribute 'get_contributed_electrons'
CCCCCCNc1cc(cc[n]1)-c1[n][nH]c(N)[n]1
 - This structure cannot be kekulised!
[H]N([H])C1=NN=C(N1[H])C1=C([H])C([H])=NC(N([H])C([H])([H])C([H])([H])C([H])([H])C([H])([H])C([H])([H])C([H])([H])[H])=C1[H]
 - 38
[H]N=C1N([H])N=C(N1[H])C1=C([H])C([H])=NC(N([H])C([H])([H])C([H])([H])C([H])([H])C([H])([H])C([H])([H])C([H])([H])[H])=C1[H]
 - 38
[H]N=C1N([H])N=C(N1[H])C1=C([H])C(=NC([H])([H])C([H])([H])C([H])([H])C([H])([H])C([H])([H])C([H])([H])[H])N([H])C([H])=C1[H]
 - 38
[H]N([H])C1=NN=C(N1[H])C1=C([H])C(=NC([H])([H])C([H])([H])C([H])([H])C([H])([H])C([H])([H])C([H])([H])[H])N([H])C([H])=C1[H]
 - 38
[H]N([H])C1=NN([H])C(=N1)C1=C([H])C(=NC([H])([H])C([H])([H])C([H])([H])C([H])([H])C([H])([H])C([H])([H])[H])N([H])C([H])=C1[H]
 - 38
[H]N([H])C1=NC(=NN1[H])C1=C([H])C(=NC([H])([H])C([H])([H])C([H])([H])C([H])([H])C([H])([H])C([H])([H])[H])N([H])C([H])=C1[H]
 - 38
[H]N=C1N=C(N([H])N1[H])C1=C([H])C([H])=NC(N([H])C([H])([H])C([H])([H])C([H])([H])C([H])([H])C([H])([H])C([H])([H])[H])=C1[H]
 - 38
[H]N=C1N=C(N([H])N1[H])C1=C([H])C(=NC([H])([H])C([H])([H])C([H])([H])C([H])([H])C([H])([H])C([H])([H])[H])N([H])C([H])=C1[H]
 - 38
[H]N([H])C1=NN([H])C(=N1)C1=C([H])C(=NC([H])=C1[H])N([H])C([H])([H])C([H])([H])C([H])([H])C([H])([H])C([H])([H])C([H])([H])C([H])([H])C([H])([H])C([H])([H])C([H])([H])[H]
 - 24
[H]N([H])C1=NC(=NN1[H])C1=C([H])C(=NC([H])=C1[H])N([H])C([H])([H])C([H])([H])C([H])([H])C([H])([H])C([H])([H])C([H])([H])C([H])([H])C([H])([H])C([H])([H])C([H])([H])[H]
 - 24
[H]N([H])C1=NN=C(N1[H])C1=C([H])C(=NC([H])=C1[H])N([H])C([H])([H])C([H])([H])C([H])([H])C([H])([H])C([H])([H])C([H])([H])C([H])([H])C([H])([H])C([H])([H])C([H])([H])[H]
 - 24
c1c(NCCCCCCCCCC)nccc1c1nnc(N)[nH]1
 - 'NoneType' object has no attribute 'get_contributed_electrons'
CCCCCCCCCCNc1cc(cc[n]1)-c1[nH]c(N)[n][n]1
 - This structure cannot be kekulised!
[H]N=C1N([H])N=C(N1[H])C1=C([H])C(=NC([H])=C1[H])N([H])C([H])([H])C([H])([H])C([H])([H])C([H])([H])C([H])([H])C([H])([H])C([H])([H])C([H])([H])C([H])([H])C([H])([H])[H]
 - 24
[H]N=C1N([H])N=C(N1[H])C1=C([H])C(=NC([H])([H])C([H])([H])C([H])([H])C([H])([H])C([H])([H])C([H])([H])C([H])([H])C([H])([H])C([H])([H])C([H])([H])[H])N([H])C([H])=C1[H]
 - 50
[H]N([H])C1=NN([H])C(=N1)C1=C([H])C(=NC([H])([H])C([H])([H])C([H])([H])C([H])([H])C([H])([H])C([H])([H])C([H])([H])C([H])([H])C([H])([H])C([H])([H])[H])N([H])C([H])=C1[H]
 - 50
[H]N([H])C1=NC(=NN1[H])C1=C([H])C(=NC([H])([H])C([H])([H])C([H])([H])C([H])([H])C([H])([H])C([H])([H])C([H])([H])C([H])([H])C([H])([H])C([H])([H])[H])N([H])C([H])=C1[H]
 - 50
[H]N([H])C1=NN=C(N1[H])C1=C([H])C(=NC([H])([H])C([H])([H])C([H])([H])C([H])([H])C([H])([H])C([H])([H])C([H])([H])C([H])([H])C([H])([H])C([H])([H])[H])N([H])C([H])=C1[H]
 - 50
[H]N=C1N=C(N([H])N1[H])C1=C([H])C(=NC([H])=C1[H])N([H])C([H])([H])C([H])([H])C([H])([H])C([H])([H])C([H])([H])C([H])([H])C([H])([H])C([H])([H])C([H])([H])C([H])([H])[H]
 - 24
[H]N=C1N=C(N([H])N1[H])C1=C([H])C(=NC([H])([H])C([H])([H])C([H])([H])C([H])([H])C([H])([H])C([H])([H])C([H])([H])C([H])([H])C([H])([H])C([H])([H])[H])N([H])C([H])=C1[H]
 - 50
[H]N([H])C1=NN([H])C(=N1)C1=C([H])C(=NC([H])=C1[H])N([H])C([H])([H])C([H])([H])C1=C([H])C([H])=C([H])C([H])=C1[H]
 - 22
[H]N([H])C1=NC(=NN1[H])C1=C([H])C(=NC([H])=C1[H])N([H])C([H])([H])C([H])([H])C1=C([H])C([H])=C([H])C([H])=C1[H]
 - 22
c1ccccc1CCNc1cc(c2n[nH]c(N)n2)ccn1
 - 'NoneType' object has no attribute 'get_contributed_electrons'
Nc1[nH][n]c([n]1)-c1cc(NCCc2ccccc2)[n]cc1
 - This structure cannot be kekulised!
[H]N([H])C1=NN=C(N1[H])C1=C([H])C(=NC([H])=C1[H])N([H])C([H])([H])C([H])([H])C1=C([H])C([H])=C([H])C([H])=C1[H]
 - 22
[H]N=C1N([H])N=C(N1[H])C1=C([H])C(=NC([H])=C1[H])N([H])C([H])([H])C([H])([H])C1=C([H])C([H])=C([H])C([H])=C1[H]
 - 22
[H]N=C1N([H])N=C(N1[H])C1=C([H])C(=NC([H])([H])C([H])([H])C2=C([H])C([H])=C([H])C([H])=C2[H])N([H])C([H])=C1[H]
 - 36
[H]N([H])C1=NN=C(N1[H])C1=C([H])C(=NC([H])([H])C([H])([H])C2=C([H])C([H])=C([H])C([H])=C2[H])N([H])C([H])=C1[H]
 - 36
[H]N([H])C1=NC(=NN1[H])C1=C([H])C(=NC([H])([H])C([H])([H])C2=C([H])C([H])=C([H])C([H])=C2[H])N([H])C([H])=C1[H]
 - 36
[H]N([H])C1=NN([H])C(=N1)C1=C([H])C(=NC([H])([H])C([H])([H])C2=C([H])C([H])=C([H])C([H])=C2[H])N([H])C([H])=C1[H]
 - 36
[H]N=C1N=C(N([H])N1[H])C1=C([H])C(=NC([H])=C1[H])N([H])C([H])([H])C([H])([H])C1=C([H])C([H])=C([H])C([H])=C1[H]
 - 22
[H]N=C1N=C(N([H])N1[H])C1=C([H])C(=NC([H])([H])C([H])([H])C2=C([H])C([H])=C([H])C([H])=C2[H])N([H])C([H])=C1[H]
 - 36
[H]OC1=C(Br)C(=NC(=O)N1OC([H])([H])C([H])([H])[H])C([H])([H])[H]
 - 19
[H]N1C(=O)N(OC([H])([H])C([H])([H])[H])C(=O)C(Br)=C1C([H])([H])[H]
 - 18
[nH]1c(=O)n(OCC)c(=O)c(Br)c1C
 - 'NoneType' object has no attribute 'kekulise'
[H]OC1=NC(=C(Br)C(=O)N1OC([H])([H])C([H])([H])[H])C([H])([H])[H]
 - 19
c1cc(S(=O)C)cc(OC)c1c1nc2ncncc2[nH]1
 - 'NoneType' object has no attribute 'get_contributed_electrons'
[H]N1C(=NC2=NC([H])=NC([H])=C12)C1=C([H])C([H])=C(C([H])=C1OC([H])([H])[H])S(=O)C([H])([H])[H]
 - 21
CS(=O)c1cc(OC)c(cc1)-c1[nH]c2c[n]c[n]c2[n]1
 - This structure cannot be kekulised!
[H]N1C2=NC([H])=NC([H])=C2N=C1C1=C([H])C([H])=C(C([H])=C1OC([H])([H])[H])S(=O)C([H])([H])[H]
 - 21
[H]OS(=C([H])[H])C1=C([H])C([H])=C(C2=NC3=C([H])N=C([H])N=C3N2[H])C(OC([H])([H])[H])=C1[H]
 - 31
[H]OS(=C([H])[H])C1=C([H])C([H])=C(C2=NC3=NC([H])=NC([H])=C3N2[H])C(OC([H])([H])[H])=C1[H]
 - 31
[H]N1C([H])=NC2=NC(=NC2=C1[H])C1=C([H])C([H])=C(C([H])=C1OC([H])([H])[H])S(=O)C([H])([H])[H]
 - 21
[H]N1C([H])=NC([H])=C2N=C(N=C12)C1=C([H])C([H])=C(C([H])=C1OC([H])([H])[H])S(=O)C([H])([H])[H]
 - 21
[H]OS(=C([H])[H])C1=C([H])C([H])=C(C2=NC3=C([H])N([H])C([H])=NC3=N2)C(OC([H])([H])[H])=C1[H]
 - 31
[H]OS(=C([H])[H])C1=C([H])C([H])=C(C2=NC3=C([H])N=C([H])N([H])C3=N2)C(OC([H])([H])[H])=C1[H]
 - 31
CCOC(=O)COC(=O)c1cc(ccc1[N+](=O)[O-])Oc1ccc(cc1Cl)C(F)(F)F
 - 'NoneType' object has no attribute 'kekulise'
[H]C1=C(OC2=C([H])C([H])=C(C([H])=C2Cl)C(F)(F)F)C([H])=C(C(=O)OC([H])([H])C(=O)OC([H])([H])C([H])([H])[H])C(=C1[H])[N+]([O-])=O
 - 'NoneType' object has no attribute 'kekulise'
CCOC(=O)COC(=O)c1cc(ccc1[N+]([O-])=O)Oc1ccc(cc1Cl)C(F)(F)F
 - 'NoneType' object has no attribute 'kekulise'
CCOC(=O)COC(=O)c1cc(Oc2ccc(cc2Cl)C(F)(F)F)ccc1[N+]([O-])=O
 - 'NoneType' object has no attribute 'kekulise'
CCOC(=O)COC(=O)C1=CC(OC2=CC=C(C=C2Cl)C(F)(F)F)=CC=C1[N+]([O-])=O
 - 'NoneType' object has no attribute 'kekulise'
[H]C([H])([H])C1=NON=C1C([H])([H])C([H])([H])C([H])([H])[H]
 - 10
[H]OC1=C(C([H])=C(Br)C([H])=C1Br)C(=O)N([H])C1=C(F)C([H])=C(F)C([H])=C1[H]
 - 26
[H]OC(=NC1=C(F)C([H])=C(F)C([H])=C1[H])C1=C(O[H])C(Br)=C([H])C(Br)=C1[H]
 - 26
[H]OC([H])([H])C1=C(SC2=C([H])C([H])=C([H])C([H])=C2C([H])([H])N([H])[H])C([H])=C([H])C([H])=C1[H]
 - 31
[H]C1=C([H])C(=C([H])C([H])=C1OC([H])([H])[H])C(=O)N(C([H])(C([H])([H])[H])C([H])([H])[H])C([H])(C([H])([H])[H])C([H])([H])[H]
 - 18
[H]OC(=C([H])[H])C1(O[H])C([H])([H])C2=C(C(O[H])=C3C(=O)C4=C(OC([H])([H])[H])C([H])=C([H])C([H])=C4C(=O)C3=C2O[H])C([H])(OC2([H])OC([H])(C([H])([H])[H])C([H])(O[H])C([H])(N3C([H])([H])C([H])([H])OC([H])([H])C3([H])[H])C2([H])[H])C1([H])[H]
 - 76
[H]OC1=C2C(=O)C3=C([H])C([H])=C([H])C(OC([H])([H])[H])=C3C(=O)C2=C(O[H])C2=C1C([H])([H])C(O[H])(C(=O)C([H])([H])[H])C([H])([H])C2([H])OC1([H])OC([H])(C([H])([H])[H])C([H])(O[H])C([H])(N2C([H])([H])C([H])([H])OC([H])([H])C2([H])[H])C1([H])[H]
 - 44
[H]N1C(N([H])C([H])([H])C1([H])[H])=C1OC2=C([H])C([H])=C([H])C([H])=C2OC1([H])[H]
 - 25
[H]N1C(=NC([H])([H])C1([H])[H])C1([H])OC2=C([H])C([H])=C([H])C([H])=C2OC1([H])[H]
 - 25
[H]OC([H])(C([H])([H])OC([H])([H])C(\\[H])=C(/[H])C1=C([H])C([H])=C([H])C([H])=C1[H])C([H])([H])N([H])C(C([H])([H])[H])(C([H])([H])[H])C([H])([H])[H]
 - 2 bonds in a row
[H]N([H])C(=O)C(C(=O)N([H])[H])(C1=C([H])C([H])=C([H])C([H])=C1[H])C([H])([H])C([H])([H])[H]
 - 23
[H]OC(=N[H])C(C(=O)N([H])[H])(C1=C([H])C([H])=C([H])C([H])=C1[H])C([H])([H])C([H])([H])[H]
 - 23
[H]OC(=N[H])C(C(O[H])=N[H])(C1=C([H])C([H])=C([H])C([H])=C1[H])C([H])([H])C([H])([H])[H]
 - 23
[H]C(=C(C#N)C#N)C1=C([H])C([H])=C(O1)C([H])([H])[H]
 - 14
[H]OC(=O)C1=C([H])C([H])=C([H])N=C1C1=NC(=O)C(N1[H])(C([H])([H])[H])C([H])(C([H])([H])[H])C([H])([H])[H]
 - 21
[H]OC(=O)C1=C([H])C([H])=C([H])N=C1C1=NC(C(=O)N1[H])(C([H])([H])[H])C([H])(C([H])([H])[H])C([H])([H])[H]
 - 21
[H]OC(=O)C1=C([H])C([H])=C([H])N=C1C1=NC(C(O[H])=N1)(C([H])([H])[H])C([H])(C([H])([H])[H])C([H])([H])[H]
 - 20
[H]OC1([H])OC2([H])OC3(OOC22C([H])(C([H])([H])C([H])([H])C([H])(C([H])([H])[H])C2([H])C([H])([H])C3([H])[H])C1([H])C([H])([H])[H])C([H])([H])[H]
 - 35
[H]C1=C([H])C(=C([H])C([H])=C1C(=O)N(SN(C(=O)O\\N=C(/SC([H])([H])[H])C([H])([H])[H])C([H])([H])[H])C([H])([H])[H])C([H])([H])[H]
 - 2 bonds in a row
[H]N(C1=NC([H])([H])C([H])([H])N1[H])C1=C(Cl)C([H])=C([H])C(Cl)=C1Cl
 - 22
[H]N1C(=NC2=C(Cl)C([H])=C([H])C(Cl)=C2Cl)N([H])C([H])([H])C1([H])[H]
 - 21
[H]C1=C([H])C(Cl)=C2OC3=C(C2=C1[H])C(Cl)=C([H])C(Cl)=C3Cl
 - 20
[H]OC(=C([H])C([H])([H])C([H])([H])[H])N(C1=C(Cl)C([H])=C([H])C([H])=C1[H])C([H])([H])SP(=S)(OC([H])([H])[H])OC([H])([H])[H]
 - 25
[H]C1=C([H])C(Cl)=C(C([H])=C1[H])N(C(=O)C([H])([H])C([H])([H])C([H])([H])[H])C([H])([H])SP(=S)(OC([H])([H])[H])OC([H])([H])[H]
 - 25
[H]OC(O[H])=C(N([H])S(=O)(=O)C1=C([H])C([H])=C(C([H])=C1[H])C([H])([H])[H])C([H])([H])C([H])([H])C(O[H])=NC([H])([H])C([H])([H])C([H])([H])C([H])([H])C([H])([H])C([H])([H])[H]
 - 27
[H]OC(N([H])C([H])([H])C([H])([H])C([H])([H])C([H])([H])C([H])([H])C([H])([H])[H])=C([H])C([H])([H])C(N([H])S(=O)(=O)C1=C([H])C([H])=C(C([H])=C1[H])C([H])([H])[H])=C(O[H])O[H]
 - 27
[H]OC(O[H])=C(N([H])S(=O)(=O)C1=C([H])C([H])=C(C([H])=C1[H])C([H])([H])[H])C([H])([H])C([H])([H])C(=O)N([H])C([H])([H])C([H])([H])C([H])([H])C([H])([H])C([H])([H])C([H])([H])[H]
 - 27
[H]OC(=O)C([H])(N([H])S(=O)(=O)C1=C([H])C([H])=C(C([H])=C1[H])C([H])([H])[H])C([H])([H])C([H])([H])C(O[H])=NC([H])([H])C([H])([H])C([H])([H])C([H])([H])C([H])([H])C([H])([H])[H]
 - 27
[H]OC(O[H])=C(N=S(=O)(O[H])C1=C([H])C([H])=C(C([H])=C1[H])C([H])([H])[H])C([H])([H])C([H])([H])C(O[H])=NC([H])([H])C([H])([H])C([H])([H])C([H])([H])C([H])([H])C([H])([H])[H]
 - 27
[H]OC(=O)C([H])(N([H])S(=O)(=O)C1=C([H])C([H])=C(C([H])=C1[H])C([H])([H])[H])C([H])([H])C([H])([H])C(=O)N([H])C([H])([H])C([H])([H])C([H])([H])C([H])([H])C([H])([H])C([H])([H])[H]
 - 27
[H]OC(O[H])=C(N=S(=O)(O[H])C1=C([H])C([H])=C(C([H])=C1[H])C([H])([H])[H])C([H])([H])C([H])=C(O[H])N([H])C([H])([H])C([H])([H])C([H])([H])C([H])([H])C([H])([H])C([H])([H])[H]
 - 27
[H]OC(O[H])=C(N=S(=O)(O[H])C1=C([H])C([H])=C(C([H])=C1[H])C([H])([H])[H])C([H])([H])C([H])([H])C(=O)N([H])C([H])([H])C([H])([H])C([H])([H])C([H])([H])C([H])([H])C([H])([H])[H]
 - 27
[H]OC(=NC([H])([H])C([H])([H])C([H])([H])C([H])([H])C([H])([H])C([H])([H])[H])C([H])([H])C([H])([H])C(=NS(=O)(=O)C1=C([H])C([H])=C(C([H])=C1[H])C([H])([H])[H])C([H])(O[H])O[H]
 - 27
[H]OC(N([H])C([H])([H])C([H])([H])C([H])([H])C([H])([H])C([H])([H])C([H])([H])[H])=C([H])C([H])([H])C(=NS(=O)(=O)C1=C([H])C([H])=C(C([H])=C1[H])C([H])([H])[H])C([H])(O[H])O[H]
 - 27
[H]OC([H])(O[H])C(=NS(=O)(=O)C1=C([H])C([H])=C(C([H])=C1[H])C([H])([H])[H])C([H])([H])C([H])([H])C(=O)N([H])C([H])([H])C([H])([H])C([H])([H])C([H])([H])C([H])([H])C([H])([H])[H]
 - 27
[H]OC(=O)C(=NS([H])(=O)(O[H])C1=C([H])C([H])=C(C([H])=C1[H])C([H])([H])[H])C([H])([H])C([H])([H])C(O[H])=NC([H])([H])C([H])([H])C([H])([H])C([H])([H])C([H])([H])C([H])([H])[H]
 - 27
[H]OC(=NC([H])([H])C([H])([H])C([H])([H])C([H])([H])C([H])([H])C([H])([H])[H])C([H])([H])C([H])=C(N=S(=O)(O[H])C1=C([H])C([H])=C(C([H])=C1[H])C([H])([H])[H])C([H])(O[H])O[H]
 - 27
[H]OC(N([H])C([H])([H])C([H])([H])C([H])([H])C([H])([H])C([H])([H])C([H])([H])[H])=C([H])C([H])=C(N=S(=O)(O[H])C1=C([H])C([H])=C(C([H])=C1[H])C([H])([H])[H])C([H])(O[H])O[H]
 - 27
[H]OC(=O)C(=NS([H])(=O)(O[H])C1=C([H])C([H])=C(C([H])=C1[H])C([H])([H])[H])C([H])([H])C([H])([H])C(=O)N([H])C([H])([H])C([H])([H])C([H])([H])C([H])([H])C([H])([H])C([H])([H])[H]
 - 27
[H]OC([H])(O[H])C(N=S(=O)(O[H])C1=C([H])C([H])=C(C([H])=C1[H])C([H])([H])[H])=C([H])C([H])([H])C(=O)N([H])C([H])([H])C([H])([H])C([H])([H])C([H])([H])C([H])([H])C([H])([H])[H]
 - 27
[H]OC(=O)C([H])(N=S(=O)(O[H])C1=C([H])C([H])=C(C([H])=C1[H])C([H])([H])[H])C([H])([H])C([H])([H])C(O[H])=NC([H])([H])C([H])([H])C([H])([H])C([H])([H])C([H])([H])C([H])([H])[H]
 - 27
[H]OC(=O)C([H])(N=S(=O)(O[H])C1=C([H])C([H])=C(C([H])=C1[H])C([H])([H])[H])C([H])([H])C([H])([H])C(=O)N([H])C([H])([H])C([H])([H])C([H])([H])C([H])([H])C([H])([H])C([H])([H])[H]
 - 27
[H]OC(=O)C(N=S([H])(O[H])(O[H])C1=C([H])C([H])=C(C([H])=C1[H])C([H])([H])[H])=C([H])C([H])([H])C(O[H])=NC([H])([H])C([H])([H])C([H])([H])C([H])([H])C([H])([H])C([H])([H])[H]
 - 27
[H]OC(O[H])=C(N=S([H])(O[H])(O[H])C1=C([H])C([H])=C(C([H])=C1[H])C([H])([H])[H])C([H])=C([H])C(=O)N([H])C([H])([H])C([H])([H])C([H])([H])C([H])([H])C([H])([H])C([H])([H])[H]
 - 28
[H]OC(N([H])C([H])([H])C([H])([H])C([H])([H])C([H])([H])C([H])([H])C([H])([H])[H])=C([H])C([H])([H])C([H])(N([H])S(=O)(=O)C1=C([H])C([H])=C(C([H])=C1[H])C([H])([H])[H])C(=O)O[H]
 - 27
[H]OC(=C=C([H])C(N=S([H])(O[H])(O[H])C1=C([H])C([H])=C(C([H])=C1[H])C([H])([H])[H])=C(O[H])O[H])N([H])C([H])([H])C([H])([H])C([H])([H])C([H])([H])C([H])([H])C([H])([H])[H]
 - 34
[H]OC(=O)C(N=S([H])(O[H])(O[H])C1=C([H])C([H])=C(C([H])=C1[H])C([H])([H])[H])=C([H])C([H])([H])C(=O)N([H])C([H])([H])C([H])([H])C([H])([H])C([H])([H])C([H])([H])C([H])([H])[H]
 - 27
[H]OC(=O)C(=NS([H])(=O)(O[H])C1=C([H])C([H])=C(C([H])=C1[H])C([H])([H])[H])C([H])([H])C([H])=C(O[H])N([H])C([H])([H])C([H])([H])C([H])([H])C([H])([H])C([H])([H])C([H])([H])[H]
 - 27
[H]OC(N([H])C([H])([H])C([H])([H])C([H])([H])C([H])([H])C([H])([H])C([H])([H])[H])=C([H])C([H])([H])C([H])(N=S(=O)(O[H])C1=C([H])C([H])=C(C([H])=C1[H])C([H])([H])[H])C(=O)O[H]
 - 27
[H]OC(=O)C(N=S([H])(O[H])(O[H])C1=C([H])C([H])=C(C([H])=C1[H])C([H])([H])[H])=C([H])C([H])=C(O[H])N([H])C([H])([H])C([H])([H])C([H])([H])C([H])([H])C([H])([H])C([H])([H])[H]
 - 27
[H]C1=C(Cl)C(OC2=C([H])C(Cl)=C(Cl)C(Cl)=C2Cl)=C([H])C(Cl)=C1Cl
 - 22
[H]OC(N([H])[H])=C([H])C([H])([H])C([H])([H])C1=C([H])C([H])=C([H])N=C1[H]
 - 13
[H]N([H])C(=O)C([H])([H])C([H])([H])C([H])([H])C1=C([H])C([H])=C([H])N=C1[H]
 - 13
[H]OC(=N[H])C([H])([H])C([H])([H])C([H])([H])C1=C([H])C([H])=C([H])N=C1[H]
 - 13
[H]OC([H])([H])C([H])([H])C([H])([H])C([H])([H])C([H])([H])C1=C([H])C([H])=C([H])N=C1[H]
 - 13
[H]OC(N([H])[H])=C([H])C([H])([H])C([H])([H])C([H])([H])C1=C([H])N=C([H])C([H])=C1[H]
 - 14
[H]N([H])C(=O)C([H])([H])C([H])([H])C([H])([H])C([H])([H])C1=C([H])N=C([H])C([H])=C1[H]
 - 14
[H]OC(=N[H])C([H])([H])C([H])([H])C([H])([H])C([H])([H])C1=C([H])N=C([H])C([H])=C1[H]
 - 14
[H]C1=C([H])C(=C([H])C([H])=C1F)C([H])([H])OC(=O)N(C([H])([H])[H])C([H])([H])[H]
 - 15
[H]C1=C([H])C(Cl)=C([H])C(=C1[H])C([H])([H])OC(=O)N(C([H])([H])[H])C([H])([H])[H]
 - 15
[H]C1=C([H])C(=C([H])C([H])=C1Cl)C([H])([H])OC(=O)N(C([H])([H])[H])C([H])([H])[H]
 - 15
CN(C)C(=O)OCc1ccc([N+](=O)[O-])cc1
 - 'NoneType' object has no attribute 'kekulise'
[H]C1=C([H])C(=C([H])C([H])=C1[N+]([O-])=O)C([H])([H])OC(=O)N(C([H])([H])[H])C([H])([H])[H]
 - 'NoneType' object has no attribute 'kekulise'
CN(C)C(=O)OCC1=CC=C(C=C1)[N+]([O-])=O
 - 'NoneType' object has no attribute 'kekulise'
CN(C)C(=O)OCc1ccc(cc1)[N+]([O-])=O
 - 'NoneType' object has no attribute 'kekulise'
[H]N(C1=NC(=NC(Cl)=N1)N([H])C1([H])C([H])([H])C([H])([H])C([H])([H])C([H])([H])C1([H])[H])C([H])([H])C([H])([H])[H]
 - 29
[H]N1C(Cl)=NC(=NC([H])([H])C([H])([H])[H])N([H])C1=NC1([H])C([H])([H])C([H])([H])C([H])([H])C([H])([H])C1([H])[H]
 - 18
[H]N1C(Cl)=NC(=NC2([H])C([H])([H])C([H])([H])C([H])([H])C([H])([H])C2([H])[H])N([H])C1=NC([H])([H])C([H])([H])[H]
 - 27
[H]N(C1=NC(=NC2([H])C([H])([H])C([H])([H])C([H])([H])C([H])([H])C2([H])[H])N=C(Cl)N1[H])C([H])([H])C([H])([H])[H]
 - 29
[H]N(C1=NC(=NC2([H])C([H])([H])C([H])([H])C([H])([H])C([H])([H])C2([H])[H])N([H])C(Cl)=N1)C([H])([H])C([H])([H])[H]
 - 29
[H]N(C1=NC(Cl)=NC(=NC2([H])C([H])([H])C([H])([H])C([H])([H])C([H])([H])C2([H])[H])N1[H])C([H])([H])C([H])([H])[H]
 - 29
[H]N(C1=NC(Cl)=NC(=NC([H])([H])C([H])([H])[H])N1[H])C1([H])C([H])([H])C([H])([H])C([H])([H])C([H])([H])C1([H])[H]
 - 19
[H]N(C1=NC(=NC([H])([H])C([H])([H])[H])N=C(Cl)N1[H])C1([H])C([H])([H])C([H])([H])C([H])([H])C([H])([H])C1([H])[H]
 - 19
[H]N(C1=NC(=NC([H])([H])C([H])([H])[H])N([H])C(Cl)=N1)C1([H])C([H])([H])C([H])([H])C([H])([H])C([H])([H])C1([H])[H]
 - 19
[H]N1C(=O)N(C([H])=C(F)C1=O)C(=O)OC([H])([H])C([H])([H])C([H])([H])C([H])([H])[H]
 - 17
c1(=O)[nH]c(=O)c(F)cn1C(=O)OCCCC
 - 'NoneType' object has no attribute 'kekulise'
[H]OC1=NC(=O)C(F)=C([H])N1C(=O)OC([H])([H])C([H])([H])C([H])([H])C([H])([H])[H]
 - 17
[H]OC1=NC(=O)N(C([H])=C1F)C(=O)OC([H])([H])C([H])([H])C([H])([H])C([H])([H])[H]
 - 17
[H]N1C(=O)N=C(OC([H])(C([H])([H])[H])C([H])([H])[H])C(C1=O)(C([H])([H])C([H])([H])[H])C([H])([H])C([H])([H])[H]
 - 19
[H]OC1=NC(=O)N=C(OC([H])(C([H])([H])[H])C([H])([H])[H])C1(C([H])([H])C([H])([H])[H])C([H])([H])C([H])([H])[H]
 - 20
[H]OC1=NC(=O)C(C(OC([H])(C([H])([H])[H])C([H])([H])[H])=N1)(C([H])([H])C([H])([H])[H])C([H])([H])C([H])([H])[H]
 - 20
[H]N([H])C1=NC(N([H])[H])=C(C([H])=N1)C([H])([H])C1=C([H])C(OC([H])([H])C([H])([H])[H])=C(\\C([H])=C(/[H])C([H])([H])[H])C(OC([H])([H])[H])=C1[H]
 - 2 bonds in a row
[H]N([H])C1=NC(N([H])[H])=C(C([H])=N1)C([H])([H])C1=C([H])C(OC([H])([H])[H])=C([H])C([H])=C1Br
 - 30
[H]N=C1N=C([H])C(=C(N([H])[H])N1[H])C([H])([H])C1=C([H])C(OC([H])([H])[H])=C([H])C([H])=C1Br
 - 30
[H]N=C1N([H])C([H])=C(C(=N[H])N1[H])C([H])([H])C1=C([H])C(OC([H])([H])[H])=C([H])C([H])=C1Br
 - 30
[H]N=C1N([H])C(=NC([H])=C1C([H])([H])C1=C([H])C(OC([H])([H])[H])=C([H])C([H])=C1Br)N([H])[H]
 - 29
[H]N=C1N=C(N([H])[H])N([H])C([H])=C1C([H])([H])C1=C([H])C(OC([H])([H])[H])=C([H])C([H])=C1Br
 - 30
[H]N=C1N=C(N([H])[H])C(=C([H])N1[H])C([H])([H])C1=C([H])C(OC([H])([H])[H])=C([H])C([H])=C1Br
 - 30
CCC1=CC=C([CH-][N+](=O)C(C)(C)C)C=C1
 - 'NoneType' object has no attribute 'kekulise'
[H]C(C1=C([H])C([H])=C(C([H])=C1[H])C([H])([H])C([H])([H])[H])=N(=O)C(C([H])([H])[H])(C([H])([H])[H])C([H])([H])[H]
 - 20
c1cc(CC)ccc1C=[N+]([O-])C(C)(C)C
 - 'NoneType' object has no attribute 'kekulise'
CCC1=CC=C(C=[N+]([O-])C(C)(C)C)C=C1
 - 'NoneType' object has no attribute 'kekulise'
[H]OC(=O)C1=C([H])N(C2=C(C([H])=C(F)C(=C2[H])N2C([H])([H])C([H])([H])N([H])C([H])([H])C2([H])[H])C1=O)C1([H])C([H])([H])C1([H])[H]
 - 33
[H]OC(C1=C([H])C([H])=C(F)C([H])=C1F)(C([H])([H])N1N=C([H])N=C1[H])C([H])([H])N1N=C([H])N=C1[H]
 - 25
[H]OC(=C([H])S(=O)(=O)C1=C([H])C([H])=C(C([H])=C1[H])C([H])([H])[H])C1=C([H])C([H])=C(OC([H])([H])[H])C([H])=C1[H]
 - 23
[H]C1=C([H])C(=C([H])C([H])=C1OC([H])([H])[H])C(=O)C([H])([H])S(=O)(=O)C1=C([H])C([H])=C(C([H])=C1[H])C([H])([H])[H]
 - 22
[H]OC(=C=S(=O)(O[H])C1=C([H])C([H])=C(C([H])=C1[H])C([H])([H])[H])C1=C([H])C([H])=C(OC([H])([H])[H])C([H])=C1[H]
 - 23
[H]OS(=O)(=C([H])C(=O)C1=C([H])C([H])=C(OC([H])([H])[H])C([H])=C1[H])C1=C([H])C([H])=C(C([H])=C1[H])C([H])([H])[H]
 - 24
[H]OS(O[H])(#CC(=O)C1=C([H])C([H])=C(OC([H])([H])[H])C([H])=C1[H])C1=C([H])C([H])=C(C([H])=C1[H])C([H])([H])[H]
 - 24
[H]C1=C([H])C(O[Si]23OC([H])([H])C([H])([H])N(C([H])([H])C([H])([H])O2)C([H])([H])C([H])([H])O3)=C([H])C(Cl)=C1[H]
 - 34
[H]C([H])=C([H])C([H])([H])OC(=O)N([H])C1=C([H])C([H])=C(OC([H])([H])C([H])([H])[H])C(OC([H])([H])C([H])([H])[H])=C1[H]
 - 37
[H]OC(OC([H])([H])C([H])=C([H])[H])=NC1=C([H])C([H])=C(OC([H])([H])C([H])([H])[H])C(OC([H])([H])C([H])([H])[H])=C1[H]
 - 37
[H]C#CC([H])([H])OC(=O)N([H])C1=C([H])C([H])=C(OC([H])([H])C([H])([H])[H])C(OC([H])([H])C([H])([H])[H])=C1[H]
 - 35
[H]OC(OC([H])([H])C#C[H])=NC1=C([H])C([H])=C(OC([H])([H])C([H])([H])[H])C(OC([H])([H])C([H])([H])[H])=C1[H]
 - 35
CCOC1=CC=C(C=C1OCC)N=C(O)OCC#C
 - Processing took more than 5 seconds
[H]N(C(=O)OC([H])(C([H])([H])Br)C([H])([H])Br)C1=C([H])C([H])=C(OC([H])([H])C([H])([H])[H])C(OC([H])([H])C([H])([H])[H])=C1[H]
 - 39
[H]OC(OC([H])(C([H])([H])Br)C([H])([H])Br)=NC1=C([H])C([H])=C(OC([H])([H])C([H])([H])[H])C(OC([H])([H])C([H])([H])[H])=C1[H]
 - 39
COc1cc(ccc1c1[nH]c2cnccc2n1)OC
 - 'NoneType' object has no attribute 'get_contributed_electrons'
[H]N1C(=NC2=C([H])C([H])=NC([H])=C12)C1=C([H])C([H])=C(OC([H])([H])[H])C([H])=C1OC([H])([H])[H]
 - 27
COc1cc(ccc1-c1[nH]c2c[n]ccc2[n]1)OC
 - This structure cannot be kekulised!
[H]N1C(=NC2=C([H])N=C([H])C([H])=C12)C1=C([H])C([H])=C(OC([H])([H])[H])C([H])=C1OC([H])([H])[H]
 - 27
[H]N1C([H])=C([H])C2=NC(=NC2=C1[H])C1=C([H])C([H])=C(OC([H])([H])[H])C([H])=C1OC([H])([H])[H]
 - 27
[H]C#CC([H])([H])OC1=C(Cl)C([H])=C(Cl)C(OC(=O)N2C([H])([H])C([H])([H])C([H])([H])C2([H])[H])=C1[H]
 - 32
[H]OC1=NC2=C(N=C([H])N2C([H])([H])C([H])([H])OC([H])([H])[H])C(=N[H])N1C([H])([H])[H]
 - 25
[H]N=C1N(C(=O)N([H])C2=C1N=C([H])N2C([H])([H])C([H])([H])OC([H])([H])[H])C([H])([H])[H]
 - 26
Cn1c(=O)[nH]c2n(CCOC)cnc2c1=N
 - 'NoneType' object has no attribute 'get_contributed_electrons'
[H]N([H])C1=C2N=C([H])N(C2=NC(=O)N1C([H])([H])[H])C([H])([H])C([H])([H])OC([H])([H])[H]
 - 19
[H]OC1=NC2=C(N(C([H])=N2)C([H])([H])C([H])([H])OC([H])([H])[H])C(=N[H])N1C([H])([H])[H]
 - 25
[H]N=C1N(C(=O)N([H])C2=C1N(C([H])=N2)C([H])([H])C([H])([H])OC([H])([H])[H])C([H])([H])[H]
 - 26
Cn1c(=O)[nH]c2ncn(CCOC)c2c1=N
 - 'NoneType' object has no attribute 'get_contributed_electrons'
[H]N([H])C1=C2N(C([H])=NC2=NC(=O)N1C([H])([H])[H])C([H])([H])C([H])([H])OC([H])([H])[H]
 - 19
Cn1c(=O)[nH]c2n(CCSCC)cnc2c1=N
 - 'NoneType' object has no attribute 'get_contributed_electrons'
[H]OC1=NC2=C(N=C([H])N2C([H])([H])C([H])([H])SC([H])([H])C([H])([H])[H])C(=N[H])N1C([H])([H])[H]
 - 28
[H]N=C1N(C(=O)N([H])C2=C1N=C([H])N2C([H])([H])C([H])([H])SC([H])([H])C([H])([H])[H])C([H])([H])[H]
 - 29
[H]N([H])C1=C2N=C([H])N(C2=NC(=O)N1C([H])([H])[H])C([H])([H])C([H])([H])SC([H])([H])C([H])([H])[H]
 - 19
[H]OC1=NC2=C(N=C([H])N2C([H])([H])C([H])([H])OC([H])=C([H])[H])C(=N[H])N1C([H])([H])[H]
 - 26
[H]N=C1N(C(=O)N([H])C2=C1N=C([H])N2C([H])([H])C([H])([H])OC([H])=C([H])[H])C([H])([H])[H]
 - 27
Cn1c(=O)[nH]c2n(CCOC=C)cnc2c1=N
 - 'NoneType' object has no attribute 'get_contributed_electrons'
[H]N([H])C1=C2N=C([H])N(C2=NC(=O)N1C([H])([H])[H])C([H])([H])C([H])([H])OC([H])=C([H])[H]
 - 19
[H]OC(=NC([H])([H])C([H])([H])C([H])([H])N1N=C(C([H])=C([H])C1=O)C1=C([H])C([H])=C([H])C([H])=C1[H])N([H])[H]
 - 34
[H]N([H])C(=O)N([H])C([H])([H])C([H])([H])C([H])([H])N1N=C(C([H])=C([H])C1=O)C1=C([H])C([H])=C([H])C([H])=C1[H]
 - 24
NC(=O)NCCCn1nc(ccc1=O)c1ccccc1
 - 'NoneType' object has no attribute 'get_contributed_electrons'
[H]OC(=N[H])N([H])C([H])([H])C([H])([H])C([H])([H])N1N=C(C([H])=C([H])C1=O)C1=C([H])C([H])=C([H])C([H])=C1[H]
 - 24
[H]N1C([H])([H])C([H])([H])N(C2=NC(F)=C([H])C([H])=N2)C([H])([H])C1([H])[H]
 - 22
[nH]1c(C)ncc1[N+](=O)[O-]
 - 'NoneType' object has no attribute 'kekulise'
[H]N1C(=NC([H])=C1[N+]([O-])=O)C([H])([H])[H]
 - 'NoneType' object has no attribute 'kekulise'
Cc1[nH]c(c[n]1)[N+]([O-])=O
 - 'NoneType' object has no attribute 'kekulise'
CC1=NC=C(N1)[N+]([O-])=O
 - 'NoneType' object has no attribute 'kekulise'
[H]N1C([H])=C(N=C1C([H])([H])[H])[N+]([O-])=O
 - 'NoneType' object has no attribute 'kekulise'
CC1=NC(=CN1)[N+]([O-])=O
 - 'NoneType' object has no attribute 'kekulise'
[H]OC(=C([H])[H])C1=C([H])C([H])=C(OC([H])([H])C([H])([H])C([H])([H])C([H])([H])C2=NN=NN2[H])C(=C1O[H])C([H])([H])C([H])([H])C([H])([H])[H]
 - 33
[H]OC(=C([H])[H])C1=C([H])C([H])=C(OC([H])([H])C([H])([H])C([H])([H])C([H])([H])C2=NN([H])N=N2)C(=C1O[H])C([H])([H])C([H])([H])C([H])([H])[H]
 - 33
[H]OC1=C(C(OC([H])([H])C([H])([H])C([H])([H])C([H])([H])C2=NN=NN2[H])=C([H])C([H])=C1C(=O)C([H])([H])[H])C([H])([H])C([H])([H])C([H])([H])[H]
 - 29
CC(=O)c1ccc(OCCCCc2[nH][n][n][n]2)c(CCC)c1O
 - This structure cannot be kekulised!
CC(=O)c1ccc(OCCCCc2[nH]nnn2)c(CCC)c1O
 - This structure cannot be kekulised!
[H]OC1=C(C(OC([H])([H])C([H])([H])C([H])([H])C([H])([H])C2=NN([H])N=N2)=C([H])C([H])=C1C(=O)C([H])([H])[H])C([H])([H])C([H])([H])C([H])([H])[H]
 - 29
[H]N([H])C1=C([H])C([H])=C(N([H])C(=O)N(OC([H])([H])[H])C([H])([H])[H])C([H])=C1[H]
 - 26
[H]OC(=NC1=C([H])C([H])=C(N([H])[H])C([H])=C1[H])N(OC([H])([H])[H])C([H])([H])[H]
 - 18
[H]N(C(=O)N(OC([H])([H])[H])C([H])([H])[H])C1=C([H])C([H])=C(C([H])=C1[H])C(=O)C1=C([H])C([H])=C([H])C([H])=C1[H]
 - 23
[H]OC(=NC1=C([H])C([H])=C(C([H])=C1[H])C(=O)C1=C([H])C([H])=C([H])C([H])=C1[H])N(OC([H])([H])[H])C([H])([H])[H]
 - 28
[H]N(C(=O)N(OC([H])([H])[H])C([H])([H])[H])C1=C([H])C([H])=C(OC([H])([H])C([H])([H])C([H])([H])C([H])([H])OC2=C([H])C([H])=C([H])C([H])=C2[H])C([H])=C1[H]
 - 48
[H]OC(=NC1=C([H])C([H])=C(OC([H])([H])C([H])([H])C([H])([H])C([H])([H])OC2=C([H])C([H])=C([H])C([H])=C2[H])C([H])=C1[H])N(OC([H])([H])[H])C([H])([H])[H]
 - 40
[I-].CCCCCCCCCCCC[n+]1cc(C)c(C)cc1
 - This structure cannot be kekulised!
[I-].CCCCCCCCCCCC[N+]1=CC(C)=C(C)C=C1
 - 'NoneType' object has no attribute 'kekulise'
CCCCCCCCCCCC[N+]1=CC(C)=C(C)C=C1
 - 'NoneType' object has no attribute 'kekulise'
CCCCCCCCCCCC[n+]1cc(C)c(C)cc1
 - This structure cannot be kekulised!
CCCCCCCCCCCC[n+]1ccc(C)c(C)c1
 - This structure cannot be kekulised!
[I-].CCCCCCCCCCCC[n+]1ccc(C)c(C)c1
 - This structure cannot be kekulised!
[H]OC1=C2N3C([H])([H])C4([H])N([H])C4([H])C3(OC([H])([H])[H])C(=C2C(O[H])=C(N([H])C2=NC(=C(S2)C([H])([H])[H])C([H])([H])[H])C1=C([H])[H])C([H])([H])OC(=O)N([H])[H]
 - 42
[H]OC(=N[H])OC([H])([H])C1=C2C(N3C([H])([H])C4([H])N([H])C4([H])C13OC([H])([H])[H])=C(O[H])C(=C([H])[H])C(N([H])C1=NC(=C(S1)C([H])([H])[H])C([H])([H])[H])=C2O[H]
 - 52
[H]OC1=C2N3C([H])([H])C4([H])N([H])C4([H])C3(OC([H])([H])[H])C(=C2C(=O)C(N([H])C2=NC(=C(S2)C([H])([H])[H])C([H])([H])[H])=C1C([H])([H])[H])C([H])([H])OC(=O)N([H])[H]
 - 41
[H]OC(=N[H])OC([H])([H])C1=C2C(N3C([H])([H])C4([H])N([H])C4([H])C13OC([H])([H])[H])=C(O[H])C(=C(N([H])C1=NC(=C(S1)C([H])([H])[H])C([H])([H])[H])C2=O)C([H])([H])[H]
 - 49
[H]OC1=C(N([H])C2=NC(=C(S2)C([H])([H])[H])C([H])([H])[H])C(=C([H])[H])C(=O)C2=C1C([H])(C([H])([H])OC(=O)N([H])[H])C1(OC([H])([H])[H])N2C([H])([H])C2([H])N([H])C12[H]
 - 45
[H]OC(=N[H])OC([H])([H])C1([H])C2=C(N3C([H])([H])C4([H])N([H])C4([H])C13OC([H])([H])[H])C(=O)C(=C([H])[H])C(N([H])C1=NC(=C(S1)C([H])([H])[H])C([H])([H])[H])=C2O[H]
 - 52
[H]N([H])C(=O)OC([H])([H])C1([H])C2=C(N3C([H])([H])C4([H])N([H])C4([H])C13OC([H])([H])[H])C(=O)C(=C(N([H])C1=NC(=C(S1)C([H])([H])[H])C([H])([H])[H])C2=O)C([H])([H])[H]
 - 49
[H]OC(=N[H])OC([H])([H])C1([H])C2=C(N3C([H])([H])C4([H])N([H])C4([H])C13OC([H])([H])[H])C(=O)C(=C(N([H])C1=NC(=C(S1)C([H])([H])[H])C([H])([H])[H])C2=O)C([H])([H])[H]
 - 49
[H]OC1=C2N3C([H])([H])C4([H])N([H])C4([H])C3(OC([H])([H])[H])C(=C2C(=O)C(=NC2=NC(=C(S2)C([H])([H])[H])C([H])([H])[H])C1([H])C([H])([H])[H])C([H])([H])OC(=O)N([H])[H]
 - 40
[H]OC1=C(C(=NC2=NC(=C(S2)C([H])([H])[H])C([H])([H])[H])C(=O)C2=C1N1C([H])([H])C3([H])N([H])C3([H])C1(OC([H])([H])[H])C2([H])C([H])([H])OC(=O)N([H])[H])C([H])([H])[H]
 - 51
[H]OC(=N[H])OC([H])([H])C1=C2C(N3C([H])([H])C4([H])N([H])C4([H])C13OC([H])([H])[H])=C(O[H])C([H])(C(=NC1=NC(=C(S1)C([H])([H])[H])C([H])([H])[H])C2=O)C([H])([H])[H]
 - 49
[H]OC(=N[H])OC([H])([H])C1([H])C2=C(N3C([H])([H])C4([H])N([H])C4([H])C13OC([H])([H])[H])C(O[H])=C(C(=NC1=NC(=C(S1)C([H])([H])[H])C([H])([H])[H])C2=O)C([H])([H])[H]
 - 49
[H]N([H])C(=O)OC([H])([H])C1([H])C2=C(N3C([H])([H])C4([H])N([H])C4([H])C13OC([H])([H])[H])C(=O)C([H])(C(=NC1=NC(=C(S1)C([H])([H])[H])C([H])([H])[H])C2=O)C([H])([H])[H]
 - 49
[H]OC(=N[H])OC([H])([H])C1([H])C2=C(N3C([H])([H])C4([H])N([H])C4([H])C13OC([H])([H])[H])C(=O)C([H])(C(=NC1=NC(=C(S1)C([H])([H])[H])C([H])([H])[H])C2=O)C([H])([H])[H]
 - 49
[H]OC1=C2N3C([H])([H])C4([H])N([H])C4([H])C3(OC([H])([H])[H])C(=C2C(O[H])=C(N=C2SC(=C(N2[H])C([H])([H])[H])C([H])([H])[H])C1=C([H])[H])C([H])([H])OC(=O)N([H])[H]
 - 42
[H]OC(=N[H])OC([H])([H])C1=C2C(N3C([H])([H])C4([H])N([H])C4([H])C13OC([H])([H])[H])=C(O[H])C(=C([H])[H])C(N=C1SC(=C(N1[H])C([H])([H])[H])C([H])([H])[H])=C2O[H]
 - 52
[H]OC1=C2N3C([H])([H])C4([H])N([H])C4([H])C3(OC([H])([H])[H])C(=C2C(=O)C(N=C2SC(=C(N2[H])C([H])([H])[H])C([H])([H])[H])=C1C([H])([H])[H])C([H])([H])OC(=O)N([H])[H]
 - 41
[H]OC(=N[H])OC([H])([H])C1=C2C(N3C([H])([H])C4([H])N([H])C4([H])C13OC([H])([H])[H])=C(O[H])C(=C(N=C1SC(=C(N1[H])C([H])([H])[H])C([H])([H])[H])C2=O)C([H])([H])[H]
 - 49
[H]OC1=C(C(=NC2=NC(=C(S2)C([H])([H])[H])C([H])([H])[H])C(=O)C2=C(C([H])([H])OC(=O)N([H])[H])C3(OC([H])([H])[H])N(C([H])([H])C4([H])N([H])C34[H])C12[H])C([H])([H])[H]
 - 49
[H]OC(=N[H])OC([H])([H])C1=C2C(=O)C(=NC3=NC(=C(S3)C([H])([H])[H])C([H])([H])[H])C(=C(O[H])C2([H])N2C([H])([H])C3([H])N([H])C3([H])C12OC([H])([H])[H])C([H])([H])[H]
 - 45
[H]OC1=C(N=C2SC(=C(N2[H])C([H])([H])[H])C([H])([H])[H])C(=C([H])[H])C(=O)C2=C1C([H])(C([H])([H])OC(=O)N([H])[H])C1(OC([H])([H])[H])N2C([H])([H])C2([H])N([H])C12[H]
 - 45
[H]OC(=N[H])OC([H])([H])C1([H])C2=C(N3C([H])([H])C4([H])N([H])C4([H])C13OC([H])([H])[H])C(=O)C(=C([H])[H])C(N=C1SC(=C(N1[H])C([H])([H])[H])C([H])([H])[H])=C2O[H]
 - 52
[H]N([H])C(=O)OC([H])([H])C1([H])C2=C(N3C([H])([H])C4([H])N([H])C4([H])C13OC([H])([H])[H])C(=O)C(=C(N=C1SC(=C(N1[H])C([H])([H])[H])C([H])([H])[H])C2=O)C([H])([H])[H]
 - 49
[H]OC(=N[H])OC([H])([H])C1([H])C2=C(N3C([H])([H])C4([H])N([H])C4([H])C13OC([H])([H])[H])C(=O)C(=C(N=C1SC(=C(N1[H])C([H])([H])[H])C([H])([H])[H])C2=O)C([H])([H])[H]
 - 49
[H]OC1=C2C([H])(N3C([H])([H])C4([H])N([H])C4([H])C3(OC([H])([H])[H])C2([H])C([H])([H])OC(=O)N([H])[H])C(=O)C(=C([H])[H])C1=NC1=NC(=C(S1)C([H])([H])[H])C([H])([H])[H]
 - 40
[H]OC(=N[H])OC([H])([H])C1([H])C2=C(O[H])C(=NC3=NC(=C(S3)C([H])([H])[H])C([H])([H])[H])C(=C([H])[H])C(=O)C2([H])N2C([H])([H])C3([H])N([H])C3([H])C12OC([H])([H])[H]
 - 49
[H]N1C(=NC(=O)OC([H])([H])C([H])([H])[H])N(C([H])([H])[H])C([H])(C2=C([H])C([H])=C(F)C([H])=C2[H])C1([H])[H]
 - 33
[H]OC(OC([H])([H])C([H])([H])[H])=NC1=NC([H])([H])C([H])(N1C([H])([H])[H])C1=C([H])C([H])=C(F)C([H])=C1[H]
 - 20
[H]N(C(=O)OC([H])([H])C([H])([H])[H])C1=NC([H])([H])C([H])(N1C([H])([H])[H])C1=C([H])C([H])=C(F)C([H])=C1[H]
 - 20
[H]C1=C(Cl)C([H])([H])C([H])(Cl)C([H])(Cl)C1([H])Cl
 - 14
[H]C1=NC2=C([H])C([H])=C(C([H])=C2C([H])=C1[H])S(=O)(=O)C([H])([H])[H]
 - 15
[H]C1=NC2=C(C([H])=C1[H])C([H])=C(C([H])=C2[H])S(=O)(=O)C([H])([H])[H]
 - 15
[H]OS(=O)(=C([H])[H])C1=C([H])C([H])=C2N=C([H])C([H])=C([H])C2=C1[H]
 - 22
[H]C1=NC2=C(C([H])=C1[H])C([H])=C(C([H])=C2[H])S(=O)(=O)C1=C([H])C([H])=C([H])C([H])=C1[H]
 - 20
[H]C1=NC2=C(C([H])=C([H])C([H])=C2C([H])=C1[H])S(=O)(=O)C1=C([H])C([H])=C([H])C([H])=C1[H]
 - 20
c1cc([N+](=O)[O-])oc1C=CC(=O)OCCC
 - 'NoneType' object has no attribute 'kekulise'
CCCOC(=O)C=CC1=CC=C(O1)[N+]([O-])=O
 - 'NoneType' object has no attribute 'kekulise'
CCCOC(=O)C=Cc1ccc(o1)[N+]([O-])=O
 - 'NoneType' object has no attribute 'kekulise'
[H]\\C(=C(\\[H])C1=C([H])C([H])=C(O1)[N+]([O-])=O)C(=O)OC([H])([H])C([H])([H])C([H])([H])[H]
 - 2 bonds in a row
[H]C1=C(C2=C3OC(=O)C([H])=C(C3=C([H])C(=C2O1)C([H])([H])[H])C([H])([H])[H])C([H])([H])[H]
 - 26
[H]OC([H])([H])C1=C([H])C([H])(N2C([H])=C([H])C(=N[H])N([H])C2=O)C([H])(O[H])C1([H])O[H]
 - 27
[H]OC([H])([H])C1=C([H])C([H])(N2C([H])=C([H])C(=NC2=O)N([H])[H])C([H])(O[H])C1([H])O[H]
 - 27
[H]OC1=NC(=N[H])C([H])=C([H])N1C1([H])C([H])=C(C([H])([H])O[H])C([H])(O[H])C1([H])O[H]
 - 27
[H]OC(=O)C1=C([H])C([H])=C(Cl)C([H])=C1N([H])C1=C([H])C([H])=C(I)C([H])=C1[H]
 - 26
[H]C1=C(Cl)C([H])=C(O[Si]23OC([H])([H])C([H])([H])N(C([H])([H])C([H])([H])O2)C([H])([H])C([H])([H])O3)C([H])=C1Cl
 - 34
[H]N=C1OC([H])(C([H])([H])N2C([H])([H])C([H])([H])N(C3=C([H])C([H])=C([H])C([H])=C3[H])C([H])([H])C2([H])[H])C([H])([H])N1[H]
 - 38
[H]N([H])C1=NC([H])([H])C([H])(O1)C([H])([H])N1C([H])([H])C([H])([H])N(C2=C([H])C([H])=C([H])C([H])=C2[H])C([H])([H])C1([H])[H]
 - 37
[H]C1=C([H])C([H])=C2C(OC([H])(C([H])([H])C([H])([H])N(C([H])([H])[H])C([H])([H])[H])C([H])([H])N(C2=S)C([H])([H])[H])=N1
 - 37
[H]OC1=C2N=C([H])N(C2=NC(=N1)N([H])[H])C1([H])OC([H])(C([H])([H])O[H])C([H])(F)C1([H])[H]
 - 29
[H]OC([H])([H])C1([H])OC([H])(N2C([H])=NC3=C2N=C(N([H])[H])N([H])C3=O)C([H])([H])C1([H])F
 - 29
[H]OC([H])([H])C1([H])OC([H])(N2C([H])=NC3=C2N([H])C(=N[H])N([H])C3=O)C([H])([H])C1([H])F
 - 29
Nc1[nH]c2c(ncn2[C@H]2C[C@H](F)[C@@H](CO)O2)c(=O)n1
 - 'NoneType' object has no attribute 'kekulise'
[H]OC([H])([H])C1([H])OC([H])(N2C([H])=NC3=C2N([H])C(=NC3=O)N([H])[H])C([H])([H])C1([H])F
 - 29
[H]OC1=NC(=N[H])N([H])C2=C1N=C([H])N2C1([H])OC([H])(C([H])([H])O[H])C([H])(F)C1([H])[H]
 - 29
[H]OC1=C2N=C([H])N(C2=NC(=N[H])N1[H])C1([H])OC([H])(C([H])([H])O[H])C([H])(F)C1([H])[H]
 - 29
[H]C1=NC([H])=C(N1C([H])([H])[H])C([H])([H])C([H])(C([H])([H])OC(=O)C([H])([H])C1=C([H])C([H])=C([H])C([H])=C1[H])C([H])(C(=O)OC([H])([H])C1=C([H])C([H])=C([H])C([H])=C1[H])C([H])([H])C([H])([H])[H]
 - 37
OC(=O)C(c1ccc(c2ccccc2)cc1)C(O)c1ccc(OC)cc1
 - 'NoneType' object has no attribute 'get_contributed_electrons'
[H]OC(O[H])=C(C1=C([H])C([H])=C(C([H])=C1[H])C1=C([H])C([H])=C([H])C([H])=C1[H])C([H])(O[H])C1=C([H])C([H])=C(OC([H])([H])[H])C([H])=C1[H]
 - 28
[H]OC(=O)C([H])(C1=C([H])C([H])=C(C([H])=C1[H])C1=C([H])C([H])=C([H])C([H])=C1[H])C([H])(O[H])C1=C([H])C([H])=C(OC([H])([H])[H])C([H])=C1[H]
 - 28
OC(=O)C(c1ccc(c2ccccc2)cc1)C(O)c3ccc(OC)cc3
 - 'NoneType' object has no attribute 'get_contributed_electrons'
[H]C(=O)C1=C([H])C([H])=C(OC([H])([H])C([H])([H])OC(=O)C2=C([H])C([H])=C(Cl)C([H])=C2[H])C(OC([H])([H])[H])=C1[H]
 - 37
[H]N(C1=C(C#N)C([H])=C(N=N1)C1=C([H])C([H])=C([H])C([H])=C1[H])C([H])([H])C([H])([H])N1C([H])([H])C([H])([H])OC([H])([H])C1([H])[H]
 - 24
N#Cc1cc(nnc1NCCN1CCOCC1)c1ccccc1
 - 'NoneType' object has no attribute 'get_contributed_electrons'
[H]N1N=C(C([H])=C(C#N)C1=NC([H])([H])C([H])([H])N1C([H])([H])C([H])([H])OC([H])([H])C1([H])[H])C1=C([H])C([H])=C([H])C([H])=C1[H]
 - 32
[H]OC(C1=C([H])C([H])=C(Cl)C([H])=C1[H])(C([H])([H])N1N=C([H])N=C1[H])C([H])(C([H])([H])[H])C1([H])C([H])([H])C1([H])[H]
 - 25
NS(=O)(=O)C1=NC2=CC=C(C=C2S1)[N+]([O-])=O
 - 'NoneType' object has no attribute 'kekulise'
NS(=O)(=O)c1[n]c2ccc(cc2[s]1)[N+]([O-])=O
 - 'NoneType' object has no attribute 'kekulise'
[H]N([H])S(=O)(=O)C1=NC2=C([H])C([H])=C(C([H])=C2S1)[N+]([O-])=O
 - 'NoneType' object has no attribute 'kekulise'
s1c2cc([N+](=O)[O-])ccc2nc1S(=O)(=O)N
 - 'NoneType' object has no attribute 'kekulise'
[H]OS(=O)(=N[H])C1=NC2=C([H])C([H])=C(C([H])=C2S1)[N+]([O-])=O
 - 'NoneType' object has no attribute 'kekulise'
OS(=N)(=O)C1=NC2=CC=C(C=C2S1)[N+]([O-])=O
 - 'NoneType' object has no attribute 'kekulise'
[H]OC(=C1C([H])([H])C1([H])[H])C1=C(O[H])C([H])([H])C([H])(C(=O)OC([H])([H])C([H])([H])[H])C([H])([H])C1=O
 - 33
[H]OC(=C1C([H])([H])C1([H])[H])C1=C(O[H])C([H])([H])C([H])(C([H])=C1O[H])C(=O)OC([H])([H])C([H])([H])[H]
 - 22
[H]OC(=C1C(=O)C([H])([H])C([H])(C(=O)OC([H])([H])C([H])([H])[H])C([H])([H])C1=O)C1([H])C([H])([H])C1([H])[H]
 - 27
[H]OC(=C1C([H])([H])C1([H])[H])C1([H])C(=O)C([H])([H])C([H])(C(=O)OC([H])([H])C([H])([H])[H])C([H])([H])C1=O
 - 33
[H]OC(=C1C(O[H])=C([H])C([H])(C(=O)OC([H])([H])C([H])([H])[H])C([H])([H])C1=O)C1([H])C([H])([H])C1([H])[H]
 - 27
[H]OC(=C1C([H])([H])C1([H])[H])C1([H])C(O[H])=C([H])C([H])(C(=O)OC([H])([H])C([H])([H])[H])C([H])([H])C1=O
 - 33
[H]OC(=C1C([H])([H])C1([H])[H])C1([H])C(O[H])=C([H])C([H])(C([H])=C1O[H])C(=O)OC([H])([H])C([H])([H])[H]
 - 22
[H]OC1=C(C(=O)C2([H])C([H])([H])C2([H])[H])C(=O)C([H])([H])C([H])(C(=O)OC([H])([H])C([H])([H])[H])C1([H])[H]
 - 32
[H]OC1=C([H])C([H])(C(=O)OC([H])([H])C([H])([H])[H])C([H])([H])C(O[H])=C1C(=O)C1([H])C([H])([H])C1([H])[H]
 - 24
[H]C([H])([H])C([H])([H])OC(=O)C1([H])C([H])([H])C(=O)C([H])(C(=O)C2([H])C([H])([H])C2([H])[H])C(=O)C1([H])[H]
 - 32
[H]OC1=C([H])C([H])(C(=O)OC([H])([H])C([H])([H])[H])C([H])([H])C(=O)C1([H])C(=O)C1([H])C([H])([H])C1([H])[H]
 - 23
[H]OC1=C([H])C([H])(C([H])=C(O[H])C1([H])C(=O)C1([H])C([H])([H])C1([H])[H])C(=O)OC([H])([H])C([H])([H])[H]
 - 25
[H]OC1=C([H])C([H])=C(C([H])=C1F)C([H])([H])N1C([H])=C([H])N=C1S[H]
 - 16
[H]OC1=C([H])C([H])=C(C([H])=C1F)C([H])([H])N1C([H])=C([H])N([H])C1=S
 - 16
[nH]1c(=S)n(Cc2cc(F)c(O)cc2)cc1
 - 'NoneType' object has no attribute 'kekulise'
[H]N(\\N=C(\\C1=C([H])C([H])=C([H])C([H])=N1)C([H])([H])[H])C(=S)N([H])N([H])C(=S)N(C([H])([H])[H])C([H])([H])[H]
 - 2 bonds in a row
CCN(CC)C(=O)OCCc1c[nH]c2ccccc12
 - This structure cannot be kekulised!
[H]N1C([H])=C(C2=C([H])C([H])=C([H])C([H])=C12)C([H])([H])C([H])([H])OC(=O)N(C([H])([H])C([H])([H])[H])C([H])([H])C([H])([H])[H]
 - 20
[H]C1=C([H])C([H])=C([H])C(=N1)C([H])([H])C([H])([H])C([H])([H])OC(=O)N(C([H])([H])C([H])([H])[H])C([H])([H])C([H])([H])[H]
 - 18
[H]OC1=C2C([H])=NN(C2=NC([H])=N1)C([H])([H])OC(=O)C([H])(N([H])[H])C([H])([H])C1=C([H])C([H])=C([H])C([H])=C1[H]
 - 25
[H]N([H])C([H])(C(=O)OC([H])([H])N1N=C([H])C2=C1N=C([H])N([H])C2=O)C([H])([H])C1=C([H])C([H])=C([H])C([H])=C1[H]
 - 25
NC(Cc1ccccc1)C(=O)OCn1ncc2c(=O)[nH]cnc12
 - 'NoneType' object has no attribute 'kekulise'
[H]N([H])C([H])(C(=O)OC([H])([H])N1N=C([H])C2=C1N([H])C([H])=NC2=O)C([H])([H])C1=C([H])C([H])=C([H])C([H])=C1[H]
 - 25
[H]N([H])C([H])(C(=O)OC([H])([H])N1N([H])C([H])=C2C1=NC([H])=NC2=O)C([H])([H])C1=C([H])C([H])=C([H])C([H])=C1[H]
 - 25
[H]OC(=NC([H])([H])C([H])([H])C([H])([H])C([H])([H])C([H])([H])C([H])([H])[H])C1=C([H])C([H])=C(O[H])C(O[H])=C1[H]
 - 24
[H]OC1=C([H])C([H])=C(C([H])=C1O[H])C(=O)N([H])C([H])([H])C([H])([H])C([H])([H])C([H])([H])C([H])([H])C([H])([H])[H]
 - 18
[H]C1=C([H])C(=C([H])C(OC([H])([H])[H])=C1[H])C([H])([H])N(N=O)C([H])([H])[H]
 - 14
[H]C1=C([H])C(=C([H])C(Br)=C1[H])C([H])([H])N(N=O)C([H])([H])[H]
 - 13
[H]OC1=NC([H])=NC2=NN(C([H])=C12)C([H])([H])OC(=O)C([H])([H])C([H])([H])C([H])([H])[H]
 - 18
[H]N1C([H])=NC2=NN(C([H])=C2C1=O)C([H])([H])OC(=O)C([H])([H])C([H])([H])C([H])([H])[H]
 - 18
[nH]1c(=O)c2cn(COC(=O)CCC)nc2nc1
 - 'NoneType' object has no attribute 'kekulise'
[H]N1C([H])=NC(=O)C2=C([H])N(N=C12)C([H])([H])OC(=O)C([H])([H])C([H])([H])C([H])([H])[H]
 - 18
[H]N1N(C([H])=C2C1=NC([H])=NC2=O)C([H])([H])OC(=O)C([H])([H])C([H])([H])C([H])([H])[H]
 - 18
CC1=C(CSCCNC2=C(C(O)=CC=N2)[N+]([O-])=O)NC=N1
 - 'NoneType' object has no attribute 'kekulise'
[H]OC1=C([H])C([H])=NC(N([H])C([H])([H])C([H])([H])SC([H])([H])C2=C(N([H])C([H])=N2)C([H])([H])[H])=C1[N+]([O-])=O
 - 'NoneType' object has no attribute 'kekulise'
[H]OC1=C([H])C([H])=NC(N([H])C([H])([H])C([H])([H])SC([H])([H])C2=C(N=C([H])N2[H])C([H])([H])[H])=C1[N+]([O-])=O
 - 'NoneType' object has no attribute 'kekulise'
CC1=C(CSCCNC2=C(C(O)=CC=N2)[N+]([O-])=O)N=CN1
 - 'NoneType' object has no attribute 'kekulise'
CC1=C(CSCCNC2=NC=CC(O)=C2[N+]([O-])=O)N=CN1
 - 'NoneType' object has no attribute 'kekulise'
CC1=C(CSCCNC2=NC=CC(O)=C2[N+]([O-])=O)NC=N1
 - 'NoneType' object has no attribute 'kekulise'
[H]N(C1=C(C(=O)C([H])=C([H])N1[H])[N+]([O-])=O)C([H])([H])C([H])([H])SC([H])([H])C1=C(N([H])C([H])=N1)C([H])([H])[H]
 - 'NoneType' object has no attribute 'kekulise'
Cc1[nH]c[n]c1CSCCNC1NC=CC(=O)C=1[N+]([O-])=O
 - 'NoneType' object has no attribute 'kekulise'
CC1=C(CSCCNC2=C(C(=O)C=CN2)[N+]([O-])=O)N=CN1
 - 'NoneType' object has no attribute 'kekulise'
n1c[nH]c(C)c1CSCCNc1c([N+](=O)[O-])c(=O)cc[nH]1
 - 'NoneType' object has no attribute 'kekulise'
[H]N(C1=C(C(=O)C([H])=C([H])N1[H])[N+]([O-])=O)C([H])([H])C([H])([H])SC([H])([H])C1=C(N=C([H])N1[H])C([H])([H])[H]
 - 'NoneType' object has no attribute 'kekulise'
CC1=C(CSCCNC2=C(C(=O)C=CN2)[N+]([O-])=O)NC=N1
 - 'NoneType' object has no attribute 'kekulise'
[H]OC1=C(C(=NC([H])([H])C([H])([H])SC([H])([H])C2=C(N([H])C([H])=N2)C([H])([H])[H])N([H])C([H])=C1[H])[N+]([O-])=O
 - 'NoneType' object has no attribute 'kekulise'
CC1=C(CSCCN=C2NC=CC(O)=C2[N+]([O-])=O)N=CN1
 - 'NoneType' object has no attribute 'kekulise'
[H]OC1=C(C(=NC([H])([H])C([H])([H])SC([H])([H])C2=C(N=C([H])N2[H])C([H])([H])[H])N([H])C([H])=C1[H])[N+]([O-])=O
 - 'NoneType' object has no attribute 'kekulise'
CC1=C(CSCCN=C2NC=CC(O)=C2[N+]([O-])=O)NC=N1
 - 'NoneType' object has no attribute 'kekulise'
[H]\\C(=N/N(C([H])([H])[H])P(=O)(N1C([H])([H])C1([H])[H])N1C([H])([H])C1([H])[H])C1=C([H])C([H])=C(Br)C([H])=C1[H]
 - 2 bonds in a row
[H]\\C(=N/N(C([H])([H])[H])P(=O)(N1C([H])([H])C1([H])[H])N1C([H])([H])C1([H])[H])C1=C([H])C([H])=C(OC([H])([H])[H])C([H])=C1[H]
 - 2 bonds in a row
[H]\\C(=N/N(C1=C([H])C([H])=C([H])C([H])=C1[H])P(=O)(N1C([H])([H])C1([H])[H])N1C([H])([H])C1([H])[H])C1=C([H])C([H])=C(Cl)C([H])=C1[H]
 - 2 bonds in a row
[H]N(N=C(C#N)C#N)C1=C([H])C([H])=C([H])C([H])=C1C(F)(F)F
 - 18
[H]N=C=C(N=NC1=C([H])C([H])=C([H])C([H])=C1C(F)(F)F)C#N
 - 21
[H]C1=C([H])C([H])=C(C(N=NC([H])(C#N)C#N)=C1[H])C(F)(F)F
 - 19
[H]OC(=NC([H])([H])C([H])([H])C([H])([H])N(C([H])([H])C([H])([H])O[H])C([H])([H])C([H])([H])O[H])C([H])=C([H])[H]
 - 31
[H]OC([H])([H])C([H])([H])N(C([H])([H])C([H])([H])O[H])C([H])([H])C([H])([H])C([H])([H])N([H])C(=O)C([H])=C([H])[H]
 - 18
[H]OC(=C=C([H])[H])N([H])C([H])([H])C([H])([H])C([H])([H])N(C([H])([H])C([H])([H])O[H])C([H])([H])C([H])([H])O[H]
 - 16
[H]OC(N([H])C1=C(C([H])=C([H])C([H])=C1C([H])([H])[H])C([H])([H])[H])=C([H])C([H])([H])C([H])([H])C([H])([H])C([H])([H])N(C([H])([H])C([H])([H])[H])C([H])([H])C([H])([H])[H]
 - 23
[H]N(C(=O)C([H])([H])C([H])([H])C([H])([H])C([H])([H])C([H])([H])N(C([H])([H])C([H])([H])[H])C([H])([H])C([H])([H])[H])C1=C(C([H])=C([H])C([H])=C1C([H])([H])[H])C([H])([H])[H]
 - 35
[H]OC(=NC1=C(C([H])=C([H])C([H])=C1C([H])([H])[H])C([H])([H])[H])C([H])([H])C([H])([H])C([H])([H])C([H])([H])C([H])([H])N(C([H])([H])C([H])([H])[H])C([H])([H])C([H])([H])[H]
 - 22
[H]OC([H])(C([H])([H])OC1=C([H])C([H])=C(C([H])=C1OC([H])([H])[H])C1=NC(=C([H])N1[H])C([H])([H])[H])C([H])([H])N([H])C([H])([H])C([H])([H])C1=C([H])C([H])=C(OC([H])([H])[H])C(OC([H])([H])[H])=C1[H]
 - 34
[H]OC([H])(C([H])([H])OC1=C([H])C([H])=C(C([H])=C1OC([H])([H])[H])C1=NC([H])=C(N1[H])C([H])([H])[H])C([H])([H])N([H])C([H])([H])C([H])([H])C1=C([H])C([H])=C(OC([H])([H])[H])C(OC([H])([H])[H])=C1[H]
 - 34
c1cc(c2ncc(C)[nH]2)cc(OC)c1OCC(O)CNCCc1cc(OC)c(OC)cc1
 - 'NoneType' object has no attribute 'get_contributed_electrons'
Cc1c[n]c([nH]1)-c1cc(OC)c(cc1)OCC(O)CNCCc1cc(OC)c(cc1)OC
 - This structure cannot be kekulised!
[H]OC([H])(C([H])([H])OC1=C([H])C([H])=C(C([H])=C1[H])C1=NC(=C([H])N1[H])C(=O)OC([H])([H])C([H])([H])[H])C([H])([H])N([H])C([H])([H])C([H])([H])C1=C([H])C([H])=C(OC([H])([H])[H])C(OC([H])([H])[H])=C1[H]
 - 36
[H]OC([H])(C([H])([H])OC1=C([H])C([H])=C(C([H])=C1[H])C1=NC([H])=C(N1[H])C(=O)OC([H])([H])C([H])([H])[H])C([H])([H])N([H])C([H])([H])C([H])([H])C1=C([H])C([H])=C(OC([H])([H])[H])C(OC([H])([H])[H])=C1[H]
 - 36
CCOC(=O)c1c[n]c([nH]1)-c1ccc(cc1)OCC(O)CNCCc1ccc(OC)c(c1)OC
 - This structure cannot be kekulised!
c1cc(c2ncc(C(=O)OCC)[nH]2)ccc1OCC(O)CNCCc1cc(OC)c(OC)cc1
 - 'NoneType' object has no attribute 'get_contributed_electrons'
[H]N(C1=NC(Cl)=NC(=N1)N([H])C([H])(C([H])([H])[H])C([H])([H])C([H])([H])C([H])([H])C([H])([H])C([H])([H])[H])C([H])([H])C([H])([H])[H]
 - 34
[H]N1C(Cl)=NC(=NC([H])([H])C([H])([H])[H])N([H])C1=NC([H])(C([H])([H])[H])C([H])([H])C([H])([H])C([H])([H])C([H])([H])C([H])([H])[H]
 - 19
[H]N1C(Cl)=NC(=NC([H])(C([H])([H])[H])C([H])([H])C([H])([H])C([H])([H])C([H])([H])C([H])([H])[H])N([H])C1=NC([H])([H])C([H])([H])[H]
 - 32
[H]N(C1=NC(Cl)=NC(=NC([H])(C([H])([H])[H])C([H])([H])C([H])([H])C([H])([H])C([H])([H])C([H])([H])[H])N1[H])C([H])([H])C([H])([H])[H]
 - 34
[H]N(C1=NC(=NC([H])(C([H])([H])[H])C([H])([H])C([H])([H])C([H])([H])C([H])([H])C([H])([H])[H])N([H])C(Cl)=N1)C([H])([H])C([H])([H])[H]
 - 34
[H]N(C1=NC(=NC([H])(C([H])([H])[H])C([H])([H])C([H])([H])C([H])([H])C([H])([H])C([H])([H])[H])N=C(Cl)N1[H])C([H])([H])C([H])([H])[H]
 - 34
[H]N(C1=NC(Cl)=NC(=NC([H])([H])C([H])([H])[H])N1[H])C([H])(C([H])([H])[H])C([H])([H])C([H])([H])C([H])([H])C([H])([H])C([H])([H])[H]
 - 19
[H]N(C1=NC(=NC([H])([H])C([H])([H])[H])N=C(Cl)N1[H])C([H])(C([H])([H])[H])C([H])([H])C([H])([H])C([H])([H])C([H])([H])C([H])([H])[H]
 - 19
[H]N(C1=NC(=NC([H])([H])C([H])([H])[H])N([H])C(Cl)=N1)C([H])(C([H])([H])[H])C([H])([H])C([H])([H])C([H])([H])C([H])([H])C([H])([H])[H]
 - 19
c1cc(Cl)c([N+](=O)[O-])cc1C=NNC(=N)N
 - 'NoneType' object has no attribute 'kekulise'
NC(=N)NN=CC1=CC(=C(Cl)C=C1)[N+]([O-])=O
 - 'NoneType' object has no attribute 'kekulise'
NC(=N)NN=Cc1cc(c(Cl)cc1)[N+]([O-])=O
 - 'NoneType' object has no attribute 'kekulise'
[H]N=C(N([H])[H])N([H])\\N=C(/[H])C1=C([H])C([H])=C(Cl)C(=C1[H])[N+]([O-])=O
 - 2 bonds in a row
NC(N)=NN=CC1=CC(=C(Cl)C=C1)[N+]([O-])=O
 - 'NoneType' object has no attribute 'kekulise'
NC(=N)N=NCC1=CC(=C(Cl)C=C1)[N+]([O-])=O
 - 'NoneType' object has no attribute 'kekulise'
[H]OC1=C2C(=C(O[H])N1C([H])([H])C([H])([H])C([H])([H])C([H])([H])N1C([H])([H])C([H])([H])N(C3=NC([H])=C([H])C([H])=N3)C([H])([H])C1([H])[H])C1([H])C([H])=C([H])C2([H])C1([H])[H]
 - 51
[H]OC1=C2C3([H])C([H])=C([H])C([H])(C3([H])[H])C2([H])C(=O)N1C([H])([H])C([H])([H])C([H])([H])C([H])([H])N1C([H])([H])C([H])([H])N(C2=NC([H])=C([H])C([H])=N2)C([H])([H])C1([H])[H]
 - 29
[H]C1=C([H])C2([H])C([H])([H])C1([H])C1([H])C(=O)N(C(=O)C21[H])C([H])([H])C([H])([H])C([H])([H])C([H])([H])N1C([H])([H])C([H])([H])N(C2=NC([H])=C([H])C([H])=N2)C([H])([H])C1([H])[H]
 - 29
[H]OC1=C2C([H])=C([H])C([H])([H])C([H])([H])C2=C(O[H])N1C1=C([H])C2=C(OC([H])([H])C(=O)N2C([H])([H])C#C[H])C([H])=C1F
 - 40
[H]OC1=C2C(=C([H])C([H])([H])C([H])([H])C2([H])[H])C(=O)N1C1=C([H])C2=C(OC([H])([H])C(=O)N2C([H])([H])C#C[H])C([H])=C1F
 - 40
[H]OC1=C2C([H])([H])C([H])([H])C([H])=C([H])C2([H])C(=O)N1C1=C([H])C2=C(OC([H])([H])C(=O)N2C([H])([H])C#C[H])C([H])=C1F
 - 40
[H]OC1=C2C([H])=C([H])C([H])([H])C([H])([H])C2([H])C(=O)N1C1=C([H])C2=C(OC([H])([H])C(=O)N2C([H])([H])C#C[H])C([H])=C1F
 - 40
[H]C#CC([H])([H])N1C(=O)C([H])([H])OC2=C1C([H])=C(N1C(=O)C3=C(C1=O)C([H])([H])C([H])([H])C([H])([H])C3([H])[H])C(F)=C2[H]
 - 40
[H]C#CC([H])([H])N1C(=O)C([H])([H])OC2=C1C([H])=C(N1C(=O)C3=C([H])C([H])([H])C([H])([H])C([H])([H])C3([H])C1=O)C(F)=C2[H]
 - 40
[H]C#CC([H])([H])N1C(=O)C([H])([H])OC2=C1C([H])=C(N1C(=O)C3([H])C([H])=C([H])C([H])([H])C([H])([H])C3([H])C1=O)C(F)=C2[H]
 - 40
ON=Cc1nc(no1)c1cccs1
 - 'NoneType' object has no attribute 'get_contributed_electrons'
[H]ON=C([H])C1=NC(=NO1)C1=C([H])C([H])=C([H])S1
 - 18
ON=Cc1nc(no1)c2cccs2
 - 'NoneType' object has no attribute 'get_contributed_electrons'
[H]C1=C([H])C([H])=C(S1)C1=NOC(=N1)C([H])([H])N=O
 - 14
[H]N1C(=C(C(=O)OC([H])([H])C([H])([H])[H])C([H])(C2=C(\\C([H])=C(/[H])C(=O)OC(C([H])([H])[H])(C([H])([H])[H])C([H])([H])[H])C([H])=C([H])C([H])=C2[H])C(C(=O)OC([H])([H])C([H])([H])[H])=C1C([H])([H])[H])C([H])([H])[H]
 - 2 bonds in a row
[H]OC(=O)C(O[H])(C1=C([H])C([H])=C(C([H])=C1[H])C([H])([H])C([H])(C([H])([H])[H])C([H])([H])[H])C([H])([H])C([H])([H])[H]
 - 31
[H]OC(N=C1C([H])([H])C(N([H])C(C([H])([H])[H])(C([H])([H])[H])C1([H])[H])(C([H])([H])[H])C([H])([H])[H])=NP([H])(O[H])(N1C([H])([H])C1(C([H])([H])[H])C([H])([H])[H])N1C([H])([H])C1(C([H])([H])[H])C([H])([H])[H]
 - 32
[H]OP([H])(N([H])C(=O)N=C1C([H])([H])C(N([H])C(C([H])([H])[H])(C([H])([H])[H])C1([H])[H])(C([H])([H])[H])C([H])([H])[H])(N1C([H])([H])C1(C([H])([H])[H])C([H])([H])[H])N1C([H])([H])C1(C([H])([H])[H])C([H])([H])[H]
 - 37
[H]OC(=NC1([H])C([H])([H])C(N([H])C(C([H])([H])[H])(C([H])([H])[H])C1([H])[H])(C([H])([H])[H])C([H])([H])[H])N([H])P(=O)(N1C([H])([H])C1(C([H])([H])[H])C([H])([H])[H])N1C([H])([H])C1(C([H])([H])[H])C([H])([H])[H]
 - 33
[H]OC(=NC1=C([H])C(N([H])C(C([H])([H])[H])(C([H])([H])[H])C1([H])[H])(C([H])([H])[H])C([H])([H])[H])N([H])P([H])(O[H])(N1C([H])([H])C1(C([H])([H])[H])C([H])([H])[H])N1C([H])([H])C1(C([H])([H])[H])C([H])([H])[H]
 - 31
[H]OC(=NP(=O)(N1C([H])([H])C1(C([H])([H])[H])C([H])([H])[H])N1C([H])([H])C1(C([H])([H])[H])C([H])([H])[H])N([H])C1([H])C([H])([H])C(N([H])C(C([H])([H])[H])(C([H])([H])[H])C1([H])[H])(C([H])([H])[H])C([H])([H])[H]
 - 33
[H]OC(=NP([H])(O[H])(N1C([H])([H])C1(C([H])([H])[H])C([H])([H])[H])N1C([H])([H])C1(C([H])([H])[H])C([H])([H])[H])N([H])C1=C([H])C(N([H])C(C([H])([H])[H])(C([H])([H])[H])C1([H])[H])(C([H])([H])[H])C([H])([H])[H]
 - 35
[H]N(C(=O)N([H])P(=O)(N1C([H])([H])C1(C([H])([H])[H])C([H])([H])[H])N1C([H])([H])C1(C([H])([H])[H])C([H])([H])[H])C1([H])C([H])([H])C(N([H])C(C([H])([H])[H])(C([H])([H])[H])C1([H])[H])(C([H])([H])[H])C([H])([H])[H]
 - 35
[H]OP([H])(N([H])C(=O)N([H])C1=C([H])C(N([H])C(C([H])([H])[H])(C([H])([H])[H])C1([H])[H])(C([H])([H])[H])C([H])([H])[H])(N1C([H])([H])C1(C([H])([H])[H])C([H])([H])[H])N1C([H])([H])C1(C([H])([H])[H])C([H])([H])[H]
 - 37
[H]OC([H])(N=C1C([H])([H])C(N([H])C(C([H])([H])[H])(C([H])([H])[H])C1([H])[H])(C([H])([H])[H])C([H])([H])[H])N([H])P(=O)(N1C([H])([H])C1(C([H])([H])[H])C([H])([H])[H])N1C([H])([H])C1(C([H])([H])[H])C([H])([H])[H]
 - 33
[H]OC([H])(N([H])C1=C([H])C(N([H])C(C([H])([H])[H])(C([H])([H])[H])C1([H])[H])(C([H])([H])[H])C([H])([H])[H])N([H])P(=O)(N1C([H])([H])C1(C([H])([H])[H])C([H])([H])[H])N1C([H])([H])C1(C([H])([H])[H])C([H])([H])[H]
 - 33
[H]OC(=NC1([H])C([H])([H])C(N([H])C(C([H])([H])[H])(C([H])([H])[H])C1([H])[H])(C([H])([H])[H])C([H])([H])[H])N=P(O[H])(N1C([H])([H])C1(C([H])([H])[H])C([H])([H])[H])N1C([H])([H])C1(C([H])([H])[H])C([H])([H])[H]
 - 33
[H]OP(=NC(=O)N([H])C1([H])C([H])([H])C(N([H])C(C([H])([H])[H])(C([H])([H])[H])C1([H])[H])(C([H])([H])[H])C([H])([H])[H])(N1C([H])([H])C1(C([H])([H])[H])C([H])([H])[H])N1C([H])([H])C1(C([H])([H])[H])C([H])([H])[H]
 - 37
[H]OC([H])(N=C1C([H])([H])C(N([H])C(C([H])([H])[H])(C([H])([H])[H])C1([H])[H])(C([H])([H])[H])C([H])([H])[H])N=P(O[H])(N1C([H])([H])C1(C([H])([H])[H])C([H])([H])[H])N1C([H])([H])C1(C([H])([H])[H])C([H])([H])[H]
 - 33
[H]OC([H])(N=P(O[H])(N1C([H])([H])C1(C([H])([H])[H])C([H])([H])[H])N1C([H])([H])C1(C([H])([H])[H])C([H])([H])[H])N([H])C1=C([H])C(N([H])C(C([H])([H])[H])(C([H])([H])[H])C1([H])[H])(C([H])([H])[H])C([H])([H])[H]
 - 35
COC(=O)[C-]1C(C)=NO[N+]1=O
 - 'NoneType' object has no attribute 'kekulise'
Cc1no[n+]([O-])c1C(=O)OC
 - This structure cannot be kekulised!
COC(=O)C1=[N+]([O-])ON=C1C
 - 'NoneType' object has no attribute 'kekulise'
COC(=O)C1=[N+](O)O[N-]C1=C
 - 'NoneType' object has no attribute 'kekulise'
COC(=O)C1=C(C)[N-]O[N+]1=O
 - 'NoneType' object has no attribute 'kekulise'
COC(=O)C1=[N+]([O-])ONC1=C
 - 'NoneType' object has no attribute 'kekulise'
COC(=O)[C-]1C(=C)NO[N+]1=O
 - 'NoneType' object has no attribute 'kekulise'
[H]OC([H])(C([H])([H])OC1=C([H])C([H])=C(F)C([H])=C1[H])C([H])([H])N1C([H])([H])C([H])([H])C([H])(N(C2=NC3=C([H])C([H])=C([H])C([H])=C3S2)C([H])([H])[H])C([H])([H])C1([H])[H]
 - 53
[H]N(N=C(C#N)C#N)C1=C(C([H])=C([H])C([H])=C1C([H])([H])[H])C([H])([H])[H]
 - 17
[H]N=C=C(N=NC1=C(C([H])=C([H])C([H])=C1C([H])([H])[H])C([H])([H])[H])C#N
 - 24
[H]C1=C([H])C(=C(N=NC([H])(C#N)C#N)C(=C1[H])C([H])([H])[H])C([H])([H])[H]
 - 16
[H]C1=C([H])C2=C(OC([H])([H])C([H])([H])OC([H])([H])C([H])([H])OC([H])([H])C([H])([H])OC([H])([H])C([H])([H])OC([H])([H])C([H])([H])OC([H])([H])C([H])([H])OC([H])([H])C([H])([H])OC3=C([H])C([H])=C([H])C([H])=C3OC([H])([H])C([H])([H])O2)C([H])=C1[H]
 - 77
CCCCNC(=O)CN1C=NC(=N1)[N+]([O-])=O
 - 'NoneType' object has no attribute 'kekulise'
[H]OC(=NC([H])([H])C([H])([H])C([H])([H])C([H])([H])[H])C([H])([H])N1N=C(N=C1[H])[N+]([O-])=O
 - 'NoneType' object has no attribute 'kekulise'
CCCCN=C(O)CN1C=NC(=N1)[N+]([O-])=O
 - 'NoneType' object has no attribute 'kekulise'
[H]N(C(=O)C([H])([H])N1N=C(N=C1[H])[N+]([O-])=O)C([H])([H])C([H])([H])C([H])([H])C([H])([H])[H]
 - 'NoneType' object has no attribute 'kekulise'
CCCCNC(=O)C[n]1c[n]c([n]1)[N+]([O-])=O
 - 'NoneType' object has no attribute 'kekulise'
n1c([N+](=O)[O-])ncn1CC(=O)NCCCC
 - 'NoneType' object has no attribute 'kekulise'
[H]OC(N([H])C([H])([H])C([H])([H])C([H])([H])C([H])([H])[H])=C([H])N1N=C(N=C1[H])[N+]([O-])=O
 - 'NoneType' object has no attribute 'kekulise'
CCCCNC(O)=CN1C=NC(=N1)[N+]([O-])=O
 - 'NoneType' object has no attribute 'kekulise'
OC(CN1CC1)Cn1cnc(n1)[N+]([O-])=O
 - 'NoneType' object has no attribute 'kekulise'
[H]OC([H])(C([H])([H])N1C([H])([H])C1([H])[H])C([H])([H])N1N=C(N=C1[H])[N+]([O-])=O
 - 'NoneType' object has no attribute 'kekulise'
[O-][N+](=O)c1[n]c[n](CC(O)CN2CC2)[n]1
 - 'NoneType' object has no attribute 'kekulise'
C1CN1CC(O)Cn1nc([N+](=O)[O-])nc1
 - 'NoneType' object has no attribute 'kekulise'
OC(CN1CC1)CN1C=NC(=N1)[N+]([O-])=O
 - 'NoneType' object has no attribute 'kekulise'
[H]OC(=NC1([H])C2=C([H])C(Cl)=C([H])C([H])=C2OC1([H])[H])C([H])([H])N(C([H])([H])C([H])([H])C([H])([H])C([H])([H])[H])C([H])([H])C([H])([H])C([H])([H])C([H])([H])[H]
 - 24
[H]OC(N([H])C1([H])C2=C([H])C(Cl)=C([H])C([H])=C2OC1([H])[H])=C([H])N(C([H])([H])C([H])([H])C([H])([H])C([H])([H])[H])C([H])([H])C([H])([H])C([H])([H])C([H])([H])[H]
 - 24
[H]N(C(=O)C([H])([H])N(C([H])([H])C([H])([H])C([H])([H])C([H])([H])[H])C([H])([H])C([H])([H])C([H])([H])C([H])([H])[H])C1([H])C2=C([H])C(Cl)=C([H])C([H])=C2OC1([H])[H]
 - 35
[H]OC(=NC1([H])C2=C([H])C([H])=C(OC([H])([H])[H])C([H])=C2OC1([H])[H])C([H])([H])N1C([H])([H])C([H])([H])OC([H])([H])C1([H])[H]
 - 25
[H]OC(N([H])C1([H])C2=C([H])C([H])=C(OC([H])([H])[H])C([H])=C2OC1([H])[H])=C([H])N1C([H])([H])C([H])([H])OC([H])([H])C1([H])[H]
 - 26
[H]N(C(=O)C([H])([H])N1C([H])([H])C([H])([H])OC([H])([H])C1([H])[H])C1([H])C2=C([H])C([H])=C(OC([H])([H])[H])C([H])=C2OC1([H])[H]
 - 22
[H]OC1=C2C([H])=C(SC2=S(=O)(O[H])C([H])=C1[H])S(=O)(=O)N([H])[H]
 - 18
[H]OC1=C([H])C([H])=S(=O)(O[H])C2=C1C([H])=C(S2)S(=O)(=O)N([H])[H]
 - 17
[H]OC1=C([H])C([H])=S(=O)(O[H])C2=C1C([H])=C(S2)S(=O)(O[H])=N[H]
 - 17
[H]OC1=C2C([H])=C(SC2=S(=O)(O[H])C([H])=C1[H])S(=O)(O[H])=N[H]
 - 18
[H]OC1=C([H])C([H])([H])S(=O)(=O)C2=C1C([H])=C(S2)S(=O)(=O)N([H])[H]
 - 17
[H]N([H])S(=O)(=O)C1=C([H])C2=C(S1)S(=O)(=O)C([H])([H])C([H])([H])C2=O
 - 22
[H]OC1([H])C([H])=C([H])S(=O)(=O)C2=C1C([H])=C(S2)S(=O)(=O)N([H])[H]
 - 17
[H]OC1=C([H])C([H])([H])S(=O)(=O)C2=C1C([H])=C(S2)S(=O)(O[H])=N[H]
 - 17
[H]OS(=O)(=N[H])C1=C([H])C2=C(S1)S(=O)(=O)C([H])([H])C([H])([H])C2=O
 - 22
[H]OC1([H])C([H])=C([H])S(=O)(=O)C2=C1C([H])=C(S2)S(=O)(O[H])=N[H]
 - 17
[H]OS1(=O)=C([H])C([H])([H])C(=O)C2=C1SC(=C2[H])S(=O)(=O)N([H])[H]
 - 18
[H]OS1([H])(=O)C([H])=C([H])C(=O)C2=C1SC(=C2[H])S(=O)(=O)N([H])[H]
 - 18
[H]OS(=O)(=N[H])C1=C([H])C2=C(S1)S(=O)(O[H])=C([H])C([H])([H])C2=O
 - 22
[H]OS(=O)(=N[H])C1=C([H])C2=C(S1)S([H])(=O)(O[H])C([H])=C([H])C2=O
 - 22
[H]OC1=C([H])C([H])([H])S([H])(O[H])C2=C1SC(=C2[H])S(=O)(=O)N([H])[H]
 - 17
[H]OS1([H])C2=C(SC(=C2[H])S(=O)(=O)N([H])[H])C(=O)C([H])([H])C1([H])[H]
 - 22
[H]OS1=C([H])C([H])([H])C([H])(O[H])C2=C1C([H])=C(S2)S(=O)(=O)N([H])[H]
 - 18
[H]OC1([H])C([H])=C([H])S([H])(O[H])C2=C1SC(=C2[H])S(=O)(=O)N([H])[H]
 - 17
[H]OC1([H])C2=C(C([H])=C(S2)S(=O)(=O)N([H])[H])S(=O)C([H])([H])C1([H])[H]
 - 22
[H]OC1=C2SC(=C([H])C2=S(O[H])C([H])([H])C1([H])[H])S(=O)(=O)N([H])[H]
 - 16
[H]OC1=C([H])C([H])([H])S([H])(O[H])C2=C1SC(=C2[H])S(=O)(O[H])=N[H]
 - 17
[H]OS1([H])C2=C(SC(=C2[H])S(=O)(O[H])=N[H])C(=O)C([H])([H])C1([H])[H]
 - 22
[H]OS1=C([H])C([H])([H])C([H])(O[H])C2=C1C([H])=C(S2)S(=O)(O[H])=N[H]
 - 18
[H]OC1([H])C([H])=C([H])S([H])(O[H])C2=C1SC(=C2[H])S(=O)(O[H])=N[H]
 - 17
[H]OC1([H])C2=C(C([H])=C(S2)S(=O)(O[H])=N[H])S(=O)C([H])([H])C1([H])[H]
 - 22
[H]OC1=C2SC(=C([H])C2=S(O[H])C([H])([H])C1([H])[H])S(=O)(O[H])=N[H]
 - 16
[H]OC1=C2SC(=C([H])C2=S(=O)(O[H])C([H])=C1[H])S(=O)(=O)N([H])[H]
 - 18
[H]OC1=C([H])C([H])=S(=O)(O[H])C2=C1SC(=C2[H])S(=O)(=O)N([H])[H]
 - 18
[H]OC1=C([H])C([H])=S(=O)(O[H])C2=C1SC(=C2[H])S(=O)(O[H])=N[H]
 - 18
[H]OC1=C2SC(=C([H])C2=S(=O)(O[H])C([H])=C1[H])S(=O)(O[H])=N[H]
 - 18
[H]OC1=C([H])C([H])([H])S(=O)(=O)C2=C1SC(=C2[H])S(=O)(=O)N([H])[H]
 - 18
[H]N([H])S(=O)(=O)C1=C([H])C2=C(S1)C(=O)C([H])([H])C([H])([H])S2(=O)=O
 - 21
[H]OC1([H])C([H])=C([H])S(=O)(=O)C2=C1SC(=C2[H])S(=O)(=O)N([H])[H]
 - 18
[H]OC1=C([H])C([H])([H])S(=O)(=O)C2=C1SC(=C2[H])S(=O)(O[H])=N[H]
 - 18
[H]OS(=O)(=N[H])C1=C([H])C2=C(S1)C(=O)C([H])([H])C([H])([H])S2(=O)=O
 - 21
[H]OC1([H])C([H])=C([H])S(=O)(=O)C2=C1SC(=C2[H])S(=O)(O[H])=N[H]
 - 18
[H]OS1(=O)=C([H])C([H])([H])C(=O)C2=C1C([H])=C(S2)S(=O)(=O)N([H])[H]
 - 17
[H]OS1([H])(=O)C([H])=C([H])C(=O)C2=C1C([H])=C(S2)S(=O)(=O)N([H])[H]
 - 17
[H]OS(=O)(=N[H])C1=C([H])C2=C(S1)C(=O)C([H])([H])C([H])=S2(=O)O[H]
 - 20
[H]OS(=O)(=N[H])C1=C([H])C2=C(S1)C(=O)C([H])=C([H])S2([H])(=O)O[H]
 - 19
[H]N(C(=O)O\\N=C1/SC([H])([H])C([H])([H])SC1(C([H])([H])[H])C([H])([H])[H])C([H])([H])[H]
 - 2 bonds in a row
[H]C1=NC([H])=C(N1C([H])([H])[H])C([H])([H])C([H])(C([H])([H])OC(=O)C(C([H])([H])[H])(C([H])([H])[H])C([H])([H])[H])C([H])(C(=O)OC([H])([H])C1=C([H])C([H])=C(C([H])=C1[H])C([H])([H])[H])C([H])([H])C([H])([H])[H]
 - 36
[H]OC([H])([H])C([H])([H])C([H])([H])C([H])([H])N([H])C1=C(C#N)C([H])=C(C([H])=N1)C1=C([H])C([H])=NC([H])=C1[H]
 - 26
c1cnccc1c1cnc(NCCCCO)c(C#N)c1
 - 'NoneType' object has no attribute 'get_contributed_electrons'
c1cnccc1c2cnc(NCCCCO)c(C#N)c2
 - 'NoneType' object has no attribute 'get_contributed_electrons'
[H]OC([H])([H])C([H])([H])C([H])([H])C([H])([H])N=C1N([H])C([H])=C(C([H])=C1C#N)C1=C([H])C([H])=NC([H])=C1[H]
 - 24
[H]OC([H])(C([H])([H])[H])C([H])([H])OC1=C(C#N)C([H])=C(C([H])=N1)C1=C([H])C([H])=NC([H])=C1[H]
 - 22
CC(O)COc1ncc(cc1C#N)c1ccncc1
 - 'NoneType' object has no attribute 'get_contributed_electrons'
[H]OC([H])([H])C([H])([H])C([H])([H])S(=O)(=O)C1=C([H])C([H])=C(C([H])=C1F)S(=O)(=O)N([H])[H]
 - 23
[H]OC([H])([H])C([H])([H])C([H])([H])S(=O)(=O)C1=C([H])C([H])=C(C([H])=C1F)S(=O)(O[H])=N[H]
 - 23
[H]OC([H])([H])C([H])([H])C([H])=S(=O)(O[H])C1=C([H])C([H])=C(C([H])=C1F)S(=O)(=O)N([H])[H]
 - 23
[H]OS([H])(=O)(C1=C([H])C([H])=C(C([H])=C1F)S(=O)(=O)N([H])[H])C([H])([H])C([H])([H])C([H])=O
 - 22
[H]OC([H])=C([H])C([H])([H])S([H])(=O)(O[H])C1=C([H])C([H])=C(C([H])=C1F)S(=O)(=O)N([H])[H]
 - 23
[H]OC([H])([H])C([H])=C([H])S([H])(=O)(O[H])C1=C([H])C([H])=C(C([H])=C1F)S(=O)(=O)N([H])[H]
 - 23
[H]OC([H])([H])C([H])([H])C([H])=S(=O)(O[H])C1=C([H])C([H])=C(C([H])=C1F)S(=O)(O[H])=N[H]
 - 23
OCCC=S(O)(=O)C1=C(F)C=C(C=C1)S(O)(=N)=O
 - Processing took more than 5 seconds
[H]OS(=O)(=N[H])C1=C([H])C([H])=C(C(F)=C1[H])S([H])(=O)(O[H])C([H])([H])C([H])([H])C([H])=O
 - 19
[H]OC([H])=C([H])C([H])([H])S([H])(=O)(O[H])C1=C([H])C([H])=C(C([H])=C1F)S(=O)(O[H])=N[H]
 - 23
[H]OC([H])([H])C([H])=C([H])S([H])(=O)(O[H])C1=C([H])C([H])=C(C([H])=C1F)S(=O)(O[H])=N[H]
 - 23
[H]OC([H])([H])C([H])([H])C#S(O[H])(O[H])C1=C([H])C([H])=C(C([H])=C1F)S(=O)(=O)N([H])[H]
 - 23
[H]OC([H])([H])C([H])=C=S([H])(O[H])(O[H])C1=C([H])C([H])=C(C([H])=C1F)S(=O)(=O)N([H])[H]
 - 23
[H]OS([H])(O[H])(=C([H])C([H])([H])C([H])=O)C1=C([H])C([H])=C(C([H])=C1F)S(=O)(=O)N([H])[H]
 - 23
[H]OC([H])=C([H])C([H])=S([H])(O[H])(O[H])C1=C([H])C([H])=C(C([H])=C1F)S(=O)(=O)N([H])[H]
 - 23
[H]OS([H])([H])(O[H])(C([H])=C([H])C([H])=O)C1=C([H])C([H])=C(C([H])=C1F)S(=O)(=O)N([H])[H]
 - 23
[H]OC([H])([H])C([H])([H])C#S(O[H])(O[H])C1=C([H])C([H])=C(C([H])=C1F)S(=O)(O[H])=N[H]
 - 23
[H]OC([H])=C=C([H])S([H])([H])(O[H])(O[H])C1=C([H])C([H])=C(C([H])=C1F)S(=O)(=O)N([H])[H]
 - 23
[H]OC([H])([H])C([H])=C=S([H])(O[H])(O[H])C1=C([H])C([H])=C(C([H])=C1F)S(=O)(O[H])=N[H]
 - 23
[H]OS(=O)(=N[H])C1=C([H])C([H])=C(C(F)=C1[H])S([H])(O[H])(O[H])=C([H])C([H])([H])C([H])=O
 - 19
[H]OC([H])=C([H])C([H])=S([H])(O[H])(O[H])C1=C([H])C([H])=C(C([H])=C1F)S(=O)(O[H])=N[H]
 - 23
[H]OS(=O)(=N[H])C1=C([H])C([H])=C(C(F)=C1[H])S([H])([H])(O[H])(O[H])C([H])=C([H])C([H])=O
 - 19
[H]OC([H])=C=C([H])S([H])([H])(O[H])(O[H])C1=C([H])C([H])=C(C([H])=C1F)S(=O)(O[H])=N[H]
 - 23
[H]N([H])C1([H])C2([H])C3=C(C([H])=C([H])C([H])=C3[H])C([H])([H])C1([H])C([H])([H])C2([H])[H]
 - 21
[H]N([H])C1([H])C2([H])C3=C([H])C([H])=C(C([H])=C3C([H])([H])C1([H])C([H])([H])C2([H])[H])C(F)(F)F
 - 20
[H]OC(=O)C1=C([H])N(C2=C(F)C(N3C([H])([H])C([H])(N([H])C([H])(C([H])([H])[H])C3([H])[H])C([H])([H])[H])=C(F)C(=N[H])C2=C1O[H])C1([H])C([H])([H])C1([H])[H]
 - 40
[H]OC(=O)C1=C([H])N(C2=C(F)C(N3C([H])([H])C([H])(N([H])C([H])(C([H])([H])[H])C3([H])[H])C([H])([H])[H])=C(F)C(N([H])[H])=C2C1=O)C1([H])C([H])([H])C1([H])[H]
 - 41
[H]C1=C([H])N(C([H])=N1)C(=S)OC([H])(C([H])([H])OC1=C([H])C([H])=C(Cl)C([H])=C1[H])C(C([H])([H])[H])(C([H])([H])[H])C([H])([H])[H]
 - 29
[H]C1=C([H])N(C([H])=N1)C(=O)OC([H])(C([H])([H])OC1=C([H])C([H])=C(C([H])=C1[H])C(C([H])([H])[H])(C([H])([H])[H])C([H])([H])[H])C(C([H])([H])[H])(C([H])([H])[H])C([H])([H])[H]
 - 41
c1ccc2nc3-c(cc(=NC(C)CCCN(CC)CC)c(c3)Nc3ccc(Cl)cc3)n(c3ccc(Cl)cc3)c2c1
 - 'NoneType' object has no attribute 'get_contributed_electrons'
[H]N(C1=C([H])C([H])=C(Cl)C([H])=C1[H])C1=C([H])C2=NC3=C(C([H])=C([H])C([H])=C3[H])N(C3=C([H])C([H])=C(Cl)C([H])=C3[H])C2=C([H])\\C1=N/C([H])(C([H])([H])[H])C([H])([H])C([H])([H])C([H])([H])N(C([H])([H])C([H])([H])[H])C([H])([H])C([H])([H])[H]
 - 2 bonds in a row
[H]OC(=NN(C(=O)C1=C(Cl)C([H])=C([H])C([H])=C1[H])C(C([H])([H])[H])(C([H])([H])[H])C([H])([H])[H])C1=C([H])C([H])=C([H])C([H])=C1[H]
 - 32
[H]N(N(C(=O)C1=C(Cl)C([H])=C([H])C([H])=C1[H])C(C([H])([H])[H])(C([H])([H])[H])C([H])([H])[H])C(=O)C1=C([H])C([H])=C([H])C([H])=C1[H]
 - 30
[H]OC(=NN(C(=O)C1=C(Cl)C([H])=C([H])C([H])=C1[H])C(C([H])([H])[H])(C([H])([H])[H])C([H])([H])[H])C1=C([H])C(Cl)=C([H])C([H])=C1[H]
 - 32
[H]N(N(C(=O)C1=C(Cl)C([H])=C([H])C([H])=C1[H])C(C([H])([H])[H])(C([H])([H])[H])C([H])([H])[H])C(=O)C1=C([H])C(Cl)=C([H])C([H])=C1[H]
 - 30
[H]OC(=NN(C(=O)C1=C(OC([H])([H])[H])C([H])=C([H])C([H])=C1[H])C(C([H])([H])[H])(C([H])([H])[H])C([H])([H])[H])C1=C([H])C([H])=C([H])C([H])=C1[H]
 - 36
[H]N(N(C(=O)C1=C(OC([H])([H])[H])C([H])=C([H])C([H])=C1[H])C(C([H])([H])[H])(C([H])([H])[H])C([H])([H])[H])C(=O)C1=C([H])C([H])=C([H])C([H])=C1[H]
 - 34
[H]OC(=NN(C(=O)C1=C([H])C([H])=C([H])C([H])=C1I)C(C([H])([H])[H])(C([H])([H])[H])C([H])([H])[H])C1=C([H])C([H])=C([H])C([H])=C1[H]
 - 32
[H]N(N(C(=O)C1=C([H])C([H])=C([H])C([H])=C1I)C(C([H])([H])[H])(C([H])([H])[H])C([H])([H])[H])C(=O)C1=C([H])C([H])=C([H])C([H])=C1[H]
 - 30
[H]OC(=NN(C(=O)C1=C([H])C(C#N)=C([H])C([H])=C1[H])C(C([H])([H])[H])(C([H])([H])[H])C([H])([H])[H])C1=C([H])C([H])=C([H])C([H])=C1[H]
 - 33
[H]N(N(C(=O)C1=C([H])C(C#N)=C([H])C([H])=C1[H])C(C([H])([H])[H])(C([H])([H])[H])C([H])([H])[H])C(=O)C1=C([H])C([H])=C([H])C([H])=C1[H]
 - 31
[H]OC(=NN(C(=O)C1=C(C(Cl)=C([H])C([H])=C1[H])C([H])([H])[H])C(C([H])([H])[H])(C([H])([H])[H])C([H])([H])[H])C1=C([H])C([H])=C([H])C([H])=C1[H]
 - 35
[H]OC(=NN(C(O[H])=C1C([H])=C([H])C([H])=C(Cl)C1=C([H])[H])C(C([H])([H])[H])(C([H])([H])[H])C([H])([H])[H])C1=C([H])C([H])=C([H])C([H])=C1[H]
 - 35
[H]N(N(C(=O)C1=C(C(Cl)=C([H])C([H])=C1[H])C([H])([H])[H])C(C([H])([H])[H])(C([H])([H])[H])C([H])([H])[H])C(=O)C1=C([H])C([H])=C([H])C([H])=C1[H]
 - 33
[H]OC(N(N([H])C(=O)C1=C([H])C([H])=C([H])C([H])=C1[H])C(C([H])([H])[H])(C([H])([H])[H])C([H])([H])[H])=C1C([H])=C([H])C([H])=C(Cl)C1=C([H])[H]
 - 33
[H]OC(=NN(C(=O)C1=C([H])C([H])=C(I)C([H])=C1[H])C(C([H])([H])[H])(C([H])([H])[H])C([H])([H])[H])C1=C([H])C([H])=C([H])C([H])=C1[H]
 - 32
[H]N(N(C(=O)C1=C([H])C([H])=C(I)C([H])=C1[H])C(C([H])([H])[H])(C([H])([H])[H])C([H])([H])[H])C(=O)C1=C([H])C([H])=C([H])C([H])=C1[H]
 - 30
[H]ON=C=C(O[H])C([H])([H])SC([H])([H])[H]
 - 9
[H]ON=C([H])C(O[H])=C([H])SC([H])([H])[H]
 - 9
[H]ON=C([H])C(=O)C([H])([H])SC([H])([H])[H]
 - 9
[H]OC(=C([H])N=O)C([H])([H])SC([H])([H])[H]
 - 9
[H]OC(=C([H])SC([H])([H])[H])C([H])([H])N=O
 - 11
[H]C([H])([H])SC([H])([H])C(=O)C([H])([H])N=O
 - 9
[H]N1C(=NC2=NC([H])=C([H])C([H])=C12)C1=C([H])C([H])=C(C([H])=C1[H])C(C([H])([H])[H])(C([H])([H])[H])C([H])([H])[H]
 - 22
CC(C)(C)c1ccc(cc1)-c1[nH]c2ccc[n]c2[n]1
 - This structure cannot be kekulised!
CC(C)(C)c1ccc(cc1)c1[nH]c2cccnc2n1
 - 'NoneType' object has no attribute 'get_contributed_electrons'
[H]N1C2=NC([H])=C([H])C([H])=C2N=C1C1=C([H])C([H])=C(C([H])=C1[H])C(C([H])([H])[H])(C([H])([H])[H])C([H])([H])[H]
 - 22
[H]N1C([H])=C([H])C([H])=C2N=C(N=C12)C1=C([H])C([H])=C(C([H])=C1[H])C(C([H])([H])[H])(C([H])([H])[H])C([H])([H])[H]
 - 22
[H]N1N=NN([H])C1=NC(=O)C1=C(OC([H])(C([H])([H])[H])C([H])([H])[H])C(Br)=C(OC([H])([H])[H])S1
 - 32
[H]N1N=NC(=NC(=O)C2=C(OC([H])(C([H])([H])[H])C([H])([H])[H])C(Br)=C(OC([H])([H])[H])S2)N1[H]
 - 31
COc1[s]c(C(=O)Nc2[n][n][nH][n]2)c(OC(C)C)c1Br
 - This structure cannot be kekulised!
[H]N(C(=O)C1=C(OC([H])(C([H])([H])[H])C([H])([H])[H])C(Br)=C(OC([H])([H])[H])S1)C1=NN([H])N=N1
 - 27
COc1sc(C(=O)Nc2nn[nH]n2)c(OC(C)C)c1Br
 - This structure cannot be kekulised!
[H]N(C(=O)C1=C(OC([H])(C([H])([H])[H])C([H])([H])[H])C(Br)=C(OC([H])([H])[H])S1)C1=NN=NN1[H]
 - 27
[H]OC(=NC1=NN([H])N=N1)C1=C(OC([H])(C([H])([H])[H])C([H])([H])[H])C(Br)=C(OC([H])([H])[H])S1
 - 32
[H]OC(=NC1=NN=NN1[H])C1=C(OC([H])(C([H])([H])[H])C([H])([H])[H])C(Br)=C(OC([H])([H])[H])S1
 - 32
[H]N(C(=O)OC([H])([H])C([H])([H])C([H])([H])C([H])([H])[H])C1=C([H])C([H])=C(OC([H])([H])C([H])([H])[H])C(OC([H])([H])C([H])([H])[H])=C1[H]
 - 42
[H]OC(OC([H])([H])C([H])([H])C([H])([H])C([H])([H])[H])=NC1=C([H])C([H])=C(OC([H])([H])C([H])([H])[H])C(OC([H])([H])C([H])([H])[H])=C1[H]
 - 42
[H]OC(O[H])=C([H])SC1=NC2=C([H])C([H])=C(Br)C([H])=C2S(=O)(O[H])=N1
 - 25
[H]OC(=O)C([H])([H])SC1=NC2=C([H])C([H])=C(Br)C([H])=C2S(=O)(O[H])=N1
 - 25
[H]OC(O[H])=C([H])SC1=NS(=O)(=O)C2=C([H])C(Br)=C([H])C([H])=C2N1[H]
 - 24
[H]OC(O[H])=C([H])SC1=NC2=C([H])C([H])=C(Br)C([H])=C2S(=O)(=O)N1[H]
 - 24
[H]OC(=O)C([H])([H])SC1=NC2=C([H])C([H])=C(Br)C([H])=C2S(=O)(=O)N1[H]
 - 24
[H]OC(=O)C([H])([H])SC1=NS(=O)(=O)C2=C([H])C(Br)=C([H])C([H])=C2N1[H]
 - 24
[H]OC(N([H])[H])=C([H])C([H])([H])C(=O)OC([H])=C(O[H])C1(O[H])C([H])([H])C([H])([H])C2([H])C3([H])C([H])([H])C([H])=C4C([H])([H])C(=O)C([H])([H])C([H])([H])C4(C([H])([H])[H])C3([H])C([H])(O[H])C([H])([H])C12C([H])([H])[H]
 - 64
[H]OC(N([H])[H])=C([H])C([H])([H])C(=O)OC([H])=C(O[H])C1(O[H])C([H])([H])C([H])([H])C2([H])C3([H])C([H])([H])C([H])([H])C4=C([H])C(=O)C([H])([H])C([H])([H])C4(C([H])([H])[H])C3([H])C([H])(O[H])C([H])([H])C12C([H])([H])[H]
 - 64
[H]OC(N([H])[H])=C([H])C([H])([H])C(=O)OC([H])=C(O[H])C1(O[H])C([H])([H])C([H])([H])C2([H])C3([H])C([H])([H])C([H])=C4C([H])=C(O[H])C([H])([H])C([H])([H])C4(C([H])([H])[H])C3([H])C([H])(O[H])C([H])([H])C12C([H])([H])[H]
 - 64
[H]OC(N([H])[H])=C([H])C([H])([H])C(=O)OC([H])=C(O[H])C1(O[H])C([H])([H])C([H])([H])C2([H])C3([H])C([H])([H])C([H])([H])C4=C([H])C(O[H])=C([H])C([H])([H])C4(C([H])([H])[H])C3([H])C([H])(O[H])C([H])([H])C12C([H])([H])[H]
 - 64
[H]OC(=C([H])OC(=O)C([H])([H])C([H])([H])C(=O)N([H])[H])C1(O[H])C([H])([H])C([H])([H])C2([H])C3([H])C([H])([H])C([H])=C4C([H])([H])C(=O)C([H])([H])C([H])([H])C4(C([H])([H])[H])C3([H])C([H])(O[H])C([H])([H])C12C([H])([H])[H]
 - 64
[H]OC(=C([H])OC(=O)C([H])([H])C([H])([H])C(=O)N([H])[H])C1(O[H])C([H])([H])C([H])([H])C2([H])C3([H])C([H])([H])C([H])([H])C4=C([H])C(=O)C([H])([H])C([H])([H])C4(C([H])([H])[H])C3([H])C([H])(O[H])C([H])([H])C12C([H])([H])[H]
 - 64
[H]OC(=N[H])C([H])([H])C([H])([H])C(=O)OC([H])=C(O[H])C1(O[H])C([H])([H])C([H])([H])C2([H])C3([H])C([H])([H])C([H])=C4C([H])([H])C(=O)C([H])([H])C([H])([H])C4(C([H])([H])[H])C3([H])C([H])(O[H])C([H])([H])C12C([H])([H])[H]
 - 64
[H]OC(=N[H])C([H])([H])C([H])([H])C(=O)OC([H])=C(O[H])C1(O[H])C([H])([H])C([H])([H])C2([H])C3([H])C([H])([H])C([H])([H])C4=C([H])C(=O)C([H])([H])C([H])([H])C4(C([H])([H])[H])C3([H])C([H])(O[H])C([H])([H])C12C([H])([H])[H]
 - 64
[H]OC(=C([H])OC(=O)C([H])([H])C([H])([H])C(=O)N([H])[H])C1(O[H])C([H])([H])C([H])([H])C2([H])C3([H])C([H])([H])C([H])=C4C([H])([H])C(O[H])=C([H])C([H])([H])C4(C([H])([H])[H])C3([H])C([H])(O[H])C([H])([H])C12C([H])([H])[H]
 - 64
[H]OC(=C([H])OC(=O)C([H])([H])C([H])([H])C(=O)N([H])[H])C1(O[H])C([H])([H])C([H])([H])C2([H])C3([H])C([H])([H])C([H])=C4C([H])=C(O[H])C([H])([H])C([H])([H])C4(C([H])([H])[H])C3([H])C([H])(O[H])C([H])([H])C12C([H])([H])[H]
 - 64
[H]OC(=C([H])OC(=O)C([H])([H])C([H])([H])C(=O)N([H])[H])C1(O[H])C([H])([H])C([H])([H])C2([H])C3([H])C([H])([H])C([H])([H])C4=C([H])C(O[H])=C([H])C([H])([H])C4(C([H])([H])[H])C3([H])C([H])(O[H])C([H])([H])C12C([H])([H])[H]
 - 64
[H]OC(=N[H])C([H])([H])C([H])([H])C(=O)OC([H])=C(O[H])C1(O[H])C([H])([H])C([H])([H])C2([H])C3([H])C([H])([H])C([H])=C4C([H])=C(O[H])C([H])([H])C([H])([H])C4(C([H])([H])[H])C3([H])C([H])(O[H])C([H])([H])C12C([H])([H])[H]
 - 64
[H]OC(=N[H])C([H])([H])C([H])([H])C(=O)OC([H])=C(O[H])C1(O[H])C([H])([H])C([H])([H])C2([H])C3([H])C([H])([H])C([H])([H])C4=C([H])C(O[H])=C([H])C([H])([H])C4(C([H])([H])[H])C3([H])C([H])(O[H])C([H])([H])C12C([H])([H])[H]
 - 64
[H]OC(N([H])[H])=C([H])C([H])([H])C(=O)OC([H])([H])C(=O)C1(O[H])C([H])([H])C([H])([H])C2([H])C3([H])C([H])([H])C([H])=C4C([H])([H])C(=O)C([H])([H])C([H])([H])C4(C([H])([H])[H])C3([H])C([H])(O[H])C([H])([H])C12C([H])([H])[H]
 - 64
[H]OC(N([H])[H])=C([H])C([H])([H])C(=O)OC([H])([H])C(=O)C1(O[H])C([H])([H])C([H])([H])C2([H])C3([H])C([H])([H])C([H])([H])C4=C([H])C(=O)C([H])([H])C([H])([H])C4(C([H])([H])[H])C3([H])C([H])(O[H])C([H])([H])C12C([H])([H])[H]
 - 64
[H]OC(N([H])[H])=C([H])C([H])([H])C(=O)OC([H])([H])C(=O)C1(O[H])C([H])([H])C([H])([H])C2([H])C3([H])C([H])([H])C([H])=C4C([H])=C(O[H])C([H])([H])C([H])([H])C4(C([H])([H])[H])C3([H])C([H])(O[H])C([H])([H])C12C([H])([H])[H]
 - 64
[H]OC(N([H])[H])=C([H])C([H])([H])C(=O)OC([H])([H])C(=O)C1(O[H])C([H])([H])C([H])([H])C2([H])C3([H])C([H])([H])C([H])([H])C4=C([H])C(O[H])=C([H])C([H])([H])C4(C([H])([H])[H])C3([H])C([H])(O[H])C([H])([H])C12C([H])([H])[H]
 - 64
[H]OC1([H])C([H])([H])C2(C([H])([H])[H])C([H])(C([H])([H])C([H])([H])C2(O[H])C(=O)C([H])([H])OC(=O)C([H])([H])C([H])([H])C(=O)N([H])[H])C2([H])C([H])([H])C([H])=C3C([H])([H])C(=O)C([H])([H])C([H])([H])C3(C([H])([H])[H])C12[H]
 - 67
[H]OC1([H])C([H])([H])C2(C([H])([H])[H])C([H])(C([H])([H])C([H])([H])C2(O[H])C(=O)C([H])([H])OC(=O)C([H])([H])C([H])([H])C(=O)N([H])[H])C2([H])C([H])([H])C([H])([H])C3=C([H])C(=O)C([H])([H])C([H])([H])C3(C([H])([H])[H])C12[H]
 - 67
[H]OC(=N[H])C([H])([H])C([H])([H])C(=O)OC([H])([H])C(=O)C1(O[H])C([H])([H])C([H])([H])C2([H])C3([H])C([H])([H])C([H])([H])C4=C([H])C(=O)C([H])([H])C([H])([H])C4(C([H])([H])[H])C3([H])C([H])(O[H])C([H])([H])C12C([H])([H])[H]
 - 64
[H]OC(=N[H])C([H])([H])C([H])([H])C(=O)OC([H])([H])C(=O)C1(O[H])C([H])([H])C([H])([H])C2([H])C3([H])C([H])([H])C([H])=C4C([H])([H])C(=O)C([H])([H])C([H])([H])C4(C([H])([H])[H])C3([H])C([H])(O[H])C([H])([H])C12C([H])([H])[H]
 - 64
[H]OC1=C([H])C([H])([H])C2(C(=C([H])C([H])([H])C3([H])C4([H])C([H])([H])C([H])([H])C(O[H])(C(=O)C([H])([H])OC(=O)C([H])([H])C([H])([H])C(=O)N([H])[H])C4(C([H])([H])[H])C([H])([H])C([H])(O[H])C23[H])C1([H])[H])C([H])([H])[H]
 - 62
[H]OC1=C([H])C2=C([H])C([H])([H])C3([H])C4([H])C([H])([H])C([H])([H])C(O[H])(C(=O)C([H])([H])OC(=O)C([H])([H])C([H])([H])C(=O)N([H])[H])C4(C([H])([H])[H])C([H])([H])C([H])(O[H])C3([H])C2(C([H])([H])[H])C([H])([H])C1([H])[H]
 - 66
[H]OC1=C([H])C([H])([H])C2(C(=C1[H])C([H])([H])C([H])([H])C1([H])C3([H])C([H])([H])C([H])([H])C(O[H])(C(=O)C([H])([H])OC(=O)C([H])([H])C([H])([H])C(=O)N([H])[H])C3(C([H])([H])[H])C([H])([H])C([H])(O[H])C21[H])C([H])([H])[H]
 - 63
[H]OC(=N[H])C([H])([H])C([H])([H])C(=O)OC([H])([H])C(=O)C1(O[H])C([H])([H])C([H])([H])C2([H])C3([H])C([H])([H])C([H])=C4C([H])=C(O[H])C([H])([H])C([H])([H])C4(C([H])([H])[H])C3([H])C([H])(O[H])C([H])([H])C12C([H])([H])[H]
 - 64
[H]OC(=N[H])C([H])([H])C([H])([H])C(=O)OC([H])([H])C(=O)C1(O[H])C([H])([H])C([H])([H])C2([H])C3([H])C([H])([H])C([H])([H])C4=C([H])C(O[H])=C([H])C([H])([H])C4(C([H])([H])[H])C3([H])C([H])(O[H])C([H])([H])C12C([H])([H])[H]
 - 64
[H]C1=C([H])C([H])=C(C([H])=C1[H])C([H])([H])C1=C(SSC1=S)C([H])([H])[H]
 - 15
[O-][N+](=NC#N)C1=CC=C(C=C1)C#N
 - 'NoneType' object has no attribute 'kekulise'
[N-]=C=N[N+](=O)C1=CC=C(C=C1)C#N
 - 'NoneType' object has no attribute 'kekulise'
c1cc(C#N)ccc1[N+](=NC#N)[O-]
 - 'NoneType' object has no attribute 'kekulise'
[H]C1=C([H])C(=C([H])C([H])=C1C#N)N(=O)=NC#N
 - 14
O=[N+]([N-]C#N)C1=CC=C(C=C1)C#N
 - 'NoneType' object has no attribute 'kekulise'
[H]OC(N([H])[H])=C(N1N=C2C([H])=C([H])C([H])=C([H])C2=N1)C([H])([H])[H]
 - 21
[H]N([H])C(=O)C([H])(N1N=C2C([H])=C([H])C([H])=C([H])C2=N1)C([H])([H])[H]
 - 21
[H]OC(=N[H])C([H])(N1N=C2C([H])=C([H])C([H])=C([H])C2=N1)C([H])([H])[H]
 - 21
[H]OC(N([H])[H])=C(N1N=C2C([H])=C([H])C([H])=C([H])C2=N1)C([H])([H])C([H])([H])C([H])([H])C([H])([H])[H]
 - 21
[H]N([H])C(=O)C([H])(N1N=C2C([H])=C([H])C([H])=C([H])C2=N1)C([H])([H])C([H])([H])C([H])([H])C([H])([H])[H]
 - 21
[H]OC(=N[H])C([H])(N1N=C2C([H])=C([H])C([H])=C([H])C2=N1)C([H])([H])C([H])([H])C([H])([H])C([H])([H])[H]
 - 21
[H]OC(=C([H])OC(=O)C1=C([H])C([H])=C([H])C([H])=C1[H])N1C([H])([H])C([H])([H])C([H])([H])C([H])([H])C([H])([H])C1([H])[H]
 - 20
[H]C1=C([H])C([H])=C(C([H])=C1[H])C(=O)OC([H])([H])C(=O)N1C([H])([H])C([H])([H])C([H])([H])C([H])([H])C([H])([H])C1([H])[H]
 - 20
[H]OC1=C(N(C([H])=C([H])C1=O)C([H])([H])C([H])([H])C([H])([H])[H])C([H])([H])C([H])([H])[H]
 - 22
[H]OC1=C2OC([H])([H])C3([H])N(C([H])([H])C([H])([H])C([H])([H])[H])C([H])([H])C([H])([H])OC3([H])C2=C([H])C([H])=C1[H]
 - 36
[H]OC1=C([H])C2=C(OC([H])([H])C([H])([H])C2([H])N(C([H])([H])C([H])([H])C([H])([H])[H])C([H])([H])C([H])([H])C([H])([H])[H])C([H])=C1[H]
 - 40
OC(=C)C(=CC1=CC(=C(O)C(O)=C1)[N+]([O-])=O)C(O)=C
 - 'NoneType' object has no attribute 'kekulise'
[H]OC(=C([H])[H])C(=C([H])C1=C([H])C(O[H])=C(O[H])C(=C1[H])[N+]([O-])=O)C(O[H])=C([H])[H]
 - 'NoneType' object has no attribute 'kekulise'
[H]OC(=C([H])[H])C(=C([H])C1=C([H])C(O[H])=C(O[H])C(=C1[H])[N+]([O-])=O)C(=O)C([H])([H])[H]
 - 'NoneType' object has no attribute 'kekulise'
CC(=O)C(=CC1=CC(=C(O)C(O)=C1)[N+]([O-])=O)C(O)=C
 - 'NoneType' object has no attribute 'kekulise'
[H]OC1=C(O[H])C(=C([H])C(C([H])=C(C(=O)C([H])([H])[H])C(=O)C([H])([H])[H])=C1[H])[N+]([O-])=O
 - 'NoneType' object has no attribute 'kekulise'
CC(=O)C(=CC1=CC(=C(O)C(O)=C1)[N+]([O-])=O)C(C)=O
 - 'NoneType' object has no attribute 'kekulise'
CC(=O)C(=Cc1cc(c(O)c(O)c1)[N+]([O-])=O)C(C)=O
 - 'NoneType' object has no attribute 'kekulise'
CC(=O)C(=Cc1cc(c(O)c(O)c1)[N+](=O)[O-])C(=O)C
 - 'NoneType' object has no attribute 'kekulise'
[H]N(C(=O)N(C([H])([H])[H])C([H])([H])[H])C1=C([H])C([H])=C(OC2=NN=NN2C2([H])C([H])([H])C([H])([H])C([H])([H])C([H])([H])C2([H])[H])C([H])=C1[H]
 - 45
[H]OC(=NC1=C([H])C([H])=C(OC2=NN=NN2C2([H])C([H])([H])C([H])([H])C([H])([H])C([H])([H])C2([H])[H])C([H])=C1[H])N(C([H])([H])[H])C([H])([H])[H]
 - 38
[H]N(C(=O)N(C([H])([H])[H])C([H])([H])[H])C1=C([H])C([H])=C(OC2=NN(N=N2)C([H])([H])[H])C([H])=C1[H]
 - 32
[H]OC(=NC1=C([H])C([H])=C(OC2=NN(N=N2)C([H])([H])[H])C([H])=C1[H])N(C([H])([H])[H])C([H])([H])[H]
 - 25
[H]N(C(=O)N(C([H])([H])[H])C([H])([H])[H])C1=C([H])C([H])=C(OC2=NN(N=N2)C([H])([H])C([H])([H])[H])C([H])=C1[H]
 - 35
[H]OC(=NC1=C([H])C([H])=C(OC2=NN(N=N2)C([H])([H])C([H])([H])[H])C([H])=C1[H])N(C([H])([H])[H])C([H])([H])[H]
 - 28
[H]OC1=C([H])C([H])(SC2=C([H])C([H])=C3C([H])=C([H])C([H])=C([H])C3=C2[H])N1C([H])([H])C(=O)OC([H])([H])C([H])([H])[H]
 - 26
[H]C1=C([H])C2=C([H])C([H])=C(SC3([H])N(C(=O)C3([H])[H])C([H])([H])C(=O)OC([H])([H])C([H])([H])[H])C([H])=C2C([H])=C1[H]
 - 38
[H]N([H])C1=NC2=C([H])C([H])=C([H])C(OC([H])([H])C([H])([H])[H])=C2C(=N1)N([H])[H]
 - 24
[H]N([H])C1=NC2=C(C(=N1)N([H])[H])C(OC([H])([H])C([H])([H])[H])=C([H])C([H])=C2[H]
 - 26
[H]N=C1N([H])C(=NC2=C([H])C([H])=C([H])C(OC([H])([H])C([H])([H])[H])=C12)N([H])[H]
 - 24
[H]N=C1N([H])C(=N[H])C2=C(OC([H])([H])C([H])([H])[H])C([H])=C([H])C([H])=C2N1[H]
 - 26
[H]N=C1N=C(N([H])[H])N([H])C2=C([H])C([H])=C([H])C(OC([H])([H])C([H])([H])[H])=C12
 - 27
[H]N=C1N=C(N([H])[H])C2=C(OC([H])([H])C([H])([H])[H])C([H])=C([H])C([H])=C2N1[H]
 - 26
[H]N=C1N=C2C([H])=C([H])C([H])=C(OC([H])([H])C([H])([H])[H])C2=C(N([H])[H])N1[H]
 - 26
OCC1OC(C(N=[N+]=[N-])C1N=[N+]=[N-])N1C=NC2=C1NC=NC2=N
 - 'NoneType' object has no attribute 'kekulise'
[H]OC([H])([H])C1([H])OC([H])(N2C([H])=NC3=C(N=C([H])N=C23)N([H])[H])C([H])(N=[N+]=N[H])C1([H])N=[N+]=N[H]
 - 'NoneType' object has no attribute 'kekulise'
[H]OC([H])([H])C1([H])OC([H])(N2C([H])=NC3=C2N=C([H])N=C3N([H])[H])C([H])(N=[N+]=N[H])C1([H])N=[N+]=N[H]
 - 'NoneType' object has no attribute 'kekulise'
Nc1[n]c[n]c2c1[n]c[n]2C1OC(CO)C(N=[N+]=N)C1N=[N+]=N
 - 'NoneType' object has no attribute 'kekulise'
Nc1ncnc2n(cnc12)C1OC(CO)C(N=[N+]=[N-])C1N=[N+]=[N-]
 - 'NoneType' object has no attribute 'kekulise'
NC1=C2N=CN(C3OC(CO)C(N=[N+]=[N-])C3N=[N+]=[N-])C2=NC=N1
 - 'NoneType' object has no attribute 'kekulise'
[H]OC([H])([H])C1([H])OC([H])(N2C([H])=NC3=C(N=C([H])N=C23)N([H])[H])C([H])(N=[N+]=N[H])C1([H])N([H])[N+]#N
 - 'NoneType' object has no attribute 'kekulise'
NC1=C2N=CN(C3OC(CO)C(N[N+]#N)C3N=[N+]=N)C2=NC=N1
 - 'NoneType' object has no attribute 'kekulise'
[H]OC([H])([H])C1([H])OC([H])(N2C([H])=NC3=C(N=C([H])N=C23)N([H])[H])C([H])(N([H])[N+]#N)C1([H])N=[N+]=N[H]
 - 'NoneType' object has no attribute 'kekulise'
NC1=C2N=CN(C3OC(CO)C(N=[N+]=N)C3N[N+]#N)C2=NC=N1
 - 'NoneType' object has no attribute 'kekulise'
[H]OC([H])([H])C1([H])OC([H])(N2C([H])=NC3=C2N=C([H])N([H])C3=N[H])C([H])(N=[N+]=N[H])C1([H])N=[N+]=N[H]
 - 'NoneType' object has no attribute 'kekulise'
OCC1OC(C(N=[N+]=N)C1N=[N+]=N)N1C=NC2=C1N=CNC2=N
 - 'NoneType' object has no attribute 'kekulise'
[H]OC([H])([H])C1([H])OC([H])(N2C([H])=NC3=C2N([H])C([H])=NC3=N[H])C([H])(N=[N+]=N[H])C1([H])N=[N+]=N[H]
 - 'NoneType' object has no attribute 'kekulise'
OCC1OC(C(N=[N+]=N)C1N=[N+]=N)N1C=NC2=C1NC=NC2=N
 - 'NoneType' object has no attribute 'kekulise'
NC1=C2N=CN(C3OC(CO)C([N-][N+]#N)C3N=[N+]=[N-])C2=NC=N1
 - 'NoneType' object has no attribute 'kekulise'
NC1=C2N=CN(C3OC(CO)C(N=[N+]=[N-])C3[N-][N+]#N)C2=NC=N1
 - 'NoneType' object has no attribute 'kekulise'
OCC1OC(C(N=[N+]=[N-])C1N=[N+]=[N-])N1C=NC2=C1N=CNC2=N
 - 'NoneType' object has no attribute 'kekulise'
NC1=C2N=CN(C3OC(CO)C(N=[N]#N)C3N=[N]#N)C2=NC=N1
 - 'NoneType' object has no attribute 'kekulise'
Nc1ncnc2n(cnc12)C3OC(CO)C(N=N#N)C3N=N#N
 - 'NoneType' object has no attribute 'kekulise'
[H]OC([H])([H])C1([H])OC([H])(N2C([H])=NC3=C(N=C([H])N=C23)N([H])[H])C([H])(N([H])[N+]#N)C1([H])N([H])[N+]#N
 - 'NoneType' object has no attribute 'kekulise'
[H]OC([H])([H])C1([H])OC([H])(N2C([H])=NC3=C2N=C([H])N([H])C3=N[H])C([H])(N([H])[N+]#N)C1([H])N=[N+]=N[H]
 - 'NoneType' object has no attribute 'kekulise'
OCC1OC(C(N[N+]#N)C1N=[N+]=N)N1C=NC2=C1N=CNC2=N
 - 'NoneType' object has no attribute 'kekulise'
[H]OC([H])([H])C1([H])OC([H])(N2C([H])=NC3=C2N=C([H])N([H])C3=N[H])C([H])(N=[N+]=N[H])C1([H])N([H])[N+]#N
 - 'NoneType' object has no attribute 'kekulise'
OCC1OC(C(N=[N+]=N)C1N[N+]#N)N1C=NC2=C1N=CNC2=N
 - 'NoneType' object has no attribute 'kekulise'
[H]OC([H])([H])C1([H])OC([H])(N2C([H])=NC3=C2N([H])C([H])=NC3=N[H])C([H])(N=[N+]=N[H])C1([H])N([H])[N+]#N
 - 'NoneType' object has no attribute 'kekulise'
OCC1OC(C(N=[N+]=N)C1N[N+]#N)N1C=NC2=C1NC=NC2=N
 - 'NoneType' object has no attribute 'kekulise'
[H]OC([H])([H])C1([H])OC([H])(N2C([H])=NC3=C2N([H])C([H])=NC3=N[H])C([H])(N([H])[N+]#N)C1([H])N=[N+]=N[H]
 - 'NoneType' object has no attribute 'kekulise'
OCC1OC(C(N[N+]#N)C1N=[N+]=N)N1C=NC2=C1NC=NC2=N
 - 'NoneType' object has no attribute 'kekulise'
OCC1OC(C([N-][N+]#N)C1N=[N+]=[N-])N1C=NC2=C1N=CNC2=N
 - 'NoneType' object has no attribute 'kekulise'
OCC1OC(C(N=[N+]=[N-])C1[N-][N+]#N)N1C=NC2=C1N=CNC2=N
 - 'NoneType' object has no attribute 'kekulise'
OCC1OC(C(N=[N]#N)C1N=[N]#N)N1C=NC2=C1N=CNC2=N
 - 'NoneType' object has no attribute 'kekulise'
[H]OC([H])([H])C1([H])OC([H])(N2C([H])=NC3=C2N=C([H])N([H])C3=N[H])C([H])(N([H])[N+]#N)C1([H])N([H])[N+]#N
 - 'NoneType' object has no attribute 'kekulise'
OCC1OC(C(N=[N]#N)C1N=[N]#N)N1C=NC2=C1NC=NC2=N
 - 'NoneType' object has no attribute 'kekulise'
[H]OC([H])([H])C1([H])OC([H])(N2C([H])=NC3=C2N([H])C([H])=NC3=N[H])C([H])(N([H])[N+]#N)C1([H])N([H])[N+]#N
 - 'NoneType' object has no attribute 'kekulise'
[H]C1=NC([H])=C([H])C(=C1[H])C1=C([H])C(C#N)=C(N=C1[H])N1C([H])([H])C([H])([H])C([H])([H])C1([H])[H]
 - 21
c1cnccc1c1cnc(N2CCCC2)c(C#N)c1
 - 'NoneType' object has no attribute 'get_contributed_electrons'
c1cnccc1c2cnc(N3CCCC3)c(C#N)c2
 - 'NoneType' object has no attribute 'get_contributed_electrons'
c1cnccc1c1cnc(NCCCOC)c(C#N)c1
 - 'NoneType' object has no attribute 'get_contributed_electrons'
[H]N(C1=C(C#N)C([H])=C(C([H])=N1)C1=C([H])C([H])=NC([H])=C1[H])C([H])([H])C([H])([H])C([H])([H])OC([H])([H])[H]
 - 23
c1cnccc1c2cnc(NCCCOC)c(C#N)c2
 - 'NoneType' object has no attribute 'get_contributed_electrons'
[H]N1C([H])=C(C([H])=C(C#N)C1=NC([H])([H])C([H])([H])C([H])([H])OC([H])([H])[H])C1=C([H])C([H])=NC([H])=C1[H]
 - 27
[H]C1=NC2=C([H])C([H])=C([H])C([H])=C2C(OC([H])([H])C([H])([H])C2=C([H])C([H])=C(C([H])=C2[H])C(C([H])([H])[H])(C([H])([H])[H])C([H])([H])[H])=N1
 - 45
[H]C1=C([H])C(Cl)=C(C([H])=C1Cl)C([H])([H])C1=C([H])C(=C(Cl)C([H])=C1Cl)C([H])([H])[H]
 - 23
[H]C1=C([H])C(Cl)=C(C(Cl)=C1[H])C([H])([H])C1=C([H])C(=C(Cl)C([H])=C1Cl)C([H])([H])[H]
 - 23
[H]OC(N([H])C([H])([H])C([H])([H])N([H])C([H])([H])C([H])(O[H])C([H])([H])OC([H])([H])C([H])([H])C1=C([H])C([H])=C([H])C([H])=C1[H])=C(C([H])([H])[H])C([H])([H])[H]
 - 42
[H]OC(=NC([H])([H])C([H])([H])N([H])C([H])([H])C([H])(O[H])C([H])([H])OC([H])([H])C([H])([H])C1=C([H])C([H])=C([H])C([H])=C1[H])C([H])(C([H])([H])[H])C([H])([H])[H]
 - 41
[H]OC([H])(C([H])([H])OC([H])([H])C([H])([H])C1=C([H])C([H])=C([H])C([H])=C1[H])C([H])([H])N([H])C([H])([H])C([H])([H])N([H])C(=O)C([H])(C([H])([H])[H])C([H])([H])[H]
 - 26
[H]OC(=NC([H])([H])[H])N(C(=O)N([H])C1=C(F)C([H])=C([H])C(=C1[H])S(=O)(=O)C([H])(C([H])([H])[H])C([H])([H])[H])C([H])([H])[H]
 - 37
[H]N(C(=O)N(C(=O)N([H])C([H])([H])[H])C([H])([H])[H])C1=C(F)C([H])=C([H])C(=C1[H])S(=O)(=O)C([H])(C([H])([H])[H])C([H])([H])[H]
 - 26
[H]OC(=NC1=C(F)C([H])=C([H])C(=C1[H])S(=O)(=O)C([H])(C([H])([H])[H])C([H])([H])[H])N(C(O[H])=NC([H])([H])[H])C([H])([H])[H]
 - 28
[H]OC(=NC1=C(F)C([H])=C([H])C(=C1[H])S(=O)(=O)C([H])(C([H])([H])[H])C([H])([H])[H])N(C(=O)N([H])C([H])([H])[H])C([H])([H])[H]
 - 28
[H]OC(=NC([H])([H])[H])N(C(=O)N([H])C1=C(F)C([H])=C([H])C(=C1[H])S([H])(=O)(O[H])C(=C([H])[H])C([H])([H])[H])C([H])([H])[H]
 - 37
[H]OC(=NC([H])([H])[H])N(C(=O)N([H])C1=C(F)C([H])=C([H])C(=C1[H])S(=O)(O[H])=C(C([H])([H])[H])C([H])([H])[H])C([H])([H])[H]
 - 37
[H]OS([H])(=O)(C(=C([H])[H])C([H])([H])[H])C1=C([H])C(N([H])C(=O)N(C(=O)N([H])C([H])([H])[H])C([H])([H])[H])=C(F)C([H])=C1[H]
 - 39
[H]OC(=NC1=C(F)C([H])=C([H])C(=C1[H])S([H])(=O)(O[H])C(=C([H])[H])C([H])([H])[H])N(C(O[H])=NC([H])([H])[H])C([H])([H])[H]
 - 28
[H]OS(=O)(=C(C([H])([H])[H])C([H])([H])[H])C1=C([H])C(N([H])C(=O)N(C(=O)N([H])C([H])([H])[H])C([H])([H])[H])=C(F)C([H])=C1[H]
 - 39
[H]OC(=NC1=C(F)C([H])=C([H])C(=C1[H])S(=O)(O[H])=C(C([H])([H])[H])C([H])([H])[H])N(C(O[H])=NC([H])([H])[H])C([H])([H])[H]
 - 28
[H]OC(=NC1=C(F)C([H])=C([H])C(=C1[H])S([H])(=O)(O[H])C(=C([H])[H])C([H])([H])[H])N(C(=O)N([H])C([H])([H])[H])C([H])([H])[H]
 - 28
[H]OC(=NC1=C(F)C([H])=C([H])C(=C1[H])S(=O)(O[H])=C(C([H])([H])[H])C([H])([H])[H])N(C(=O)N([H])C([H])([H])[H])C([H])([H])[H]
 - 28
[H]OC(=NS(=O)(=O)C([H])([H])C1=C([H])C([H])=C([H])C([H])=C1[H])N([H])[H]
 - 22
[H]N([H])C(=O)N([H])S(=O)(=O)C([H])([H])C1=C([H])C([H])=C([H])C([H])=C1[H]
 - 15
[H]OC(=N[H])N([H])S(=O)(=O)C([H])([H])C1=C([H])C([H])=C([H])C([H])=C1[H]
 - 15
[H]OS(=O)(=NC(=O)N([H])[H])C([H])([H])C1=C([H])C([H])=C([H])C([H])=C1[H]
 - 15
[H]OC(=N[H])N=S(=O)(O[H])C([H])([H])C1=C([H])C([H])=C([H])C([H])=C1[H]
 - 15
[H]OC(=NS(=O)(O[H])=C([H])C1=C([H])C([H])=C([H])C([H])=C1[H])N([H])[H]
 - 22
[H]OS(=O)(N([H])C(=O)N([H])[H])=C([H])C1=C([H])C([H])=C([H])C([H])=C1[H]
 - 15
[H]OC(=N[H])N([H])S(=O)(O[H])=C([H])C1=C([H])C([H])=C([H])C([H])=C1[H]
 - 15
[H]OS(O[H])(=NC(=O)N([H])[H])=C([H])C1=C([H])C([H])=C([H])C([H])=C1[H]
 - 15
[H]OC(=N[H])N=S(O[H])(O[H])=C([H])C1=C([H])C([H])=C([H])C([H])=C1[H]
 - 15
[H]OC(=NC([H])([H])[H])N([H])S(=O)(=O)C1=C([H])C([H])=C([H])N=C1[H]
 - 15
[H]OC(=NS(=O)(=O)C1=C([H])C([H])=C([H])N=C1[H])N([H])C([H])([H])[H]
 - 18
[H]N(C(=O)N([H])S(=O)(=O)C1=C([H])C([H])=C([H])N=C1[H])C([H])([H])[H]
 - 20
[H]OC(N=C([H])[H])=NS([H])(=O)(O[H])C1=C([H])C([H])=C([H])N=C1[H]
 - 15
[H]OS([H])(=O)(N([H])C(=O)N=C([H])[H])C1=C([H])C([H])=C([H])N=C1[H]
 - 15
[H]OC([H])(N=C([H])[H])N([H])S(=O)(=O)C1=C([H])C([H])=C([H])N=C1[H]
 - 15
[H]OC(=NC([H])([H])[H])N=S(=O)(O[H])C1=C([H])C([H])=C([H])N=C1[H]
 - 15
[H]OS(=O)(=NC(=O)N([H])C([H])([H])[H])C1=C([H])C([H])=C([H])N=C1[H]
 - 15
[H]OS([H])(O[H])(=NC(=O)N=C([H])[H])C1=C([H])C([H])=C([H])N=C1[H]
 - 15
[H]OC([H])(N=C([H])[H])N=S(=O)(O[H])C1=C([H])C([H])=C([H])N=C1[H]
 - 15
[H]OC([H])([H])C1([H])OC([H])(N2C([H])=C([H])C(\\N=C(/[H])N(C([H])([H])[H])C([H])([H])[H])=NC2=O)C([H])([H])C1([H])[H]
 - 2 bonds in a row
[H]OC(N([H])C(=C(O[H])N([H])C([H])(C([H])([H])C1([H])C([H])([H])C([H])([H])C([H])([H])C([H])([H])C1([H])[H])C([H])(O[H])C1([H])OC(=O)N(C([H])([H])C([H])([H])[H])C1([H])[H])C([H])([H])C1=C([H])C([H])=C([H])S1)=C(C([H])=C(O[H])N1C([H])([H])C([H])([H])OC([H])([H])C1([H])[H])C([H])([H])C1=C([H])C([H])=C([H])C([H])=C1[H]
 - 65
[H]OC(N([H])C(=C(O[H])N([H])C([H])(C([H])([H])C1([H])C([H])([H])C([H])([H])C([H])([H])C([H])([H])C1([H])[H])C([H])(O[H])C1([H])OC(=O)N(C([H])([H])C([H])([H])[H])C1([H])[H])C([H])([H])C1=C([H])C([H])=C([H])S1)=C(C([H])([H])C(=O)N1C([H])([H])C([H])([H])OC([H])([H])C1([H])[H])C([H])([H])C1=C([H])C([H])=C([H])C([H])=C1[H]
 - 65
[H]OC(N([H])C([H])(C([H])([H])C1([H])C([H])([H])C([H])([H])C([H])([H])C([H])([H])C1([H])[H])C([H])(O[H])C1([H])OC(=O)N(C([H])([H])C([H])([H])[H])C1([H])[H])=C(N=C(O[H])C([H])(C([H])=C(O[H])N1C([H])([H])C([H])([H])OC([H])([H])C1([H])[H])C([H])([H])C1=C([H])C([H])=C([H])C([H])=C1[H])C([H])([H])C1=C([H])C([H])=C([H])S1
 - 49
[H]OC(N([H])C([H])(C([H])([H])C1([H])C([H])([H])C([H])([H])C([H])([H])C([H])([H])C1([H])[H])C([H])(O[H])C1([H])OC(=O)N(C([H])([H])C([H])([H])[H])C1([H])[H])=C(N=C(O[H])C([H])(C([H])([H])C(=O)N1C([H])([H])C([H])([H])OC([H])([H])C1([H])[H])C([H])([H])C1=C([H])C([H])=C([H])C([H])=C1[H])C([H])([H])C1=C([H])C([H])=C([H])S1
 - 49
[H]OC(N([H])C([H])(C([H])([H])C1([H])C([H])([H])C([H])([H])C([H])([H])C([H])([H])C1([H])[H])C([H])(O[H])C1([H])OC(=O)N(C([H])([H])C([H])([H])[H])C1([H])[H])=C(N([H])C(=O)C([H])(C([H])=C(O[H])N1C([H])([H])C([H])([H])OC([H])([H])C1([H])[H])C([H])([H])C1=C([H])C([H])=C([H])C([H])=C1[H])C([H])([H])C1=C([H])C([H])=C([H])S1
 - 49
[H]OC(N([H])C([H])(C([H])([H])C1([H])C([H])([H])C([H])([H])C([H])([H])C([H])([H])C1([H])[H])C([H])(O[H])C1([H])OC(=O)N(C([H])([H])C([H])([H])[H])C1([H])[H])=C(N([H])C(=O)C([H])(C([H])([H])C(=O)N1C([H])([H])C([H])([H])OC([H])([H])C1([H])[H])C([H])([H])C1=C([H])C([H])=C([H])C([H])=C1[H])C([H])([H])C1=C([H])C([H])=C([H])S1
 - 49
[H]OC(N([H])C([H])(C(O[H])=NC([H])(C([H])([H])C1([H])C([H])([H])C([H])([H])C([H])([H])C([H])([H])C1([H])[H])C([H])(O[H])C1([H])OC(=O)N(C([H])([H])C([H])([H])[H])C1([H])[H])C([H])([H])C1=C([H])C([H])=C([H])S1)=C(C([H])=C(O[H])N1C([H])([H])C([H])([H])OC([H])([H])C1([H])[H])C([H])([H])C1=C([H])C([H])=C([H])C([H])=C1[H]
 - 65
[H]OC(N([H])C([H])(C(O[H])=NC([H])(C([H])([H])C1([H])C([H])([H])C([H])([H])C([H])([H])C([H])([H])C1([H])[H])C([H])(O[H])C1([H])OC(=O)N(C([H])([H])C([H])([H])[H])C1([H])[H])C([H])([H])C1=C([H])C([H])=C([H])S1)=C(C([H])([H])C(=O)N1C([H])([H])C([H])([H])OC([H])([H])C1([H])[H])C([H])([H])C1=C([H])C([H])=C([H])C([H])=C1[H]
 - 65
[H]OC(N([H])C([H])(C(=O)N([H])C([H])(C([H])([H])C1([H])C([H])([H])C([H])([H])C([H])([H])C([H])([H])C1([H])[H])C([H])(O[H])C1([H])OC(=O)N(C([H])([H])C([H])([H])[H])C1([H])[H])C([H])([H])C1=C([H])C([H])=C([H])S1)=C(C([H])=C(O[H])N1C([H])([H])C([H])([H])OC([H])([H])C1([H])[H])C([H])([H])C1=C([H])C([H])=C([H])C([H])=C1[H]
 - 65
[H]OC(N([H])C([H])(C(=O)N([H])C([H])(C([H])([H])C1([H])C([H])([H])C([H])([H])C([H])([H])C([H])([H])C1([H])[H])C([H])(O[H])C1([H])OC(=O)N(C([H])([H])C([H])([H])[H])C1([H])[H])C([H])([H])C1=C([H])C([H])=C([H])S1)=C(C([H])([H])C(=O)N1C([H])([H])C([H])([H])OC([H])([H])C1([H])[H])C([H])([H])C1=C([H])C([H])=C([H])C([H])=C1[H]
 - 65
[H]OC(=C([H])C([H])(C(O[H])=NC([H])(C(O[H])=NC([H])(C([H])([H])C1([H])C([H])([H])C([H])([H])C([H])([H])C([H])([H])C1([H])[H])C([H])(O[H])C1([H])OC(=O)N(C([H])([H])C([H])([H])[H])C1([H])[H])C([H])([H])C1=C([H])C([H])=C([H])S1)C([H])([H])C1=C([H])C([H])=C([H])C([H])=C1[H])N1C([H])([H])C([H])([H])OC([H])([H])C1([H])[H]
 - 85
[H]OC(N=C(C([H])([H])C1=C([H])C([H])=C([H])S1)C([H])(O[H])N([H])C([H])(C([H])([H])C1([H])C([H])([H])C([H])([H])C([H])([H])C([H])([H])C1([H])[H])C([H])(O[H])C1([H])OC(=O)N(C([H])([H])C([H])([H])[H])C1([H])[H])=C(C([H])=C(O[H])N1C([H])([H])C([H])([H])OC([H])([H])C1([H])[H])C([H])([H])C1=C([H])C([H])=C([H])C([H])=C1[H]
 - 65
[H]OC(=NC([H])(C([H])([H])C1([H])C([H])([H])C([H])([H])C([H])([H])C([H])([H])C1([H])[H])C([H])(O[H])C1([H])OC(=O)N(C([H])([H])C([H])([H])[H])C1([H])[H])C([H])(N=C(O[H])C([H])(C([H])([H])C(=O)N1C([H])([H])C([H])([H])OC([H])([H])C1([H])[H])C([H])([H])C1=C([H])C([H])=C([H])C([H])=C1[H])C([H])([H])C1=C([H])C([H])=C([H])S1
 - 49
[H]OC(=C([H])C([H])(C(O[H])=NC([H])(C(=O)N([H])C([H])(C([H])([H])C1([H])C([H])([H])C([H])([H])C([H])([H])C([H])([H])C1([H])[H])C([H])(O[H])C1([H])OC(=O)N(C([H])([H])C([H])([H])[H])C1([H])[H])C([H])([H])C1=C([H])C([H])=C([H])S1)C([H])([H])C1=C([H])C([H])=C([H])C([H])=C1[H])N1C([H])([H])C([H])([H])OC([H])([H])C1([H])[H]
 - 85
[H]OC(=C([H])C([H])(C(=O)N([H])C([H])(C(O[H])=NC([H])(C([H])([H])C1([H])C([H])([H])C([H])([H])C([H])([H])C([H])([H])C1([H])[H])C([H])(O[H])C1([H])OC(=O)N(C([H])([H])C([H])([H])[H])C1([H])[H])C([H])([H])C1=C([H])C([H])=C([H])S1)C([H])([H])C1=C([H])C([H])=C([H])C([H])=C1[H])N1C([H])([H])C([H])([H])OC([H])([H])C1([H])[H]
 - 85
[H]OC(N=C(C([H])([H])C1=C([H])C([H])=C([H])S1)C([H])(O[H])N([H])C([H])(C([H])([H])C1([H])C([H])([H])C([H])([H])C([H])([H])C([H])([H])C1([H])[H])C([H])(O[H])C1([H])OC(=O)N(C([H])([H])C([H])([H])[H])C1([H])[H])=C(C([H])([H])C(=O)N1C([H])([H])C([H])([H])OC([H])([H])C1([H])[H])C([H])([H])C1=C([H])C([H])=C([H])C([H])=C1[H]
 - 65
[H]OC(=NC([H])(C(=O)N([H])C([H])(C([H])([H])C1([H])C([H])([H])C([H])([H])C([H])([H])C([H])([H])C1([H])[H])C([H])(O[H])C1([H])OC(=O)N(C([H])([H])C([H])([H])[H])C1([H])[H])C([H])([H])C1=C([H])C([H])=C([H])S1)C([H])(C([H])([H])C(=O)N1C([H])([H])C([H])([H])OC([H])([H])C1([H])[H])C([H])([H])C1=C([H])C([H])=C([H])C([H])=C1[H]
 - 64
[H]OC(=NC([H])(C([H])([H])C1([H])C([H])([H])C([H])([H])C([H])([H])C([H])([H])C1([H])[H])C([H])(O[H])C1([H])OC(=O)N(C([H])([H])C([H])([H])[H])C1([H])[H])C([H])(N([H])C(=O)C([H])(C([H])([H])C(=O)N1C([H])([H])C([H])([H])OC([H])([H])C1([H])[H])C([H])([H])C1=C([H])C([H])=C([H])C([H])=C1[H])C([H])([H])C1=C([H])C([H])=C([H])S1
 - 49
[H]OC(=NC([H])(C(O[H])=NC([H])(C([H])([H])C1([H])C([H])([H])C([H])([H])C([H])([H])C([H])([H])C1([H])[H])C([H])(O[H])C1([H])OC(=O)N(C([H])([H])C([H])([H])[H])C1([H])[H])C([H])([H])C1=C([H])C([H])=C([H])S1)C(=C([H])C([H])(O[H])N1C([H])([H])C([H])([H])OC([H])([H])C1([H])[H])C([H])([H])C1=C([H])C([H])=C([H])C([H])=C1[H]
 - 64
[H]OC(=C([H])C([H])(C(=O)N([H])C([H])(C(=O)N([H])C([H])(C([H])([H])C1([H])C([H])([H])C([H])([H])C([H])([H])C([H])([H])C1([H])[H])C([H])(O[H])C1([H])OC(=O)N(C([H])([H])C([H])([H])[H])C1([H])[H])C([H])([H])C1=C([H])C([H])=C([H])S1)C([H])([H])C1=C([H])C([H])=C([H])C([H])=C1[H])N1C([H])([H])C([H])([H])OC([H])([H])C1([H])[H]
 - 85
[H]OC(=NC([H])(C([H])([H])C1([H])C([H])([H])C([H])([H])C([H])([H])C([H])([H])C1([H])[H])C([H])(O[H])C1([H])OC(=O)N(C([H])([H])C([H])([H])[H])C1([H])[H])C(=NC([H])(O[H])C([H])(C([H])=C(O[H])N1C([H])([H])C([H])([H])OC([H])([H])C1([H])[H])C([H])([H])C1=C([H])C([H])=C([H])C([H])=C1[H])C([H])([H])C1=C([H])C([H])=C([H])S1
 - 88
[H]OC([H])(C([H])(N([H])C(=O)C([H])(N([H])C(=O)C([H])(C([H])([H])C(=O)N1C([H])([H])C([H])([H])OC([H])([H])C1([H])[H])C([H])([H])C1=C([H])C([H])=C([H])C([H])=C1[H])C([H])([H])C1=C([H])C([H])=C([H])S1)C([H])([H])C1([H])C([H])([H])C([H])([H])C([H])([H])C([H])([H])C1([H])[H])C1([H])OC(=O)N(C([H])([H])C([H])([H])[H])C1([H])[H]
 - 83
[H]OC(=NC([H])(C([H])([H])C1([H])C([H])([H])C([H])([H])C([H])([H])C([H])([H])C1([H])[H])C([H])(O[H])C1([H])OC(=O)N(C([H])([H])C([H])([H])[H])C1([H])[H])C(=NC([H])(O[H])C([H])(C([H])([H])C(=O)N1C([H])([H])C([H])([H])OC([H])([H])C1([H])[H])C([H])([H])C1=C([H])C([H])=C([H])C([H])=C1[H])C([H])([H])C1=C([H])C([H])=C([H])S1
 - 88
[H]OC(=NC([H])(C(=O)N([H])C([H])(C([H])([H])C1([H])C([H])([H])C([H])([H])C([H])([H])C([H])([H])C1([H])[H])C([H])(O[H])C1([H])OC(=O)N(C([H])([H])C([H])([H])[H])C1([H])[H])C([H])([H])C1=C([H])C([H])=C([H])S1)C(=C([H])C([H])(O[H])N1C([H])([H])C([H])([H])OC([H])([H])C1([H])[H])C([H])([H])C1=C([H])C([H])=C([H])C([H])=C1[H]
 - 64
[H]OC(=C([H])C([H])(C(=O)N=C(C([H])([H])C1=C([H])C([H])=C([H])S1)C([H])(O[H])N([H])C([H])(C([H])([H])C1([H])C([H])([H])C([H])([H])C([H])([H])C([H])([H])C1([H])[H])C([H])(O[H])C1([H])OC(=O)N(C([H])([H])C([H])([H])[H])C1([H])[H])C([H])([H])C1=C([H])C([H])=C([H])C([H])=C1[H])N1C([H])([H])C([H])([H])OC([H])([H])C1([H])[H]
 - 85
[H]OC([H])(N([H])C([H])(C([H])([H])C1([H])C([H])([H])C([H])([H])C([H])([H])C([H])([H])C1([H])[H])C([H])(O[H])C1([H])OC(=O)N(C([H])([H])C([H])([H])[H])C1([H])[H])C(=NC(=O)C([H])(C([H])([H])C(=O)N1C([H])([H])C([H])([H])OC([H])([H])C1([H])[H])C([H])([H])C1=C([H])C([H])=C([H])C([H])=C1[H])C([H])([H])C1=C([H])C([H])=C([H])S1
 - 49
[H]N([H])S(=O)(=O)C1=C([H])C([H])=C([H])C(OC([H])([H])C([H])([H])C([H])([H])C([H])([H])[H])=C1[H]
 - 29
[H]OS(=O)(=N[H])C1=C([H])C([H])=C([H])C(OC([H])([H])C([H])([H])C([H])([H])C([H])([H])[H])=C1[H]
 - 29
[H]N([H])C1=NC2=C([H])C([H])=C([H])C(SC([H])([H])C([H])([H])C([H])([H])[H])=C2C(=N1)N([H])[H]
 - 27
[H]N=C1N([H])C(=NC2=C([H])C([H])=C([H])C(SC([H])([H])C([H])([H])C([H])([H])[H])=C12)N([H])[H]
 - 27
[H]N=C1N([H])C(=N[H])C2=C(SC([H])([H])C([H])([H])C([H])([H])[H])C([H])=C([H])C([H])=C2N1[H]
 - 29
[H]N=C1N=C(N([H])[H])N([H])C2=C([H])C([H])=C([H])C(SC([H])([H])C([H])([H])C([H])([H])[H])=C12
 - 30
[H]N=C1N=C(N([H])[H])C2=C(SC([H])([H])C([H])([H])C([H])([H])[H])C([H])=C([H])C([H])=C2N1[H]
 - 29
[H]N=C1N=C2C([H])=C([H])C([H])=C(SC([H])([H])C([H])([H])C([H])([H])[H])C2=C(N([H])[H])N1[H]
 - 29
[H]C1=C([H])C([H])=C(C([H])=C1[H])C1=NOC2([H])C([H])([H])OC([H])(OC([H])([H])C12[H])C1=C(C([H])=C([H])C([H])=C1[H])C(F)(F)F
 - 27
[H]N1OC2([H])C(=C1C1=C([H])C([H])=C([H])C([H])=C1[H])C([H])([H])OC([H])(OC2([H])[H])C1=C(C([H])=C([H])C([H])=C1[H])C(F)(F)F
 - 29
C[C-]1C(NO[N+]1=O)=C=O
 - 'NoneType' object has no attribute 'kekulise'
CC1=[N+]([O-])ON=C1C=O
 - 'NoneType' object has no attribute 'kekulise'
Cc1c(C=O)[n]o[n+]1[O-]
 - This structure cannot be kekulised!
Cc1c(C=O)no[n+]1[O-]
 - This structure cannot be kekulised!
CC1=[N+](O)O[N-]C1=C=O
 - 'NoneType' object has no attribute 'kekulise'
C[C-]1C(C=O)=NO[N+]1=O
 - 'NoneType' object has no attribute 'kekulise'
CC1=[N+]([O-])ONC1=C=O
 - 'NoneType' object has no attribute 'kekulise'
OC=C1[N-]O[N+](=O)C1=C
 - 'NoneType' object has no attribute 'kekulise'
CC1=C([N-]O[N+]1=O)C=O
 - 'NoneType' object has no attribute 'kekulise'
[H]C1=NC2=C([H])C(Cl)=C([H])C(Cl)=C2C(OC2=C([H])C([H])=C(F)C([H])=C2[H])=C1[H]
 - 27
[H]OC1([H])OC([H])([H])C([H])([H])N(C([H])([H])[H])C1([H])C1=C([H])C([H])=C([H])C([H])=C1[H]
 - 17
[H]C1=C([H])C([H])=C(C([H])=C1[H])C1(OC([H])([H])C([H])([H])C([H])([H])[H])OC([H])([H])C([H])([H])N(C([H])([H])[H])C1([H])[H]
 - 24
[H]OC(=NC([H])([H])C1([H])N(C([H])([H])C([H])([H])F)C([H])([H])C([H])([H])C1([H])[H])C1=C(O[H])C(Cl)=C([H])C(Cl)=C1OC([H])([H])[H]
 - 27
[H]OC1=C(C(=O)N([H])C([H])([H])C2([H])N(C([H])([H])C([H])([H])F)C([H])([H])C([H])([H])C2([H])[H])C(OC([H])([H])[H])=C(Cl)C([H])=C1Cl
 - 41
[H]OC(O[H])=C([H])C([H])([H])SC1=NC2=C([H])C(=C([H])C([H])=C2S(=O)(O[H])=N1)C(F)(F)F
 - 27
[H]OC(=O)C([H])([H])C([H])([H])SC1=NC2=C([H])C(=C([H])C([H])=C2S(=O)(O[H])=N1)C(F)(F)F
 - 27
[H]OC(O[H])=C([H])C([H])([H])SC1=NS(=O)(=O)C2=C([H])C([H])=C(C([H])=C2N1[H])C(F)(F)F
 - 26
[H]OC(O[H])=C([H])C([H])([H])SC1=NC2=C([H])C(=C([H])C([H])=C2S(=O)(=O)N1[H])C(F)(F)F
 - 26
[H]OC(=O)C([H])([H])C([H])([H])SC1=NC2=C([H])C(=C([H])C([H])=C2S(=O)(=O)N1[H])C(F)(F)F
 - 26
[H]OC(=O)C([H])([H])C([H])([H])SC1=NS(=O)(=O)C2=C([H])C([H])=C(C([H])=C2N1[H])C(F)(F)F
 - 26
[H]O\\C(=N/C1=NC(OC([H])([H])[H])=C([H])C(OC([H])([H])[H])=N1)N([H])S(=O)(=O)OC1=C(OC([H])([H])C([H])([H])[H])C([H])=C([H])C([H])=C1[H]
 - 2 bonds in a row
[H]OC(=C([H])[H])N([H])C1=C([H])C(Cl)=C(F)C(Cl)=C1F
 - 18
[H]N(C(=O)C([H])([H])[H])C1=C([H])C(Cl)=C(F)C(Cl)=C1F
 - 18
[H]OC(=NC1=C([H])C(Cl)=C(F)C(Cl)=C1F)C([H])([H])[H]
 - 16
[H]N([H])S(=O)(=O)C1=C([H])C(=C([H])O1)S(=O)(=O)C1=C([H])C([H])=C(C([H])=C1[H])C([H])([H])[H]
 - 25
[H]OS(=O)(=N[H])C1=C([H])C(=C([H])O1)S(=O)(=O)C1=C([H])C([H])=C(C([H])=C1[H])C([H])([H])[H]
 - 25
[H]OC([H])([H])C1([H])OC([H])(N2C([H])=C(F)C(=N[H])N([H])C2=O)C([H])(F)C1([H])[H]
 - 26
[H]OC([H])([H])C1([H])OC([H])(N2C([H])=C(F)C(=NC2=O)N([H])[H])C([H])(F)C1([H])[H]
 - 26
[H]OC1=NC(=N[H])C(F)=C([H])N1C1([H])OC([H])(C([H])([H])O[H])C([H])([H])C1([H])F
 - 26
c1cnccc1c1cnc(OCC)c(C#N)c1
 - 'NoneType' object has no attribute 'get_contributed_electrons'
[H]C1=NC([H])=C([H])C(=C1[H])C1=C([H])C(C#N)=C(OC([H])([H])C([H])([H])[H])N=C1[H]
 - 27
c1cnccc1c2cnc(OCC)c(C#N)c2
 - 'NoneType' object has no attribute 'get_contributed_electrons'
[H]N([H])C(=O)C1=C([H])C([H])=C(C2=NC3=C([H])N=C([H])C([H])=C3N2[H])C(OC([H])([H])[H])=C1[H]
 - 31
[H]N([H])C(=O)C1=C([H])C([H])=C(C2=NC3=C([H])C([H])=NC([H])=C3N2[H])C(OC([H])([H])[H])=C1[H]
 - 31
COc1cc(ccc1-c1[nH]c2c[n]ccc2[n]1)C(N)=O
 - This structure cannot be kekulised!
COc1cc(ccc1c1[nH]c2cnccc2n1)C(=O)N
 - 'NoneType' object has no attribute 'get_contributed_electrons'
[H]OC(=N[H])C1=C([H])C([H])=C(C2=NC3=C([H])N=C([H])C([H])=C3N2[H])C(OC([H])([H])[H])=C1[H]
 - 31
[H]OC(=N[H])C1=C([H])C([H])=C(C2=NC3=C([H])C([H])=NC([H])=C3N2[H])C(OC([H])([H])[H])=C1[H]
 - 31
[H]N([H])C(=O)C1=C([H])C([H])=C(C2=NC3=C([H])N([H])C([H])=C([H])C3=N2)C(OC([H])([H])[H])=C1[H]
 - 31
[H]OC(=N[H])C1=C([H])C([H])=C(C2=NC3=C([H])N([H])C([H])=C([H])C3=N2)C(OC([H])([H])[H])=C1[H]
 - 31
[H]N(C(=O)OC([H])([H])C([H])(C([H])([H])[H])C([H])([H])[H])C1=C([H])C2=NN(N=C2C([H])=C1[H])C1([H])C([H])([H])C([H])([H])C([H])([H])C1([H])[H]
 - 29
[H]OC(OC([H])([H])C([H])(C([H])([H])[H])C([H])([H])[H])=NC1=C([H])C2=NN(N=C2C([H])=C1[H])C1([H])C([H])([H])C([H])([H])C([H])([H])C1([H])[H]
 - 29
[H]N1N(N=C2C([H])=C([H])C(=NC(=O)OC([H])([H])C([H])(C([H])([H])[H])C([H])([H])[H])C([H])=C12)C1([H])C([H])([H])C([H])([H])C([H])([H])C1([H])[H]
 - 30
[H]OC(N1C([H])([H])C([H])([H])C([H])([H])C1([H])C(=O)N([H])[H])=C(N([H])C(=O)C1([H])N([H])C(O[H])=C([H])C1([H])[H])C([H])([H])C1=C([H])N(C([H])=N1)C(=O)OC([H])([H])C([H])(C([H])([H])C([H])([H])[H])C([H])([H])C([H])([H])C([H])([H])C([H])([H])[H]
 - 38
[H]OC(N([H])C(=C(O[H])N1C([H])([H])C([H])([H])C([H])([H])C1([H])C(=O)N([H])[H])C([H])([H])C1=C([H])N(C([H])=N1)C(=O)OC([H])([H])C([H])(C([H])([H])C([H])([H])[H])C([H])([H])C([H])([H])C([H])([H])C([H])([H])[H])=C1N([H])C(=O)C([H])([H])C1([H])[H]
 - 65
[H]OC(N([H])[H])=C1N(C(O[H])=C(N([H])C(=O)C2([H])N([H])C(=O)C([H])([H])C2([H])[H])C([H])([H])C2=C([H])N(C([H])=N2)C(=O)OC([H])([H])C([H])(C([H])([H])C([H])([H])[H])C([H])([H])C([H])([H])C([H])([H])C([H])([H])[H])C([H])([H])C([H])([H])C1([H])[H]
 - 73
[H]OC(=NC(=C(O[H])N1C([H])([H])C([H])([H])C([H])([H])C1([H])C(=O)N([H])[H])C([H])([H])C1=C([H])N(C([H])=N1)C(=O)OC([H])([H])C([H])(C([H])([H])C([H])([H])[H])C([H])([H])C([H])([H])C([H])([H])C([H])([H])[H])C1([H])N([H])C(=O)C([H])([H])C1([H])[H]
 - 64
[H]OC(N1C([H])([H])C([H])([H])C([H])([H])C1([H])C(=O)N([H])[H])=C(N([H])C(=O)C1([H])N([H])C(=O)C([H])([H])C1([H])[H])C([H])([H])C1=C([H])N(C([H])=N1)C(=O)OC([H])([H])C([H])(C([H])([H])C([H])([H])[H])C([H])([H])C([H])([H])C([H])([H])C([H])([H])[H]
 - 38
[H]OC(=N[H])C1([H])N(C(O[H])=C(N([H])C(=O)C2([H])N([H])C(=O)C([H])([H])C2([H])[H])C([H])([H])C2=C([H])N(C([H])=N2)C(=O)OC([H])([H])C([H])(C([H])([H])C([H])([H])[H])C([H])([H])C([H])([H])C([H])([H])C([H])([H])[H])C([H])([H])C([H])([H])C1([H])[H]
 - 73
[H]OC(N([H])C([H])(C(=O)N1C([H])([H])C([H])([H])C([H])([H])C1([H])C(=O)N([H])[H])C([H])([H])C1=C([H])N(C([H])=N1)C(=O)OC([H])([H])C([H])(C([H])([H])C([H])([H])[H])C([H])([H])C([H])([H])C([H])([H])C([H])([H])[H])=C1N([H])C(O[H])=C([H])C1([H])[H]
 - 65
[H]OC(N([H])[H])=C1N(C(=O)C([H])(N([H])C(=O)C2([H])N([H])C(O[H])=C([H])C2([H])[H])C([H])([H])C2=C([H])N(C([H])=N2)C(=O)OC([H])([H])C([H])(C([H])([H])C([H])([H])[H])C([H])([H])C([H])([H])C([H])([H])C([H])([H])[H])C([H])([H])C([H])([H])C1([H])[H]
 - 73
[H]OC(N([H])[H])=C1N(C(=O)C([H])(N([H])C(O[H])=C2N([H])C(=O)C([H])([H])C2([H])[H])C([H])([H])C2=C([H])N(C([H])=N2)C(=O)OC([H])([H])C([H])(C([H])([H])C([H])([H])[H])C([H])([H])C([H])([H])C([H])([H])C([H])([H])[H])C([H])([H])C([H])([H])C1([H])[H]
 - 73
[H]OC(N1C([H])([H])C([H])([H])C([H])([H])C1([H])C(=O)N([H])[H])=C(N([H])C(=O)C1([H])N=C(O[H])C([H])([H])C1([H])[H])C([H])([H])C1=C([H])N(C([H])=N1)C(=O)OC([H])([H])C([H])(C([H])([H])C([H])([H])[H])C([H])([H])C([H])([H])C([H])([H])C([H])([H])[H]
 - 38
[H]OC(=NC([H])(C(=O)N1C([H])([H])C([H])([H])C([H])([H])C1([H])C(=O)N([H])[H])C([H])([H])C1=C([H])N(C([H])=N1)C(=O)OC([H])([H])C([H])(C([H])([H])C([H])([H])[H])C([H])([H])C([H])([H])C([H])([H])C([H])([H])[H])C1([H])N([H])C(O[H])=C([H])C1([H])[H]
 - 64
[H]OC(N([H])[H])=C1N(C(=O)C([H])(N=C(O[H])C2([H])N([H])C(=O)C([H])([H])C2([H])[H])C([H])([H])C2=C([H])N(C([H])=N2)C(=O)OC([H])([H])C([H])(C([H])([H])C([H])([H])[H])C([H])([H])C([H])([H])C([H])([H])C([H])([H])[H])C([H])([H])C([H])([H])C1([H])[H]
 - 73
[H]OC1=C([H])C([H])([H])C([H])(N1[H])C(=O)N([H])C([H])(C(=O)N1C([H])([H])C([H])([H])C([H])([H])C1([H])C(=O)N([H])[H])C([H])([H])C1=C([H])N(C([H])=N1)C(=O)OC([H])([H])C([H])(C([H])([H])C([H])([H])[H])C([H])([H])C([H])([H])C([H])([H])C([H])([H])[H]
 - 38
[H]OC(=N[H])C1([H])N(C(=O)C([H])(N([H])C(=O)C2([H])N([H])C(O[H])=C([H])C2([H])[H])C([H])([H])C2=C([H])N(C([H])=N2)C(=O)OC([H])([H])C([H])(C([H])([H])C([H])([H])[H])C([H])([H])C([H])([H])C([H])([H])C([H])([H])[H])C([H])([H])C([H])([H])C1([H])[H]
 - 73
[H]OC(N([H])C([H])(C(=O)N1C([H])([H])C([H])([H])C([H])([H])C1([H])C(=O)N([H])[H])C([H])([H])C1=C([H])N(C([H])=N1)C(=O)OC([H])([H])C([H])(C([H])([H])C([H])([H])[H])C([H])([H])C([H])([H])C([H])([H])C([H])([H])[H])=C1N([H])C(=O)C([H])([H])C1([H])[H]
 - 65
[H]OC(N([H])[H])=C1N(C(=O)C([H])(N([H])C(=O)C2([H])N([H])C(=O)C([H])([H])C2([H])[H])C([H])([H])C2=C([H])N(C([H])=N2)C(=O)OC([H])([H])C([H])(C([H])([H])C([H])([H])[H])C([H])([H])C([H])([H])C([H])([H])C([H])([H])[H])C([H])([H])C([H])([H])C1([H])[H]
 - 73
[H]OC(N([H])C([H])(C(=O)N1C([H])([H])C([H])([H])C([H])([H])C1([H])C(O[H])=N[H])C([H])([H])C1=C([H])N(C([H])=N1)C(=O)OC([H])([H])C([H])(C([H])([H])C([H])([H])[H])C([H])([H])C([H])([H])C([H])([H])C([H])([H])[H])=C1N([H])C(=O)C([H])([H])C1([H])[H]
 - 65
[H]OC(N([H])C([H])(C(=O)N1C([H])([H])C([H])([H])C([H])([H])C1([H])C(=O)N([H])[H])C([H])([H])C1=C([H])N(C([H])=N1)C(=O)OC([H])([H])C([H])(C([H])([H])C([H])([H])[H])C([H])([H])C([H])([H])C([H])([H])C([H])([H])[H])=C1N=C(O[H])C([H])([H])C1([H])[H]
 - 65
[H]OC(N([H])[H])=C1N(C(=O)C([H])(N([H])C(=O)C2([H])N=C(O[H])C([H])([H])C2([H])[H])C([H])([H])C2=C([H])N(C([H])=N2)C(=O)OC([H])([H])C([H])(C([H])([H])C([H])([H])[H])C([H])([H])C([H])([H])C([H])([H])C([H])([H])[H])C([H])([H])C([H])([H])C1([H])[H]
 - 73
[H]OC(=NC([H])(C(=O)N1C([H])([H])C([H])([H])C([H])([H])C1([H])C(=O)N([H])[H])C([H])([H])C1=C([H])N(C([H])=N1)C(=O)OC([H])([H])C([H])(C([H])([H])C([H])([H])[H])C([H])([H])C([H])([H])C([H])([H])C([H])([H])[H])C1([H])N([H])C(=O)C([H])([H])C1([H])[H]
 - 64
[H]OC(=N[H])C1([H])N(C(=O)C([H])(N=C(O[H])C2([H])N([H])C(=O)C([H])([H])C2([H])[H])C([H])([H])C2=C([H])N(C([H])=N2)C(=O)OC([H])([H])C([H])(C([H])([H])C([H])([H])[H])C([H])([H])C([H])([H])C([H])([H])C([H])([H])[H])C([H])([H])C([H])([H])C1([H])[H]
 - 73
[H]OC(=NC([H])(C(=O)N1C([H])([H])C([H])([H])C([H])([H])C1([H])C(=O)N([H])[H])C([H])([H])C1=C([H])N(C([H])=N1)C(=O)OC([H])([H])C([H])(C([H])([H])C([H])([H])[H])C([H])([H])C([H])([H])C([H])([H])C([H])([H])[H])C1([H])N=C(O[H])C([H])([H])C1([H])[H]
 - 64
[H]N([H])C(=O)C1([H])N(C(=O)C([H])(N([H])C(=O)C2([H])N([H])C(=O)C([H])([H])C2([H])[H])C([H])([H])C2=C([H])N(C([H])=N2)C(=O)OC([H])([H])C([H])(C([H])([H])C([H])([H])[H])C([H])([H])C([H])([H])C([H])([H])C([H])([H])[H])C([H])([H])C([H])([H])C1([H])[H]
 - 73
[H]OC(=N[H])C1([H])N(C(=O)C([H])(N([H])C(=O)C2([H])N([H])C(=O)C([H])([H])C2([H])[H])C([H])([H])C2=C([H])N(C([H])=N2)C(=O)OC([H])([H])C([H])(C([H])([H])C([H])([H])[H])C([H])([H])C([H])([H])C([H])([H])C([H])([H])[H])C([H])([H])C([H])([H])C1([H])[H]
 - 73
[H]OC1=NC([H])(C(=O)N([H])C([H])(C(=O)N2C([H])([H])C([H])([H])C([H])([H])C2([H])C(=O)N([H])[H])C([H])([H])C2=C([H])N(C([H])=N2)C(=O)OC([H])([H])C([H])(C([H])([H])C([H])([H])[H])C([H])([H])C([H])([H])C([H])([H])C([H])([H])[H])C([H])([H])C1([H])[H]
 - 73
[H]OC(=N[H])C1([H])N(C(=O)C([H])(N([H])C(=O)C2([H])N=C(O[H])C([H])([H])C2([H])[H])C([H])([H])C2=C([H])N(C([H])=N2)C(=O)OC([H])([H])C([H])(C([H])([H])C([H])([H])[H])C([H])([H])C([H])([H])C([H])([H])C([H])([H])[H])C([H])([H])C([H])([H])C1([H])[H]
 - 73
[H]ON1C(O[H])=C([H])C2(C1=O)C([H])([H])C([H])([H])C([H])([H])C2([H])[H]
 - 21
[H]ON1C(=O)C([H])([H])C2(C1=O)C([H])([H])C([H])([H])C([H])([H])C2([H])[H]
 - 21
[H]C1=C([H])C([H])=C2C(N=C3N(C2=O)C([H])([H])N(C([H])([H])[H])C3([H])C([H])([H])[H])=C1[H]
 - 28
[H]OC1=C2C([H])=NN(C2=NC([H])=N1)C([H])([H])OC(=O)C1=C([H])C([H])=C([H])C(=C1[H])C([H])([H])N1C([H])([H])C([H])([H])OC([H])([H])C1([H])[H]
 - 28
[H]N1C([H])=NC2=C(C([H])=NN2C([H])([H])OC(=O)C2=C([H])C([H])=C([H])C(=C2[H])C([H])([H])N2C([H])([H])C([H])([H])OC([H])([H])C2([H])[H])C1=O
 - 45
n1cc2c(=O)[nH]cnc2n1COC(=O)c1cc(CN2CCOCC2)ccc1
 - 'NoneType' object has no attribute 'kekulise'
[H]N1C([H])=NC(=O)C2=C1N(N=C2[H])C([H])([H])OC(=O)C1=C([H])C([H])=C([H])C(=C1[H])C([H])([H])N1C([H])([H])C([H])([H])OC([H])([H])C1([H])[H]
 - 28
[H]N1C([H])=C2C(=NC([H])=NC2=O)N1C([H])([H])OC(=O)C1=C([H])C([H])=C([H])C(=C1[H])C([H])([H])N1C([H])([H])C([H])([H])OC([H])([H])C1([H])[H]
 - 28
[H]OC1(\\C(=C(/[H])C2=C([H])C([H])=C(Cl)C([H])=C2[H])C([H])([H])C([H])([H])C1(C([H])([H])[H])C([H])([H])[H])C([H])([H])N1N=C([H])N=C1[H]
 - 2 bonds in a row
[H]OC(=NC([H])([H])C([H])([H])N1C([H])([H])C([H])([H])OC([H])([H])C1([H])[H])C([H])([H])C([H])(O[H])C([H])(N([H])C(O[H])=C(N([H])C(=O)C([H])(C([H])([H])C1=C([H])C2=C([H])C([H])=C([H])C([H])=C2C([H])=C1[H])C([H])([H])C1=C([H])C([H])=C([H])C2=C([H])C([H])=C([H])C([H])=C12)C([H])([H])C#CC([H])([H])N([H])C(=S)N([H])C([H])([H])[H])C([H])([H])C1([H])C([H])([H])C([H])([H])C([H])([H])C([H])([H])C1([H])[H]
 - 104
[H]OC(N([H])C([H])(C([H])([H])C1([H])C([H])([H])C([H])([H])C([H])([H])C([H])([H])C1([H])[H])C([H])(O[H])C([H])([H])C(=O)N([H])C([H])([H])C([H])([H])N1C([H])([H])C([H])([H])OC([H])([H])C1([H])[H])=C(N=C(O[H])C([H])(C([H])([H])C1=C([H])C2=C([H])C([H])=C([H])C([H])=C2C([H])=C1[H])C([H])([H])C1=C([H])C([H])=C([H])C2=C([H])C([H])=C([H])C([H])=C12)C([H])([H])C#CC([H])([H])N([H])C(=S)N([H])C([H])([H])[H]
 - 106
[H]OC(N([H])C([H])([H])C([H])([H])N1C([H])([H])C([H])([H])OC([H])([H])C1([H])[H])=C([H])C([H])(O[H])C([H])(N([H])C(O[H])=C(N([H])C(=O)C([H])(C([H])([H])C1=C([H])C2=C([H])C([H])=C([H])C([H])=C2C([H])=C1[H])C([H])([H])C1=C([H])C([H])=C([H])C2=C([H])C([H])=C([H])C([H])=C12)C([H])([H])C#CC([H])([H])N([H])C(=S)N([H])C([H])([H])[H])C([H])([H])C1([H])C([H])([H])C([H])([H])C([H])([H])C([H])([H])C1([H])[H]
 - 104
[H]OC(N([H])C([H])(C([H])([H])C1([H])C([H])([H])C([H])([H])C([H])([H])C([H])([H])C1([H])[H])C([H])(O[H])C([H])([H])C(=O)N([H])C([H])([H])C([H])([H])N1C([H])([H])C([H])([H])OC([H])([H])C1([H])[H])=C(N([H])C(=O)C([H])(C([H])([H])C1=C([H])C2=C([H])C([H])=C([H])C([H])=C2C([H])=C1[H])C([H])([H])C1=C([H])C([H])=C([H])C2=C([H])C([H])=C([H])C([H])=C12)C([H])([H])C#CC([H])([H])N([H])C(=S)N([H])C([H])([H])[H]
 - 106
CN=C(S)NCC#CCC(NC(O)=C(CC1=CC=C2C=CC=CC2=C1)CC1=C2C=CC=CC2=CC=C1)C(=O)NC(CC1CCCCC1)C(O)CC(=O)NCCN1CCOCC1
 - Processing took more than 5 seconds
[H]OC(N([H])C([H])(C(O[H])=NC([H])(C([H])([H])C1([H])C([H])([H])C([H])([H])C([H])([H])C([H])([H])C1([H])[H])C([H])(O[H])C([H])([H])C(=O)N([H])C([H])([H])C([H])([H])N1C([H])([H])C([H])([H])OC([H])([H])C1([H])[H])C([H])([H])C#CC([H])([H])N([H])C(=S)N([H])C([H])([H])[H])=C(C([H])([H])C1=C([H])C2=C([H])C([H])=C([H])C([H])=C2C([H])=C1[H])C([H])([H])C1=C([H])C([H])=C([H])C2=C([H])C([H])=C([H])C([H])=C12
 - 83
[H]OC(=NC([H])([H])C([H])([H])N1C([H])([H])C([H])([H])OC([H])([H])C1([H])[H])C([H])([H])C([H])(O[H])C([H])(N([H])C(=O)C([H])(N([H])C(O[H])=C(C([H])([H])C1=C([H])C2=C([H])C([H])=C([H])C([H])=C2C([H])=C1[H])C([H])([H])C1=C([H])C([H])=C([H])C2=C([H])C([H])=C([H])C([H])=C12)C([H])([H])C#CC([H])([H])N([H])C(=S)N([H])C([H])([H])[H])C([H])([H])C1([H])C([H])([H])C([H])([H])C([H])([H])C([H])([H])C1([H])[H]
 - 104
[H]OC(N([H])C([H])([H])C([H])([H])N1C([H])([H])C([H])([H])OC([H])([H])C1([H])[H])=C([H])C([H])(O[H])C([H])(N([H])C(=O)C([H])(N([H])C(O[H])=C(C([H])([H])C1=C([H])C2=C([H])C([H])=C([H])C([H])=C2C([H])=C1[H])C([H])([H])C1=C([H])C([H])=C([H])C2=C([H])C([H])=C([H])C([H])=C12)C([H])([H])C#CC([H])([H])N([H])C(=S)N([H])C([H])([H])[H])C([H])([H])C1([H])C([H])([H])C([H])([H])C([H])([H])C([H])([H])C1([H])[H]
 - 104
[H]OC(=NC([H])([H])C([H])([H])N1C([H])([H])C([H])([H])OC([H])([H])C1([H])[H])C([H])([H])C([H])(O[H])C([H])(N([H])C(=O)C([H])(N([H])C(=O)C([H])(C([H])([H])C1=C([H])C2=C([H])C([H])=C([H])C([H])=C2C([H])=C1[H])C([H])([H])C1=C([H])C([H])=C([H])C2=C([H])C([H])=C([H])C([H])=C12)C([H])([H])C#CC([H])([H])N=C(S[H])N([H])C([H])([H])[H])C([H])([H])C1([H])C([H])([H])C([H])([H])C([H])([H])C([H])([H])C1([H])[H]
 - 104
[H]OC(=NC([H])(C([H])([H])C1([H])C([H])([H])C([H])([H])C([H])([H])C([H])([H])C1([H])[H])C([H])(O[H])C([H])([H])C(=O)N([H])C([H])([H])C([H])([H])N1C([H])([H])C([H])([H])OC([H])([H])C1([H])[H])C([H])(N([H])C(=O)C([H])(C([H])([H])C1=C([H])C2=C([H])C([H])=C([H])C([H])=C2C([H])=C1[H])C([H])([H])C1=C([H])C([H])=C([H])C2=C([H])C([H])=C([H])C([H])=C12)C([H])([H])C#CC([H])([H])N=C(S[H])N([H])C([H])([H])[H]
 - 106
[H]OC(=NC([H])([H])C([H])([H])N1C([H])([H])C([H])([H])OC([H])([H])C1([H])[H])C([H])([H])C([H])(O[H])C([H])(N([H])C(=O)C([H])(N([H])C(=O)C([H])(C([H])([H])C1=C([H])C2=C([H])C([H])=C([H])C([H])=C2C([H])=C1[H])C([H])([H])C1=C([H])C([H])=C([H])C2=C([H])C([H])=C([H])C([H])=C12)C([H])([H])C#CC([H])([H])N([H])C(S[H])=NC([H])([H])[H])C([H])([H])C1([H])C([H])([H])C([H])([H])C([H])([H])C([H])([H])C1([H])[H]
 - 104
[H]OC(=NC([H])(C([H])([H])C1([H])C([H])([H])C([H])([H])C([H])([H])C([H])([H])C1([H])[H])C([H])(O[H])C([H])([H])C(=O)N([H])C([H])([H])C([H])([H])N1C([H])([H])C([H])([H])OC([H])([H])C1([H])[H])C([H])(N([H])C(=O)C([H])(C([H])([H])C1=C([H])C2=C([H])C([H])=C([H])C([H])=C2C([H])=C1[H])C([H])([H])C1=C([H])C([H])=C([H])C2=C([H])C([H])=C([H])C([H])=C12)C([H])([H])C#CC([H])([H])N([H])C(S[H])=NC([H])([H])[H]
 - 106
[H]OC(N([H])C([H])([H])C([H])([H])N1C([H])([H])C([H])([H])OC([H])([H])C1([H])[H])=C([H])C([H])(O[H])C([H])(N([H])C(=O)C([H])(N([H])C(=O)C([H])(C([H])([H])C1=C([H])C2=C([H])C([H])=C([H])C([H])=C2C([H])=C1[H])C([H])([H])C1=C([H])C([H])=C([H])C2=C([H])C([H])=C([H])C([H])=C12)C([H])([H])C#CC([H])([H])N=C(S[H])N([H])C([H])([H])[H])C([H])([H])C1([H])C([H])([H])C([H])([H])C([H])([H])C([H])([H])C1([H])[H]
 - 104
[H]OC(N([H])C([H])([H])C([H])([H])N1C([H])([H])C([H])([H])OC([H])([H])C1([H])[H])=C([H])C([H])(O[H])C([H])(N([H])C(=O)C([H])(N([H])C(=O)C([H])(C([H])([H])C1=C([H])C2=C([H])C([H])=C([H])C([H])=C2C([H])=C1[H])C([H])([H])C1=C([H])C([H])=C([H])C2=C([H])C([H])=C([H])C([H])=C12)C([H])([H])C#CC([H])([H])N([H])C(S[H])=NC([H])([H])[H])C([H])([H])C1([H])C([H])([H])C([H])([H])C([H])([H])C([H])([H])C1([H])[H]
 - 104
[H]OC(N([H])C([H])(C(=O)N([H])C([H])(C([H])([H])C1([H])C([H])([H])C([H])([H])C([H])([H])C([H])([H])C1([H])[H])C([H])(O[H])C([H])([H])C(=O)N([H])C([H])([H])C([H])([H])N1C([H])([H])C([H])([H])OC([H])([H])C1([H])[H])C([H])([H])C#CC([H])([H])N([H])C(=S)N([H])C([H])([H])[H])=C(C([H])([H])C1=C([H])C2=C([H])C([H])=C([H])C([H])=C2C([H])=C1[H])C([H])([H])C1=C([H])C([H])=C([H])C2=C([H])C([H])=C([H])C([H])=C12
 - 83
[H]OC([H])(C([H])([H])C(=O)N([H])C([H])([H])C([H])([H])N1C([H])([H])C([H])([H])OC([H])([H])C1([H])[H])C([H])(N([H])C(=O)C([H])(N([H])C(=O)C([H])(C([H])([H])C1=C([H])C2=C([H])C([H])=C([H])C([H])=C2C([H])=C1[H])C([H])([H])C1=C([H])C([H])=C([H])C2=C([H])C([H])=C([H])C([H])=C12)C([H])([H])C#CC([H])([H])N=C(S[H])N([H])C([H])([H])[H])C([H])([H])C1([H])C([H])([H])C([H])([H])C([H])([H])C([H])([H])C1([H])[H]
 - 104
[H]OC([H])(C([H])([H])C(=O)N([H])C([H])([H])C([H])([H])N1C([H])([H])C([H])([H])OC([H])([H])C1([H])[H])C([H])(N([H])C(=O)C([H])(N([H])C(=O)C([H])(C([H])([H])C1=C([H])C2=C([H])C([H])=C([H])C([H])=C2C([H])=C1[H])C([H])([H])C1=C([H])C([H])=C([H])C2=C([H])C([H])=C([H])C([H])=C12)C([H])([H])C#CC([H])([H])N([H])C(S[H])=NC([H])([H])[H])C([H])([H])C1([H])C([H])([H])C([H])([H])C([H])([H])C([H])([H])C1([H])[H]
 - 104
[H]OC(=NC([H])([H])C([H])([H])N1C([H])([H])C([H])([H])OC([H])([H])C1([H])[H])C([H])([H])C([H])(O[H])C([H])(N([H])C(=O)C([H])(N=C(O[H])C([H])(C([H])([H])C1=C([H])C2=C([H])C([H])=C([H])C([H])=C2C([H])=C1[H])C([H])([H])C1=C([H])C([H])=C([H])C2=C([H])C([H])=C([H])C([H])=C12)C([H])([H])C#CC([H])([H])N([H])C(=S)N([H])C([H])([H])[H])C([H])([H])C1([H])C([H])([H])C([H])([H])C([H])([H])C([H])([H])C1([H])[H]
 - 104
[H]OC(=NC([H])([H])C([H])([H])N1C([H])([H])C([H])([H])OC([H])([H])C1([H])[H])C([H])([H])C([H])(O[H])C([H])(N=C(O[H])C([H])(N([H])C(=O)C([H])(C([H])([H])C1=C([H])C2=C([H])C([H])=C([H])C([H])=C2C([H])=C1[H])C([H])([H])C1=C([H])C([H])=C([H])C2=C([H])C([H])=C([H])C([H])=C12)C([H])([H])C#CC([H])([H])N([H])C(=S)N([H])C([H])([H])[H])C([H])([H])C1([H])C([H])([H])C([H])([H])C([H])([H])C([H])([H])C1([H])[H]
 - 104
[H]OC(=NC([H])(C([H])([H])C1([H])C([H])([H])C([H])([H])C([H])([H])C([H])([H])C1([H])[H])C([H])(O[H])C([H])([H])C(=O)N([H])C([H])([H])C([H])([H])N1C([H])([H])C([H])([H])OC([H])([H])C1([H])[H])C([H])(N=C(O[H])C([H])(C([H])([H])C1=C([H])C2=C([H])C([H])=C([H])C([H])=C2C([H])=C1[H])C([H])([H])C1=C([H])C([H])=C([H])C2=C([H])C([H])=C([H])C([H])=C12)C([H])([H])C#CC([H])([H])N([H])C(=S)N([H])C([H])([H])[H]
 - 106
[H]OC(N([H])C([H])([H])C([H])([H])N1C([H])([H])C([H])([H])OC([H])([H])C1([H])[H])=C([H])C([H])(O[H])C([H])(N([H])C(=O)C([H])(N=C(O[H])C([H])(C([H])([H])C1=C([H])C2=C([H])C([H])=C([H])C([H])=C2C([H])=C1[H])C([H])([H])C1=C([H])C([H])=C([H])C2=C([H])C([H])=C([H])C([H])=C12)C([H])([H])C#CC([H])([H])N([H])C(=S)N([H])C([H])([H])[H])C([H])([H])C1([H])C([H])([H])C([H])([H])C([H])([H])C([H])([H])C1([H])[H]
 - 104
[H]OC(N([H])C([H])([H])C([H])([H])N1C([H])([H])C([H])([H])OC([H])([H])C1([H])[H])=C([H])C([H])(O[H])C([H])(N=C(O[H])C([H])(N([H])C(=O)C([H])(C([H])([H])C1=C([H])C2=C([H])C([H])=C([H])C([H])=C2C([H])=C1[H])C([H])([H])C1=C([H])C([H])=C([H])C2=C([H])C([H])=C([H])C([H])=C12)C([H])([H])C#CC([H])([H])N([H])C(=S)N([H])C([H])([H])[H])C([H])([H])C1([H])C([H])([H])C([H])([H])C([H])([H])C([H])([H])C1([H])[H]
 - 104
[H]OC(=NC([H])([H])C([H])([H])N1C([H])([H])C([H])([H])OC([H])([H])C1([H])[H])C([H])([H])C([H])(O[H])C([H])(N([H])C(=O)C([H])(N([H])C(=O)C([H])(C([H])([H])C1=C([H])C2=C([H])C([H])=C([H])C([H])=C2C([H])=C1[H])C([H])([H])C1=C([H])C([H])=C([H])C2=C([H])C([H])=C([H])C([H])=C12)C([H])([H])C#CC([H])([H])N([H])C(=S)N([H])C([H])([H])[H])C([H])([H])C1([H])C([H])([H])C([H])([H])C([H])([H])C([H])([H])C1([H])[H]
 - 104
[H]OC(=NC([H])(C(=O)N([H])C([H])(C([H])([H])C1([H])C([H])([H])C([H])([H])C([H])([H])C([H])([H])C1([H])[H])C([H])(O[H])C([H])([H])C(=O)N([H])C([H])([H])C([H])([H])N1C([H])([H])C([H])([H])OC([H])([H])C1([H])[H])C([H])([H])C#CC([H])([H])N([H])C(=S)N([H])C([H])([H])[H])C([H])(C([H])([H])C1=C([H])C2=C([H])C([H])=C([H])C([H])=C2C([H])=C1[H])C([H])([H])C1=C([H])C([H])=C([H])C2=C([H])C([H])=C([H])C([H])=C12
 - 82
[H]OC(=NC([H])(C([H])([H])C1([H])C([H])([H])C([H])([H])C([H])([H])C([H])([H])C1([H])[H])C([H])(O[H])C([H])([H])C(=O)N([H])C([H])([H])C([H])([H])N1C([H])([H])C([H])([H])OC([H])([H])C1([H])[H])C([H])(N([H])C(=O)C([H])(C([H])([H])C1=C([H])C2=C([H])C([H])=C([H])C([H])=C2C([H])=C1[H])C([H])([H])C1=C([H])C([H])=C([H])C2=C([H])C([H])=C([H])C([H])=C12)C([H])([H])C#CC([H])([H])N([H])C(=S)N([H])C([H])([H])[H]
 - 106
[H]OC(N([H])C([H])([H])C([H])([H])N1C([H])([H])C([H])([H])OC([H])([H])C1([H])[H])=C([H])C([H])(O[H])C([H])(N([H])C(=O)C([H])(N([H])C(=O)C([H])(C([H])([H])C1=C([H])C2=C([H])C([H])=C([H])C([H])=C2C([H])=C1[H])C([H])([H])C1=C([H])C([H])=C([H])C2=C([H])C([H])=C([H])C([H])=C12)C([H])([H])C#CC([H])([H])N([H])C(=S)N([H])C([H])([H])[H])C([H])([H])C1([H])C([H])([H])C([H])([H])C([H])([H])C([H])([H])C1([H])[H]
 - 104
[H]OC([H])(C([H])([H])C(=O)N([H])C([H])([H])C([H])([H])N1C([H])([H])C([H])([H])OC([H])([H])C1([H])[H])C([H])(N([H])C(=O)C([H])(N([H])C(=O)C([H])(C([H])([H])C1=C([H])C2=C([H])C([H])=C([H])C([H])=C2C([H])=C1[H])C([H])([H])C1=C([H])C([H])=C([H])C2=C([H])C([H])=C([H])C([H])=C12)C([H])([H])C#CC([H])([H])N([H])C(=S)N([H])C([H])([H])[H])C([H])([H])C1([H])C([H])([H])C([H])([H])C([H])([H])C([H])([H])C1([H])[H]
 - 104
[H]OC([H])([H])C1([H])OC([H])(N2C([H])=NC3=C(F)N=C(N=C23)N([H])[H])C([H])([H])C1([H])[H]
 - 28
[H]OC([H])([H])C1([H])OC([H])(N2C([H])=NC3=C2N([H])C(=N[H])N=C3F)C([H])([H])C1([H])[H]
 - 28
[H]OC([H])([H])C1([H])OC([H])(N2C([H])=NC3=C(F)N([H])C(=N[H])N=C23)C([H])([H])C1([H])[H]
 - 28
[H]OC1=C([H])C(N([H])S(=O)(=O)C([H])([H])[H])=C([H])C2=C1C1([H])C([H])([H])C(=C([H])C([H])([H])C1([H])C(O2)(C([H])([H])[H])C([H])([H])[H])C([H])([H])[H]
 - 34
[H]OC1=C([H])C(N=S(=O)(O[H])C([H])([H])[H])=C([H])C2=C1C1([H])C([H])([H])C(=C([H])C([H])([H])C1([H])C(O2)(C([H])([H])[H])C([H])([H])[H])C([H])([H])[H]
 - 34
[H]OC1=C([H])C(N([H])S(=O)(O[H])=C([H])[H])=C([H])C2=C1C1([H])C([H])([H])C(=C([H])C([H])([H])C1([H])C(O2)(C([H])([H])[H])C([H])([H])[H])C([H])([H])[H]
 - 34
[H]OC1=C([H])C(N=S(O[H])(O[H])=C([H])[H])=C([H])C2=C1C1([H])C([H])([H])C(=C([H])C([H])([H])C1([H])C(O2)(C([H])([H])[H])C([H])([H])[H])C([H])([H])[H]
 - 34
[H]OC1=C(C([H])=C([H])C(=C1[H])C(C([H])([H])[H])(C([H])([H])[H])C([H])([H])C([H])([H])C([H])([H])C([H])([H])C([H])([H])C([H])([H])C([H])([H])[H])C1([H])C([H])([H])C([H])([H])C([H])([H])C([H])(O[H])C1([H])[H]
 - 43
[H]N(C([H])([H])C([H])([H])[H])C12C3=C([H])C([H])=C([H])C([H])=C3C([H])([H])C1([H])C([H])([H])C([H])([H])C([H])([H])C2([H])C([H])([H])[H]
 - 24
[H]OC(=C([H])[H])N([H])C1=NC(Cl)=C([H])N=C1[H]
 - 16
[H]N(C(=O)C([H])([H])[H])C1=NC(Cl)=C([H])N=C1[H]
 - 16
[H]OC(=NC1=NC(Cl)=C([H])N=C1[H])C([H])([H])[H]
 - 14
[H]OC(N=C1N([H])C(Cl)=C([H])N=C1[H])=C([H])[H]
 - 15
[H]N1C(Cl)=C([H])N=C([H])C1=NC(=O)C([H])([H])[H]
 - 12
s1ccnc1c1ccc(C(C)C(=O)O)cc1SC
 - 'NoneType' object has no attribute 'get_contributed_electrons'
[H]OC(O[H])=C(C1=C([H])C(SC([H])([H])[H])=C(C([H])=C1[H])C1=NC([H])=C([H])S1)C([H])([H])[H]
 - 28
[H]OC(=O)C([H])(C1=C([H])C(SC([H])([H])[H])=C(C([H])=C1[H])C1=NC([H])=C([H])S1)C([H])([H])[H]
 - 28
[H]OC(N([H])[H])=C(N([H])C(O[H])=C(N([H])C(=O)C([H])([H])[H])C([H])([H])C1=C([H])C([H])=C([H])C([H])=C1[H])C([H])([H])C([H])([H])C(=O)N([H])[H]
 - 36
[H]OC(=C([H])[H])N([H])C([H])(C(=O)N([H])C(=C(O[H])N([H])[H])C([H])([H])C([H])([H])C(=O)N([H])[H])C([H])([H])C1=C([H])C([H])=C([H])C([H])=C1[H]
 - 33
[H]OC(N([H])[H])=C(N([H])C(=O)C([H])(N=C(O[H])C([H])([H])[H])C([H])([H])C1=C([H])C([H])=C([H])C([H])=C1[H])C([H])([H])C([H])([H])C(=O)N([H])[H]
 - 36
[H]OC(N([H])[H])=C(N=C(O[H])C([H])(N([H])C(=O)C([H])([H])[H])C([H])([H])C1=C([H])C([H])=C([H])C([H])=C1[H])C([H])([H])C([H])([H])C(=O)N([H])[H]
 - 36
[H]OC(N([H])[H])=C([H])C([H])([H])C(N([H])C(=O)C([H])(N([H])C(=O)C([H])([H])[H])C([H])([H])C1=C([H])C([H])=C([H])C([H])=C1[H])=C(O[H])N([H])[H]
 - 41
[H]OC(N([H])[H])=C([H])C([H])([H])C([H])(N([H])C(O[H])=C(N([H])C(=O)C([H])([H])[H])C([H])([H])C1=C([H])C([H])=C([H])C([H])=C1[H])C(=O)N([H])[H]
 - 42
[H]OC(N([H])C([H])(C(=O)N([H])[H])C([H])([H])C([H])([H])C(=O)N([H])[H])=C(N([H])C(=O)C([H])([H])[H])C([H])([H])C1=C([H])C([H])=C([H])C([H])=C1[H]
 - 25
[H]OC(N([H])[H])=C(N([H])C(=O)C([H])(N([H])C(=O)C([H])([H])[H])C([H])([H])C1=C([H])C([H])=C([H])C([H])=C1[H])C([H])([H])C([H])([H])C(=O)N([H])[H]
 - 36
[H]OC(N([H])C([H])(C(=O)N([H])[H])C([H])([H])C([H])([H])C(O[H])=N[H])=C(N([H])C(=O)C([H])([H])[H])C([H])([H])C1=C([H])C([H])=C([H])C([H])=C1[H]
 - 25
[H]OC(N([H])[H])=C(N([H])C(=O)C([H])(N([H])C(=O)C([H])([H])[H])C([H])([H])C1=C([H])C([H])=C([H])C([H])=C1[H])C([H])([H])C([H])([H])C(O[H])=N[H]
 - 36
[H]OC(=NC([H])(C(O[H])=NC([H])(C(=O)N([H])[H])C([H])([H])C([H])([H])C(=O)N([H])[H])C([H])([H])C1=C([H])C([H])=C([H])C([H])=C1[H])C([H])([H])[H]
 - 43
[H]OC(=C([H])[H])N([H])C([H])(C(=O)N([H])C([H])(C(=O)N([H])[H])C([H])([H])C([H])=C(O[H])N([H])[H])C([H])([H])C1=C([H])C([H])=C([H])C([H])=C1[H]
 - 33
[H]OC(N([H])[H])=C([H])C([H])([H])C([H])(N([H])C(=O)C([H])(N=C(O[H])C([H])([H])[H])C([H])([H])C1=C([H])C([H])=C([H])C([H])=C1[H])C(=O)N([H])[H]
 - 42
[H]OC(N([H])[H])=C([H])C([H])([H])C([H])(N=C(O[H])C([H])(N([H])C(=O)C([H])([H])[H])C([H])([H])C1=C([H])C([H])=C([H])C([H])=C1[H])C(=O)N([H])[H]
 - 42
[H]OC(=C([H])[H])N([H])C([H])(C(=O)N([H])C([H])(C(=O)N([H])[H])C([H])([H])C([H])([H])C(=O)N([H])[H])C([H])([H])C1=C([H])C([H])=C([H])C([H])=C1[H]
 - 33
[H]OC(=NC([H])(C(=O)N([H])C([H])(C(=O)N([H])[H])C([H])([H])C([H])([H])C(=O)N([H])[H])C([H])([H])C1=C([H])C([H])=C([H])C([H])=C1[H])C([H])([H])[H]
 - 43
[H]OC(=NC([H])(C(=O)N([H])[H])C([H])([H])C([H])([H])C(=O)N([H])[H])C([H])(N([H])C(=O)C([H])([H])[H])C([H])([H])C1=C([H])C([H])=C([H])C([H])=C1[H]
 - 25
[H]OC(=C([H])[H])N([H])C([H])(C(=O)N([H])C([H])(C(=O)N([H])[H])C([H])([H])C([H])([H])C(O[H])=N[H])C([H])([H])C1=C([H])C([H])=C([H])C([H])=C1[H]
 - 33
[H]OC(=N[H])C([H])([H])C([H])([H])C([H])(N([H])C(=O)C([H])(N=C(O[H])C([H])([H])[H])C([H])([H])C1=C([H])C([H])=C([H])C([H])=C1[H])C(=O)N([H])[H]
 - 42
[H]OC(=N[H])C([H])([H])C([H])([H])C([H])(N=C(O[H])C([H])(N([H])C(=O)C([H])([H])[H])C([H])([H])C1=C([H])C([H])=C([H])C([H])=C1[H])C(=O)N([H])[H]
 - 42
[H]OC(N([H])[H])=C([H])C([H])([H])C([H])(N([H])C(=O)C([H])(N([H])C(=O)C([H])([H])[H])C([H])([H])C1=C([H])C([H])=C([H])C([H])=C1[H])C(=O)N([H])[H]
 - 42
[H]OC(N([H])[H])=C([H])C([H])([H])C([H])(N([H])C(=O)C([H])(N([H])C(=O)C([H])([H])[H])C([H])([H])C1=C([H])C([H])=C([H])C([H])=C1[H])C(O[H])=N[H]
 - 42
[H]N([H])C(=O)C([H])([H])C([H])([H])C([H])(N([H])C(=O)C([H])(N([H])C(=O)C([H])([H])[H])C([H])([H])C1=C([H])C([H])=C([H])C([H])=C1[H])C(=O)N([H])[H]
 - 42
[H]OC(=N[H])C([H])(N([H])C(=O)C([H])(N([H])C(=O)C([H])([H])[H])C([H])([H])C1=C([H])C([H])=C([H])C([H])=C1[H])C([H])([H])C([H])([H])C(=O)N([H])[H]
 - 36
[H]OC(=N[H])C([H])([H])C([H])([H])C([H])(N([H])C(=O)C([H])(N([H])C(=O)C([H])([H])[H])C([H])([H])C1=C([H])C([H])=C([H])C([H])=C1[H])C(=O)N([H])[H]
 - 42
[H]OC(=N[H])C([H])([H])C([H])([H])C([H])(N([H])C(=O)C([H])(N([H])C(=O)C([H])([H])[H])C([H])([H])C1=C([H])C([H])=C([H])C([H])=C1[H])C(O[H])=N[H]
 - 42
[H]OC(N([H])[H])=C(N([H])C(O[H])=C(N([H])C(=O)C([H])(N([H])C(=O)C([H])([H])[H])C([H])([H])[H])C([H])([H])C([H])(C([H])([H])[H])C([H])([H])[H])C([H])(C([H])([H])[H])C([H])([H])[H]
 - 45
[H]OC(N([H])[H])=C(N([H])C(=O)C([H])(N([H])C(O[H])=C(N([H])C(=O)C([H])([H])[H])C([H])([H])[H])C([H])([H])C([H])(C([H])([H])[H])C([H])([H])[H])C([H])(C([H])([H])[H])C([H])([H])[H]
 - 45
[H]OC(=C([H])[H])N([H])C([H])(C(=O)N([H])C([H])(C(=O)N([H])C(=C(O[H])N([H])[H])C([H])(C([H])([H])[H])C([H])([H])[H])C([H])([H])C([H])(C([H])([H])[H])C([H])([H])[H])C([H])([H])[H]
 - 51
[H]OC(N([H])[H])=C(N([H])C(=O)C([H])(N=C(O[H])C([H])(N([H])C(=O)C([H])([H])[H])C([H])([H])[H])C([H])([H])C([H])(C([H])([H])[H])C([H])([H])[H])C([H])(C([H])([H])[H])C([H])([H])[H]
 - 45
[H]OC(=NC([H])(C(=O)N([H])C([H])(C(=O)N([H])C(=C(O[H])N([H])[H])C([H])(C([H])([H])[H])C([H])([H])[H])C([H])([H])C([H])(C([H])([H])[H])C([H])([H])[H])C([H])([H])[H])C([H])([H])[H]
 - 51
[H]OC(N([H])C([H])(C(O[H])=NC([H])(C(=O)N([H])[H])C([H])(C([H])([H])[H])C([H])([H])[H])C([H])([H])C([H])(C([H])([H])[H])C([H])([H])[H])=C(N([H])C(=O)C([H])([H])[H])C([H])([H])[H]
 - 42
[H]OC(N([H])[H])=C(N=C(O[H])C([H])(N([H])C(=O)C([H])(N([H])C(=O)C([H])([H])[H])C([H])([H])[H])C([H])([H])C([H])(C([H])([H])[H])C([H])([H])[H])C([H])(C([H])([H])[H])C([H])([H])[H]
 - 45
[H]OC(N([H])C([H])(C(=O)N([H])[H])C([H])(C([H])([H])[H])C([H])([H])[H])=C(N=C(O[H])C([H])(N([H])C(=O)C([H])([H])[H])C([H])([H])[H])C([H])([H])C([H])(C([H])([H])[H])C([H])([H])[H]
 - 42
[H]OC(N([H])[H])=C(N([H])C(=O)C([H])(N([H])C(=O)C([H])(N([H])C(=O)C([H])([H])[H])C([H])([H])[H])C([H])([H])C([H])(C([H])([H])[H])C([H])([H])[H])C([H])(C([H])([H])[H])C([H])([H])[H]
 - 45
[H]OC(N([H])C([H])(C(=O)N([H])[H])C([H])(C([H])([H])[H])C([H])([H])[H])=C(N([H])C(=O)C([H])(N([H])C(=O)C([H])([H])[H])C([H])([H])[H])C([H])([H])C([H])(C([H])([H])[H])C([H])([H])[H]
 - 42
[H]OC(N([H])C([H])(C(=O)N([H])C([H])(C(=O)N([H])[H])C([H])(C([H])([H])[H])C([H])([H])[H])C([H])([H])C([H])(C([H])([H])[H])C([H])([H])[H])=C(N([H])C(=O)C([H])([H])[H])C([H])([H])[H]
 - 42
[H]OC(N([H])C([H])(C(=O)N([H])C([H])(C(O[H])=N[H])C([H])(C([H])([H])[H])C([H])([H])[H])C([H])([H])C([H])(C([H])([H])[H])C([H])([H])[H])=C(N([H])C(=O)C([H])([H])[H])C([H])([H])[H]
 - 42
[H]OC(N([H])C([H])(C(O[H])=N[H])C([H])(C([H])([H])[H])C([H])([H])[H])=C(N([H])C(=O)C([H])(N([H])C(=O)C([H])([H])[H])C([H])([H])[H])C([H])([H])C([H])(C([H])([H])[H])C([H])([H])[H]
 - 42
[H]OC(=C([H])[H])N([H])C([H])(C(=O)N([H])C([H])(C(O[H])=NC([H])(C(=O)N([H])[H])C([H])(C([H])([H])[H])C([H])([H])[H])C([H])([H])C([H])(C([H])([H])[H])C([H])([H])[H])C([H])([H])[H]
 - 51
[H]OC(=NC([H])(C(=O)N([H])[H])C([H])(C([H])([H])[H])C([H])([H])[H])C([H])(N=C(O[H])C([H])(N([H])C(=O)C([H])([H])[H])C([H])([H])[H])C([H])([H])C([H])(C([H])([H])[H])C([H])([H])[H]
 - 42
[H]OC(=NC([H])(C(=O)N([H])C([H])(C(O[H])=NC([H])(C(=O)N([H])[H])C([H])(C([H])([H])[H])C([H])([H])[H])C([H])([H])C([H])(C([H])([H])[H])C([H])([H])[H])C([H])([H])[H])C([H])([H])[H]
 - 51
[H]OC(=C([H])[H])N([H])C([H])(C(=O)N([H])C([H])(C(=O)N([H])C([H])(C(=O)N([H])[H])C([H])(C([H])([H])[H])C([H])([H])[H])C([H])([H])C([H])(C([H])([H])[H])C([H])([H])[H])C([H])([H])[H]
 - 51
[H]OC(=NC([H])(C(=O)N([H])C([H])(C(=O)N([H])[H])C([H])(C([H])([H])[H])C([H])([H])[H])C([H])([H])C([H])(C([H])([H])[H])C([H])([H])[H])C([H])(N([H])C(=O)C([H])([H])[H])C([H])([H])[H]
 - 41
[H]OC(=NC([H])(C(=O)N([H])[H])C([H])(C([H])([H])[H])C([H])([H])[H])C([H])(N([H])C(=O)C([H])(N([H])C(=O)C([H])([H])[H])C([H])([H])[H])C([H])([H])C([H])(C([H])([H])[H])C([H])([H])[H]
 - 42
[H]OC(=NC([H])(C(=O)N([H])C([H])(C(=O)N([H])C([H])(C(=O)N([H])[H])C([H])(C([H])([H])[H])C([H])([H])[H])C([H])([H])C([H])(C([H])([H])[H])C([H])([H])[H])C([H])([H])[H])C([H])([H])[H]
 - 51
[H]OC(=C([H])[H])N([H])C([H])(C(=O)N([H])C([H])(C(=O)N([H])C([H])(C(O[H])=N[H])C([H])(C([H])([H])[H])C([H])([H])[H])C([H])([H])C([H])(C([H])([H])[H])C([H])([H])[H])C([H])([H])[H]
 - 51
[H]OC(=NC([H])(C(=O)N([H])C([H])(C(=O)N([H])C([H])(C(O[H])=N[H])C([H])(C([H])([H])[H])C([H])([H])[H])C([H])([H])C([H])(C([H])([H])[H])C([H])([H])[H])C([H])([H])[H])C([H])([H])[H]
 - 51
[H]OC(=N[H])C([H])(N=C(O[H])C([H])(N([H])C(=O)C([H])(N([H])C(=O)C([H])([H])[H])C([H])([H])[H])C([H])([H])C([H])(C([H])([H])[H])C([H])([H])[H])C([H])(C([H])([H])[H])C([H])([H])[H]
 - 45
[H]OC(=N[H])C([H])(N([H])C(=O)C([H])(N=C(O[H])C([H])(N([H])C(=O)C([H])([H])[H])C([H])([H])[H])C([H])([H])C([H])(C([H])([H])[H])C([H])([H])[H])C([H])(C([H])([H])[H])C([H])([H])[H]
 - 45
[H]N([H])C(=O)C([H])(N([H])C(=O)C([H])(N([H])C(=O)C([H])(N([H])C(=O)C([H])([H])[H])C([H])([H])[H])C([H])([H])C([H])(C([H])([H])[H])C([H])([H])[H])C([H])(C([H])([H])[H])C([H])([H])[H]
 - 45
[H]OC(=N[H])C([H])(N([H])C(=O)C([H])(N([H])C(=O)C([H])(N([H])C(=O)C([H])([H])[H])C([H])([H])[H])C([H])([H])C([H])(C([H])([H])[H])C([H])([H])[H])C([H])(C([H])([H])[H])C([H])([H])[H]
 - 45
[H]OC(N([H])[H])=C(N([H])C(O[H])=C(N([H])C(=O)C([H])([H])N([H])C(=O)C([H])([H])[H])C([H])([H])[H])C([H])(C([H])([H])[H])C([H])([H])[H]
 - 33
[H]OC(=C([H])[H])N([H])C([H])([H])C(=O)N([H])C([H])(C(=O)N([H])C(=C(O[H])N([H])[H])C([H])(C([H])([H])[H])C([H])([H])[H])C([H])([H])[H]
 - 39
[H]OC(N([H])[H])=C(N([H])C(=O)C([H])(N=C(O[H])C([H])([H])N([H])C(=O)C([H])([H])[H])C([H])([H])[H])C([H])(C([H])([H])[H])C([H])([H])[H]
 - 33
[H]OC(=NC([H])([H])C(=O)N([H])C([H])(C(=O)N([H])C(=C(O[H])N([H])[H])C([H])(C([H])([H])[H])C([H])([H])[H])C([H])([H])[H])C([H])([H])[H]
 - 39
[H]OC(N([H])C([H])(C(=O)N([H])[H])C([H])(C([H])([H])[H])C([H])([H])[H])=C(N=C(O[H])C([H])([H])N([H])C(=O)C([H])([H])[H])C([H])([H])[H]
 - 23
[H]OC(N([H])[H])=C(N=C(O[H])C([H])(N([H])C(=O)C([H])([H])N([H])C(=O)C([H])([H])[H])C([H])([H])[H])C([H])(C([H])([H])[H])C([H])([H])[H]
 - 33
[H]OC(N([H])C([H])(C(=O)N([H])C(=C(O[H])N([H])[H])C([H])(C([H])([H])[H])C([H])([H])[H])C([H])([H])[H])=C([H])N([H])C(=O)C([H])([H])[H]
 - 33
[H]OC(N([H])[H])=C(N([H])C(=O)C([H])(N([H])C(=O)C([H])([H])N([H])C(=O)C([H])([H])[H])C([H])([H])[H])C([H])(C([H])([H])[H])C([H])([H])[H]
 - 33
[H]OC(N([H])C([H])(C(=O)N([H])[H])C([H])(C([H])([H])[H])C([H])([H])[H])=C(N([H])C(=O)C([H])([H])N([H])C(=O)C([H])([H])[H])C([H])([H])[H]
 - 23
[H]OC(N([H])C([H])(C(O[H])=N[H])C([H])(C([H])([H])[H])C([H])([H])[H])=C(N([H])C(=O)C([H])([H])N([H])C(=O)C([H])([H])[H])C([H])([H])[H]
 - 23
[H]OC(=C([H])[H])N([H])C([H])([H])C(=O)N([H])C([H])(C(O[H])=NC([H])(C(=O)N([H])[H])C([H])(C([H])([H])[H])C([H])([H])[H])C([H])([H])[H]
 - 39
[H]OC(=NC([H])(C(O[H])=NC([H])(C(=O)N([H])[H])C([H])(C([H])([H])[H])C([H])([H])[H])C([H])([H])[H])C([H])([H])N([H])C(=O)C([H])([H])[H]
 - 32
[H]OC(=NC([H])([H])C(=O)N([H])C([H])(C(O[H])=NC([H])(C(=O)N([H])[H])C([H])(C([H])([H])[H])C([H])([H])[H])C([H])([H])[H])C([H])([H])[H]
 - 39
[H]OC(N([H])C([H])(C(O[H])=NC([H])(C(=O)N([H])[H])C([H])(C([H])([H])[H])C([H])([H])[H])C([H])([H])[H])=C([H])N([H])C(=O)C([H])([H])[H]
 - 33
[H]OC(=C([H])[H])N([H])C([H])([H])C(=O)N([H])C([H])(C(=O)N([H])C([H])(C(=O)N([H])[H])C([H])(C([H])([H])[H])C([H])([H])[H])C([H])([H])[H]
 - 39
[H]OC(=NC([H])(C(=O)N([H])[H])C([H])(C([H])([H])[H])C([H])([H])[H])C([H])(N([H])C(=O)C([H])([H])N([H])C(=O)C([H])([H])[H])C([H])([H])[H]
 - 22
[H]OC(=NC([H])(C(=O)N([H])C([H])(C(=O)N([H])[H])C([H])(C([H])([H])[H])C([H])([H])[H])C([H])([H])[H])C([H])([H])N([H])C(=O)C([H])([H])[H]
 - 32
[H]OC(=NC([H])([H])C(=O)N([H])C([H])(C(=O)N([H])C([H])(C(=O)N([H])[H])C([H])(C([H])([H])[H])C([H])([H])[H])C([H])([H])[H])C([H])([H])[H]
 - 39
[H]OC(=C([H])[H])N([H])C([H])([H])C(=O)N([H])C([H])(C(=O)N([H])C([H])(C(O[H])=N[H])C([H])(C([H])([H])[H])C([H])([H])[H])C([H])([H])[H]
 - 39
[H]OC(=NC([H])(C(=O)N([H])C([H])(C(O[H])=N[H])C([H])(C([H])([H])[H])C([H])([H])[H])C([H])([H])[H])C([H])([H])N([H])C(=O)C([H])([H])[H]
 - 32
[H]OC(=NC([H])([H])C(=O)N([H])C([H])(C(=O)N([H])C([H])(C(O[H])=N[H])C([H])(C([H])([H])[H])C([H])([H])[H])C([H])([H])[H])C([H])([H])[H]
 - 39
[H]OC(=N[H])C([H])(N=C(O[H])C([H])(N([H])C(=O)C([H])([H])N([H])C(=O)C([H])([H])[H])C([H])([H])[H])C([H])(C([H])([H])[H])C([H])([H])[H]
 - 33
[H]OC(N([H])C([H])(C(=O)N([H])C([H])(C(=O)N([H])[H])C([H])(C([H])([H])[H])C([H])([H])[H])C([H])([H])[H])=C([H])N([H])C(=O)C([H])([H])[H]
 - 33
[H]OC(N([H])C([H])(C(=O)N([H])C([H])(C(O[H])=N[H])C([H])(C([H])([H])[H])C([H])([H])[H])C([H])([H])[H])=C([H])N([H])C(=O)C([H])([H])[H]
 - 33
[H]N([H])C(=O)C([H])(N([H])C(=O)C([H])(N([H])C(=O)C([H])([H])N([H])C(=O)C([H])([H])[H])C([H])([H])[H])C([H])(C([H])([H])[H])C([H])([H])[H]
 - 33
[H]OC(=N[H])C([H])(N([H])C(=O)C([H])(N([H])C(=O)C([H])([H])N([H])C(=O)C([H])([H])[H])C([H])([H])[H])C([H])(C([H])([H])[H])C([H])([H])[H]
 - 33
[H]OC(=NC([H])([H])[H])C1=C([H])C([H])=C([H])N1[H]
 - 10
[H]N(C(=O)C1=C([H])C([H])=C([H])N1[H])C([H])([H])[H]
 - 14
CNC(=O)c1ccc[nH]1
 - This structure cannot be kekulised!
[H]OC([H])(C([H])([H])N([H])C1([H])C([H])([H])OC([H])([H])C([H])([H])C1([H])Br)C([H])([H])N1C([H])=NC([H])=C1[H]
 - 25
[H]OC(O[H])=C([H])C([H])([H])SC1=NC2=C([H])C([H])=C(Cl)C([H])=C2S(=O)(O[H])=N1
 - 28
[H]OC(=O)C([H])([H])C([H])([H])SC1=NC2=C([H])C([H])=C(Cl)C([H])=C2S(=O)(O[H])=N1
 - 28
[H]OC(O[H])=C([H])C([H])([H])SC1=NS(=O)(=O)C2=C([H])C(Cl)=C([H])C([H])=C2N1[H]
 - 27
[H]OC(O[H])=C([H])C([H])([H])SC1=NC2=C([H])C([H])=C(Cl)C([H])=C2S(=O)(=O)N1[H]
 - 27
[H]OC(=O)C([H])([H])C([H])([H])SC1=NC2=C([H])C([H])=C(Cl)C([H])=C2S(=O)(=O)N1[H]
 - 27
[H]OC(=O)C([H])([H])C([H])([H])SC1=NS(=O)(=O)C2=C([H])C(Cl)=C([H])C([H])=C2N1[H]
 - 27
CNCCN(C)S(=O)(=O)c1ccc(CONC(=O)N)c(c1)[N+](=O)[O-]
 - 'NoneType' object has no attribute 'kekulise'
[H]OC(=NOC([H])([H])C1=C([H])C([H])=C(C([H])=C1[N+]([O-])=O)S(=O)(=O)N(C([H])([H])[H])C([H])([H])C([H])([H])N([H])C([H])([H])[H])N([H])[H]
 - 'NoneType' object has no attribute 'kekulise'
CNCCN(C)S(=O)(=O)C1=CC(=C(CON=C(N)O)C=C1)[N+]([O-])=O
 - 'NoneType' object has no attribute 'kekulise'
CNCCN(C)S(=O)(=O)C1=CC=C(CON=C(N)O)C(=C1)[N+]([O-])=O
 - 'NoneType' object has no attribute 'kekulise'
[H]OC(=N[H])N([H])OC([H])([H])C1=C([H])C([H])=C(C([H])=C1[N+]([O-])=O)S(=O)(=O)N(C([H])([H])[H])C([H])([H])C([H])([H])N([H])C([H])([H])[H]
 - 'NoneType' object has no attribute 'kekulise'
CNCCN(C)S(=O)(=O)C1=CC(=C(CONC(O)=N)C=C1)[N+]([O-])=O
 - 'NoneType' object has no attribute 'kekulise'
CNCCN(C)S(=O)(=O)C1=CC=C(CONC(O)=N)C(=C1)[N+]([O-])=O
 - 'NoneType' object has no attribute 'kekulise'
[H]N([H])C(=O)N([H])OC([H])([H])C1=C([H])C([H])=C(C([H])=C1[N+]([O-])=O)S(=O)(=O)N(C([H])([H])[H])C([H])([H])C([H])([H])N([H])C([H])([H])[H]
 - 'NoneType' object has no attribute 'kekulise'
CNCCN(C)S(=O)(=O)C1=CC(=C(CONC(N)=O)C=C1)[N+]([O-])=O
 - 'NoneType' object has no attribute 'kekulise'
CNCCN(C)S(=O)(=O)C1=CC=C(CONC(N)=O)C(=C1)[N+]([O-])=O
 - 'NoneType' object has no attribute 'kekulise'
CNCCN(C)S(=O)(=O)c1cc(c(CONC(N)=O)cc1)[N+]([O-])=O
 - 'NoneType' object has no attribute 'kekulise'
[O-][n+]1onc(c1CO)c1ccccc1
 - 'NoneType' object has no attribute 'get_contributed_electrons'
[O-][n+]1o[n]c(c1CO)-c1ccccc1
 - This structure cannot be kekulised!
OCC1=[N+]([O-])ON=C1C1=CC=CC=C1
 - 'NoneType' object has no attribute 'kekulise'
OC[C-]1C(=NO[N+]1=O)C1=CC=CC=C1
 - 'NoneType' object has no attribute 'kekulise'
OCC1=C([N-]O[N+]1=O)C1=CC=CC=C1
 - 'NoneType' object has no attribute 'kekulise'
[H]OC([H])([H])C([H])([H])C([H])([H])C([H])([H])S(=O)(=O)C1=C([H])C([H])=C(S1)S(=O)(=O)N([H])[H]
 - 18
[H]OC([H])([H])C([H])([H])C([H])([H])C([H])([H])S(=O)(=O)C1=C([H])C([H])=C(S1)S(=O)(O[H])=N[H]
 - 18
[H]OC([H])([H])C([H])([H])C([H])([H])C([H])=S(=O)(O[H])C1=C([H])C([H])=C(S1)S(=O)(=O)N([H])[H]
 - 18
[H]OC([H])([H])C([H])=C([H])C([H])([H])S([H])(=O)(O[H])C1=C([H])C([H])=C(S1)S(=O)(=O)N([H])[H]
 - 18
[H]OC([H])([H])C([H])([H])C([H])=C([H])S([H])(=O)(O[H])C1=C([H])C([H])=C(S1)S(=O)(=O)N([H])[H]
 - 18
[H]OC([H])([H])C([H])([H])C([H])([H])C([H])=S(=O)(O[H])C1=C([H])C([H])=C(S1)S(=O)(O[H])=N[H]
 - 18
[H]OC([H])([H])C([H])=C([H])C([H])([H])S([H])(=O)(O[H])C1=C([H])C([H])=C(S1)S(=O)(O[H])=N[H]
 - 18
[H]OC([H])([H])C([H])([H])C([H])=C([H])S([H])(=O)(O[H])C1=C([H])C([H])=C(S1)S(=O)(O[H])=N[H]
 - 18
[H]OC([H])([H])C([H])([H])C([H])=C=S([H])(O[H])(O[H])C1=C([H])C([H])=C(S1)S(=O)(=O)N([H])[H]
 - 18
[H]OS([H])(O[H])(=C([H])C([H])([H])C([H])([H])C([H])=O)C1=C([H])C([H])=C(S1)S(=O)(=O)N([H])[H]
 - 18
[H]OC([H])=C([H])C([H])([H])C([H])=S([H])(O[H])(O[H])C1=C([H])C([H])=C(S1)S(=O)(=O)N([H])[H]
 - 18
[H]OC([H])([H])C([H])=C([H])C([H])=S([H])(O[H])(O[H])C1=C([H])C([H])=C(S1)S(=O)(=O)N([H])[H]
 - 18
[H]OS([H])([H])(O[H])(C1=C([H])C([H])=C(S1)S(=O)(=O)N([H])[H])C([H])([H])C([H])=C([H])C([H])=O
 - 21
[H]OS([H])([H])(O[H])(C([H])=C([H])C([H])([H])C([H])=O)C1=C([H])C([H])=C(S1)S(=O)(=O)N([H])[H]
 - 18
[H]OC([H])=C([H])C([H])=C([H])S([H])([H])(O[H])(O[H])C1=C([H])C([H])=C(S1)S(=O)(=O)N([H])[H]
 - 18
[H]OC([H])=C=C([H])C([H])([H])S([H])([H])(O[H])(O[H])C1=C([H])C([H])=C(S1)S(=O)(=O)N([H])[H]
 - 18
[H]OC([H])([H])C([H])([H])C([H])=C=S([H])(O[H])(O[H])C1=C([H])C([H])=C(S1)S(=O)(O[H])=N[H]
 - 18
[H]OC([H])([H])C([H])=C=C([H])S([H])([H])(O[H])(O[H])C1=C([H])C([H])=C(S1)S(=O)(=O)N([H])[H]
 - 18
[H]OS(=O)(=N[H])C1=C([H])C([H])=C(S1)S([H])(O[H])(O[H])=C([H])C([H])([H])C([H])([H])C([H])=O
 - 18
[H]OC([H])=C([H])C([H])([H])C([H])=S([H])(O[H])(O[H])C1=C([H])C([H])=C(S1)S(=O)(O[H])=N[H]
 - 18
[H]OC([H])([H])C([H])=C([H])C([H])=S([H])(O[H])(O[H])C1=C([H])C([H])=C(S1)S(=O)(O[H])=N[H]
 - 18
[H]OS(=O)(=N[H])C1=C([H])C([H])=C(S1)S([H])([H])(O[H])(O[H])C([H])([H])C([H])=C([H])C([H])=O
 - 19
[H]OS(=O)(=N[H])C1=C([H])C([H])=C(S1)S([H])([H])(O[H])(O[H])C([H])=C([H])C([H])([H])C([H])=O
 - 19
[H]OC([H])=C([H])C([H])=C([H])S([H])([H])(O[H])(O[H])C1=C([H])C([H])=C(S1)S(=O)(O[H])=N[H]
 - 18
[H]OC([H])=C=C([H])C([H])([H])S([H])([H])(O[H])(O[H])C1=C([H])C([H])=C(S1)S(=O)(O[H])=N[H]
 - 18
[H]OC([H])([H])C([H])=C=C([H])S([H])([H])(O[H])(O[H])C1=C([H])C([H])=C(S1)S(=O)(O[H])=N[H]
 - 18
[H]OC(=NC([H])(C(=O)OC([H])([H])[H])C([H])([H])[H])C1=C([H])N(C2=NC(=C([H])C([H])=C2C1=O)C([H])([H])[H])C([H])([H])C([H])([H])[H]
 - 30
[H]N(C(=O)C1=C([H])N(C2=C(C([H])=C([H])C(=N2)C([H])([H])[H])C1=O)C([H])([H])C([H])([H])[H])C([H])(C(=O)OC([H])([H])[H])C([H])([H])[H]
 - 30
[H]N(C(=O)C1=C([H])N(C2=NC(=C([H])C([H])=C2C1=O)C([H])([H])[H])C([H])([H])C([H])([H])[H])C([H])(C(=O)OC([H])([H])[H])C([H])([H])[H]
 - 30
[H]C1=NC([H])=C(Cl)N=C1OC([H])([H])C([H])([H])[H]
 - 11
[H]C1=NC([H])=C(OC([H])([H])[H])N=C1N(C([H])([H])[H])C([H])([H])[H]
 - 13
CC1=C(C(=NC2=CC=C(C)C=C2)N(N1)C1=CC=CC=C1)[N+]([O-])=O
 - 'NoneType' object has no attribute 'kekulise'
[H]N(C1=C(C(=NN1C1=C([H])C([H])=C([H])C([H])=C1[H])C([H])([H])[H])[N+]([O-])=O)C1=C([H])C([H])=C(C([H])=C1[H])C([H])([H])[H]
 - 'NoneType' object has no attribute 'kekulise'
c1cc(C)ccc1Nc1c([N+](=O)[O-])c(C)nn1c1ccccc1
 - 'NoneType' object has no attribute 'kekulise'
CC1=NN(C(NC2=CC=C(C)C=C2)=C1[N+]([O-])=O)C1=CC=CC=C1
 - 'NoneType' object has no attribute 'kekulise'
Cc1ccc(cc1)Nc1c(c(C)[n][n]1-c1ccccc1)[N+]([O-])=O
 - 'NoneType' object has no attribute 'kekulise'
[H]N1N(C(=NC2=C([H])C([H])=C(C([H])=C2[H])C([H])([H])[H])C(=C1C([H])([H])[H])[N+]([O-])=O)C1=C([H])C([H])=C([H])C([H])=C1[H]
 - 'NoneType' object has no attribute 'kekulise'
[H]OC(=C([H])C([H])([H])[H])C1(C2=C([H])C([H])=C([H])C(OC(=O)C(C([H])([H])[H])(C([H])([H])[H])C([H])([H])[H])=C2[H])C([H])([H])C([H])([H])N(C([H])([H])[H])C([H])([H])C1([H])[H]
 - 37
[H]C1=C([H])C(OC(=O)C(C([H])([H])[H])(C([H])([H])[H])C([H])([H])[H])=C([H])C(=C1[H])C1(C(=O)C([H])([H])C([H])([H])[H])C([H])([H])C([H])([H])N(C([H])([H])[H])C([H])([H])C1([H])[H]
 - 25
[H]OC(=C([H])C([H])([H])[H])C1(C2=C([H])C([H])=C([H])C(OC(=O)OC([H])([H])[H])=C2[H])C([H])([H])C([H])([H])N(C([H])([H])[H])C([H])([H])C1([H])[H]
 - 29
[H]C1=C([H])C(OC(=O)OC([H])([H])[H])=C([H])C(=C1[H])C1(C(=O)C([H])([H])C([H])([H])[H])C([H])([H])C([H])([H])N(C([H])([H])[H])C([H])([H])C1([H])[H]
 - 29
[H]OC(=C([H])C([H])([H])[H])C1(C2=C([H])C(OC(=O)OC([H])(C([H])([H])[H])C([H])([H])[H])=C([H])C([H])=C2[H])C([H])([H])C([H])([H])N(C([H])([H])[H])C([H])([H])C1([H])[H]
 - 35
[H]C1=C([H])C(=C([H])C(OC(=O)OC([H])(C([H])([H])[H])C([H])([H])[H])=C1[H])C1(C(=O)C([H])([H])C([H])([H])[H])C([H])([H])C([H])([H])N(C([H])([H])[H])C([H])([H])C1([H])[H]
 - 25
[H]OC(=C([H])C([H])([H])[H])C1(C2=C([H])C(OC(=O)OC([H])([H])C([H])(C([H])([H])[H])C([H])([H])[H])=C([H])C([H])=C2[H])C([H])([H])C([H])([H])N(C([H])([H])[H])C([H])([H])C1([H])[H]
 - 38
[H]C1=C([H])C(=C([H])C(OC(=O)OC([H])([H])C([H])(C([H])([H])[H])C([H])([H])[H])=C1[H])C1(C(=O)C([H])([H])C([H])([H])[H])C([H])([H])C([H])([H])N(C([H])([H])[H])C([H])([H])C1([H])[H]
 - 26
[H]OC(=NC([H])([H])C([H])([H])C([H])([H])C([H])([H])[H])C1=C([H])C([H])=C2C([H])=C(O[H])C(O[H])=C([H])C2=C1[H]
 - 35
[H]OC1=C([H])C2=C([H])C([H])=C(C([H])=C2C([H])=C1O[H])C(=O)N([H])C([H])([H])C([H])([H])C([H])([H])C([H])([H])[H]
 - 20
[H]N(C([H])=O)C(=C(\\[H])C1=C([H])C(Cl)=C([H])C([H])=C1[H])\\C(=O)OC([H])([H])C([H])([H])[H]
 - 2 bonds in a row
c1cc(c2ccncc2)ccc1C(O)(Cn1cncc1)c1ccc(N(C)C)cc1
 - 'NoneType' object has no attribute 'get_contributed_electrons'
[H]OC(C1=C([H])C([H])=C(C([H])=C1[H])N(C([H])([H])[H])C([H])([H])[H])(C1=C([H])C([H])=C(C([H])=C1[H])C1=C([H])C([H])=NC([H])=C1[H])C([H])([H])N1C([H])=NC([H])=C1[H]
 - 43
c1cc(c2ccncc2)ccc1C(O)(CN3C=NC=C3)c4ccc(N(C)C)cc4
 - 'NoneType' object has no attribute 'get_contributed_electrons'
[H]C#CC([H])([H])OC1=C(Cl)C([H])=C(Cl)C(OC(=O)N2C([H])([H])C([H])([H])C(F)(F)C([H])([H])C2([H])[H])=C1[H]
 - 35
CC(C)OC(=O)CSc1ccc(cc1)[N+]([O-])=O
 - 'NoneType' object has no attribute 'kekulise'
[H]C1=C([H])C(=C([H])C([H])=C1SC([H])([H])C(=O)OC([H])(C([H])([H])[H])C([H])([H])[H])[N+]([O-])=O
 - 'NoneType' object has no attribute 'kekulise'
c1cc([N+](=O)[O-])ccc1SCC(=O)OC(C)C
 - 'NoneType' object has no attribute 'kekulise'
CC(C)OC(=O)CSC1=CC=C(C=C1)[N+]([O-])=O
 - 'NoneType' object has no attribute 'kekulise'
[H]OC(=NC([H])([H])C([H])([H])C([H])([H])O[H])C([H])([H])OC1=C([H])C([H])=C(OC([H])([H])C([H])([H])N([H])C([H])([H])C([H])(O[H])C([H])([H])OC2=C([H])C([H])=C([H])C([H])=C2[H])C([H])=C1[H]
 - 59
[H]OC(N([H])C([H])([H])C([H])([H])C([H])([H])O[H])=C([H])OC1=C([H])C([H])=C(OC([H])([H])C([H])([H])N([H])C([H])([H])C([H])(O[H])C([H])([H])OC2=C([H])C([H])=C([H])C([H])=C2[H])C([H])=C1[H]
 - 59
[H]OC([H])([H])C([H])([H])C([H])([H])N([H])C(=O)C([H])([H])OC1=C([H])C([H])=C(OC([H])([H])C([H])([H])N([H])C([H])([H])C([H])(O[H])C([H])([H])OC2=C([H])C([H])=C([H])C([H])=C2[H])C([H])=C1[H]
 - 59
[H]OC([H])([H])C1([H])OC([H])(N2C([H])=C([H])C(\\N=C(/[H])N(C([H])([H])C([H])([H])C([H])([H])[H])C([H])([H])C([H])([H])C([H])([H])[H])=NC2=O)C([H])([H])C1([H])F
 - 2 bonds in a row
[H]SC1=NN=C(C(=O)N1N([H])[H])C1=C([H])C(Cl)=C([H])C(Cl)=C1[H]
 - 22
O=c1n(N)c(S)nnc1c1cc(Cl)cc(Cl)c1
 - 'NoneType' object has no attribute 'get_contributed_electrons'
[H]OC1=C(N=NC(=S)N1N([H])[H])C1=C([H])C(Cl)=C([H])C(Cl)=C1[H]
 - 22
[H]N([H])N1C(=S)N([H])N=C(C1=O)C1=C([H])C(Cl)=C([H])C(Cl)=C1[H]
 - 22
[H]C1=NC(=C([H])S1)C1=NC2=C([H])C([H])=C([H])C([H])=C2N1C(=O)OC([H])([H])C([H])(C([H])([H])[H])C([H])([H])[H]
 - 22
n1cscc1c1nc2ccccc2n1C(=O)OCC(C)C
 - 'NoneType' object has no attribute 'get_contributed_electrons'
CN1N=C2C=CC(=CC2=N1)N=C(O)C1=CC=C(C=C1)[N+]([O-])=O
 - 'NoneType' object has no attribute 'kekulise'
[H]N(C(=O)C1=C([H])C([H])=C(C([H])=C1[H])[N+]([O-])=O)C1=C([H])C2=NN(N=C2C([H])=C1[H])C([H])([H])[H]
 - 'NoneType' object has no attribute 'kekulise'
C[n]1[n]c2ccc(cc2[n]1)NC(=O)c1ccc(cc1)[N+]([O-])=O
 - 'NoneType' object has no attribute 'kekulise'
c1cc2nn(C)nc2cc1NC(=O)c1ccc([N+](=O)[O-])cc1
 - 'NoneType' object has no attribute 'kekulise'
CN1N=C2C=CC(NC(=O)C3=CC=C(C=C3)[N+]([O-])=O)=CC2=N1
 - 'NoneType' object has no attribute 'kekulise'
[H]OC(=NC1=C([H])C2=NN(N=C2C([H])=C1[H])C([H])([H])[H])C1=C([H])C([H])=C(C([H])=C1[H])[N+]([O-])=O
 - 'NoneType' object has no attribute 'kekulise'
[H]N1N(N=C2C([H])=C([H])C(=NC(=O)C3=C([H])C([H])=C(C([H])=C3[H])[N+]([O-])=O)C([H])=C12)C([H])([H])[H]
 - 'NoneType' object has no attribute 'kekulise'
CN1NC2=CC(C=CC2=N1)=NC(=O)C1=CC=C(C=C1)[N+]([O-])=O
 - 'NoneType' object has no attribute 'kekulise'
[H]N(C(=O)C1=C([H])C(OC([H])([H])[H])=C(OC([H])([H])[H])C(OC([H])([H])[H])=C1[H])C1=C([H])C2=NN(N=C2C([H])=C1[H])C([H])([H])[H]
 - 28
[H]OC(=NC1=C([H])C2=NN(N=C2C([H])=C1[H])C([H])([H])[H])C1=C([H])C(OC([H])([H])[H])=C(OC([H])([H])[H])C(OC([H])([H])[H])=C1[H]
 - 42
[H]N1N(N=C2C([H])=C([H])C(=NC(=O)C3=C([H])C(OC([H])([H])[H])=C(OC([H])([H])[H])C(OC([H])([H])[H])=C3[H])C([H])=C12)C([H])([H])[H]
 - 39
Oc1c(c(=O)[nH]c2cc(Cl)ccc12)c1cc(ccc1)Oc1ccccc1
 - 'NoneType' object has no attribute 'kekulise'
[H]OC1=NC2=C([H])C(Cl)=C([H])C([H])=C2C(O[H])=C1C1=C([H])C([H])=C([H])C(OC2=C([H])C([H])=C([H])C([H])=C2[H])=C1[H]
 - 39
[H]OC1=NC2=C([H])C(Cl)=C([H])C([H])=C2C(=O)C1([H])C1=C([H])C([H])=C([H])C(OC2=C([H])C([H])=C([H])C([H])=C2[H])=C1[H]
 - 39
[H]N1C(=O)C([H])(C(=O)C2=C([H])C([H])=C(Cl)C([H])=C12)C1=C([H])C([H])=C([H])C(OC2=C([H])C([H])=C([H])C([H])=C2[H])=C1[H]
 - 39
[H]OC1=C(C(=O)C2=C([H])C([H])=C(Cl)C([H])=C2N1[H])C1=C([H])C([H])=C([H])C(OC2=C([H])C([H])=C([H])C([H])=C2[H])=C1[H]
 - 39
[H]OC1=C(C(=O)N([H])C2=C([H])C(Cl)=C([H])C([H])=C12)C1=C([H])C([H])=C([H])C(OC2=C([H])C([H])=C([H])C([H])=C2[H])=C1[H]
 - 39
[H]OC1=C2C([H])=C([H])C(Cl)=C([H])C2=NC(=O)C1([H])C1=C([H])C([H])=C([H])C(OC2=C([H])C([H])=C([H])C([H])=C2[H])=C1[H]
 - 39
[H]OC(C1=C([H])C([H])=C([H])C(Br)=C1[H])(C1=C([H])C([H])=C(F)C([H])=C1F)C([H])([H])N1C([H])=NC([H])=C1[H]
 - 26
[H]OC(N([H])C([H])([H])C([H])([H])N([H])C1=NN([H])C(=N1)N([H])[H])=C(C([H])([H])C([H])(O[H])C([H])(N([H])C(=O)C([H])(N([H])C(=C(O[H])N1C([H])([H])C([H])([H])C([H])(OC([H])([H])OC([H])([H])[H])C([H])([H])C1([H])[H])C([H])([H])C1=C([H])C([H])=C([H])C([H])=C1[H])C([H])([H])C([H])([H])C([H])([H])C([H])([H])[H])C([H])([H])C1([H])C([H])([H])C([H])([H])C([H])([H])C([H])([H])C1([H])[H])C([H])(C([H])([H])[H])C([H])([H])[H]
 - 116
[H]OC(N([H])C([H])([H])C([H])([H])N([H])C1=NN([H])C(=N1)N([H])[H])=C(C([H])([H])C([H])(O[H])C([H])(N([H])C(O[H])=C(N([H])C([H])(C(=O)N1C([H])([H])C([H])([H])C([H])(OC([H])([H])OC([H])([H])[H])C([H])([H])C1([H])[H])C([H])([H])C1=C([H])C([H])=C([H])C([H])=C1[H])C([H])([H])C([H])([H])C([H])([H])C([H])([H])[H])C([H])([H])C1([H])C([H])([H])C([H])([H])C([H])([H])C([H])([H])C1([H])[H])C([H])(C([H])([H])[H])C([H])([H])[H]
 - 116
[H]OC(N([H])C([H])(C([H])([H])C1([H])C([H])([H])C([H])([H])C([H])([H])C([H])([H])C1([H])[H])C([H])(O[H])C([H])([H])C([H])(C(O[H])=NC([H])([H])C([H])([H])N([H])C1=NN([H])C(=N1)N([H])[H])C([H])(C([H])([H])[H])C([H])([H])[H])=C(N([H])C([H])(C(=O)N1C([H])([H])C([H])([H])C([H])(OC([H])([H])OC([H])([H])[H])C([H])([H])C1([H])[H])C([H])([H])C1=C([H])C([H])=C([H])C([H])=C1[H])C([H])([H])C([H])([H])C([H])([H])C([H])([H])[H]
 - 68
[H]OC(N1C([H])([H])C([H])([H])C([H])(OC([H])([H])OC([H])([H])[H])C([H])([H])C1([H])[H])=C(N([H])C([H])(C(=O)N([H])C([H])(C([H])([H])C1([H])C([H])([H])C([H])([H])C([H])([H])C([H])([H])C1([H])[H])C([H])(O[H])C([H])([H])C([H])(C(=O)N([H])C([H])([H])C([H])([H])N([H])C1=NN([H])C(=N1)N([H])[H])C([H])(C([H])([H])[H])C([H])([H])[H])C([H])([H])C([H])([H])C([H])([H])C([H])([H])[H])C([H])([H])C1=C([H])C([H])=C([H])C([H])=C1[H]
 - 112
[H]OC(N([H])C([H])(C([H])([H])C1([H])C([H])([H])C([H])([H])C([H])([H])C([H])([H])C1([H])[H])C([H])(O[H])C([H])([H])C([H])(C(=O)N([H])C([H])([H])C([H])([H])N([H])C1=NN([H])C(=N1)N([H])[H])C([H])(C([H])([H])[H])C([H])([H])[H])=C(N([H])C([H])(C(=O)N1C([H])([H])C([H])([H])C([H])(OC([H])([H])OC([H])([H])[H])C([H])([H])C1([H])[H])C([H])([H])C1=C([H])C([H])=C([H])C([H])=C1[H])C([H])([H])C([H])([H])C([H])([H])C([H])([H])[H]
 - 68
[H]OC(N([H])C([H])([H])C([H])([H])N([H])C1=NN([H])C(=N1)N([H])[H])=C(C([H])([H])C([H])(O[H])C([H])(N=C(O[H])C([H])(N([H])C([H])(C(=O)N1C([H])([H])C([H])([H])C([H])(OC([H])([H])OC([H])([H])[H])C([H])([H])C1([H])[H])C([H])([H])C1=C([H])C([H])=C([H])C([H])=C1[H])C([H])([H])C([H])([H])C([H])([H])C([H])([H])[H])C([H])([H])C1([H])C([H])([H])C([H])([H])C([H])([H])C([H])([H])C1([H])[H])C([H])(C([H])([H])[H])C([H])([H])[H]
 - 116
[H]OC(N([H])C([H])([H])C([H])([H])N([H])C1=NN([H])C(=N1)N([H])[H])=C(C([H])([H])C([H])(O[H])C([H])(N([H])C(=O)C([H])(N([H])C([H])(C(=O)N1C([H])([H])C([H])([H])C([H])(OC([H])([H])OC([H])([H])[H])C([H])([H])C1([H])[H])C([H])([H])C1=C([H])C([H])=C([H])C([H])=C1[H])C([H])([H])C([H])([H])C([H])([H])C([H])([H])[H])C([H])([H])C1([H])C([H])([H])C([H])([H])C([H])([H])C([H])([H])C1([H])[H])C([H])(C([H])([H])[H])C([H])([H])[H]
 - 116
[H]OC(N([H])C([H])([H])C([H])([H])N([H])C1=NC(=NN1[H])N([H])[H])=C(C([H])([H])C([H])(O[H])C([H])(N([H])C(=O)C([H])(N([H])C([H])(C(=O)N1C([H])([H])C([H])([H])C([H])(OC([H])([H])OC([H])([H])[H])C([H])([H])C1([H])[H])C([H])([H])C1=C([H])C([H])=C([H])C([H])=C1[H])C([H])([H])C([H])([H])C([H])([H])C([H])([H])[H])C([H])([H])C1([H])C([H])([H])C([H])([H])C([H])([H])C([H])([H])C1([H])[H])C([H])(C([H])([H])[H])C([H])([H])[H]
 - 116
[H]OC(N([H])C([H])([H])C([H])([H])N([H])C1=NN=C(N([H])[H])N1[H])=C(C([H])([H])C([H])(O[H])C([H])(N([H])C(=O)C([H])(N([H])C([H])(C(=O)N1C([H])([H])C([H])([H])C([H])(OC([H])([H])OC([H])([H])[H])C([H])([H])C1([H])[H])C([H])([H])C1=C([H])C([H])=C([H])C([H])=C1[H])C([H])([H])C([H])([H])C([H])([H])C([H])([H])[H])C([H])([H])C1([H])C([H])([H])C([H])([H])C([H])([H])C([H])([H])C1([H])[H])C([H])(C([H])([H])[H])C([H])([H])[H]
 - 116
[H]OC(=NC([H])(C([H])([H])C1([H])C([H])([H])C([H])([H])C([H])([H])C([H])([H])C1([H])[H])C([H])(O[H])C([H])([H])C([H])(C(O[H])=NC([H])([H])C([H])([H])N([H])C1=NN([H])C(=N1)N([H])[H])C([H])(C([H])([H])[H])C([H])([H])[H])C([H])(N([H])C([H])(C(=O)N1C([H])([H])C([H])([H])C([H])(OC([H])([H])OC([H])([H])[H])C([H])([H])C1([H])[H])C([H])([H])C1=C([H])C([H])=C([H])C([H])=C1[H])C([H])([H])C([H])([H])C([H])([H])C([H])([H])[H]
 - 67
[H]OC(N([H])C([H])([H])C([H])([H])N([H])C1=NN([H])C(=N[H])N1[H])=C(C([H])([H])C([H])(O[H])C([H])(N([H])C(=O)C([H])(N([H])C([H])(C(=O)N1C([H])([H])C([H])([H])C([H])(OC([H])([H])OC([H])([H])[H])C([H])([H])C1([H])[H])C([H])([H])C1=C([H])C([H])=C([H])C([H])=C1[H])C([H])([H])C([H])([H])C([H])([H])C([H])([H])[H])C([H])([H])C1([H])C([H])([H])C([H])([H])C([H])([H])C([H])([H])C1([H])[H])C([H])(C([H])([H])[H])C([H])([H])[H]
 - 116
[H]OC(=NC([H])([H])C([H])([H])N([H])C1=NC(=NN1[H])N([H])[H])C([H])(C([H])([H])C([H])(O[H])C([H])(N([H])C(=O)C([H])(N([H])C([H])(C(=O)N1C([H])([H])C([H])([H])C([H])(OC([H])([H])OC([H])([H])[H])C([H])([H])C1([H])[H])C([H])([H])C1=C([H])C([H])=C([H])C([H])=C1[H])C([H])([H])C([H])([H])C([H])([H])C([H])([H])[H])C([H])([H])C1([H])C([H])([H])C([H])([H])C([H])([H])C([H])([H])C1([H])[H])C([H])(C([H])([H])[H])C([H])([H])[H]
 - 116
[H]OC(=NC([H])([H])C([H])([H])N([H])C1=NN([H])C(=N1)N([H])[H])C([H])(C([H])([H])C([H])(O[H])C([H])(N([H])C(=O)C([H])(N([H])C([H])(C(=O)N1C([H])([H])C([H])([H])C([H])(OC([H])([H])OC([H])([H])[H])C([H])([H])C1([H])[H])C([H])([H])C1=C([H])C([H])=C([H])C([H])=C1[H])C([H])([H])C([H])([H])C([H])([H])C([H])([H])[H])C([H])([H])C1([H])C([H])([H])C([H])([H])C([H])([H])C([H])([H])C1([H])[H])C([H])(C([H])([H])[H])C([H])([H])[H]
 - 116
[H]OC(=NC([H])(C([H])([H])C1([H])C([H])([H])C([H])([H])C([H])([H])C([H])([H])C1([H])[H])C([H])(O[H])C([H])([H])C([H])(C(=O)N([H])C([H])([H])C([H])([H])N([H])C1=NN([H])C(=N1)N([H])[H])C([H])(C([H])([H])[H])C([H])([H])[H])C([H])(N([H])C([H])(C(=O)N1C([H])([H])C([H])([H])C([H])(OC([H])([H])OC([H])([H])[H])C([H])([H])C1([H])[H])C([H])([H])C1=C([H])C([H])=C([H])C([H])=C1[H])C([H])([H])C([H])([H])C([H])([H])C([H])([H])[H]
 - 67
[H]OC(=NC([H])([H])C([H])([H])N([H])C1=NN=C(N([H])[H])N1[H])C([H])(C([H])([H])C([H])(O[H])C([H])(N([H])C(=O)C([H])(N([H])C([H])(C(=O)N1C([H])([H])C([H])([H])C([H])(OC([H])([H])OC([H])([H])[H])C([H])([H])C1([H])[H])C([H])([H])C1=C([H])C([H])=C([H])C([H])=C1[H])C([H])([H])C([H])([H])C([H])([H])C([H])([H])[H])C([H])([H])C1([H])C([H])([H])C([H])([H])C([H])([H])C([H])([H])C1([H])[H])C([H])(C([H])([H])[H])C([H])([H])[H]
 - 116
[H]OC([H])(C([H])([H])C([H])(C(=O)N([H])C([H])([H])C([H])([H])N([H])C1=NC(=NN1[H])N([H])[H])C([H])(C([H])([H])[H])C([H])([H])[H])C([H])(N([H])C(=O)C([H])(N([H])C([H])(C(=O)N1C([H])([H])C([H])([H])C([H])(OC([H])([H])OC([H])([H])[H])C([H])([H])C1([H])[H])C([H])([H])C1=C([H])C([H])=C([H])C([H])=C1[H])C([H])([H])C([H])([H])C([H])([H])C([H])([H])[H])C([H])([H])C1([H])C([H])([H])C([H])([H])C([H])([H])C([H])([H])C1([H])[H]
 - 106
[H]OC([H])(C([H])([H])C([H])(C(=O)N([H])C([H])([H])C([H])([H])N([H])C1=NN([H])C(=N1)N([H])[H])C([H])(C([H])([H])[H])C([H])([H])[H])C([H])(N([H])C(=O)C([H])(N([H])C([H])(C(=O)N1C([H])([H])C([H])([H])C([H])(OC([H])([H])OC([H])([H])[H])C([H])([H])C1([H])[H])C([H])([H])C1=C([H])C([H])=C([H])C([H])=C1[H])C([H])([H])C([H])([H])C([H])([H])C([H])([H])[H])C([H])([H])C1([H])C([H])([H])C([H])([H])C([H])([H])C([H])([H])C1([H])[H]
 - 106
CC(C)C(CC(O)C(CC1CCCCC1)NC(=O)C(CCCC)NC(Cc1ccccc1)C(=O)N1CCC(CC1)OCOC)C(=O)NCCNc1[n][nH]c(N)[n]1
 - This structure cannot be kekulised!
n1c(N)[nH]nc1NCCNC(=O)C(C(C)C)CC(O)C(CC1CCCCC1)NC(=O)C(CCCC)NC(Cc1ccccc1)C(=O)N1CCC(OCOC)CC1
 - This structure cannot be kekulised!
[H]OC([H])(C([H])([H])C([H])(C(=O)N([H])C([H])([H])C([H])([H])N([H])C1=NN=C(N([H])[H])N1[H])C([H])(C([H])([H])[H])C([H])([H])[H])C([H])(N([H])C(=O)C([H])(N([H])C([H])(C(=O)N1C([H])([H])C([H])([H])C([H])(OC([H])([H])OC([H])([H])[H])C([H])([H])C1([H])[H])C([H])([H])C1=C([H])C([H])=C([H])C([H])=C1[H])C([H])([H])C([H])([H])C([H])([H])C([H])([H])[H])C([H])([H])C1([H])C([H])([H])C([H])([H])C([H])([H])C([H])([H])C1([H])[H]
 - 106
[H]OC(=NC([H])([H])C([H])([H])N([H])C1=NN([H])C(=N[H])N1[H])C([H])(C([H])([H])C([H])(O[H])C([H])(N([H])C(=O)C([H])(N([H])C([H])(C(=O)N1C([H])([H])C([H])([H])C([H])(OC([H])([H])OC([H])([H])[H])C([H])([H])C1([H])[H])C([H])([H])C1=C([H])C([H])=C([H])C([H])=C1[H])C([H])([H])C([H])([H])C([H])([H])C([H])([H])[H])C([H])([H])C1([H])C([H])([H])C([H])([H])C([H])([H])C([H])([H])C1([H])[H])C([H])(C([H])([H])[H])C([H])([H])[H]
 - 116
[H]OC([H])(C([H])([H])C([H])(C(=O)N([H])C([H])([H])C([H])([H])N([H])C1=NN([H])C(=N[H])N1[H])C([H])(C([H])([H])[H])C([H])([H])[H])C([H])(N([H])C(=O)C([H])(N([H])C([H])(C(=O)N1C([H])([H])C([H])([H])C([H])(OC([H])([H])OC([H])([H])[H])C([H])([H])C1([H])[H])C([H])([H])C1=C([H])C([H])=C([H])C([H])=C1[H])C([H])([H])C([H])([H])C([H])([H])C([H])([H])[H])C([H])([H])C1([H])C([H])([H])C([H])([H])C([H])([H])C([H])([H])C1([H])[H]
 - 106
[H]OC(N([H])C([H])([H])C([H])([H])N=C1N=C(N([H])[H])N([H])N1[H])=C(C([H])([H])C([H])(O[H])C([H])(N([H])C(=O)C([H])(N([H])C([H])(C(=O)N1C([H])([H])C([H])([H])C([H])(OC([H])([H])OC([H])([H])[H])C([H])([H])C1([H])[H])C([H])([H])C1=C([H])C([H])=C([H])C([H])=C1[H])C([H])([H])C([H])([H])C([H])([H])C([H])([H])[H])C([H])([H])C1([H])C([H])([H])C([H])([H])C([H])([H])C([H])([H])C1([H])[H])C([H])(C([H])([H])[H])C([H])([H])[H]
 - 116
[H]OC(N([H])C([H])([H])C([H])([H])N([H])C1=NC(=N[H])N([H])N1[H])=C(C([H])([H])C([H])(O[H])C([H])(N([H])C(=O)C([H])(N([H])C([H])(C(=O)N1C([H])([H])C([H])([H])C([H])(OC([H])([H])OC([H])([H])[H])C([H])([H])C1([H])[H])C([H])([H])C1=C([H])C([H])=C([H])C([H])=C1[H])C([H])([H])C([H])([H])C([H])([H])C([H])([H])[H])C([H])([H])C1([H])C([H])([H])C([H])([H])C([H])([H])C([H])([H])C1([H])[H])C([H])(C([H])([H])[H])C([H])([H])[H]
 - 116
[H]OC(=NC([H])([H])C([H])([H])N=C1N=C(N([H])[H])N([H])N1[H])C([H])(C([H])([H])C([H])(O[H])C([H])(N([H])C(=O)C([H])(N([H])C([H])(C(=O)N1C([H])([H])C([H])([H])C([H])(OC([H])([H])OC([H])([H])[H])C([H])([H])C1([H])[H])C([H])([H])C1=C([H])C([H])=C([H])C([H])=C1[H])C([H])([H])C([H])([H])C([H])([H])C([H])([H])[H])C([H])([H])C1([H])C([H])([H])C([H])([H])C([H])([H])C([H])([H])C1([H])[H])C([H])(C([H])([H])[H])C([H])([H])[H]
 - 116
[H]OC([H])(C([H])([H])C([H])(C(=O)N([H])C([H])([H])C([H])([H])N=C1N=C(N([H])[H])N([H])N1[H])C([H])(C([H])([H])[H])C([H])([H])[H])C([H])(N([H])C(=O)C([H])(N([H])C([H])(C(=O)N1C([H])([H])C([H])([H])C([H])(OC([H])([H])OC([H])([H])[H])C([H])([H])C1([H])[H])C([H])([H])C1=C([H])C([H])=C([H])C([H])=C1[H])C([H])([H])C([H])([H])C([H])([H])C([H])([H])[H])C([H])([H])C1([H])C([H])([H])C([H])([H])C([H])([H])C([H])([H])C1([H])[H]
 - 106
[H]OC(=NC([H])([H])C([H])([H])N([H])C1=NC(=N[H])N([H])N1[H])C([H])(C([H])([H])C([H])(O[H])C([H])(N([H])C(=O)C([H])(N([H])C([H])(C(=O)N1C([H])([H])C([H])([H])C([H])(OC([H])([H])OC([H])([H])[H])C([H])([H])C1([H])[H])C([H])([H])C1=C([H])C([H])=C([H])C([H])=C1[H])C([H])([H])C([H])([H])C([H])([H])C([H])([H])[H])C([H])([H])C1([H])C([H])([H])C([H])([H])C([H])([H])C([H])([H])C1([H])[H])C([H])(C([H])([H])[H])C([H])([H])[H]
 - 116
[H]OC([H])(C([H])([H])C([H])(C(=O)N([H])C([H])([H])C([H])([H])N([H])C1=NC(=N[H])N([H])N1[H])C([H])(C([H])([H])[H])C([H])([H])[H])C([H])(N([H])C(=O)C([H])(N([H])C([H])(C(=O)N1C([H])([H])C([H])([H])C([H])(OC([H])([H])OC([H])([H])[H])C([H])([H])C1([H])[H])C([H])([H])C1=C([H])C([H])=C([H])C([H])=C1[H])C([H])([H])C([H])([H])C([H])([H])C([H])([H])[H])C([H])([H])C1([H])C([H])([H])C([H])([H])C([H])([H])C([H])([H])C1([H])[H]
 - 106
[H]N1C(=O)N([H])C(=O)C2(C1=O)C([H])([H])C([H])([H])C([H])([H])C([H])([H])C([H])([H])C2([H])[H]
 - 27
[H]OC1=NC(=O)C2(C(=O)N1[H])C([H])([H])C([H])([H])C([H])([H])C([H])([H])C([H])([H])C2([H])[H]
 - 27
[H]OC1=NC(=O)N([H])C(=O)C11C([H])([H])C([H])([H])C([H])([H])C([H])([H])C([H])([H])C1([H])[H]
 - 27
[H]OC1=NC(=O)N=C(O[H])C11C([H])([H])C([H])([H])C([H])([H])C([H])([H])C([H])([H])C1([H])[H]
 - 27
[H]OC1=NC(=O)C2(C(O[H])=N1)C([H])([H])C([H])([H])C([H])([H])C([H])([H])C([H])([H])C2([H])[H]
 - 27
[H]OC(=C([H])[H])N([H])C1=C(OC([H])([H])[H])C(=C([H])C([H])=C1[H])C([H])([H])[H]
 - 21
[H]N(C(=O)C([H])([H])[H])C1=C(OC([H])([H])[H])C(=C([H])C([H])=C1[H])C([H])([H])[H]
 - 21
[H]OC(=NC1=C(OC([H])([H])[H])C(=C([H])C([H])=C1[H])C([H])([H])[H])C([H])([H])[H]
 - 23
[H]C([H])=C([H])C([H])([H])OC1=C(OC([H])([H])C([H])(OC(=O)C2([H])C([H])([H])C2([H])[H])C([H])([H])N([H])C([H])(C([H])([H])[H])C([H])([H])[H])C([H])=C([H])C([H])=C1[H]
 - 50
[H]C([H])=C([H])C([H])([H])OC1=C(OC([H])([H])C([H])(OC(=O)C(\\[H])=C(/[H])C([H])([H])[H])C([H])([H])N([H])C([H])(C([H])([H])[H])C([H])([H])[H])C([H])=C([H])C([H])=C1[H]
 - 2 bonds in a row
[H]OC1([H])C([H])([H])C([H])([H])N(C([H])([H])C([H])([H])C([H])([H])C2=C(C([H])=C([H])C([H])=C2[H])C([H])([H])OC2=C([H])C([H])=C(OC([H])([H])C([H])([H])[H])C([H])=C2[H])C([H])([H])C1([H])[H]
 - 56
[H]C1=C([H])C(=C([H])C([H])=C1Br)S(=O)(=O)C1(C(=O)OC([H])([H])[H])C([H])([H])C1([H])[H]
 - 23
CC1=C([N-]O[N+]1=O)S(=O)C1=CC=CC=C1
 - 'NoneType' object has no attribute 'kekulise'
Cc1[n+]([O-])onc1S(=O)c1ccccc1
 - This structure cannot be kekulised!
CC1=[N+]([O-])ON=C1S(=O)C1=CC=CC=C1
 - 'NoneType' object has no attribute 'kekulise'
Cc1c([n]o[n+]1[O-])S(=O)c1ccccc1
 - This structure cannot be kekulised!
C[C-]1C(=NO[N+]1=O)S(=O)C1=CC=CC=C1
 - 'NoneType' object has no attribute 'kekulise'
OS(=C1[N-]O[N+](=O)C1=C)C1=CC=CC=C1
 - 'NoneType' object has no attribute 'kekulise'
[H]N(C([H])([H])[H])C12C3=C([H])C([H])=C([H])C([H])=C3C([H])([H])C1([H])C([H])([H])C([H])([H])C([H])([H])C2([H])[H]
 - 21
[H]C1=C(Cl)C([H])=C(Cl)C(OC2=C([H])C(Cl)=C([H])C(Cl)=C2[H])=C1[H]
 - 22
[H]OC1=C([H])C2(C(=O)N1OC([H])([H])[H])C([H])([H])C([H])([H])C([H])([H])C2([H])[H]
 - 15
[H]C([H])([H])ON1C(=O)C([H])([H])C2(C1=O)C([H])([H])C([H])([H])C([H])([H])C2([H])[H]
 - 15
[H]OC1=C([H])C2(C(=O)N1OC([H])([H])C([H])([H])[H])C([H])([H])C([H])([H])C([H])([H])C2([H])[H]
 - 18
[H]C([H])([H])C([H])([H])ON1C(=O)C([H])([H])C2(C1=O)C([H])([H])C([H])([H])C([H])([H])C2([H])[H]
 - 16
[H]N(C1=NC([H])=NC2=C([H])C(OC([H])([H])[H])=C(OC([H])([H])[H])C([H])=C12)C1=C([H])C(Cl)=C([H])C([H])=C1[H]
 - 26
[H]N1C([H])=NC2=C([H])C(OC([H])([H])[H])=C(OC([H])([H])[H])C([H])=C2C1=NC1=C([H])C(Cl)=C([H])C([H])=C1[H]
 - 24
[H]N1C([H])=NC(=NC2=C([H])C(Cl)=C([H])C([H])=C2[H])C2=C([H])C(OC([H])([H])[H])=C(OC([H])([H])[H])C([H])=C12
 - 36
OC1=NC2=CC(Cl)=C(Cl)C(=C2N=C1O)[N+]([O-])=O
 - 'NoneType' object has no attribute 'kekulise'
[H]OC1=NC2=C([H])C(Cl)=C(Cl)C(=C2N=C1O[H])[N+]([O-])=O
 - 'NoneType' object has no attribute 'kekulise'
[H]OC1=NC2=C([H])C(Cl)=C(Cl)C(=C2N([H])C1=O)[N+]([O-])=O
 - 'NoneType' object has no attribute 'kekulise'
OC1=NC2=CC(Cl)=C(Cl)C(=C2NC1=O)[N+]([O-])=O
 - 'NoneType' object has no attribute 'kekulise'
[H]OC1=NC2=C(C(Cl)=C(Cl)C([H])=C2N([H])C1=O)[N+]([O-])=O
 - 'NoneType' object has no attribute 'kekulise'
OC1=NC2=C(C(Cl)=C(Cl)C=C2NC1=O)[N+]([O-])=O
 - 'NoneType' object has no attribute 'kekulise'
[H]N1C(=O)C(=O)N([H])C2=C(C(Cl)=C(Cl)C([H])=C12)[N+]([O-])=O
 - 'NoneType' object has no attribute 'kekulise'
[O-][N+](=O)C1=C2NC(=O)C(=O)NC2=CC(Cl)=C1Cl
 - 'NoneType' object has no attribute 'kekulise'
[O-][N+](=O)c1c2[nH]c(=O)c(=O)[nH]c2cc(Cl)c1Cl
 - 'NoneType' object has no attribute 'kekulise'
[O-][N+](=O)c1c2NC(=O)C(=O)Nc2cc(Cl)c1Cl
 - 'NoneType' object has no attribute 'kekulise'
[H]N([H])C1=C(Cl)C(OC([H])([H])C(=O)OC([H])(C([H])([H])[H])C([H])([H])OC([H])([H])C([H])([H])C([H])([H])C([H])([H])[H])=NC(F)=C1Cl
 - 41
[H]N=C1C(Cl)=C(F)N([H])C(OC([H])([H])C(=O)OC([H])(C([H])([H])[H])C([H])([H])OC([H])([H])C([H])([H])C([H])([H])C([H])([H])[H])=C1Cl
 - 41
[H]C1=C([H])C(Cl)=C(OC2=C([H])C([H])=C(Cl)C(Cl)=C2[H])C(Cl)=C1Cl
 - 22
[H]C1=C([H])C(OC2=C([H])C([H])=C(Cl)C(Cl)=C2Cl)=C(Cl)C(Cl)=C1[H]
 - 22
[H]C1=C([H])C(=C([H])C([H])=C1C([H])([H])[H])S(=O)(=O)C1(C(=O)OC([H])([H])C([H])([H])[H])C([H])([H])C([H])([H])C1([H])[H]
 - 29
[H]C1=C([H])C([H])=C(C([H])=C1[H])S(=O)(=O)C1(C(=O)OC([H])([H])[H])C([H])([H])C([H])([H])C([H])([H])C1([H])[H]
 - 23
[H]C1=C([H])C(Cl)=C(Cl)C(OC2=C([H])C([H])=C(Cl)C(Cl)=C2[H])=C1[H]
 - 22
[H]OC(O[H])=C1OC([H])(OC2([H])C([H])([H])C3(OOC45C([H])(OC([H])(OC([H])([H])C([H])([H])[H])C([H])(C([H])([H])[H])C4([H])C([H])([H])C([H])([H])C([H])(C([H])([H])[H])C25[H])O3)C([H])([H])[H])C([H])(O[H])C([H])(O[H])C1([H])O[H]
 - 68
[H]OC(=O)C1([H])OC([H])(OC2([H])C([H])([H])C3(OOC45C([H])(OC([H])(OC([H])([H])C([H])([H])[H])C([H])(C([H])([H])[H])C4([H])C([H])([H])C([H])([H])C([H])(C([H])([H])[H])C25[H])O3)C([H])([H])[H])C([H])(O[H])C([H])(O[H])C1([H])O[H]
 - 68
[H]C([H])([H])C1=C(SSC1=S)C([H])([H])C([H])([H])C([H])([H])[H]
 - 11
c1ccccc1c1c(CC)ssc1=O
 - 'NoneType' object has no attribute 'get_contributed_electrons'
[H]C1=C([H])C([H])=C(C([H])=C1[H])C1=C(SSC1=O)C([H])([H])C([H])([H])[H]
 - 16
[H]OC(=NC([H])([H])C([H])([H])N1C([H])([H])C([H])([H])N(C2=C(OC([H])([H])[H])C([H])=C([H])C([H])=C2[H])C([H])([H])C1([H])[H])C1=C([H])C([H])=C([H])S1
 - 40
[H]N(C(=O)C1=C([H])C([H])=C([H])S1)C([H])([H])C([H])([H])N1C([H])([H])C([H])([H])N(C2=C(OC([H])([H])[H])C([H])=C([H])C([H])=C2[H])C([H])([H])C1([H])[H]
 - 45
[H]\\C(=C(\\[H])C1=C([H])C([H])=C([H])C([H])=C1Cl)C(=O)C(F)(F)F
 - 2 bonds in a row
[H]\\C(=N/N(C(=O)C1=C([H])C([H])=C(OC([H])([H])[H])C([H])=C1[H])C1=C([H])C([H])=C([H])C([H])=C1[H])C([H])([H])[H]
 - 2 bonds in a row
[H]SC(=NN(C(=O)C1=C([H])C([H])=C(OC([H])([H])[H])C([H])=C1[H])C1=C([H])C([H])=C([H])C([H])=C1[H])N([H])C1=C([H])C([H])=C([H])C([H])=C1[H]
 - 34
[H]SC(=NC1=C([H])C([H])=C([H])C([H])=C1[H])N([H])N(C(=O)C1=C([H])C([H])=C(OC([H])([H])[H])C([H])=C1[H])C1=C([H])C([H])=C([H])C([H])=C1[H]
 - 36
[H]N(N(C(=O)C1=C([H])C([H])=C(OC([H])([H])[H])C([H])=C1[H])C1=C([H])C([H])=C([H])C([H])=C1[H])C(=S)N([H])C1=C([H])C([H])=C([H])C([H])=C1[H]
 - 32
[H]SC(=NN(C(=O)C1=C([H])C([H])=C(OC([H])([H])[H])C([H])=C1[H])C([H])([H])[H])N([H])C1=C([H])C([H])=C([H])C([H])=C1[H]
 - 27
[H]SC(=NC1=C([H])C([H])=C([H])C([H])=C1[H])N([H])N(C(=O)C1=C([H])C([H])=C(OC([H])([H])[H])C([H])=C1[H])C([H])([H])[H]
 - 36
[H]N(N(C(=O)C1=C([H])C([H])=C(OC([H])([H])[H])C([H])=C1[H])C([H])([H])[H])C(=S)N([H])C1=C([H])C([H])=C([H])C([H])=C1[H]
 - 25
[H]OC([H])([H])C([H])([H])N1C([H])([H])C([H])([H])N([H])C1([H])C([H])([H])[H]
 - 10
C[C-]1C(SC2=CC=CC=C2)=NO[N+]1=O
 - 'NoneType' object has no attribute 'kekulise'
Cc1[n+]([O-])onc1Sc1ccccc1
 - This structure cannot be kekulised!
CC1=[N+]([O-])ON=C1SC1=CC=CC=C1
 - 'NoneType' object has no attribute 'kekulise'
Cc1c([n]o[n+]1[O-])Sc1ccccc1
 - This structure cannot be kekulised!
CC1=C([N-]O[N+]1=O)SC1=CC=CC=C1
 - 'NoneType' object has no attribute 'kekulise'
c1ccccc1CN(CCO)N=Nc1c(C(=O)N)nc[nH]1
 - This structure cannot be kekulised!
NC(=O)c1[n]c[nH]c1N=NN(CCO)Cc1ccccc1
 - This structure cannot be kekulised!
[H]OC([H])([H])C([H])([H])N(\\N=N\\C1=C(N=C([H])N1[H])C(=O)N([H])[H])C([H])([H])C1=C([H])C([H])=C([H])C([H])=C1[H]
 - 2 bonds in a row
N(CO)(CO)C(=O)Cn1c([N+](=O)[O-])ncc1
 - 'NoneType' object has no attribute 'kekulise'
[H]OC([H])([H])N(C(=O)C([H])([H])N1C([H])=C([H])N=C1[N+]([O-])=O)C([H])([H])O[H]
 - 'NoneType' object has no attribute 'kekulise'
[O-][N+](=O)c1[n]cc[n]1CC(=O)N(CO)CO
 - 'NoneType' object has no attribute 'kekulise'
OCN(CO)C(=O)CN1C=CN=C1[N+]([O-])=O
 - 'NoneType' object has no attribute 'kekulise'
[H]OC(=C([H])N1C([H])=C([H])N=C1[N+]([O-])=O)N(C([H])([H])O[H])C([H])([H])O[H]
 - 'NoneType' object has no attribute 'kekulise'
OCN(CO)C(O)=CN1C=CN=C1[N+]([O-])=O
 - 'NoneType' object has no attribute 'kekulise'
[H]OC(=NC1([H])C2=C([H])C([H])=C(OC([H])([H])[H])C([H])=C2OC1([H])[H])C([H])([H])N1C([H])([H])C([H])([H])C([H])([H])C1([H])[H]
 - 25
[H]OC(N([H])C1([H])C2=C([H])C([H])=C(OC([H])([H])[H])C([H])=C2OC1([H])[H])=C([H])N1C([H])([H])C([H])([H])C([H])([H])C1([H])[H]
 - 26
[H]N(C(=O)C([H])([H])N1C([H])([H])C([H])([H])C([H])([H])C1([H])[H])C1([H])C2=C([H])C([H])=C(OC([H])([H])[H])C([H])=C2OC1([H])[H]
 - 21
[H]C#CC(OC(=O)N([H])[H])(C(\\[H])=C(\\[H])Cl)C([H])([H])C([H])([H])[H]
 - 2 bonds in a row
[H]C#CC(OC(=O)N([H])[H])(C([H])=C([H])[H])C([H])([H])C([H])([H])[H]
 - 16
[H]OC(=N[H])OC(C#C[H])(C([H])=C([H])[H])C([H])([H])C([H])([H])[H]
 - 16
[H]C1=C([H])C(=C([H])S1)C([H])([H])C([H])([H])N(C([H])([H])[H])C([H])([H])[H]
 - 11
[H]C1=NC(=C([H])C([H])=C1[H])C1=NON=C1C([H])([H])[H]
 - 15
o1nc(c2ncccc2)c(C)n1
 - 'NoneType' object has no attribute 'get_contributed_electrons'
[H]OC(O[H])=C([H])OC1=C([H])C([H])=C(Cl)C(C#N)=C1[H]
 - 19
[H]OC(=O)C([H])([H])OC1=C([H])C([H])=C(Cl)C(C#N)=C1[H]
 - 19
[H]OC(O[H])=C([H])OC1=C([H])C([H])=C(Cl)C(=C1[H])C(=O)O[H]
 - 17
[H]OC(=O)C1=C([H])C(OC([H])([H])C(=O)O[H])=C([H])C([H])=C1Cl
 - 21
[H]C1=C([H])C([H])=C(C([H])=C1[H])C([H])([H])C([H])([H])C(F)(F)F
 - 13
[H]OC(=NC([H])([H])C1=C([H])C([H])=C([H])C([H])=C1[H])C([H])([H])N(C([H])([H])[H])C([H])([H])[H]
 - 19
[H]OC(N([H])C([H])([H])C1=C([H])C([H])=C([H])C([H])=C1[H])=C([H])N(C([H])([H])[H])C([H])([H])[H]
 - 20
[H]N(C(=O)C([H])([H])N(C([H])([H])[H])C([H])([H])[H])C([H])([H])C1=C([H])C([H])=C([H])C([H])=C1[H]
 - 17
CCCCC1OC(=O)c2cc(ccc12)[N+]([O-])=O
 - 'NoneType' object has no attribute 'kekulise'
[H]C1=C([H])C(=C([H])C2=C1C([H])(OC2=O)C([H])([H])C([H])([H])C([H])([H])C([H])([H])[H])[N+]([O-])=O
 - 'NoneType' object has no attribute 'kekulise'
[N+](=O)([O-])c1ccc2C(CCCC)OC(=O)c2c1
 - 'NoneType' object has no attribute 'kekulise'
CCCCC1OC(=O)c2cc(ccc21)[N+]([O-])=O
 - 'NoneType' object has no attribute 'kekulise'
CCCCC1OC(=O)C2=CC(=CC=C12)[N+]([O-])=O
 - 'NoneType' object has no attribute 'kekulise'
[H]N1C(=O)N(C(=O)C(C1=O)(C([H])([H])C([H])([H])[H])C([H])([H])C([H])([H])C([H])([H])C([H])([H])C([H])([H])[H])C([H])([H])[H]
 - 34
[H]OC1=NC(=O)C(C(=O)N1C([H])([H])[H])(C([H])([H])C([H])([H])[H])C([H])([H])C([H])([H])C([H])([H])C([H])([H])C([H])([H])[H]
 - 22
[H]OC1=NC(=O)N(C(=O)C1(C([H])([H])C([H])([H])[H])C([H])([H])C([H])([H])C([H])([H])C([H])([H])C([H])([H])[H])C([H])([H])[H]
 - 34
[H]N([H])C1=NC([H])=C(C(=N1)N([H])[H])C([H])([H])C1=C([H])C(OC([H])([H])[H])=C2OC([H])([H])OC2=C1[H]
 - 33
[H]N=C1N=C([H])C(=C(N([H])[H])N1[H])C([H])([H])C1=C([H])C(OC([H])([H])[H])=C2OC([H])([H])OC2=C1[H]
 - 33
[H]N=C1N([H])C([H])=C(C(=N[H])N1[H])C([H])([H])C1=C([H])C(OC([H])([H])[H])=C2OC([H])([H])OC2=C1[H]
 - 33
[H]N=C1N([H])C(=NC([H])=C1C([H])([H])C1=C([H])C(OC([H])([H])[H])=C2OC([H])([H])OC2=C1[H])N([H])[H]
 - 32
[H]N=C1N=C(N([H])[H])N([H])C([H])=C1C([H])([H])C1=C([H])C(OC([H])([H])[H])=C2OC([H])([H])OC2=C1[H]
 - 33
[H]N=C1N=C(N([H])[H])C(=C([H])N1[H])C([H])([H])C1=C([H])C(OC([H])([H])[H])=C2OC([H])([H])OC2=C1[H]
 - 33
[H]OC(O[H])=C([H])OC1=C([H])C([H])=C(C([H])=C1[H])C1([H])C([H])([H])C([H])([H])C([H])([H])C1([H])[H]
 - 17
[H]OC(=O)C([H])([H])OC1=C([H])C([H])=C(C([H])=C1[H])C1([H])C([H])([H])C([H])([H])C([H])([H])C1([H])[H]
 - 17
[H]OC1=C([H])C(N([H])[H])=C([H])C([H])=C1C(=O)OC1=C([H])C([H])=C(Cl)C([H])=C1Cl
 - 27
[H]N(C1=C([H])C([H])=C(C([H])=C1[H])C(=O)OC([H])([H])C([H])([H])N(C([H])([H])[H])C([H])([H])[H])C([H])([H])C([H])([H])C([H])([H])C([H])([H])C([H])([H])[H]
 - 31
[H]OC1=C2N3C([H])([H])C4([H])N(C([H])([H])OC(=O)C5=C([H])C([H])=C([H])C([H])=C5[H])C4([H])C3(OC([H])([H])[H])C(=C2C(O[H])=C(N([H])[H])C1=C([H])[H])C([H])([H])OC(=O)N([H])[H]
 - 46
[H]OC(=N[H])OC([H])([H])C1=C2C(N3C([H])([H])C4([H])N(C([H])([H])OC(=O)C5=C([H])C([H])=C([H])C([H])=C5[H])C4([H])C13OC([H])([H])[H])=C(O[H])C(=C([H])[H])C(N([H])[H])=C2O[H]
 - 39
[H]OC1=C2N3C([H])([H])C4([H])N(C([H])([H])OC(=O)C5=C([H])C([H])=C([H])C([H])=C5[H])C4([H])C3(OC([H])([H])[H])C(=C2C(=O)C(N([H])[H])=C1C([H])([H])[H])C([H])([H])OC(=O)N([H])[H]
 - 45
[H]OC(=N[H])OC([H])([H])C1=C2C(N3C([H])([H])C4([H])N(C([H])([H])OC(=O)C5=C([H])C([H])=C([H])C([H])=C5[H])C4([H])C13OC([H])([H])[H])=C(O[H])C(=C(N([H])[H])C2=O)C([H])([H])[H]
 - 39
[H]OC1=C(N([H])[H])C(=C([H])[H])C(=O)C2=C1C([H])(C([H])([H])OC(=O)N([H])[H])C1(OC([H])([H])[H])N2C([H])([H])C2([H])N(C([H])([H])OC(=O)C3=C([H])C([H])=C([H])C([H])=C3[H])C12[H]
 - 57
[H]OC(=N[H])OC([H])([H])C1([H])C2=C(N3C([H])([H])C4([H])N(C([H])([H])OC(=O)C5=C([H])C([H])=C([H])C([H])=C5[H])C4([H])C13OC([H])([H])[H])C(=O)C(=C([H])[H])C(N([H])[H])=C2O[H]
 - 40
[H]N([H])C(=O)OC([H])([H])C1([H])C2=C(N3C([H])([H])C4([H])N(C([H])([H])OC(=O)C5=C([H])C([H])=C([H])C([H])=C5[H])C4([H])C13OC([H])([H])[H])C(=O)C(=C(N([H])[H])C2=O)C([H])([H])[H]
 - 40
[H]OC1=C2N3C([H])([H])C4([H])N(C([H])([H])OC(=O)C5=C([H])C([H])=C([H])C([H])=C5[H])C4([H])C3(OC([H])([H])[H])C(=C2C(=O)C(=N[H])C1([H])C([H])([H])[H])C([H])([H])OC(=O)N([H])[H]
 - 44
[H]OC(=N[H])OC([H])([H])C1([H])C2=C(N3C([H])([H])C4([H])N(C([H])([H])OC(=O)C5=C([H])C([H])=C([H])C([H])=C5[H])C4([H])C13OC([H])([H])[H])C(=O)C(=C(N([H])[H])C2=O)C([H])([H])[H]
 - 40
[H]OC1=C(C(=N[H])C(=O)C2=C1N1C([H])([H])C3([H])N(C([H])([H])OC(=O)C4=C([H])C([H])=C([H])C([H])=C4[H])C3([H])C1(OC([H])([H])[H])C2([H])C([H])([H])OC(=O)N([H])[H])C([H])([H])[H]
 - 55
[H]OC(=N[H])OC([H])([H])C1=C2C(N3C([H])([H])C4([H])N(C([H])([H])OC(=O)C5=C([H])C([H])=C([H])C([H])=C5[H])C4([H])C13OC([H])([H])[H])=C(O[H])C([H])(C(=N[H])C2=O)C([H])([H])[H]
 - 39
[H]OC(=N[H])OC([H])([H])C1([H])C2=C(N3C([H])([H])C4([H])N(C([H])([H])OC(=O)C5=C([H])C([H])=C([H])C([H])=C5[H])C4([H])C13OC([H])([H])[H])C(O[H])=C(C(=N[H])C2=O)C([H])([H])[H]
 - 40
[H]N=C1C(=O)C2=C(N3C([H])([H])C4([H])N(C([H])([H])OC(=O)C5=C([H])C([H])=C([H])C([H])=C5[H])C4([H])C3(OC([H])([H])[H])C2([H])C([H])([H])OC(=O)N([H])[H])C(=O)C1([H])C([H])([H])[H]
 - 53
[H]OC(=N[H])OC([H])([H])C1([H])C2=C(N3C([H])([H])C4([H])N(C([H])([H])OC(=O)C5=C([H])C([H])=C([H])C([H])=C5[H])C4([H])C13OC([H])([H])[H])C(=O)C([H])(C(=N[H])C2=O)C([H])([H])[H]
 - 40
[H]OC1=C(N([H])[H])C(=C([H])[H])C(=O)C2([H])N3C([H])([H])C4([H])N(C([H])([H])OC(=O)C5=C([H])C([H])=C([H])C([H])=C5[H])C4([H])C3(OC([H])([H])[H])C(=C12)C([H])([H])OC(=O)N([H])[H]
 - 49
[H]OC(=N[H])OC([H])([H])C1=C2C(O[H])=C(N([H])[H])C(=C([H])[H])C(=O)C2([H])N2C([H])([H])C3([H])N(C([H])([H])OC(=O)C4=C([H])C([H])=C([H])C([H])=C4[H])C3([H])C12OC([H])([H])[H]
 - 53
[H]N([H])C(=O)OC([H])([H])C1=C2C(=O)C(N([H])[H])=C(C(=O)C2([H])N2C([H])([H])C3([H])N(C([H])([H])OC(=O)C4=C([H])C([H])=C([H])C([H])=C4[H])C3([H])C12OC([H])([H])[H])C([H])([H])[H]
 - 49
[H]OC(=N[H])OC([H])([H])C1=C2C(=O)C(N([H])[H])=C(C(=O)C2([H])N2C([H])([H])C3([H])N(C([H])([H])OC(=O)C4=C([H])C([H])=C([H])C([H])=C4[H])C3([H])C12OC([H])([H])[H])C([H])([H])[H]
 - 49
[H]OC1=C(C(=N[H])C(=O)C2=C(C([H])([H])OC(=O)N([H])[H])C3(OC([H])([H])[H])N(C([H])([H])C4([H])N(C([H])([H])OC(=O)C5=C([H])C([H])=C([H])C([H])=C5[H])C34[H])C12[H])C([H])([H])[H]
 - 53
[H]OC(=N[H])OC([H])([H])C1=C2C(=O)C(=N[H])C(=C(O[H])C2([H])N2C([H])([H])C3([H])N(C([H])([H])OC(=O)C4=C([H])C([H])=C([H])C([H])=C4[H])C3([H])C12OC([H])([H])[H])C([H])([H])[H]
 - 49
[H]OC1([H])C2=C(N3C([H])([H])C4([H])N(C([H])([H])OC(=O)C5=C([H])C([H])=C([H])C([H])=C5[H])C4([H])C3(OC([H])([H])[H])C2([H])C([H])([H])OC(=O)N([H])[H])C(=O)C(=C([H])[H])C1=N[H]
 - 56
[H]OC1=C2C([H])(N3C([H])([H])C4([H])N(C([H])([H])OC(=O)C5=C([H])C([H])=C([H])C([H])=C5[H])C4([H])C3(OC([H])([H])[H])C2([H])C([H])([H])OC(=O)N([H])[H])C(=O)C(=C([H])[H])C1=N[H]
 - 56
[H]OC(=N[H])OC([H])([H])C1([H])C2=C(O[H])C(=N[H])C(=C([H])[H])C(=O)C2([H])N2C([H])([H])C3([H])N(C([H])([H])OC(=O)C4=C([H])C([H])=C([H])C([H])=C4[H])C3([H])C12OC([H])([H])[H]
 - 53
[H]OC(=N[H])OC([H])([H])C1([H])C2=C(N3C([H])([H])C4([H])N(C([H])([H])OC(=O)C5=C([H])C([H])=C([H])C([H])=C5[H])C4([H])C13OC([H])([H])[H])C(=O)C(=C([H])[H])C(=N[H])C2([H])O[H]
 - 40
[H]N=C1C(=O)C2=C(C([H])([H])OC(=O)N([H])[H])C3(OC([H])([H])[H])N(C([H])([H])C4([H])N(C([H])([H])OC(=O)C5=C([H])C([H])=C([H])C([H])=C5[H])C34[H])C2([H])C(=O)C1([H])C([H])([H])[H]
 - 53
[H]OC(=N[H])OC([H])([H])C1=C2C(=O)C(=N[H])C([H])(C(=O)C2([H])N2C([H])([H])C3([H])N(C([H])([H])OC(=O)C4=C([H])C([H])=C([H])C([H])=C4[H])C3([H])C12OC([H])([H])[H])C([H])([H])[H]
 - 49
COC(=O)C(=Cc1ccc(I)o1)[N+]([O-])=O
 - 'NoneType' object has no attribute 'kekulise'
COC(=O)C(=CC1=CC=C(I)O1)[N+]([O-])=O
 - 'NoneType' object has no attribute 'kekulise'
c1cc(I)oc1C=C([N+](=O)[O-])C(=O)OC
 - 'NoneType' object has no attribute 'kekulise'
[H]\\C(=C(/C(=O)OC([H])([H])[H])[N+]([O-])=O)C1=C([H])C([H])=C(I)O1
 - 2 bonds in a row
CC1=C(C)C(=C(S1)S(C)=O)[N+]([O-])=O
 - 'NoneType' object has no attribute 'kekulise'
Cc1c(c([s]c1C)S(C)=O)[N+]([O-])=O
 - 'NoneType' object has no attribute 'kekulise'
[H]C([H])([H])C1=C(C(=C(S1)S(=O)C([H])([H])[H])[N+]([O-])=O)C([H])([H])[H]
 - 'NoneType' object has no attribute 'kekulise'
s1c(C)c(C)c([N+](=O)[O-])c1S(=O)C
 - 'NoneType' object has no attribute 'kekulise'
[H]OS(=C([H])[H])C1=C(C(=C(S1)C([H])([H])[H])C([H])([H])[H])[N+]([O-])=O
 - 'NoneType' object has no attribute 'kekulise'
CC1=C(C)C(=C(S1)S(O)=C)[N+]([O-])=O
 - 'NoneType' object has no attribute 'kekulise'
[H]C([H])([H])S(=O)C1=C(C#N)C(Cl)=C(S1)C#N
 - 14
[H]OS(=C([H])[H])C1=C(C#N)C(Cl)=C(S1)C#N
 - 14
[H]C1=C(SC(=C1C#N)S(=O)C([H])([H])[H])C(=O)OC([H])([H])C([H])([H])[H]
 - 16
[H]OS(=C([H])[H])C1=C(C#N)C([H])=C(S1)C(=O)OC([H])([H])C([H])([H])[H]
 - 16
[H]OC(=C([H])[H])C1=C(N([H])[H])C(=C(S1)S(=O)C([H])([H])[H])C1=C([H])C([H])=C(Cl)C([H])=C1[H]
 - 21
[H]N([H])C1=C(SC(=C1C1=C([H])C([H])=C(Cl)C([H])=C1[H])S(=O)C([H])([H])[H])C(=O)C([H])([H])[H]
 - 26
s1c(C(=O)C)c(N)c(c2ccc(Cl)cc2)c1S(=O)C
 - 'NoneType' object has no attribute 'get_contributed_electrons'
[H]OC(=C([H])[H])C1=C(N([H])[H])C(=C(S1)S(O[H])=C([H])[H])C1=C([H])C([H])=C(Cl)C([H])=C1[H]
 - 21
[H]OS(=C([H])[H])C1=C(C(N([H])[H])=C(S1)C(=O)C([H])([H])[H])C1=C([H])C([H])=C(Cl)C([H])=C1[H]
 - 21
[H]C1=C(N=C2C([H])=C([H])C([H])=C([H])C2=N1)S(=O)C([H])([H])C([H])([H])[H]
 - 15
[H]C1=NC2=C([H])C([H])=C([H])C([H])=C2N=C1S(=O)C([H])([H])C([H])([H])[H]
 - 15
[H]OS(=C([H])C([H])([H])[H])C1=NC2=C([H])C([H])=C([H])C([H])=C2N=C1[H]
 - 23
[H]OS([H])(C([H])=C([H])[H])C1=NC2=C([H])C([H])=C([H])C([H])=C2N=C1[H]
 - 23
[H]OS(C([H])=C([H])[H])=C1N([H])C2=C([H])C([H])=C([H])C([H])=C2N=C1[H]
 - 23
[H]OC1=C([H])C([H])=C(O[H])N1C1=C([H])C([H])=C(C([H])=C1[H])C(F)(F)F
 - 20
[H]OC1=C([H])C([H])([H])C(=O)N1C1=C([H])C([H])=C(C([H])=C1[H])C(F)(F)F
 - 20
[H]C1=C([H])C(=C([H])C([H])=C1N1C(=O)C([H])([H])C([H])([H])C1=O)C(F)(F)F
 - 22
[H]OC1=C([H])C([H])=C(O[H])N1C1=C([H])C([H])=C([H])C(C#N)=C1[H]
 - 22
[H]OC1=C([H])C([H])([H])C(=O)N1C1=C([H])C([H])=C([H])C(C#N)=C1[H]
 - 22
[H]C1=C([H])C(C#N)=C([H])C(=C1[H])N1C(=O)C([H])([H])C([H])([H])C1=O
 - 22
[H]OC1=C(C(=C([H])N=C1C([H])([H])[H])C([H])([H])O[H])C([H])([H])OC([H])([H])C([H])([H])C([H])([H])C([H])([H])[H]
 - 19
[H]OC(O[H])=C1N2C(O[H])=C(N([H])C(=O)C([H])([H])C3=C([H])C([H])=C([H])S3)C2([H])SC([H])=C1C([H])([H])SC1=NN=C(O[H])C(=O)N1C([H])([H])[H]
 - 33
[H]OC(N([H])C1=C(O[H])N2C(=C(O[H])O[H])C(=C([H])SC3=NN=C(O[H])C(=O)N3C([H])([H])[H])C([H])([H])SC12[H])=C([H])C1=C([H])C([H])=C([H])S1
 - 40
[H]OC(O[H])=C1N2C(O[H])=C(N=C(O[H])C([H])([H])C3=C([H])C([H])=C([H])S3)C2([H])SC([H])([H])C1=C([H])SC1=NN=C(O[H])C(=O)N1C([H])([H])[H]
 - 33
[H]OC(O[H])=C1N2C(O[H])=C(N([H])C(=O)C([H])([H])C3=C([H])C([H])=C([H])S3)C2([H])SC([H])([H])C1=C([H])SC1=NN=C(O[H])C(=O)N1C([H])([H])[H]
 - 33
[H]OC(N([H])C1([H])C(=O)N2C(=C(O[H])O[H])C(=C([H])SC12[H])C([H])([H])SC1=NN=C(O[H])C(=O)N1C([H])([H])[H])=C([H])C1=C([H])C([H])=C([H])S1
 - 40
[H]OC(O[H])=C1N2C(=O)C([H])(N=C(O[H])C([H])([H])C3=C([H])C([H])=C([H])S3)C2([H])SC([H])=C1C([H])([H])SC1=NN=C(O[H])C(=O)N1C([H])([H])[H]
 - 33
[H]OC(O[H])=C1N2C(=O)C([H])(N([H])C(=O)C([H])([H])C3=C([H])C([H])=C([H])S3)C2([H])SC([H])=C1C([H])([H])SC1=NN=C(O[H])C(=O)N1C([H])([H])[H]
 - 33
[H]OC(N([H])C1([H])C(=O)N2C(=C(O[H])O[H])C(=C([H])SC3=NN=C(O[H])C(=O)N3C([H])([H])[H])C([H])([H])SC12[H])=C([H])C1=C([H])C([H])=C([H])S1
 - 40
[H]OC(O[H])=C1N2C(=O)C([H])(N=C(O[H])C([H])([H])C3=C([H])C([H])=C([H])S3)C2([H])SC([H])([H])C1=C([H])SC1=NN=C(O[H])C(=O)N1C([H])([H])[H]
 - 33
[H]OC(=O)C1=C(C([H])([H])SC2=NN=C(O[H])C(=O)N2C([H])([H])[H])C([H])([H])SC2([H])N1C(=O)C2([H])N=C(O[H])C([H])([H])C1=C([H])C([H])=C([H])S1
 - 33
[H]OC(O[H])=C1N2C(O[H])=C(N([H])C(=O)C([H])([H])C3=C([H])C([H])=C([H])S3)C2([H])SC([H])=C1C([H])([H])SC1=NN([H])C(=O)C(=O)N1C([H])([H])[H]
 - 33
[H]OC(=O)C1=C(C([H])([H])SC2=NN=C(O[H])C(=O)N2C([H])([H])[H])C([H])([H])SC2([H])N1C(O[H])=C2N=C(O[H])C([H])([H])C1=C([H])C([H])=C([H])S1
 - 34
[H]OC(O[H])=C1N2C(=O)C([H])(N([H])C(=O)C([H])([H])C3=C([H])C([H])=C([H])S3)C2([H])SC([H])([H])C1=C([H])SC1=NN=C(O[H])C(=O)N1C([H])([H])[H]
 - 33
[H]OC(=O)C1=C(C([H])([H])SC2=NN=C(O[H])C(=O)N2C([H])([H])[H])C([H])([H])SC2([H])N1C(=O)C2([H])N([H])C(=O)C([H])([H])C1=C([H])C([H])=C([H])S1
 - 33
[H]OC(=O)C1=C(C([H])([H])SC2=NN=C(O[H])C(=O)N2C([H])([H])[H])C([H])([H])SC2([H])N1C(O[H])=C2N([H])C(=O)C([H])([H])C1=C([H])C([H])=C([H])S1
 - 34
[H]OC(O[H])=C1N2C(O[H])=C(N([H])C(=O)C([H])([H])C3=C([H])C([H])=C([H])S3)C2([H])SC([H])([H])C1=C([H])SC1=NN([H])C(=O)C(=O)N1C([H])([H])[H]
 - 33
[H]OC(O[H])=C1N2C(=O)C([H])(N([H])C(=O)C([H])([H])C3=C([H])C([H])=C([H])S3)C2([H])SC([H])=C1C([H])([H])SC1=NN([H])C(=O)C(=O)N1C([H])([H])[H]
 - 33
[H]OC(O[H])=C1N2C(=O)C([H])(N([H])C(O[H])=C([H])C3=C([H])C([H])=C([H])S3)C2([H])SC([H])([H])C1=C([H])SC1=NN([H])C(=O)C(=O)N1C([H])([H])[H]
 - 33
[H]OC(O[H])=C1N2C(=O)C([H])(N=C(O[H])C([H])([H])C3=C([H])C([H])=C([H])S3)C2([H])SC([H])([H])C1=C([H])SC1=NN([H])C(=O)C(=O)N1C([H])([H])[H]
 - 33
[H]OC(=O)C1=C(C([H])([H])SC2=NN([H])C(=O)C(=O)N2C([H])([H])[H])C([H])([H])SC2([H])N1C(=O)C2([H])N=C(O[H])C([H])([H])C1=C([H])C([H])=C([H])S1
 - 33
[H]OC(O[H])=C1N2C(=O)C([H])(N([H])C(=O)C([H])([H])C3=C([H])C([H])=C([H])S3)C2([H])SC([H])([H])C1=C([H])SC1=NN([H])C(=O)C(=O)N1C([H])([H])[H]
 - 33
[H]OC(N([H])C1([H])C(=O)N2C(C(=O)O[H])=C(C([H])([H])SC3=NN=C(O[H])C(=O)N3C([H])([H])[H])C([H])([H])SC12[H])=C([H])C1=C([H])C([H])=C([H])S1
 - 40
[H]OC(=O)C1=C(C([H])([H])SC2=NN([H])C(=O)C(=O)N2C([H])([H])[H])C([H])([H])SC2([H])N1C(=O)C2([H])N([H])C(=O)C([H])([H])C1=C([H])C([H])=C([H])S1
 - 33
[H]OC(N([H])C1=C(O[H])N2C(C(=O)O[H])=C(C([H])([H])SC3=NN=C(O[H])C(=O)N3C([H])([H])[H])C([H])([H])SC12[H])=C([H])C1=C([H])C([H])=C([H])S1
 - 40
[H]OC(=O)C1=C(C([H])([H])SC2=NN([H])C(=O)C(=O)N2C([H])([H])[H])C([H])([H])SC2([H])N1C(O[H])=C2N([H])C(=O)C([H])([H])C1=C([H])C([H])=C([H])S1
 - 34
[H]OC(=O)C1=C(C([H])([H])SC2=NN([H])C(=O)C(=O)N2C([H])([H])[H])C([H])([H])SC2([H])N1C(=O)C2([H])N([H])C(O[H])=C([H])C1=C([H])C([H])=C([H])S1
 - 33
[H]C1=C([H])C(=C([H])C(=C1[H])C([H])([H])OC1=C([H])C([H])=C(Cl)C([H])=C1[H])C([H])([H])N1C([H])([H])C([H])([H])OC([H])([H])C1([H])[H]
 - 26
[H]N(C1=C([H])C([H])=C(C([H])=N1)C1=C([H])C([H])=NC([H])=C1[H])C([H])([H])C([H])([H])C([H])([H])OC(=O)C1=C([H])C([H])=C([H])C([H])=C1[H]
 - 26
c1cnccc1c1cnc(NCCCOC(=O)c2ccccc2)cc1
 - 'NoneType' object has no attribute 'get_contributed_electrons'
c1cnccc1c2cnc(NCCCOC(=O)c3ccccc3)cc2
 - 'NoneType' object has no attribute 'get_contributed_electrons'
[H]N1C([H])=C(C([H])=C([H])C1=NC([H])([H])C([H])([H])C([H])([H])OC(=O)C1=C([H])C([H])=C([H])C([H])=C1[H])C1=C([H])C([H])=NC([H])=C1[H]
 - 35
[H]C1=C([H])C([H])=C(C([H])=C1[H])N(C([H])([H])C1=C([H])C([H])=C(C([H])=C1[H])C(C([H])([H])[H])(C([H])([H])[H])C([H])([H])[H])C([H])([H])C([H])([H])C([H])([H])C([H])([H])N(C([H])([H])[H])C([H])([H])[H]
 - 39
[H]OC1([H])C([H])([H])OC([H])(N([H])C2([H])C3=C([H])C(=O)C(SC([H])([H])[H])=C([H])C([H])=C3C3=C(OC([H])([H])[H])C(OC([H])([H])[H])=C([H])C(=C3C([H])([H])C2([H])[H])C([H])([H])[H])C([H])(O[H])C1([H])O[H]
 - 62
[H]OC(=O)C1=C([H])C([H])=C(C([H])=C1[H])C([H])([H])C(=O)N([H])[H]
 - 15
[H]OC(=O)C1=C([H])C([H])=C(C([H])=C1[H])C([H])([H])C(O[H])=N[H]
 - 15
[H]OC(N([H])[H])=C([H])C1=C([H])C([H])=C(C([H])=C1[H])C(=O)O[H]
 - 17
[H]OC1=C(F)C([H])=NC(=O)N1OC1=C([H])C([H])=C([H])C([H])=C1[H]
 - 22
[H]N1C([H])=C(F)C(=O)N(OC2=C([H])C([H])=C([H])C([H])=C2[H])C1=O
 - 22
c1(=O)c(F)c[nH]c(=O)n1Oc1ccccc1
 - 'NoneType' object has no attribute 'kekulise'
[H]OC1=NC([H])=C(F)C(=O)N1OC1=C([H])C([H])=C([H])C([H])=C1[H]
 - 22
[H]C1=C([H])N(C([H])=N1)C(=S)OC([H])(C([H])([H])OC1=C([H])C([H])=C(OC([H])([H])C([H])([H])[H])C([H])=C1[H])C(C([H])([H])[H])(C([H])([H])[H])C([H])([H])[H]
 - 36
[H]N(C(=O)OC([H])([H])[H])C1=NC2=C([H])C(=C([H])C([H])=C2N1C(=O)OC([H])([H])C([H])([H])C([H])([H])[H])C(=O)C1=C([H])C([H])=C([H])C([H])=C1[H]
 - 35
[H]OC(OC([H])([H])[H])=NC1=NC2=C([H])C(=C([H])C([H])=C2N1C(=O)OC([H])([H])C([H])([H])C([H])([H])[H])C(=O)C1=C([H])C([H])=C([H])C([H])=C1[H]
 - 35
[H]N1C(=NC(=O)OC([H])([H])[H])N(C(=O)OC([H])([H])C([H])([H])C([H])([H])[H])C2=C([H])C([H])=C(C([H])=C12)C(=O)C1=C([H])C([H])=C([H])C([H])=C1[H]
 - 34
[H]OC(O[H])=C(N([H])[H])C([H])([H])C([H])([H])S(=O)(=O)C([H])([H])[H]
 - 12
[H]OC([H])(O[H])C(N([H])[H])=C([H])C([H])([H])S(=O)(=O)C([H])([H])[H]
 - 12
[H]OC(O[H])=C(N([H])[H])C([H])([H])C([H])([H])S(=O)(O[H])=C([H])[H]
 - 12
[H]OC(O[H])=C(N([H])[H])C([H])([H])C([H])=S(=O)(O[H])C([H])([H])[H]
 - 12
[H]OC(O[H])=C(N([H])[H])C([H])=C([H])S([H])(=O)(O[H])C([H])([H])[H]
 - 12
[H]OC([H])(O[H])C(=N[H])C([H])([H])C([H])([H])S(=O)(=O)C([H])([H])[H]
 - 12
[H]OC([H])(O[H])C(N([H])[H])=C([H])C([H])([H])S(=O)(O[H])=C([H])[H]
 - 12
[H]OC([H])(O[H])C(N([H])[H])=C([H])C([H])=S(=O)(O[H])C([H])([H])[H]
 - 12
[H]OC(=O)C(=N[H])C([H])([H])C([H])([H])S([H])(=O)(O[H])C([H])([H])[H]
 - 12
[H]OC(O[H])=C(N([H])[H])C([H])([H])C([H])=S(O[H])(O[H])=C([H])[H]
 - 12
[H]OC(O[H])=C(N([H])[H])C([H])=C([H])S([H])(O[H])(O[H])=C([H])[H]
 - 12
[H]OC([H])(O[H])C(=N[H])C([H])([H])C([H])([H])S(=O)(O[H])=C([H])[H]
 - 12
[H]OC([H])(O[H])C(=N[H])C([H])([H])C([H])=S(=O)(O[H])C([H])([H])[H]
 - 12
[H]OC([H])(O[H])C(=N[H])C([H])=C([H])S([H])(=O)(O[H])C([H])([H])[H]
 - 12
[H]OC([H])(O[H])C(N([H])[H])=C([H])C([H])=S(O[H])(O[H])=C([H])[H]
 - 12
[H]OC(=O)C(=N[H])C([H])([H])C([H])([H])S([H])(O[H])(O[H])=C([H])[H]
 - 12
[H]OC(=O)C([H])(N([H])[H])C([H])([H])C([H])([H])S(=O)(=O)C([H])([H])[H]
 - 12
[H]OC(=O)C(N([H])[H])=C([H])C([H])([H])S([H])(=O)(O[H])C([H])([H])[H]
 - 12
[H]OC([H])(O[H])C(=N[H])C([H])([H])C([H])=S(O[H])(O[H])=C([H])[H]
 - 12
[H]OC([H])(O[H])C(=N[H])C([H])=C([H])S([H])(O[H])(O[H])=C([H])[H]
 - 12
[H]OC(=O)C([H])(N([H])[H])C([H])([H])C([H])([H])S(=O)(O[H])=C([H])[H]
 - 12
[H]OC(=O)C([H])(N([H])[H])C([H])([H])C([H])=S(=O)(O[H])C([H])([H])[H]
 - 12
[H]OC(=O)C([H])(N([H])[H])C([H])=C([H])S([H])(=O)(O[H])C([H])([H])[H]
 - 12
[H]OC(=O)C(N([H])[H])=C([H])C([H])([H])S([H])(O[H])(O[H])=C([H])[H]
 - 12
[H]OC(=O)C([H])(N([H])[H])C([H])([H])C([H])=S(O[H])(O[H])=C([H])[H]
 - 12
[H]OC(=O)C([H])(N([H])[H])C([H])=C([H])S([H])(O[H])(O[H])=C([H])[H]
 - 12
[H]OC(=C([H])[H])N([H])C(C(=O)N([H])[H])(C([H])([H])[H])C([H])([H])[H]
 - 15
[H]OC(=NC(C(=O)N([H])[H])(C([H])([H])[H])C([H])([H])[H])C([H])([H])[H]
 - 19
[H]OC(=C([H])[H])N([H])C(C(O[H])=N[H])(C([H])([H])[H])C([H])([H])[H]
 - 15
[H]OC(=N[H])C(N=C(O[H])C([H])([H])[H])(C([H])([H])[H])C([H])([H])[H]
 - 15
[H]N([H])C(=O)C(N([H])C(=O)C([H])([H])[H])(C([H])([H])[H])C([H])([H])[H]
 - 15
[H]OC(=N[H])C(N([H])C(=O)C([H])([H])[H])(C([H])([H])[H])C([H])([H])[H]
 - 15
OCCNC(=O)C(F)(F)CN1C=CN=C1[N+]([O-])=O
 - 'NoneType' object has no attribute 'kekulise'
[H]OC(=NC([H])([H])C([H])([H])O[H])C(F)(F)C([H])([H])N1C([H])=C([H])N=C1[N+]([O-])=O
 - 'NoneType' object has no attribute 'kekulise'
OCCN=C(O)C(F)(F)CN1C=CN=C1[N+]([O-])=O
 - 'NoneType' object has no attribute 'kekulise'
[H]OC([H])([H])C([H])([H])N([H])C(=O)C(F)(F)C([H])([H])N1C([H])=C([H])N=C1[N+]([O-])=O
 - 'NoneType' object has no attribute 'kekulise'
[O-][N+](=O)c1[n]cc[n]1CC(F)(F)C(=O)NCCO
 - 'NoneType' object has no attribute 'kekulise'
OCCNC(=O)C(F)(F)Cn1c([N+](=O)[O-])ncc1
 - 'NoneType' object has no attribute 'kekulise'
CCCN=C(O)C1=NNC(C)=C1[N+]([O-])=O
 - 'NoneType' object has no attribute 'kekulise'
[H]OC(=NC([H])([H])C([H])([H])C([H])([H])[H])C1=NN([H])C(=C1[N+]([O-])=O)C([H])([H])[H]
 - 'NoneType' object has no attribute 'kekulise'
[H]OC(=NC([H])([H])C([H])([H])C([H])([H])[H])C1=C(C(=NN1[H])C([H])([H])[H])[N+]([O-])=O
 - 'NoneType' object has no attribute 'kekulise'
CCCN=C(O)C1=C(C(C)=NN1)[N+]([O-])=O
 - 'NoneType' object has no attribute 'kekulise'
[H]N(C(=O)C1=NN([H])C(=C1[N+]([O-])=O)C([H])([H])[H])C([H])([H])C([H])([H])C([H])([H])[H]
 - 'NoneType' object has no attribute 'kekulise'
Cc1[nH][n]c(c1[N+]([O-])=O)C(=O)NCCC
 - 'NoneType' object has no attribute 'kekulise'
CCCNC(=O)C1=NNC(C)=C1[N+]([O-])=O
 - 'NoneType' object has no attribute 'kekulise'
[H]N(C(=O)C1=C(C(=NN1[H])C([H])([H])[H])[N+]([O-])=O)C([H])([H])C([H])([H])C([H])([H])[H]
 - 'NoneType' object has no attribute 'kekulise'
[nH]1nc(C)c([N+](=O)[O-])c1C(=O)NCCC
 - 'NoneType' object has no attribute 'kekulise'
CCCNC(=O)C1=C(C(C)=NN1)[N+]([O-])=O
 - 'NoneType' object has no attribute 'kekulise'
[H]N(C1=NC(SC([H])(F)F)=NC(=N1)N([H])C([H])([H])C([H])([H])C([H])([H])[H])C([H])([H])[H]
 - 26
[H]N1C(SC([H])(F)F)=NC(=NC([H])([H])[H])N([H])C1=NC([H])([H])C([H])([H])C([H])([H])[H]
 - 18
[H]N1C(SC([H])(F)F)=NC(=NC([H])([H])C([H])([H])C([H])([H])[H])N([H])C1=NC([H])([H])[H]
 - 24
[H]N(C1=NC(=NC([H])([H])C([H])([H])C([H])([H])[H])N([H])C(SC([H])(F)F)=N1)C([H])([H])[H]
 - 26
[H]N(C1=NC(=NC([H])([H])C([H])([H])C([H])([H])[H])N=C(SC([H])(F)F)N1[H])C([H])([H])[H]
 - 26
[H]N(C1=NC(SC([H])(F)F)=NC(=NC([H])([H])C([H])([H])C([H])([H])[H])N1[H])C([H])([H])[H]
 - 26
[H]N(C1=NC(=NC([H])([H])[H])N([H])C(SC([H])(F)F)=N1)C([H])([H])C([H])([H])C([H])([H])[H]
 - 20
[H]N(C1=NC(=NC([H])([H])[H])N=C(SC([H])(F)F)N1[H])C([H])([H])C([H])([H])C([H])([H])[H]
 - 20
[H]N(C1=NC(SC([H])(F)F)=NC(=NC([H])([H])[H])N1[H])C([H])([H])C([H])([H])C([H])([H])[H]
 - 20
[H]OC1=C([H])C([H])(SC2=C([H])C([H])=C([H])C([H])=C2[H])N1[H]
 - 20
[H]N1C(=O)C([H])([H])C1([H])SC1=C([H])C([H])=C([H])C([H])=C1[H]
 - 20
[H]OC1=NC([H])(SC2=C([H])C([H])=C([H])C([H])=C2[H])C1([H])[H]
 - 19
[H]OC1=C(OC([H])([H])[H])C(OC([H])([H])[H])=C(O[H])C(=C1C([H])([H])[H])C([H])([H])[H]
 - 20
[H]OC1=C(N2C([H])([H])C2([H])[H])C(=C([H])[H])C(=O)C(N2C([H])([H])C2([H])[H])=C1Cl
 - 26
[H]C([H])([H])C1=C(N2C([H])([H])C2([H])[H])C(=O)C(Cl)=C(N2C([H])([H])C2([H])[H])C1=O
 - 26
[H]C([H])=C1C(=O)C(N2C([H])([H])C2([H])[H])=C(Cl)C(=O)C1([H])N1C([H])([H])C1([H])[H]
 - 19
[H]OC(O[H])=C(N([H])[H])C([H])([H])C1=C([H])N([H])C2=C([H])C(F)=C([H])C([H])=C12
 - 27
[H]OC([H])(O[H])C(N([H])[H])=C([H])C1=C([H])N([H])C2=C([H])C(F)=C([H])C([H])=C12
 - 27
[H]OC([H])(O[H])C(=N[H])C([H])([H])C1=C([H])N([H])C2=C([H])C(F)=C([H])C([H])=C12
 - 27
[H]OC(=O)C([H])(N([H])[H])C([H])([H])C1=C([H])N([H])C2=C([H])C(F)=C([H])C([H])=C12
 - 27
NC(Cc1c[nH]c2cc(F)ccc21)C(O)=O
 - This structure cannot be kekulised!
[H]N([H])C(=O)C1=C([H])C([H])=C(\\N=N\\N(C([H])([H])C([H])([H])[H])C([H])([H])C([H])([H])[H])C([H])=C1[H]
 - 2 bonds in a row
[H]N([H])C(=NC([H])([H])C([H])([H])C([H])([H])C([H])([H])C1=C([H])C([H])=C([H])C([H])=C1[H])N([H])[H]
 - 29
[H]N=C(N([H])[H])N([H])C([H])([H])C([H])([H])C([H])([H])C([H])([H])C1=C([H])C([H])=C([H])C([H])=C1[H]
 - 15
[H]OC(O[H])=C(N1C([H])=C([H])C([H])=C1[H])C1=C([H])C([H])=C([H])C([H])=C1[H]
 - 16
[H]OC(=O)C([H])(N1C([H])=C([H])C([H])=C1[H])C1=C([H])C([H])=C([H])C([H])=C1[H]
 - 16
[H]C1=C([H])C2=C(C([H])=C1[H])C(=O)C(=C([H])C2=O)N1C([H])([H])C1([H])C([H])([H])[H]
 - 18
[H]N(\\N=C(/[H])C1=C([H])C([H])=C([H])N1C([H])([H])[H])C(=O)N([H])C1=C([H])C([H])=C([H])C([H])=C1[H]
 - 2 bonds in a row
[H]C1=C([H])C([H])=C(C([H])=C1[H])C12C([H])([H])C([H])([H])N(C([H])([H])C1([H])[H])C([H])([H])C2([H])[H]
 - 23
[H]C1=C(C(=O)OC([H])([H])[H])C(=O)N2C(=N1)C([H])([H])C([H])([H])C([H])([H])C2([H])C([H])(C([H])([H])[H])C([H])([H])[H]
 - 25
[H]C1=C([H])C(=C([H])C([H])=C1C(=O)OC([H])([H])C([H])([H])N(C([H])([H])[H])C([H])([H])[H])C([H])([H])C([H])([H])[H]
 - 29
[H]OC(O[H])=C([H])N1C([H])([H])C([H])([H])N(C(O[H])=C([H])N2C(=O)SC3=C([H])C([H])=C(Cl)C([H])=C23)C([H])([H])C1([H])[H]
 - 38
[H]OC(O[H])=C([H])N1C([H])([H])C([H])([H])N(C(=O)C([H])([H])N2C(=O)SC3=C([H])C([H])=C(Cl)C([H])=C23)C([H])([H])C1([H])[H]
 - 38
[H]OC(=O)C([H])([H])N1C([H])([H])C([H])([H])N(C(=O)C([H])([H])N2C(=O)SC3=C([H])C([H])=C(Cl)C([H])=C23)C([H])([H])C1([H])[H]
 - 38
[H]OC(=O)C([H])([H])N1C([H])([H])C([H])([H])N(C(=O)C([H])([H])N2C(=O)SC3=C2C([H])=C(Cl)C([H])=C3[H])C([H])([H])C1([H])[H]
 - 38
[H]OC(=C([H])N1C(=O)SC2=C([H])C([H])=C(Cl)C([H])=C12)N1C([H])([H])C([H])([H])N(C([H])([H])C(=O)O[H])C([H])([H])C1([H])[H]
 - 38
[nH]1nc(C)c([N+](=O)[O-])c1C(=O)NCCCCCCCCCC
 - 'NoneType' object has no attribute 'kekulise'
[H]OC(=NC([H])([H])C([H])([H])C([H])([H])C([H])([H])C([H])([H])C([H])([H])C([H])([H])C([H])([H])C([H])([H])C([H])([H])[H])C1=NN([H])C(=C1[N+]([O-])=O)C([H])([H])[H]
 - 'NoneType' object has no attribute 'kekulise'
CCCCCCCCCCN=C(O)C1=NNC(C)=C1[N+]([O-])=O
 - 'NoneType' object has no attribute 'kekulise'
[H]OC(=NC([H])([H])C([H])([H])C([H])([H])C([H])([H])C([H])([H])C([H])([H])C([H])([H])C([H])([H])C([H])([H])C([H])([H])[H])C1=C(C(=NN1[H])C([H])([H])[H])[N+]([O-])=O
 - 'NoneType' object has no attribute 'kekulise'
CCCCCCCCCCN=C(O)C1=C(C(C)=NN1)[N+]([O-])=O
 - 'NoneType' object has no attribute 'kekulise'
[H]N(C(=O)C1=NN([H])C(=C1[N+]([O-])=O)C([H])([H])[H])C([H])([H])C([H])([H])C([H])([H])C([H])([H])C([H])([H])C([H])([H])C([H])([H])C([H])([H])C([H])([H])C([H])([H])[H]
 - 'NoneType' object has no attribute 'kekulise'
Cc1[nH][n]c(c1[N+]([O-])=O)C(=O)NCCCCCCCCCC
 - 'NoneType' object has no attribute 'kekulise'
CCCCCCCCCCNC(=O)C1=NNC(C)=C1[N+]([O-])=O
 - 'NoneType' object has no attribute 'kekulise'
[H]N(C(=O)C1=C(C(=NN1[H])C([H])([H])[H])[N+]([O-])=O)C([H])([H])C([H])([H])C([H])([H])C([H])([H])C([H])([H])C([H])([H])C([H])([H])C([H])([H])C([H])([H])C([H])([H])[H]
 - 'NoneType' object has no attribute 'kekulise'
CCCCCCCCCCNC(=O)C1=C(C(C)=NN1)[N+]([O-])=O
 - 'NoneType' object has no attribute 'kekulise'
[H]C1=NN(C([H])=N1)C1(OC([H])([H])C([H])(O1)C([H])([H])OC([H])([H])C([H])([H])OC([H])([H])[H])C1=C([H])C([H])=C(Cl)C([H])=C1Cl
 - 31
[H]OC1=C([H])C([H])([H])C(C(=O)N1[H])(C1=C([H])C([H])=NC([H])=C1[H])C([H])([H])C([H])([H])C([H])([H])C([H])([H])C([H])([H])C([H])([H])[H]
 - 24
[H]OC1=C([H])C([H])([H])C(C(O[H])=N1)(C1=C([H])C([H])=NC([H])=C1[H])C([H])([H])C([H])([H])C([H])([H])C([H])([H])C([H])([H])C([H])([H])[H]
 - 24
[H]N1C(=O)C([H])([H])C([H])([H])C(C1=O)(C1=C([H])C([H])=NC([H])=C1[H])C([H])([H])C([H])([H])C([H])([H])C([H])([H])C([H])([H])C([H])([H])[H]
 - 24
[H]OC1=NC(=O)C(C2=C([H])C([H])=NC([H])=C2[H])(C([H])([H])C([H])([H])C([H])([H])C([H])([H])C([H])([H])C([H])([H])[H])C([H])([H])C1([H])[H]
 - 40
[H]OC1=NC(=O)C([H])([H])C([H])([H])C1(C1=C([H])C([H])=NC([H])=C1[H])C([H])([H])C([H])([H])C([H])([H])C([H])([H])C([H])([H])C([H])([H])[H]
 - 24
[H]C([H])([H])C([H])([H])O\\N=C(/C([H])([H])C([H])([H])C([H])([H])[H])C1([H])C(=O)OC2(C([H])([H])C([H])([H])C([H])(C([H])([H])[H])C2([H])[H])C([H])([H])C1=O
 - 2 bonds in a row
[H]OC1=C([H])C([H])([H])C(C(=O)N1[H])(C1=C([H])C([H])=NC([H])=C1[H])C([H])([H])C([H])([H])C([H])([H])C([H])([H])C([H])([H])C([H])([H])C([H])([H])[H]
 - 24
[H]OC1=C([H])C([H])([H])C(C(O[H])=N1)(C1=C([H])C([H])=NC([H])=C1[H])C([H])([H])C([H])([H])C([H])([H])C([H])([H])C([H])([H])C([H])([H])C([H])([H])[H]
 - 24
[H]N1C(=O)C([H])([H])C([H])([H])C(C1=O)(C1=C([H])C([H])=NC([H])=C1[H])C([H])([H])C([H])([H])C([H])([H])C([H])([H])C([H])([H])C([H])([H])C([H])([H])[H]
 - 24
[H]OC1=NC(=O)C([H])([H])C([H])([H])C1(C1=C([H])C([H])=NC([H])=C1[H])C([H])([H])C([H])([H])C([H])([H])C([H])([H])C([H])([H])C([H])([H])C([H])([H])[H]
 - 24
[H]OC1=NC(=O)C(C2=C([H])C([H])=NC([H])=C2[H])(C([H])([H])C([H])([H])C([H])([H])C([H])([H])C([H])([H])C([H])([H])C([H])([H])[H])C([H])([H])C1([H])[H]
 - 43
[H]\\C(=C(\\[H])C1=C(OC([H])([H])[H])C([H])=C([H])C([H])=C1[H])C(=O)OC([H])([H])C([H])([H])OC1=C(OC([H])([H])[H])C([H])=C(C([H])=C1[H])C([H])([H])N=O
 - 2 bonds in a row
[H]N(C(=O)OC([H])([H])C([H])([H])N1C([H])([H])C([H])([H])C([H])([H])C([H])([H])C1([H])[H])C1=C([H])C(=C([H])C([H])=C1[H])C([H])([H])OC([H])([H])C([H])([H])C([H])([H])C([H])([H])C([H])([H])C([H])([H])[H]
 - 28
[H]OC(OC([H])([H])C([H])([H])N1C([H])([H])C([H])([H])C([H])([H])C([H])([H])C1([H])[H])=NC1=C([H])C(=C([H])C([H])=C1[H])C([H])([H])OC([H])([H])C([H])([H])C([H])([H])C([H])([H])C([H])([H])C([H])([H])[H]
 - 27
CC(C)OC(=O)NCCN1C(C)=NC=C1[N+]([O-])=O
 - 'NoneType' object has no attribute 'kekulise'
[H]OC(OC([H])(C([H])([H])[H])C([H])([H])[H])=NC([H])([H])C([H])([H])N1C(=NC([H])=C1[N+]([O-])=O)C([H])([H])[H]
 - 'NoneType' object has no attribute 'kekulise'
CC(C)OC(O)=NCCN1C(C)=NC=C1[N+]([O-])=O
 - 'NoneType' object has no attribute 'kekulise'
[H]N(C(=O)OC([H])(C([H])([H])[H])C([H])([H])[H])C([H])([H])C([H])([H])N1C(=NC([H])=C1[N+]([O-])=O)C([H])([H])[H]
 - 'NoneType' object has no attribute 'kekulise'
CC(C)OC(=O)NCCn1c(C)ncc1[N+](=O)[O-]
 - 'NoneType' object has no attribute 'kekulise'
Cc1[n]cc([n]1CCNC(=O)OC(C)C)[N+]([O-])=O
 - 'NoneType' object has no attribute 'kekulise'
[H]N(\\N=C(/[H])C1=C([H])C([H])=C([H])O1)C(=S)N([H])C1=C([H])C([H])=C([H])C([H])=C1[H]
 - 2 bonds in a row
COCCNC(=S)C(F)(F)CN1C=NC(=N1)[N+]([O-])=O
 - 'NoneType' object has no attribute 'kekulise'
[H]N(C(=S)C(F)(F)C([H])([H])N1N=C(N=C1[H])[N+]([O-])=O)C([H])([H])C([H])([H])OC([H])([H])[H]
 - 'NoneType' object has no attribute 'kekulise'
c1nc([N+](=O)[O-])nn1CC(F)(F)C(=S)NCCOC
 - 'NoneType' object has no attribute 'kekulise'
COCCNC(=S)C(F)(F)C[n]1c[n]c([n]1)[N+]([O-])=O
 - 'NoneType' object has no attribute 'kekulise'
[H]SC(=NC([H])([H])C([H])([H])OC([H])([H])[H])C(F)(F)C([H])([H])N1N=C(N=C1[H])[N+]([O-])=O
 - 'NoneType' object has no attribute 'kekulise'
COCCN=C(S)C(F)(F)CN1C=NC(=N1)[N+]([O-])=O
 - 'NoneType' object has no attribute 'kekulise'
[N+](=O)([O-])c1cc([N+](=O)[O-])cc([N+](=O)[O-])c1ONC(C)CC
 - 'NoneType' object has no attribute 'kekulise'
CCC(C)NOC1=C(C=C(C=C1[N+]([O-])=O)[N+]([O-])=O)[N+]([O-])=O
 - 'NoneType' object has no attribute 'kekulise'
[H]N(OC1=C(C([H])=C(C([H])=C1[N+]([O-])=O)[N+]([O-])=O)[N+]([O-])=O)C([H])(C([H])([H])[H])C([H])([H])C([H])([H])[H]
 - 'NoneType' object has no attribute 'kekulise'
CCC(C)NOc1c(cc(cc1[N+]([O-])=O)[N+]([O-])=O)[N+]([O-])=O
 - 'NoneType' object has no attribute 'kekulise'
[H]C1=C(Cl)C2(Cl)C3([H])C([H])(Cl)C([H])(Cl)C([H])(Cl)C3([H])C1(Cl)C2(Cl)Cl
 - 20
[H]N([H])C1=NC([H])=C2N=C([H])N(C2=N1)C([H])([H])OC([H])([H])C([H])([H])OC(=O)C([H])([H])[H]
 - 19
[H]N=C1N=C([H])C2=C(N1[H])N(C([H])=N2)C([H])([H])OC([H])([H])C([H])([H])OC(=O)C([H])([H])[H]
 - 19
[H]N=C1N=C2N(C([H])=NC2=C([H])N1[H])C([H])([H])OC([H])([H])C([H])([H])OC(=O)C([H])([H])[H]
 - 19
[H]OC(=NC([H])([H])C([H])([H])[H])C1=C2C(=O)C(=O)N(C(=O)C2=C([H])C([H])=C1[H])C([H])([H])C([H])([H])[H]
 - 26
[H]N(C(=O)C1=C2C(=O)C(=O)N(C(=O)C2=C([H])C([H])=C1[H])C([H])([H])C([H])([H])[H])C([H])([H])C([H])([H])[H]
 - 28
[H]C1=C([H])C([H])=C2N=C(OC3=C([H])C([H])=C(OC([H])(C(=O)OC([H])([H])C([H])([H])[H])C([H])([H])[H])C([H])=C3[H])C([H])=NC2=C1[H]
 - 42
[O-][N+](=O)CC1=NCCN1CCC1=CC=C(Cl)N=C1
 - 'NoneType' object has no attribute 'kekulise'
[O-][N+](=O)C=C1NCCN1CCC1=CC=C(Cl)N=C1
 - 'NoneType' object has no attribute 'kekulise'
[O-][N+](=O)C=C1NCCN1CCc1ccc(Cl)[n]c1
 - 'NoneType' object has no attribute 'kekulise'
Clc1ccc(CCN2CCNC2=C[N+](=O)[O-])cn1
 - 'NoneType' object has no attribute 'kekulise'
[H]N1\\C(=C(\\[H])[N+]([O-])=O)N(C([H])([H])C([H])([H])C2=C([H])N=C(Cl)C([H])=C2[H])C([H])([H])C1([H])[H]
 - 2 bonds in a row
O[N+]([O-])=CC1=NCCN1CCC1=CC=C(Cl)N=C1
 - 'NoneType' object has no attribute 'kekulise'
O[N+]([O-])=C=C1NCCN1CCC1=CC=C(Cl)N=C1
 - 'NoneType' object has no attribute 'kekulise'
[H]OC(=C([H])[H])N([H])C1=C2N=C([H])N(C2=NC([H])=N1)C([H])([H])C([H])([H])C([H])([H])[H]
 - 19
[H]N(C(=O)C([H])([H])[H])C1=C2N=C([H])N(C2=NC([H])=N1)C([H])([H])C([H])([H])C([H])([H])[H]
 - 19
[H]OC(=NC1=C2N=C([H])N(C2=NC([H])=N1)C([H])([H])C([H])([H])C([H])([H])[H])C([H])([H])[H]
 - 26
[H]OC(N=C1N([H])C([H])=NC2=C1N=C([H])N2C([H])([H])C([H])([H])C([H])([H])[H])=C([H])[H]
 - 27
[H]OC(N=C1N=C([H])N([H])C2=C1N=C([H])N2C([H])([H])C([H])([H])C([H])([H])[H])=C([H])[H]
 - 27
[H]N1C([H])=NC2=C(N=C([H])N2C([H])([H])C([H])([H])C([H])([H])[H])C1=NC(=O)C([H])([H])[H]
 - 22
[H]N1C([H])=NC(=NC(=O)C([H])([H])[H])C2=C1N(C([H])=N2)C([H])([H])C([H])([H])C([H])([H])[H]
 - 19
COC(O)=NCCN1C(C)=NC=C1[N+]([O-])=O
 - 'NoneType' object has no attribute 'kekulise'
[H]OC(OC([H])([H])[H])=NC([H])([H])C([H])([H])N1C(=NC([H])=C1[N+]([O-])=O)C([H])([H])[H]
 - 'NoneType' object has no attribute 'kekulise'
[H]N(C(=O)OC([H])([H])[H])C([H])([H])C([H])([H])N1C(=NC([H])=C1[N+]([O-])=O)C([H])([H])[H]
 - 'NoneType' object has no attribute 'kekulise'
Cc1[n]cc([n]1CCNC(=O)OC)[N+]([O-])=O
 - 'NoneType' object has no attribute 'kekulise'
COC(=O)NCCN1C(C)=NC=C1[N+]([O-])=O
 - 'NoneType' object has no attribute 'kekulise'
COC(=O)NCCn1c(C)ncc1[N+](=O)[O-]
 - 'NoneType' object has no attribute 'kekulise'
[H]C1=C([H])N(C([H])=N1)C(=O)OC([H])(C([H])([H])OC1=C([H])C([H])=C(C([H])=C1[H])C([H])([H])C([H])([H])C([H])([H])C([H])([H])C([H])([H])[H])C(C([H])([H])[H])(C([H])([H])[H])C([H])([H])[H]
 - 44
[H]OC(O[H])=C(OC([H])([H])C1=C([H])C([H])=C(Cl)C([H])=C1[H])C1=C([H])C([H])=C([H])C([H])=C1[H]
 - 22
[H]OC(=O)C([H])(OC([H])([H])C1=C([H])C([H])=C(Cl)C([H])=C1[H])C1=C([H])C([H])=C([H])C([H])=C1[H]
 - 22
[H]N1C([H])([H])C2=C(C3=C([H])C([H])=C([H])C([H])=C3N2C([H])=O)C([H])([H])C1([H])[H]
 - 25
CC1=NC=C(N1CCNC(=O)OC1CCCCC1)[N+]([O-])=O
 - 'NoneType' object has no attribute 'kekulise'
[H]OC(OC1([H])C([H])([H])C([H])([H])C([H])([H])C([H])([H])C1([H])[H])=NC([H])([H])C([H])([H])N1C(=NC([H])=C1[N+]([O-])=O)C([H])([H])[H]
 - 'NoneType' object has no attribute 'kekulise'
CC1=NC=C(N1CCN=C(O)OC1CCCCC1)[N+]([O-])=O
 - 'NoneType' object has no attribute 'kekulise'
[H]N(C(=O)OC1([H])C([H])([H])C([H])([H])C([H])([H])C([H])([H])C1([H])[H])C([H])([H])C([H])([H])N1C(=NC([H])=C1[N+]([O-])=O)C([H])([H])[H]
 - 'NoneType' object has no attribute 'kekulise'
Cc1[n]cc([n]1CCNC(=O)OC1CCCCC1)[N+]([O-])=O
 - 'NoneType' object has no attribute 'kekulise'
Cc1ncc([N+](=O)[O-])n1CCNC(=O)OC1CCCCC1
 - 'NoneType' object has no attribute 'kekulise'
CN1C(CC2=CC=C(C=C2)C(N)=O)=NC=C1[N+]([O-])=O
 - 'NoneType' object has no attribute 'kekulise'
[H]N([H])C(=O)C1=C([H])C([H])=C(C([H])=C1[H])C([H])([H])C1=NC([H])=C(N1C([H])([H])[H])[N+]([O-])=O
 - 'NoneType' object has no attribute 'kekulise'
C[n]1c(Cc2ccc(cc2)C(N)=O)[n]cc1[N+]([O-])=O
 - 'NoneType' object has no attribute 'kekulise'
Cn1c(Cc2ccc(cc2)C(=O)N)ncc1[N+](=O)[O-]
 - 'NoneType' object has no attribute 'kekulise'
[H]OC(=N[H])C1=C([H])C([H])=C(C([H])=C1[H])C([H])([H])C1=NC([H])=C(N1C([H])([H])[H])[N+]([O-])=O
 - 'NoneType' object has no attribute 'kekulise'
CN1C(CC2=CC=C(C=C2)C(O)=N)=NC=C1[N+]([O-])=O
 - 'NoneType' object has no attribute 'kekulise'
[H]OC(=C([H])C([H])([H])[H])C1(C2=C([H])C([H])=C([H])C(O[H])=C2[H])C([H])([H])C([H])([H])N(C([H])([H])[H])C([H])([H])C1([H])[H]
 - 23
[H]OC1=C([H])C(=C([H])C([H])=C1[H])C1(C(=O)C([H])([H])C([H])([H])[H])C([H])([H])C([H])([H])N(C([H])([H])[H])C([H])([H])C1([H])[H]
 - 23
[H]C#CC1(OC(=O)C2=C([H])N(C([H])=C([H])C2([H])[H])C([H])([H])[H])C([H])([H])C([H])([H])C2([H])C3([H])C([H])([H])C([H])=C4C([H])([H])C(=O)C([H])([H])C([H])([H])C4(C([H])([H])[H])C3([H])C([H])([H])C([H])([H])C12C([H])([H])[H]
 - 63
[H]C#CC1(OC(=O)C2=C([H])N(C([H])=C([H])C2([H])[H])C([H])([H])[H])C([H])([H])C([H])([H])C2([H])C3([H])C([H])([H])C([H])([H])C4=C([H])C(=O)C([H])([H])C([H])([H])C4(C([H])([H])[H])C3([H])C([H])([H])C([H])([H])C12C([H])([H])[H]
 - 63
[H]OC1=C([H])C([H])([H])C2(C(=C([H])C([H])([H])C3([H])C4([H])C([H])([H])C([H])([H])C(OC(=O)C5=C([H])N(C([H])=C([H])C5([H])[H])C([H])([H])[H])(C#C[H])C4(C([H])([H])[H])C([H])([H])C([H])([H])C23[H])C1([H])[H])C([H])([H])[H]
 - 61
[H]OC1=C([H])C2=C([H])C([H])([H])C3([H])C4([H])C([H])([H])C([H])([H])C(OC(=O)C5=C([H])N(C([H])=C([H])C5([H])[H])C([H])([H])[H])(C#C[H])C4(C([H])([H])[H])C([H])([H])C([H])([H])C3([H])C2(C([H])([H])[H])C([H])([H])C1([H])[H]
 - 65
[H]OC1=C([H])C([H])([H])C2(C(=C1[H])C([H])([H])C([H])([H])C1([H])C3([H])C([H])([H])C([H])([H])C(OC(=O)C4=C([H])N(C([H])=C([H])C4([H])[H])C([H])([H])[H])(C#C[H])C3(C([H])([H])[H])C([H])([H])C([H])([H])C21[H])C([H])([H])[H]
 - 62
[H]N(C1=NC(=NC(=N1)C(Cl)(Cl)Cl)C(Cl)(Cl)Cl)C([H])([H])C([H])([H])C([H])([H])[H]
 - 19
[H]N1C(=NC(=NC([H])([H])C([H])([H])C([H])([H])[H])N=C1C(Cl)(Cl)Cl)C(Cl)(Cl)Cl
 - 23
[H]N1C(=NC([H])([H])C([H])([H])C([H])([H])[H])N=C(N=C1C(Cl)(Cl)Cl)C(Cl)(Cl)Cl
 - 23
[H]OC1=C([H])C(=C(O[H])C(Br)=C1[H])C([H])([H])[H]
 - 12
[H]OC(O[H])=C([H])C([H])([H])C([H])([H])C([H])([H])C([H])([H])N([H])C([H])([H])C([H])([H])C1=C([H])C([H])=C([H])C([H])=C1[H]
 - 18
[H]OC(=O)C([H])([H])C([H])([H])C([H])([H])C([H])([H])C([H])([H])N([H])C([H])([H])C([H])([H])C1=C([H])C([H])=C([H])C([H])=C1[H]
 - 18
[H]OC(=NN(C(=O)C1=C(Cl)C([H])=C([H])C([H])=C1[H])C(C([H])([H])[H])(C([H])([H])[H])C([H])([H])[H])C1=C(F)C([H])=C([H])C([H])=C1[H]
 - 32
[H]N(N(C(=O)C1=C(Cl)C([H])=C([H])C([H])=C1[H])C(C([H])([H])[H])(C([H])([H])[H])C([H])([H])[H])C(=O)C1=C(F)C([H])=C([H])C([H])=C1[H]
 - 30
[H]OC(=NC([H])([H])C([H])([H])C([H])([H])C([H])(C([H])([H])[H])C([H])([H])[H])C1(O[H])C([H])(C([H])([H])[H])C([H])([H])C2([H])C3([H])C([H])([H])C([H])=C4C([H])([H])C(=O)C([H])=C([H])C4(C([H])([H])[H])C3(F)C([H])(O[H])C([H])([H])C12C([H])([H])[H]
 - 69
[H]OC(=NC([H])([H])C([H])([H])C([H])([H])C([H])(C([H])([H])[H])C([H])([H])[H])C1(O[H])C([H])(C([H])([H])[H])C([H])([H])C2([H])C3([H])C([H])([H])C([H])([H])C4=C([H])C(=O)C([H])=C([H])C4(C([H])([H])[H])C3(F)C([H])(O[H])C([H])([H])C12C([H])([H])[H]
 - 69
[H]OC(=NC([H])([H])C([H])([H])C([H])([H])C([H])(C([H])([H])[H])C([H])([H])[H])C1(O[H])C([H])(C([H])([H])[H])C([H])([H])C2([H])C3([H])C([H])([H])C([H])=C4C([H])=C(O[H])C([H])=C([H])C4(C([H])([H])[H])C3(F)C([H])(O[H])C([H])([H])C12C([H])([H])[H]
 - 69
[H]OC1([H])C([H])([H])C2(C([H])([H])[H])C([H])(C([H])([H])C([H])(C([H])([H])[H])C2(O[H])C(=O)N([H])C([H])([H])C([H])([H])C([H])([H])C([H])(C([H])([H])[H])C([H])([H])[H])C2([H])C([H])([H])C([H])=C3C([H])([H])C(=O)C([H])=C([H])C3(C([H])([H])[H])C12F
 - 72
[H]OC1([H])C([H])([H])C2(C([H])([H])[H])C([H])(C([H])([H])C([H])(C([H])([H])[H])C2(O[H])C(=O)N([H])C([H])([H])C([H])([H])C([H])([H])C([H])(C([H])([H])[H])C([H])([H])[H])C2([H])C([H])([H])C([H])([H])C3=C([H])C(=O)C([H])=C([H])C3(C([H])([H])[H])C12F
 - 72
[H]OC1=C([H])C2=C([H])C([H])([H])C3([H])C4([H])C([H])([H])C([H])(C([H])([H])[H])C(O[H])(C(=O)N([H])C([H])([H])C([H])([H])C([H])([H])C([H])(C([H])([H])[H])C([H])([H])[H])C4(C([H])([H])[H])C([H])([H])C([H])(O[H])C3(F)C2(C([H])=C1[H])C([H])([H])[H]
 - 68
[H]C1=C(Cl)C(=C([H])C(=C1[H])C([H])([H])[H])C([H])([H])[H]
 - 15
[H]OC([H])([H])C([H])([H])OC1=C([H])C(=C([H])C([H])=C1[H])C([H])([H])[H]
 - 18
[H]OC(N([H])[H])=C(N([H])C(O[H])=C(N([H])C(=O)C([H])(N([H])C(=O)C([H])([H])[H])C([H])([H])C([H])([H])C([H])([H])N([H])[H])C([H])(C([H])([H])[H])C([H])([H])C([H])([H])[H])C([H])(C([H])([H])[H])C([H])([H])[H]
 - 53
[H]OC(N([H])[H])=C(N([H])C(=O)C([H])(N([H])C(O[H])=C(N([H])C(=O)C([H])([H])[H])C([H])([H])C([H])([H])C([H])([H])N([H])[H])C([H])(C([H])([H])[H])C([H])([H])C([H])([H])[H])C([H])(C([H])([H])[H])C([H])([H])[H]
 - 53
[H]OC(=C([H])[H])N([H])C([H])(C(=O)N([H])C([H])(C(=O)N([H])C(=C(O[H])N([H])[H])C([H])(C([H])([H])[H])C([H])([H])[H])C([H])(C([H])([H])[H])C([H])([H])C([H])([H])[H])C([H])([H])C([H])([H])C([H])([H])N([H])[H]
 - 51
[H]OC(=NC([H])(C(=O)N([H])C([H])(C(=O)N([H])C(=C(O[H])N([H])[H])C([H])(C([H])([H])[H])C([H])([H])[H])C([H])(C([H])([H])[H])C([H])([H])C([H])([H])[H])C([H])([H])C([H])([H])C([H])([H])N([H])[H])C([H])([H])[H]
 - 59
[H]OC(N([H])[H])=C(N([H])C(=O)C([H])(N=C(O[H])C([H])(N([H])C(=O)C([H])([H])[H])C([H])([H])C([H])([H])C([H])([H])N([H])[H])C([H])(C([H])([H])[H])C([H])([H])C([H])([H])[H])C([H])(C([H])([H])[H])C([H])([H])[H]
 - 53
[H]OC(N([H])[H])=C(N=C(O[H])C([H])(N([H])C(=O)C([H])(N([H])C(=O)C([H])([H])[H])C([H])([H])C([H])([H])C([H])([H])N([H])[H])C([H])(C([H])([H])[H])C([H])([H])C([H])([H])[H])C([H])(C([H])([H])[H])C([H])([H])[H]
 - 53
[H]OC(N([H])C([H])(C(O[H])=NC([H])(C(=O)N([H])[H])C([H])(C([H])([H])[H])C([H])([H])[H])C([H])(C([H])([H])[H])C([H])([H])C([H])([H])[H])=C(N([H])C(=O)C([H])([H])[H])C([H])([H])C([H])([H])C([H])([H])N([H])[H]
 - 42
[H]OC(N([H])C([H])(C(=O)N([H])[H])C([H])(C([H])([H])[H])C([H])([H])[H])=C(N=C(O[H])C([H])(N([H])C(=O)C([H])([H])[H])C([H])([H])C([H])([H])C([H])([H])N([H])[H])C([H])(C([H])([H])[H])C([H])([H])C([H])([H])[H]
 - 50
[H]OC(N([H])[H])=C(N([H])C(=O)C([H])(N([H])C(=O)C([H])(N([H])C(=O)C([H])([H])[H])C([H])([H])C([H])([H])C([H])([H])N([H])[H])C([H])(C([H])([H])[H])C([H])([H])C([H])([H])[H])C([H])(C([H])([H])[H])C([H])([H])[H]
 - 53
[H]OC(N([H])C([H])(C(=O)N([H])[H])C([H])(C([H])([H])[H])C([H])([H])[H])=C(N([H])C(=O)C([H])(N([H])C(=O)C([H])([H])[H])C([H])([H])C([H])([H])C([H])([H])N([H])[H])C([H])(C([H])([H])[H])C([H])([H])C([H])([H])[H]
 - 50
[H]OC(N([H])C([H])(C(=O)N([H])C([H])(C(=O)N([H])[H])C([H])(C([H])([H])[H])C([H])([H])[H])C([H])(C([H])([H])[H])C([H])([H])C([H])([H])[H])=C(N([H])C(=O)C([H])([H])[H])C([H])([H])C([H])([H])C([H])([H])N([H])[H]
 - 42
[H]OC(N([H])C([H])(C(O[H])=N[H])C([H])(C([H])([H])[H])C([H])([H])[H])=C(N([H])C(=O)C([H])(N([H])C(=O)C([H])([H])[H])C([H])([H])C([H])([H])C([H])([H])N([H])[H])C([H])(C([H])([H])[H])C([H])([H])C([H])([H])[H]
 - 50
[H]OC(N([H])C([H])(C(=O)N([H])C([H])(C(O[H])=N[H])C([H])(C([H])([H])[H])C([H])([H])[H])C([H])(C([H])([H])[H])C([H])([H])C([H])([H])[H])=C(N([H])C(=O)C([H])([H])[H])C([H])([H])C([H])([H])C([H])([H])N([H])[H]
 - 42
[H]OC(=C([H])[H])N([H])C([H])(C(=O)N([H])C([H])(C(O[H])=NC([H])(C(=O)N([H])[H])C([H])(C([H])([H])[H])C([H])([H])[H])C([H])(C([H])([H])[H])C([H])([H])C([H])([H])[H])C([H])([H])C([H])([H])C([H])([H])N([H])[H]
 - 51
[H]OC(=NC([H])(C(=O)N([H])C([H])(C(O[H])=NC([H])(C(=O)N([H])[H])C([H])(C([H])([H])[H])C([H])([H])[H])C([H])(C([H])([H])[H])C([H])([H])C([H])([H])[H])C([H])([H])C([H])([H])C([H])([H])N([H])[H])C([H])([H])[H]
 - 59
[H]OC(=NC([H])(C(O[H])=NC([H])(C(=O)N([H])[H])C([H])(C([H])([H])[H])C([H])([H])[H])C([H])(C([H])([H])[H])C([H])([H])C([H])([H])[H])C([H])(N([H])C(=O)C([H])([H])[H])C([H])([H])C([H])([H])C([H])([H])N([H])[H]
 - 41
[H]OC(=C([H])[H])N([H])C([H])(C(=O)N([H])C([H])(C(=O)N([H])C([H])(C(=O)N([H])[H])C([H])(C([H])([H])[H])C([H])([H])[H])C([H])(C([H])([H])[H])C([H])([H])C([H])([H])[H])C([H])([H])C([H])([H])C([H])([H])N([H])[H]
 - 51
[H]OC(=NC([H])(C(=O)N([H])C([H])(C(=O)N([H])[H])C([H])(C([H])([H])[H])C([H])([H])[H])C([H])(C([H])([H])[H])C([H])([H])C([H])([H])[H])C([H])(N([H])C(=O)C([H])([H])[H])C([H])([H])C([H])([H])C([H])([H])N([H])[H]
 - 41
[H]OC(=NC([H])(C(=O)N([H])C([H])(C(=O)N([H])C([H])(C(=O)N([H])[H])C([H])(C([H])([H])[H])C([H])([H])[H])C([H])(C([H])([H])[H])C([H])([H])C([H])([H])[H])C([H])([H])C([H])([H])C([H])([H])N([H])[H])C([H])([H])[H]
 - 59
[H]OC(=NC([H])(C(=O)N([H])[H])C([H])(C([H])([H])[H])C([H])([H])[H])C([H])(N([H])C(=O)C([H])(N([H])C(=O)C([H])([H])[H])C([H])([H])C([H])([H])C([H])([H])N([H])[H])C([H])(C([H])([H])[H])C([H])([H])C([H])([H])[H]
 - 50
[H]OC(=C([H])[H])N([H])C([H])(C(=O)N([H])C([H])(C(=O)N([H])C([H])(C(O[H])=N[H])C([H])(C([H])([H])[H])C([H])([H])[H])C([H])(C([H])([H])[H])C([H])([H])C([H])([H])[H])C([H])([H])C([H])([H])C([H])([H])N([H])[H]
 - 51
[H]OC(=NC([H])(C(=O)N([H])C([H])(C(=O)N([H])C([H])(C(O[H])=N[H])C([H])(C([H])([H])[H])C([H])([H])[H])C([H])(C([H])([H])[H])C([H])([H])C([H])([H])[H])C([H])([H])C([H])([H])C([H])([H])N([H])[H])C([H])([H])[H]
 - 59
[H]OC(=N[H])C([H])(N([H])C(=O)C([H])(N=C(O[H])C([H])(N([H])C(=O)C([H])([H])[H])C([H])([H])C([H])([H])C([H])([H])N([H])[H])C([H])(C([H])([H])[H])C([H])([H])C([H])([H])[H])C([H])(C([H])([H])[H])C([H])([H])[H]
 - 53
[H]OC(=N[H])C([H])(N=C(O[H])C([H])(N([H])C(=O)C([H])(N([H])C(=O)C([H])([H])[H])C([H])([H])C([H])([H])C([H])([H])N([H])[H])C([H])(C([H])([H])[H])C([H])([H])C([H])([H])[H])C([H])(C([H])([H])[H])C([H])([H])[H]
 - 53
[H]N([H])C(=O)C([H])(N([H])C(=O)C([H])(N([H])C(=O)C([H])(N([H])C(=O)C([H])([H])[H])C([H])([H])C([H])([H])C([H])([H])N([H])[H])C([H])(C([H])([H])[H])C([H])([H])C([H])([H])[H])C([H])(C([H])([H])[H])C([H])([H])[H]
 - 53
[H]OC(=N[H])C([H])(N([H])C(=O)C([H])(N([H])C(=O)C([H])(N([H])C(=O)C([H])([H])[H])C([H])([H])C([H])([H])C([H])([H])N([H])[H])C([H])(C([H])([H])[H])C([H])([H])C([H])([H])[H])C([H])(C([H])([H])[H])C([H])([H])[H]
 - 53
[H]OC(N([H])[H])=C(N([H])C(O[H])=C(N([H])C(=O)C([H])(N([H])C(=O)C([H])([H])[H])C([H])([H])C([H])([H])C([H])([H])C([H])([H])N([H])[H])C([H])([H])C1=C([H])C([H])=C([H])C([H])=C1[H])C([H])(C([H])([H])[H])C([H])([H])[H]
 - 57
[H]OC(N([H])[H])=C(N([H])C(=O)C([H])(N([H])C(O[H])=C(N([H])C(=O)C([H])([H])[H])C([H])([H])C([H])([H])C([H])([H])C([H])([H])N([H])[H])C([H])([H])C1=C([H])C([H])=C([H])C([H])=C1[H])C([H])(C([H])([H])[H])C([H])([H])[H]
 - 57
[H]OC(=C([H])[H])N([H])C([H])(C(=O)N([H])C([H])(C(=O)N([H])C(=C(O[H])N([H])[H])C([H])(C([H])([H])[H])C([H])([H])[H])C([H])([H])C1=C([H])C([H])=C([H])C([H])=C1[H])C([H])([H])C([H])([H])C([H])([H])C([H])([H])N([H])[H]
 - 52
[H]OC(N([H])[H])=C(N([H])C(=O)C([H])(N([H])C(=O)C([H])(N=C(O[H])C([H])([H])[H])C([H])([H])C([H])([H])C([H])([H])C([H])([H])N([H])[H])C([H])([H])C1=C([H])C([H])=C([H])C([H])=C1[H])C([H])(C([H])([H])[H])C([H])([H])[H]
 - 57
[H]OC(N([H])[H])=C(N([H])C(=O)C([H])(N=C(O[H])C([H])(N([H])C(=O)C([H])([H])[H])C([H])([H])C([H])([H])C([H])([H])C([H])([H])N([H])[H])C([H])([H])C1=C([H])C([H])=C([H])C([H])=C1[H])C([H])(C([H])([H])[H])C([H])([H])[H]
 - 57
[H]OC(N([H])C([H])(C(O[H])=NC([H])(C(=O)N([H])[H])C([H])(C([H])([H])[H])C([H])([H])[H])C([H])([H])C1=C([H])C([H])=C([H])C([H])=C1[H])=C(N([H])C(=O)C([H])([H])[H])C([H])([H])C([H])([H])C([H])([H])C([H])([H])N([H])[H]
 - 43
[H]OC(N([H])[H])=C(N=C(O[H])C([H])(N([H])C(=O)C([H])(N([H])C(=O)C([H])([H])[H])C([H])([H])C([H])([H])C([H])([H])C([H])([H])N([H])[H])C([H])([H])C1=C([H])C([H])=C([H])C([H])=C1[H])C([H])(C([H])([H])[H])C([H])([H])[H]
 - 57
[H]OC(N([H])C([H])(C(=O)N([H])[H])C([H])(C([H])([H])[H])C([H])([H])[H])=C(N=C(O[H])C([H])(N([H])C(=O)C([H])([H])[H])C([H])([H])C([H])([H])C([H])([H])C([H])([H])N([H])[H])C([H])([H])C1=C([H])C([H])=C([H])C([H])=C1[H]
 - 53
[H]OC(N([H])[H])=C(N([H])C(=O)C([H])(N([H])C(=O)C([H])(N([H])C(=O)C([H])([H])[H])C([H])([H])C([H])([H])C([H])([H])C([H])([H])N([H])[H])C([H])([H])C1=C([H])C([H])=C([H])C([H])=C1[H])C([H])(C([H])([H])[H])C([H])([H])[H]
 - 57
[H]OC(N([H])C([H])(C(=O)N([H])[H])C([H])(C([H])([H])[H])C([H])([H])[H])=C(N([H])C(=O)C([H])(N([H])C(=O)C([H])([H])[H])C([H])([H])C([H])([H])C([H])([H])C([H])([H])N([H])[H])C([H])([H])C1=C([H])C([H])=C([H])C([H])=C1[H]
 - 53
[H]OC(N([H])C([H])(C(=O)N([H])C([H])(C(=O)N([H])[H])C([H])(C([H])([H])[H])C([H])([H])[H])C([H])([H])C1=C([H])C([H])=C([H])C([H])=C1[H])=C(N([H])C(=O)C([H])([H])[H])C([H])([H])C([H])([H])C([H])([H])C([H])([H])N([H])[H]
 - 43
[H]OC(N([H])C([H])(C(O[H])=N[H])C([H])(C([H])([H])[H])C([H])([H])[H])=C(N([H])C(=O)C([H])(N([H])C(=O)C([H])([H])[H])C([H])([H])C([H])([H])C([H])([H])C([H])([H])N([H])[H])C([H])([H])C1=C([H])C([H])=C([H])C([H])=C1[H]
 - 53
[H]OC(N([H])C([H])(C(=O)N([H])C([H])(C(O[H])=N[H])C([H])(C([H])([H])[H])C([H])([H])[H])C([H])([H])C1=C([H])C([H])=C([H])C([H])=C1[H])=C(N([H])C(=O)C([H])([H])[H])C([H])([H])C([H])([H])C([H])([H])C([H])([H])N([H])[H]
 - 43
[H]OC(=C([H])[H])N([H])C([H])(C(=O)N([H])C([H])(C(O[H])=NC([H])(C(=O)N([H])[H])C([H])(C([H])([H])[H])C([H])([H])[H])C([H])([H])C1=C([H])C([H])=C([H])C([H])=C1[H])C([H])([H])C([H])([H])C([H])([H])C([H])([H])N([H])[H]
 - 52
[H]OC(=NC([H])(C(=O)N([H])C([H])(C(O[H])=NC([H])(C(=O)N([H])[H])C([H])(C([H])([H])[H])C([H])([H])[H])C([H])([H])C1=C([H])C([H])=C([H])C([H])=C1[H])C([H])([H])C([H])([H])C([H])([H])C([H])([H])N([H])[H])C([H])([H])[H]
 - 63
[H]OC(=NC([H])(C(=O)N([H])[H])C([H])(C([H])([H])[H])C([H])([H])[H])C([H])(N=C(O[H])C([H])(N([H])C(=O)C([H])([H])[H])C([H])([H])C([H])([H])C([H])([H])C([H])([H])N([H])[H])C([H])([H])C1=C([H])C([H])=C([H])C([H])=C1[H]
 - 53
[H]OC(=C([H])[H])N([H])C([H])(C(=O)N([H])C([H])(C(=O)N([H])C([H])(C(=O)N([H])[H])C([H])(C([H])([H])[H])C([H])([H])[H])C([H])([H])C1=C([H])C([H])=C([H])C([H])=C1[H])C([H])([H])C([H])([H])C([H])([H])C([H])([H])N([H])[H]
 - 52
[H]OC(=NC([H])(C(=O)N([H])C([H])(C(=O)N([H])C([H])(C(=O)N([H])[H])C([H])(C([H])([H])[H])C([H])([H])[H])C([H])([H])C1=C([H])C([H])=C([H])C([H])=C1[H])C([H])([H])C([H])([H])C([H])([H])C([H])([H])N([H])[H])C([H])([H])[H]
 - 63
[H]OC(=NC([H])(C(=O)N([H])C([H])(C(=O)N([H])[H])C([H])(C([H])([H])[H])C([H])([H])[H])C([H])([H])C1=C([H])C([H])=C([H])C([H])=C1[H])C([H])(N([H])C(=O)C([H])([H])[H])C([H])([H])C([H])([H])C([H])([H])C([H])([H])N([H])[H]
 - 42
[H]OC(=NC([H])(C(=O)N([H])[H])C([H])(C([H])([H])[H])C([H])([H])[H])C([H])(N([H])C(=O)C([H])(N([H])C(=O)C([H])([H])[H])C([H])([H])C([H])([H])C([H])([H])C([H])([H])N([H])[H])C([H])([H])C1=C([H])C([H])=C([H])C([H])=C1[H]
 - 53
[H]OC(=C([H])[H])N([H])C([H])(C(=O)N([H])C([H])(C(=O)N([H])C([H])(C(O[H])=N[H])C([H])(C([H])([H])[H])C([H])([H])[H])C([H])([H])C1=C([H])C([H])=C([H])C([H])=C1[H])C([H])([H])C([H])([H])C([H])([H])C([H])([H])N([H])[H]
 - 52
[H]OC(=N[H])C([H])(N([H])C(=O)C([H])(N([H])C(=O)C([H])(N=C(O[H])C([H])([H])[H])C([H])([H])C([H])([H])C([H])([H])C([H])([H])N([H])[H])C([H])([H])C1=C([H])C([H])=C([H])C([H])=C1[H])C([H])(C([H])([H])[H])C([H])([H])[H]
 - 57
[H]OC(=N[H])C([H])(N([H])C(=O)C([H])(N=C(O[H])C([H])(N([H])C(=O)C([H])([H])[H])C([H])([H])C([H])([H])C([H])([H])C([H])([H])N([H])[H])C([H])([H])C1=C([H])C([H])=C([H])C([H])=C1[H])C([H])(C([H])([H])[H])C([H])([H])[H]
 - 57
[H]OC(=N[H])C([H])(N=C(O[H])C([H])(N([H])C(=O)C([H])(N([H])C(=O)C([H])([H])[H])C([H])([H])C([H])([H])C([H])([H])C([H])([H])N([H])[H])C([H])([H])C1=C([H])C([H])=C([H])C([H])=C1[H])C([H])(C([H])([H])[H])C([H])([H])[H]
 - 57
[H]N([H])C(=O)C([H])(N([H])C(=O)C([H])(N([H])C(=O)C([H])(N([H])C(=O)C([H])([H])[H])C([H])([H])C([H])([H])C([H])([H])C([H])([H])N([H])[H])C([H])([H])C1=C([H])C([H])=C([H])C([H])=C1[H])C([H])(C([H])([H])[H])C([H])([H])[H]
 - 57
[H]OC(=N[H])C([H])(N([H])C(=O)C([H])(N([H])C(=O)C([H])(N([H])C(=O)C([H])([H])[H])C([H])([H])C([H])([H])C([H])([H])C([H])([H])N([H])[H])C([H])([H])C1=C([H])C([H])=C([H])C([H])=C1[H])C([H])(C([H])([H])[H])C([H])([H])[H]
 - 57
[H]N([H])C1=NC(N([H])[H])=C(C([H])=N1)C([H])([H])C1=C(Cl)C(Cl)=C([H])C([H])=C1[H]
 - 18
[H]N=C1N=C([H])C(=C(N([H])[H])N1[H])C([H])([H])C1=C(Cl)C(Cl)=C([H])C([H])=C1[H]
 - 18
[H]N=C1N([H])C([H])=C(C(=N[H])N1[H])C([H])([H])C1=C(Cl)C(Cl)=C([H])C([H])=C1[H]
 - 18
[H]N=C1N([H])C(=NC([H])=C1C([H])([H])C1=C(Cl)C(Cl)=C([H])C([H])=C1[H])N([H])[H]
 - 25
[H]N=C1N=C(N([H])[H])N([H])C([H])=C1C([H])([H])C1=C(Cl)C(Cl)=C([H])C([H])=C1[H]
 - 18
[H]N=C1N=C(N([H])[H])C(=C([H])N1[H])C([H])([H])C1=C(Cl)C(Cl)=C([H])C([H])=C1[H]
 - 18
[H]OC([H])([H])C1([H])OC([H])(N2C([H])=NC3=C(I)N=C([H])N=C23)C([H])(F)C1([H])[H]
 - 26
[H]C1=C([H])C([H])=C2C(=O)C(=O)N(C(=O)C2=C1[H])C([H])([H])C([H])([H])C([H])([H])[H]
 - 18
COCC(O)Cn1c(C)cnc1[N+](=O)[O-]
 - 'NoneType' object has no attribute 'kekulise'
COCC(O)CN1C(C)=CN=C1[N+]([O-])=O
 - 'NoneType' object has no attribute 'kekulise'
[H]OC([H])(C([H])([H])OC([H])([H])[H])C([H])([H])N1C(=NC([H])=C1C([H])([H])[H])[N+]([O-])=O
 - 'NoneType' object has no attribute 'kekulise'
Cc1c[n]c([n]1CC(O)COC)[N+]([O-])=O
 - 'NoneType' object has no attribute 'kekulise'
COCC(O)Cn1c(C)cnc1[N+]([O-])=O
 - 'NoneType' object has no attribute 'kekulise'
[H]C1=C([H])C([H])=C(C([H])=C1[H])N1C(=O)C(=O)C2=C([H])C([H])=C([H])C([H])=C2C1=O
 - 27
OCCNC(=O)CCn1ccnc1[N+](=O)[O-]
 - 'NoneType' object has no attribute 'kekulise'
[H]OC(=NC([H])([H])C([H])([H])O[H])C([H])([H])C([H])([H])N1C([H])=C([H])N=C1[N+]([O-])=O
 - 'NoneType' object has no attribute 'kekulise'
OCCN=C(O)CCN1C=CN=C1[N+]([O-])=O
 - 'NoneType' object has no attribute 'kekulise'
[H]OC([H])([H])C([H])([H])N([H])C(=O)C([H])([H])C([H])([H])N1C([H])=C([H])N=C1[N+]([O-])=O
 - 'NoneType' object has no attribute 'kekulise'
[O-][N+](=O)c1[n]cc[n]1CCC(=O)NCCO
 - 'NoneType' object has no attribute 'kekulise'
OCCNC(=O)CCN1C=CN=C1[N+]([O-])=O
 - 'NoneType' object has no attribute 'kekulise'
[H]OC(N([H])C([H])([H])C([H])([H])O[H])=C([H])C([H])([H])N1C([H])=C([H])N=C1[N+]([O-])=O
 - 'NoneType' object has no attribute 'kekulise'
OCCNC(O)=CCN1C=CN=C1[N+]([O-])=O
 - 'NoneType' object has no attribute 'kekulise'
OCCNC(=O)C(F)(F)CN1C=NC(=N1)[N+]([O-])=O
 - 'NoneType' object has no attribute 'kekulise'
[H]OC(=NC([H])([H])C([H])([H])O[H])C(F)(F)C([H])([H])N1N=C(N=C1[H])[N+]([O-])=O
 - 'NoneType' object has no attribute 'kekulise'
OCCN=C(O)C(F)(F)CN1C=NC(=N1)[N+]([O-])=O
 - 'NoneType' object has no attribute 'kekulise'
[H]OC([H])([H])C([H])([H])N([H])C(=O)C(F)(F)C([H])([H])N1N=C(N=C1[H])[N+]([O-])=O
 - 'NoneType' object has no attribute 'kekulise'
[O-][N+](=O)c1[n]c[n](CC(F)(F)C(=O)NCCO)[n]1
 - 'NoneType' object has no attribute 'kekulise'
OCCNC(=O)C(F)(F)Cn1cnc(n1)[N+](=O)[O-]
 - 'NoneType' object has no attribute 'kekulise'
[H]OC([H])([H])C1([H])OC([H])(N2C([H])=NC3=C(Cl)N=C(N=C23)N([H])[H])C([H])(F)C1([H])[H]
 - 28
[H]OC([H])([H])C1([H])OC([H])(N2C([H])=NC3=C2N=C(N=C3Cl)N([H])[H])C([H])(F)C1([H])[H]
 - 28
[H]OC([H])([H])C1([H])OC([H])(N2C([H])=NC3=C2N([H])C(=N[H])N=C3Cl)C([H])(F)C1([H])[H]
 - 28
[H]OC([H])([H])C1([H])OC([H])(N2C([H])=NC3=C(Cl)N([H])C(=N[H])N=C23)C([H])(F)C1([H])[H]
 - 28
[H]OC1=C2N=C([H])C([H])=C([H])C2=C(C([H])=C1[H])C([H])([H])C#N
 - 16
[H]OC1=C2N=C([H])C([H])=C([H])C2=C(C([H])=C=N[H])C([H])=C1[H]
 - 21
COC(O)Cn1c(Br)c(Br)nc1[N+](=O)[O-]
 - 'NoneType' object has no attribute 'kekulise'
COC(O)CN1C(Br)=C(Br)N=C1[N+]([O-])=O
 - 'NoneType' object has no attribute 'kekulise'
[H]OC([H])(OC([H])([H])[H])C([H])([H])N1C(Br)=C(Br)N=C1[N+]([O-])=O
 - 'NoneType' object has no attribute 'kekulise'
COC(O)C[n]1c([n]c(Br)c1Br)[N+]([O-])=O
 - 'NoneType' object has no attribute 'kekulise'
COC(O)Cn1c(Br)c(Br)nc1[N+]([O-])=O
 - 'NoneType' object has no attribute 'kekulise'
[H]OC(=NC([H])(C1=C([H])C([H])=C([H])C([H])=C1[H])C([H])([H])O[H])C1(O[H])C([H])(C([H])([H])[H])C([H])([H])C2([H])C3([H])C([H])([H])C([H])([H])C4=C([H])C(=O)C([H])=C([H])C4(C([H])([H])[H])C3(F)C([H])(O[H])C([H])([H])C12C([H])([H])[H]
 - 68
[H]OC(=NC([H])(C1=C([H])C([H])=C([H])C([H])=C1[H])C([H])([H])O[H])C1(O[H])C([H])(C([H])([H])[H])C([H])([H])C2([H])C3([H])C([H])([H])C([H])=C4C([H])([H])C(=O)C([H])=C([H])C4(C([H])([H])[H])C3(F)C([H])(O[H])C([H])([H])C12C([H])([H])[H]
 - 68
[H]OC(=NC([H])(C1=C([H])C([H])=C([H])C([H])=C1[H])C([H])([H])O[H])C1(O[H])C([H])(C([H])([H])[H])C([H])([H])C2([H])C3([H])C([H])([H])C([H])=C4C([H])=C(O[H])C([H])=C([H])C4(C([H])([H])[H])C3(F)C([H])(O[H])C([H])([H])C12C([H])([H])[H]
 - 68
[H]OC([H])([H])C([H])(N([H])C(=O)C1(O[H])C([H])(C([H])([H])[H])C([H])([H])C2([H])C3([H])C([H])([H])C([H])=C4C([H])([H])C(=O)C([H])=C([H])C4(C([H])([H])[H])C3(F)C([H])(O[H])C([H])([H])C12C([H])([H])[H])C1=C([H])C([H])=C([H])C([H])=C1[H]
 - 62
[H]OC([H])([H])C([H])(N([H])C(=O)C1(O[H])C([H])(C([H])([H])[H])C([H])([H])C2([H])C3([H])C([H])([H])C([H])([H])C4=C([H])C(=O)C([H])=C([H])C4(C([H])([H])[H])C3(F)C([H])(O[H])C([H])([H])C12C([H])([H])[H])C1=C([H])C([H])=C([H])C([H])=C1[H]
 - 62
[H]OC1=C([H])C2=C([H])C([H])([H])C3([H])C4([H])C([H])([H])C([H])(C([H])([H])[H])C(O[H])(C(=O)N([H])C([H])(C5=C([H])C([H])=C([H])C([H])=C5[H])C([H])([H])O[H])C4(C([H])([H])[H])C([H])([H])C([H])(O[H])C3(F)C2(C([H])=C1[H])C([H])([H])[H]
 - 67
[H]N([H])C(=O)C1=C(N=NC(=C1[H])C1=C([H])C([H])=C([H])C([H])=C1[H])N([H])C([H])([H])C([H])([H])N1C([H])([H])C([H])([H])OC([H])([H])C1([H])[H]
 - 25
NC(=O)c1cc(nnc1NCCN1CCOCC1)c1ccccc1
 - 'NoneType' object has no attribute 'get_contributed_electrons'
NC(=O)c1cc(nnc1NCCN2CCOCC2)c3ccccc3
 - 'NoneType' object has no attribute 'get_contributed_electrons'
[H]OC(=N[H])C1=C(N=NC(=C1[H])C1=C([H])C([H])=C([H])C([H])=C1[H])N([H])C([H])([H])C([H])([H])N1C([H])([H])C([H])([H])OC([H])([H])C1([H])[H]
 - 25
[H]N([H])C(=O)C1=C([H])C(=NN([H])C1=NC([H])([H])C([H])([H])N1C([H])([H])C([H])([H])OC([H])([H])C1([H])[H])C1=C([H])C([H])=C([H])C([H])=C1[H]
 - 35
[H]OC(=N[H])C1=C([H])C(=NN([H])C1=NC([H])([H])C([H])([H])N1C([H])([H])C([H])([H])OC([H])([H])C1([H])[H])C1=C([H])C([H])=C([H])C([H])=C1[H]
 - 35
[H]OC(=NC([H])([H])C([H])([H])O[H])C1(O[H])C([H])(C([H])([H])[H])C([H])([H])C2([H])C3([H])C([H])([H])C([H])=C4C([H])([H])C(=O)C([H])=C([H])C4(C([H])([H])[H])C3(F)C([H])(O[H])C([H])([H])C12C([H])([H])[H]
 - 58
[H]OC(=NC([H])([H])C([H])([H])O[H])C1(O[H])C([H])(C([H])([H])[H])C([H])([H])C2([H])C3([H])C([H])([H])C([H])([H])C4=C([H])C(=O)C([H])=C([H])C4(C([H])([H])[H])C3(F)C([H])(O[H])C([H])([H])C12C([H])([H])[H]
 - 58
[H]OC(=NC([H])([H])C([H])([H])O[H])C1(O[H])C([H])(C([H])([H])[H])C([H])([H])C2([H])C3([H])C([H])([H])C([H])=C4C([H])=C(O[H])C([H])=C([H])C4(C([H])([H])[H])C3(F)C([H])(O[H])C([H])([H])C12C([H])([H])[H]
 - 58
[H]OC([H])([H])C([H])([H])N([H])C(=O)C1(O[H])C([H])(C([H])([H])[H])C([H])([H])C2([H])C3([H])C([H])([H])C([H])=C4C([H])([H])C(=O)C([H])=C([H])C4(C([H])([H])[H])C3(F)C([H])(O[H])C([H])([H])C12C([H])([H])[H]
 - 58
[H]OC([H])([H])C([H])([H])N([H])C(=O)C1(O[H])C([H])(C([H])([H])[H])C([H])([H])C2([H])C3([H])C([H])([H])C([H])([H])C4=C([H])C(=O)C([H])=C([H])C4(C([H])([H])[H])C3(F)C([H])(O[H])C([H])([H])C12C([H])([H])[H]
 - 58
[H]OC1=C([H])C2=C([H])C([H])([H])C3([H])C4([H])C([H])([H])C([H])(C([H])([H])[H])C(O[H])(C(=O)N([H])C([H])([H])C([H])([H])O[H])C4(C([H])([H])[H])C([H])([H])C([H])(O[H])C3(F)C2(C([H])=C1[H])C([H])([H])[H]
 - 57
[H]C#CC([H])([H])OC1=C(Cl)C([H])=C(N([H])C(\\[H])=N\\OC([H])([H])C([H])([H])C([H])([H])C([H])([H])[H])C([H])=C1Cl
 - 2 bonds in a row
CN(C)Cc1ccc(o1)-c1cccc(NC2=C(C=C[N]2)[N+]([O-])=O)c1
 - 'NoneType' object has no attribute 'kekulise'
[H]N(C1=C(C([H])=C([H])N1[H])[N+]([O-])=O)C1=C([H])C(=C([H])C([H])=C1[H])C1=C([H])C([H])=C(O1)C([H])([H])N(C([H])([H])[H])C([H])([H])[H]
 - 'NoneType' object has no attribute 'kekulise'
CN(C)Cc1ccc(o1)-c1cc(ccc1)Nc1[nH]ccc1[N+]([O-])=O
 - 'NoneType' object has no attribute 'kekulise'
CN(C)Cc1ccc(o1)-c1cccc(Nc2[nH]ccc2[N+]([O-])=O)c1
 - 'NoneType' object has no attribute 'kekulise'
CN(C)CC1=CC=C(O1)C1=CC=CC(NC2=C(C=C[N]2)[N+]([O-])=O)=C1
 - 'NoneType' object has no attribute 'kekulise'
CN(C)Cc1ccc(o1)c1cccc(NC2=C(C=C[N]2)[N+](=O)[O-])c1
 - 'NoneType' object has no attribute 'kekulise'
[H]C#CC([H])([H])O\\N=C(/[H])N([H])C1=C([H])C(Cl)=C(OC([H])([H])C#C[H])C(Cl)=C1[H]
 - 2 bonds in a row
[H]N1N=NN=C1C1=C([H])C([H])=C([H])C([H])=C1[H]
 - 16
c1ccccc1-c1[nH][n][n][n]1
 - This structure cannot be kekulised!
[H]N1N=NC(=N1)C1=C([H])C([H])=C([H])C([H])=C1[H]
 - 16
[H]C#CC([H])([H])OC1=C(Cl)C([H])=C(N([H])C(\\[H])=N\\OC([H])([H])[H])C([H])=C1Cl
 - 2 bonds in a row
COc1cc(C)c2CCC(NC(=O)c3ccc(cc3)[N+](=O)[O-])c3cc(=O)c(OC)ccc3-c2c1OC
 - 'NoneType' object has no attribute 'kekulise'
[H]OC(=NC1([H])C2=C([H])C(=O)C(OC([H])([H])[H])=C([H])C([H])=C2C2=C(C(=C([H])C(OC([H])([H])[H])=C2OC([H])([H])[H])C([H])([H])[H])C([H])([H])C1([H])[H])C1=C([H])C([H])=C(C([H])=C1[H])[N+]([O-])=O
 - 'NoneType' object has no attribute 'kekulise'
COC1=C(OC)C2=C(CCC(N=C(O)C3=CC=C(C=C3)[N+]([O-])=O)C3=CC(=O)C(OC)=CC=C23)C(C)=C1
 - 'NoneType' object has no attribute 'kekulise'
COC1=CC(C)=C2CCC(N=C(O)C3=CC=C(C=C3)[N+]([O-])=O)C3=CC(=O)C(OC)=CC=C3C2=C1OC
 - 'NoneType' object has no attribute 'kekulise'
[H]N(C(=O)C1=C([H])C([H])=C(C([H])=C1[H])[N+]([O-])=O)C1([H])C2=C([H])C(=O)C(OC([H])([H])[H])=C([H])C([H])=C2C2=C(C(=C([H])C(OC([H])([H])[H])=C2OC([H])([H])[H])C([H])([H])[H])C([H])([H])C1([H])[H]
 - 'NoneType' object has no attribute 'kekulise'
Cc1cc(OC)c(OC)c2c1CCC(NC(=O)c1ccc(cc1)[N+]([O-])=O)C1=CC(=O)C(=CC=C12)OC
 - 'NoneType' object has no attribute 'kekulise'
COC1=C(OC)C2=C(CCC(NC(=O)C3=CC=C(C=C3)[N+]([O-])=O)C3=CC(=O)C(OC)=CC=C23)C(C)=C1
 - 'NoneType' object has no attribute 'kekulise'
COC1=CC(C)=C2CCC(NC(=O)C3=CC=C(C=C3)[N+]([O-])=O)C3=CC(=O)C(OC)=CC=C3C2=C1OC
 - 'NoneType' object has no attribute 'kekulise'
[H]OC([H])([H])C1([H])OC([H])(N2C([H])=C([H])C(\\N=C(/[H])N(C([H])([H])[H])C([H])([H])[H])=NC2=O)C([H])(O[H])C1([H])O[H]
 - 2 bonds in a row
CC1=CN(C2CC(N=[N+]=[N-])C(COC(=O)CCNC(=O)C34CC5CC(CC(C5)C3)C4)O2)C(O)=NC1=O
 - 'NoneType' object has no attribute 'kekulise'
[H]OC(=NC([H])([H])C([H])([H])C(=O)OC([H])([H])C1([H])OC([H])(N2C([H])=C(C(=O)N([H])C2=O)C([H])([H])[H])C([H])([H])C1([H])N=[N+]=N[H])C12C([H])([H])C3([H])C([H])([H])C([H])(C([H])([H])C([H])(C3([H])[H])C1([H])[H])C2([H])[H]
 - 'NoneType' object has no attribute 'kekulise'
CC1=CN(C2CC(N=[N+]=N)C(COC(=O)CCN=C(O)C34CC5CC(CC(C5)C3)C4)O2)C(=O)NC1=O
 - 'NoneType' object has no attribute 'kekulise'
[H]OC(=NC([H])([H])C([H])([H])C(=O)OC([H])([H])C1([H])OC([H])(N2C([H])=C(C(=O)N=C2O[H])C([H])([H])[H])C([H])([H])C1([H])N=[N+]=N[H])C12C([H])([H])C3([H])C([H])([H])C([H])(C([H])([H])C([H])(C3([H])[H])C1([H])[H])C2([H])[H]
 - 'NoneType' object has no attribute 'kekulise'
CC1=CN(C2CC(N=[N+]=N)C(COC(=O)CCN=C(O)C34CC5CC(CC(C5)C3)C4)O2)C(O)=NC1=O
 - 'NoneType' object has no attribute 'kekulise'
[H]OC(=NC([H])([H])C([H])([H])C(=O)OC([H])([H])C1([H])OC([H])(N2C([H])=C(C(O[H])=NC2=O)C([H])([H])[H])C([H])([H])C1([H])N=[N+]=N[H])C12C([H])([H])C3([H])C([H])([H])C([H])(C([H])([H])C([H])(C3([H])[H])C1([H])[H])C2([H])[H]
 - 'NoneType' object has no attribute 'kekulise'
CC1=CN(C2CC(N=[N+]=N)C(COC(=O)CCN=C(O)C34CC5CC(CC(C5)C3)C4)O2)C(=O)N=C1O
 - 'NoneType' object has no attribute 'kekulise'
[H]N=[N+]=NC1([H])C([H])([H])C([H])(OC1([H])C([H])([H])OC(=O)C([H])([H])C([H])([H])N([H])C(=O)C12C([H])([H])C3([H])C([H])([H])C([H])(C([H])([H])C([H])(C3([H])[H])C1([H])[H])C2([H])[H])N1C([H])=C(C(=O)N([H])C1=O)C([H])([H])[H]
 - 'NoneType' object has no attribute 'kekulise'
CC1=CN(C2CC(N=[N+]=N)C(COC(=O)CCNC(=O)C34CC5CC(C3)CC(C4)C5)O2)C(=O)NC1=O
 - 'NoneType' object has no attribute 'kekulise'
CC1=CN(C2CC(N=[N+]=[N-])C(COC(=O)CCN=C(O)C34CC5CC(CC(C5)C3)C4)O2)C(=O)NC1=O
 - 'NoneType' object has no attribute 'kekulise'
[H]OC1=NC(=O)C(=C([H])N1C1([H])OC([H])(C([H])([H])OC(=O)C([H])([H])C([H])([H])N([H])C(=O)C23C([H])([H])C4([H])C([H])([H])C([H])(C([H])([H])C([H])(C4([H])[H])C2([H])[H])C3([H])[H])C([H])(N=[N+]=N[H])C1([H])[H])C([H])([H])[H]
 - 'NoneType' object has no attribute 'kekulise'
CC1=CN(C2CC(N=[N+]=N)C(COC(=O)CCNC(=O)C34CC5CC(CC(C5)C3)C4)O2)C(O)=NC1=O
 - 'NoneType' object has no attribute 'kekulise'
[H]OC1=NC(=O)N(C([H])=C1C([H])([H])[H])C1([H])OC([H])(C([H])([H])OC(=O)C([H])([H])C([H])([H])N([H])C(=O)C23C([H])([H])C4([H])C([H])([H])C([H])(C([H])([H])C([H])(C4([H])[H])C2([H])[H])C3([H])[H])C([H])(N=[N+]=N[H])C1([H])[H]
 - 'NoneType' object has no attribute 'kekulise'
CC1=CN(C2CC(N=[N+]=N)C(COC(=O)CCNC(=O)C34CC5CC(CC(C5)C3)C4)O2)C(=O)N=C1O
 - 'NoneType' object has no attribute 'kekulise'
CC1=CN(C2CC(N=[N+]=[N-])C(COC(=O)CCN=C(O)C34CC5CC(CC(C5)C3)C4)O2)C(O)=NC1=O
 - 'NoneType' object has no attribute 'kekulise'
CC1=CN(C2CC(N=[N+]=[N-])C(COC(=O)CCNC(=O)C34CC5CC(CC(C5)C3)C4)O2)C(=O)NC1=O
 - 'NoneType' object has no attribute 'kekulise'
Cc1cn(C2CC(N=[N+]=[N-])C(COC(=O)CCNC(=O)C34CC5CC(CC(C5)C3)C4)O2)c(=O)[nH]c1=O
 - 'NoneType' object has no attribute 'kekulise'
CC1=CN(C2CC(N=[N+]=[N-])C(COC(=O)CCNC(=O)C34CC5CC(CC(C5)C3)C4)O2)C(=O)N=C1O
 - 'NoneType' object has no attribute 'kekulise'
CC1=CN(C2CC(N=[N]#N)C(COC(=O)CCN=C(O)C34CC5CC(CC(C5)C3)C4)O2)C(=O)NC1=O
 - 'NoneType' object has no attribute 'kekulise'
CC1=CN(C2CC([N-][N+]#N)C(COC(=O)CCN=C(O)C34CC5CC(CC(C5)C3)C4)O2)C(=O)NC1=O
 - 'NoneType' object has no attribute 'kekulise'
[H]OC(=NC([H])([H])C([H])([H])C(=O)OC([H])([H])C1([H])OC([H])(N2C([H])=C(C(=O)N([H])C2=O)C([H])([H])[H])C([H])([H])C1([H])N([H])[N+]#N)C12C([H])([H])C3([H])C([H])([H])C([H])(C([H])([H])C([H])(C3([H])[H])C1([H])[H])C2([H])[H]
 - 'NoneType' object has no attribute 'kekulise'
CC1=CN(C2CC(N[N+]#N)C(COC(=O)CCN=C(O)C34CC5CC(CC(C5)C3)C4)O2)C(=O)NC1=O
 - 'NoneType' object has no attribute 'kekulise'
CC1=CN(C2CC(N=[N]#N)C(COC(=O)CCN=C(O)C34CC5CC(CC(C5)C3)C4)O2)C(O)=NC1=O
 - 'NoneType' object has no attribute 'kekulise'
CC1=CN(C2CC(N=[N]#N)C(COC(=O)CCN=C(O)C34CC5CC(CC(C5)C3)C4)O2)C(=O)N=C1O
 - 'NoneType' object has no attribute 'kekulise'
[H]OC(=NC([H])([H])C([H])([H])C(=O)OC([H])([H])C1([H])OC([H])(N2C([H])=C(C(=O)N=C2O[H])C([H])([H])[H])C([H])([H])C1([H])N([H])[N+]#N)C12C([H])([H])C3([H])C([H])([H])C([H])(C([H])([H])C([H])(C3([H])[H])C1([H])[H])C2([H])[H]
 - 'NoneType' object has no attribute 'kekulise'
[H]OC(=NC([H])([H])C([H])([H])C(=O)OC([H])([H])C1([H])OC([H])(N2C([H])=C(C(O[H])=NC2=O)C([H])([H])[H])C([H])([H])C1([H])N([H])[N+]#N)C12C([H])([H])C3([H])C([H])([H])C([H])(C([H])([H])C([H])(C3([H])[H])C1([H])[H])C2([H])[H]
 - 'NoneType' object has no attribute 'kekulise'
CC1=CN(C2CC(N=[N]#N)C(COC(=O)CCNC(=O)C34CC5CC(CC(C5)C3)C4)O2)C(=O)NC1=O
 - 'NoneType' object has no attribute 'kekulise'
CC1=CN(C2CC(N=N#N)C(COC(=O)CCNC(=O)C3(CC4CC5CC(C4)C3)C5)O2)C(=O)NC1=O
 - 'NoneType' object has no attribute 'kekulise'
CC1=CN(C2CC([N-][N+]#N)C(COC(=O)CCNC(=O)C34CC5CC(CC(C5)C3)C4)O2)C(=O)NC1=O
 - 'NoneType' object has no attribute 'kekulise'
[H]N([N+]#N)C1([H])C([H])([H])C([H])(OC1([H])C([H])([H])OC(=O)C([H])([H])C([H])([H])N([H])C(=O)C12C([H])([H])C3([H])C([H])([H])C([H])(C([H])([H])C([H])(C3([H])[H])C1([H])[H])C2([H])[H])N1C([H])=C(C(=O)N([H])C1=O)C([H])([H])[H]
 - 'NoneType' object has no attribute 'kekulise'
CC1=CN(C2CC(N[N+]#N)C(COC(=O)CCNC(=O)C34CC5CC(CC(C5)C3)C4)O2)C(=O)NC1=O
 - 'NoneType' object has no attribute 'kekulise'
CC1=CN(C2CC(N=[N]#N)C(COC(=O)CCNC(=O)C34CC5CC(CC(C5)C3)C4)O2)C(O)=NC1=O
 - 'NoneType' object has no attribute 'kekulise'
CC1=CN(C2CC([N-][N+]#N)C(COC(=O)CCNC(=O)C34CC5CC(CC(C5)C3)C4)O2)C(O)=NC1=O
 - 'NoneType' object has no attribute 'kekulise'
CC1=CN(C2CC(N=[N]#N)C(COC(=O)CCNC(=O)C34CC5CC(CC(C5)C3)C4)O2)C(=O)N=C1O
 - 'NoneType' object has no attribute 'kekulise'
[H]OC1=NC(=O)C(=C([H])N1C1([H])OC([H])(C([H])([H])OC(=O)C([H])([H])C([H])([H])N([H])C(=O)C23C([H])([H])C4([H])C([H])([H])C([H])(C([H])([H])C([H])(C4([H])[H])C2([H])[H])C3([H])[H])C([H])(N([H])[N+]#N)C1([H])[H])C([H])([H])[H]
 - 'NoneType' object has no attribute 'kekulise'
CC1=CN(C2CC(N[N+]#N)C(COC(=O)CCNC(=O)C34CC5CC(CC(C5)C3)C4)O2)C(O)=NC1=O
 - 'NoneType' object has no attribute 'kekulise'
[H]OC1=NC(=O)N(C([H])=C1C([H])([H])[H])C1([H])OC([H])(C([H])([H])OC(=O)C([H])([H])C([H])([H])N([H])C(=O)C23C([H])([H])C4([H])C([H])([H])C([H])(C([H])([H])C([H])(C4([H])[H])C2([H])[H])C3([H])[H])C([H])(N([H])[N+]#N)C1([H])[H]
 - 'NoneType' object has no attribute 'kekulise'
[H]OC1=C2N=C([H])N(C2=NC(=N1)N([H])C1=C([H])C([H])=C([H])C([H])=C1[H])C([H])([H])C([H])(O[H])C([H])([H])O[H]
 - 26
[H]OC([H])([H])C([H])(O[H])C([H])([H])N1C([H])=NC2=C1N=C(N([H])C1=C([H])C([H])=C([H])C([H])=C1[H])N([H])C2=O
 - 36
OCC(O)Cn1cnc2c(=O)[nH]c(Nc3ccccc3)nc12
 - 'NoneType' object has no attribute 'kekulise'
[H]OC([H])([H])C([H])(O[H])C([H])([H])N1C([H])=NC2=C1N([H])C(=NC2=O)N([H])C1=C([H])C([H])=C([H])C([H])=C1[H]
 - 23
[H]OC([H])([H])C([H])(O[H])C([H])([H])N1C([H])=NC2=C1N([H])C(=NC1=C([H])C([H])=C([H])C([H])=C1[H])N([H])C2=O
 - 36
[H]OC1=NC(=NC2=C([H])C([H])=C([H])C([H])=C2[H])N([H])C2=C1N=C([H])N2C([H])([H])C([H])(O[H])C([H])([H])O[H]
 - 25
[H]OC1=C2N=C([H])N(C2=NC(=NC2=C([H])C([H])=C([H])C([H])=C2[H])N1[H])C([H])([H])C([H])(O[H])C([H])([H])O[H]
 - 24
[H]OC1=NC(SC([H])([H])C2=C([H])C([H])=C([H])C([H])=C2[H])=NN1[H]
 - 22
[H]OC1=NN([H])C(SC([H])([H])C2=C([H])C([H])=C([H])C([H])=C2[H])=N1
 - 23
[H]OC1=NN=C(SC([H])([H])C2=C([H])C([H])=C([H])C([H])=C2[H])N1[H]
 - 22
[H]N1N=C(SC([H])([H])C2=C([H])C([H])=C([H])C([H])=C2[H])N([H])C1=O
 - 22
O=c1[nH]nc(SCc2ccccc2)[nH]1
 - 'NoneType' object has no attribute 'kekulise'
[H]N1C(=O)N=NC1([H])SC([H])([H])C1=C([H])C([H])=C([H])C([H])=C1[H]
 - 22
[H]OC1=NC([H])(SC([H])([H])C2=C([H])C([H])=C([H])C([H])=C2[H])N=N1
 - 23
[H]N1N([H])C(SC([H])([H])C2=C([H])C([H])=C([H])C([H])=C2[H])=NC1=O
 - 22
[H]OC1=C([H])C([H])=NC([H])=C1[H]
 - 11
[H]N1C([H])=C([H])C(=O)C([H])=C1[H]
 - 11
O=c1cc[nH]cc1
 - 'NoneType' object has no attribute 'kekulise'
[H]OC1=C(N(C([H])=C([H])C1=O)C([H])(C([H])([H])[H])C([H])([H])OC([H])([H])[H])C([H])([H])[H]
 - 26
[H]OC(=NC([H])([H])C([H])([H])C([H])([H])C([H])([H])[H])C([H])([H])C([H])([H])N1C([H])=C([H])C(=O)C(O[H])=C1C([H])([H])[H]
 - 19
[H]OC(N([H])C([H])([H])C([H])([H])C([H])([H])C([H])([H])[H])=C([H])C([H])([H])N1C([H])=C([H])C(=O)C(O[H])=C1C([H])([H])[H]
 - 19
[H]OC1=C(N(C([H])=C([H])C1=O)C([H])([H])C([H])([H])C(=O)N([H])C([H])([H])C([H])([H])C([H])([H])C([H])([H])[H])C([H])([H])[H]
 - 35
[H]N([H])C(=O)C1=C([H])C(=C([H])C([H])=C1[H])C1=C([H])N([H])C(SC([H])([H])C([H])([H])C2=C([H])N([H])C([H])=N2)=N1
 - 37
[H]N([H])C(=O)C1=C([H])C(=C([H])C([H])=C1[H])C1=C([H])N([H])C(SC([H])([H])C([H])([H])C2=C([H])N=C([H])N2[H])=N1
 - 37
[H]N([H])C(=O)C1=C([H])C(=C([H])C([H])=C1[H])C1=C([H])N=C(SC([H])([H])C([H])([H])C2=C([H])N([H])C([H])=N2)N1[H]
 - 36
n1c[nH]cc1CCSc1ncc(c2cc(C(=O)N)ccc2)[nH]1
 - 'NoneType' object has no attribute 'get_contributed_electrons'
NC(=O)c1cccc(c1)-c1c[n]c([nH]1)SCCc1c[nH]c[n]1
 - This structure cannot be kekulised!
[H]N([H])C(=O)C1=C([H])C(=C([H])C([H])=C1[H])C1=C([H])N=C(SC([H])([H])C([H])([H])C2=C([H])N=C([H])N2[H])N1[H]
 - 36
[H]OC(=N[H])C1=C([H])C(=C([H])C([H])=C1[H])C1=C([H])N=C(SC([H])([H])C([H])([H])C2=C([H])N([H])C([H])=N2)N1[H]
 - 36
[H]OC(=N[H])C1=C([H])C(=C([H])C([H])=C1[H])C1=C([H])N([H])C(SC([H])([H])C([H])([H])C2=C([H])N=C([H])N2[H])=N1
 - 37
[H]OC(=N[H])C1=C([H])C(=C([H])C([H])=C1[H])C1=C([H])N([H])C(SC([H])([H])C([H])([H])C2=C([H])N([H])C([H])=N2)=N1
 - 37
[H]OC(=N[H])C1=C([H])C(=C([H])C([H])=C1[H])C1=C([H])N=C(SC([H])([H])C([H])([H])C2=C([H])N=C([H])N2[H])N1[H]
 - 36
[H]OC1=C([H])C([H])=C(C([H])=C1[H])C(=O)N([H])\\N=C(/[H])C1=C(C([H])=NC(=C1O[H])C([H])([H])[H])C([H])([H])O[H]
 - 2 bonds in a row
CC1=C(O)C(=CNN=C(O)C2=CC=C(C=C2)[N+]([O-])=O)C(=CO)C=N1
 - 'NoneType' object has no attribute 'kekulise'
CC1=NC=C(CO)C(C=NN=C(O)C2=CC=C(C=C2)[N+]([O-])=O)=C1O
 - 'NoneType' object has no attribute 'kekulise'
CC1=NC=C(C=O)C(CNN=C(O)C2=CC=C(C=C2)[N+]([O-])=O)=C1O
 - 'NoneType' object has no attribute 'kekulise'
Cc1[n]cc(CO)c(C=NNC(=O)c2ccc(cc2)[N+]([O-])=O)c1O
 - 'NoneType' object has no attribute 'kekulise'
OCc1cnc(C)c(O)c1C=NNC(=O)c1ccc([N+](=O)[O-])cc1
 - 'NoneType' object has no attribute 'kekulise'
[H]OC1=C(N=C([H])C(=C1\\C([H])=N\\N([H])C(=O)C1=C([H])C([H])=C(C([H])=C1[H])[N+]([O-])=O)C([H])([H])O[H])C([H])([H])[H]
 - 2 bonds in a row
CC1=NC=C(C=O)C(CN=NC(O)C2=CC=C(C=C2)[N+]([O-])=O)=C1O
 - 'NoneType' object has no attribute 'kekulise'
CC1=NC=C(CO)C(CN=NC(=O)C2=CC=C(C=C2)[N+]([O-])=O)=C1O
 - 'NoneType' object has no attribute 'kekulise'
CC1=C(O)C(=CN=NC(O)C2=CC=C(C=C2)[N+]([O-])=O)C(=CO)C=N1
 - 'NoneType' object has no attribute 'kekulise'
CC1=NC=C(C=O)C(CNNC(=O)C2=CC=C(C=C2)[N+]([O-])=O)=C1O
 - 'NoneType' object has no attribute 'kekulise'
CC1=C(O)C(CNNC(=O)C2=CC=C(C=C2)[N+]([O-])=O)=C(C=O)C=N1
 - 'NoneType' object has no attribute 'kekulise'
CC1=C(O)C(=CNNC(=O)C2=CC=C(C=C2)[N+]([O-])=O)C(=CO)C=N1
 - 'NoneType' object has no attribute 'kekulise'
[H]OC1=C(N=C([H])C(=C1\\C([H])=N\\N([H])C(=O)C1=C([H])C([H])=C([H])C(F)=C1[H])C([H])([H])O[H])C([H])([H])[H]
 - 2 bonds in a row
[H]OC1=C(N=C([H])C(=C1\\C([H])=N\\N([H])C(=O)C([H])([H])[H])C([H])([H])O[H])C([H])([H])[H]
 - 2 bonds in a row
[H]OC1=C([H])C([H])=C([H])C([H])=C1\\C([H])=N\\N([H])C(=O)C1=C([H])C([H])=NC([H])=C1[H]
 - 2 bonds in a row
s1nc2sc(S(=O)(=O)N)nn2c1=Nc1ccc(Cl)cc1
 - 'NoneType' object has no attribute 'get_contributed_electrons'
[H]N([H])S(=O)(=O)C1=NN2\\C(SN=C2S1)=N\\C1=C([H])C([H])=C(Cl)C([H])=C1[H]
 - 2 bonds in a row
N1OS2ONC3=C2C1=CC=C3
 - list index out of range
C1Cc2no[s]3onc(C1)c23
 - list index out of range
C1CCc2[n]o[s]3o[n]c1c32
 - list index out of range
C1C=CC2=NOS3ONC1=C23
 - list index out of range
C1C=CC2=C3S(ON2)ON=C13
 - list index out of range
[H]C1=C([H])C(Cl)=C(OC2=C([H])C([H])=C(Cl)C(Cl)=C2Cl)C([H])=C1[H]
 - 22
[H]OC([H])([H])C([H])(OC([H])(C([H])([H])[H])C([H])([H])O[H])C([H])([H])[H]
 - 20
[H]C1=C(C(=O)OC([H])([H])C([H])([H])C([H])([H])C([H])([H])[H])C(=O)N2C(=N1)C([H])([H])C([H])([H])C([H])([H])C2([H])C([H])([H])[H]
 - 24
[H]OC(=NC([H])([H])C#C[H])N([H])C([H])([H])C([H])([H])C([H])([H])C(N([H])C(O[H])=C([H])[H])=C(O[H])N([H])C([H])([H])C1=C([H])C([H])=C([H])C([H])=C1[H]
 - 31
[H]OC(=NC([H])([H])C([H])([H])C([H])([H])C(N([H])C(O[H])=C([H])[H])=C(O[H])N([H])C([H])([H])C1=C([H])C([H])=C([H])C([H])=C1[H])N([H])C([H])([H])C#C[H]
 - 42
[H]OC(=NC([H])([H])C#C[H])N([H])C([H])([H])C([H])([H])C([H])([H])C(N=C(O[H])C([H])([H])[H])=C(O[H])N([H])C([H])([H])C1=C([H])C([H])=C([H])C([H])=C1[H]
 - 31
[H]OC(=NC([H])([H])C([H])([H])C([H])([H])C(N=C(O[H])C([H])([H])[H])=C(O[H])N([H])C([H])([H])C1=C([H])C([H])=C([H])C([H])=C1[H])N([H])C([H])([H])C#C[H]
 - 42
[H]OC(=C([H])[H])N([H])C(=C(O[H])N([H])C([H])([H])C1=C([H])C([H])=C([H])C([H])=C1[H])C([H])([H])C([H])([H])C([H])([H])N([H])C(=O)N([H])C([H])([H])C#C[H]
 - 29
[H]OC(=NC([H])([H])C([H])([H])C([H])([H])C(N([H])C(=O)C([H])([H])[H])=C(O[H])N([H])C([H])([H])C1=C([H])C([H])=C([H])C([H])=C1[H])N([H])C([H])([H])C#C[H]
 - 42
[H]OC(=NC([H])([H])C#C[H])N([H])C([H])([H])C([H])([H])C([H])([H])C(N([H])C(=O)C([H])([H])[H])=C(O[H])N([H])C([H])([H])C1=C([H])C([H])=C([H])C([H])=C1[H]
 - 31
[H]OC(N([H])C([H])([H])C1=C([H])C([H])=C([H])C([H])=C1[H])=C(N=C(O[H])C([H])([H])[H])C([H])([H])C([H])([H])C([H])([H])N([H])C(=O)N([H])C([H])([H])C#C[H]
 - 29
[H]OC(N([H])C([H])([H])C1=C([H])C([H])=C([H])C([H])=C1[H])=C(N([H])C(=O)C([H])([H])[H])C([H])([H])C([H])([H])C([H])([H])N([H])C(=O)N([H])C([H])([H])C#C[H]
 - 29
[H]OC(=NC([H])([H])C#C[H])N([H])C([H])([H])C([H])([H])C([H])([H])C([H])(N([H])C(O[H])=C([H])[H])C(O[H])=NC([H])([H])C1=C([H])C([H])=C([H])C([H])=C1[H]
 - 32
[H]OC(=NC([H])([H])C([H])([H])C([H])([H])C([H])(N=C(O[H])C([H])([H])[H])C(O[H])=NC([H])([H])C1=C([H])C([H])=C([H])C([H])=C1[H])N([H])C([H])([H])C#C[H]
 - 42
[H]OC(=NC([H])([H])C#C[H])N([H])C([H])([H])C([H])([H])C([H])([H])C([H])(N=C(O[H])C([H])([H])[H])C(O[H])=NC([H])([H])C1=C([H])C([H])=C([H])C([H])=C1[H]
 - 32
[H]OC(=C([H])[H])N([H])C([H])(C(O[H])=NC([H])([H])C1=C([H])C([H])=C([H])C([H])=C1[H])C([H])([H])C([H])([H])C([H])([H])N([H])C(=O)N([H])C([H])([H])C#C[H]
 - 29
[H]OC(=NC([H])([H])C([H])([H])C([H])([H])C([H])(N([H])C(O[H])=C([H])[H])C(=O)N([H])C([H])([H])C1=C([H])C([H])=C([H])C([H])=C1[H])N([H])C([H])([H])C#C[H]
 - 42
[H]OC(=NC([H])([H])C#C[H])N([H])C([H])([H])C([H])([H])C([H])([H])C([H])(N([H])C(O[H])=C([H])[H])C(=O)N([H])C([H])([H])C1=C([H])C([H])=C([H])C([H])=C1[H]
 - 32
[H]OC(=NC([H])([H])C([H])([H])C([H])([H])C([H])(N([H])C(=O)C([H])([H])[H])C(O[H])=NC([H])([H])C1=C([H])C([H])=C([H])C([H])=C1[H])N([H])C([H])([H])C#C[H]
 - 42
[H]OC(=NC([H])([H])C#C[H])N([H])C([H])([H])C([H])([H])C([H])([H])C([H])(N([H])C(=O)C([H])([H])[H])C(O[H])=NC([H])([H])C1=C([H])C([H])=C([H])C([H])=C1[H]
 - 32
[H]OC(=NC([H])(C(O[H])=NC([H])([H])C1=C([H])C([H])=C([H])C([H])=C1[H])C([H])([H])C([H])([H])C([H])([H])N([H])C(=O)N([H])C([H])([H])C#C[H])C([H])([H])[H]
 - 46
[H]OC(=NC([H])([H])C([H])([H])C([H])([H])C([H])(N=C(O[H])C([H])([H])[H])C(=O)N([H])C([H])([H])C1=C([H])C([H])=C([H])C([H])=C1[H])N([H])C([H])([H])C#C[H]
 - 42
[H]OC(=NC([H])([H])C#C[H])N([H])C([H])([H])C([H])([H])C([H])([H])C([H])(N=C(O[H])C([H])([H])[H])C(=O)N([H])C([H])([H])C1=C([H])C([H])=C([H])C([H])=C1[H]
 - 32
[H]OC(=C([H])[H])N([H])C([H])(C(=O)N([H])C([H])([H])C1=C([H])C([H])=C([H])C([H])=C1[H])C([H])([H])C([H])([H])C([H])([H])N([H])C(=O)N([H])C([H])([H])C#C[H]
 - 29
[H]OC(=NC([H])([H])C1=C([H])C([H])=C([H])C([H])=C1[H])C([H])(N([H])C(=O)C([H])([H])[H])C([H])([H])C([H])([H])C([H])([H])N([H])C(=O)N([H])C([H])([H])C#C[H]
 - 29
[H]OC(=NC([H])([H])C([H])([H])C([H])([H])C([H])(N([H])C(=O)C([H])([H])[H])C(=O)N([H])C([H])([H])C1=C([H])C([H])=C([H])C([H])=C1[H])N([H])C([H])([H])C#C[H]
 - 42
[H]OC(=NC([H])([H])C#C[H])N([H])C([H])([H])C([H])([H])C([H])([H])C([H])(N([H])C(=O)C([H])([H])[H])C(=O)N([H])C([H])([H])C1=C([H])C([H])=C([H])C([H])=C1[H]
 - 32
[H]OC(=NC([H])(C(=O)N([H])C([H])([H])C1=C([H])C([H])=C([H])C([H])=C1[H])C([H])([H])C([H])([H])C([H])([H])N([H])C(=O)N([H])C([H])([H])C#C[H])C([H])([H])[H]
 - 46
[H]C#CC([H])([H])N([H])C(=O)N([H])C([H])([H])C([H])([H])C([H])([H])C([H])(N([H])C(=O)C([H])([H])[H])C(=O)N([H])C([H])([H])C1=C([H])C([H])=C([H])C([H])=C1[H]
 - 32
[H]OC(=NC([H])([H])C#C[H])N([H])C([H])([H])C([H])([H])C([H])([H])C([H])([H])C(N([H])C(O[H])=C([H])[H])=C(O[H])N([H])C([H])([H])C1=C([H])C([H])=C([H])C([H])=C1[H]
 - 34
[H]OC(=NC([H])([H])C([H])([H])C([H])([H])C([H])([H])C(N([H])C(O[H])=C([H])[H])=C(O[H])N([H])C([H])([H])C1=C([H])C([H])=C([H])C([H])=C1[H])N([H])C([H])([H])C#C[H]
 - 45
[H]OC(=NC([H])([H])C([H])([H])C([H])([H])C([H])([H])C(N=C(O[H])C([H])([H])[H])=C(O[H])N([H])C([H])([H])C1=C([H])C([H])=C([H])C([H])=C1[H])N([H])C([H])([H])C#C[H]
 - 45
[H]OC(=NC([H])([H])C#C[H])N([H])C([H])([H])C([H])([H])C([H])([H])C([H])([H])C(N=C(O[H])C([H])([H])[H])=C(O[H])N([H])C([H])([H])C1=C([H])C([H])=C([H])C([H])=C1[H]
 - 34
[H]OC(=C([H])[H])N([H])C(=C(O[H])N([H])C([H])([H])C1=C([H])C([H])=C([H])C([H])=C1[H])C([H])([H])C([H])([H])C([H])([H])C([H])([H])N([H])C(=O)N([H])C([H])([H])C#C[H]
 - 29
[H]OC(=NC([H])([H])C([H])([H])C([H])([H])C([H])([H])C(N([H])C(=O)C([H])([H])[H])=C(O[H])N([H])C([H])([H])C1=C([H])C([H])=C([H])C([H])=C1[H])N([H])C([H])([H])C#C[H]
 - 45
[H]OC(N([H])C([H])([H])C1=C([H])C([H])=C([H])C([H])=C1[H])=C(N=C(O[H])C([H])([H])[H])C([H])([H])C([H])([H])C([H])([H])C([H])([H])N([H])C(=O)N([H])C([H])([H])C#C[H]
 - 29
[H]OC(=NC([H])([H])C#C[H])N([H])C([H])([H])C([H])([H])C([H])([H])C([H])([H])C(N([H])C(=O)C([H])([H])[H])=C(O[H])N([H])C([H])([H])C1=C([H])C([H])=C([H])C([H])=C1[H]
 - 34
[H]OC(N([H])C([H])([H])C1=C([H])C([H])=C([H])C([H])=C1[H])=C(N([H])C(=O)C([H])([H])[H])C([H])([H])C([H])([H])C([H])([H])C([H])([H])N([H])C(=O)N([H])C([H])([H])C#C[H]
 - 29
[H]OC(=NC([H])([H])C#C[H])N([H])C([H])([H])C([H])([H])C([H])([H])C([H])([H])C([H])(N([H])C(O[H])=C([H])[H])C(O[H])=NC([H])([H])C1=C([H])C([H])=C([H])C([H])=C1[H]
 - 27
[H]OC(=NC([H])([H])C([H])([H])C([H])([H])C([H])([H])C([H])(N=C(O[H])C([H])([H])[H])C(O[H])=NC([H])([H])C1=C([H])C([H])=C([H])C([H])=C1[H])N([H])C([H])([H])C#C[H]
 - 45
[H]OC(=NC([H])([H])C#C[H])N([H])C([H])([H])C([H])([H])C([H])([H])C([H])([H])C([H])(N=C(O[H])C([H])([H])[H])C(O[H])=NC([H])([H])C1=C([H])C([H])=C([H])C([H])=C1[H]
 - 27
[H]OC(=C([H])[H])N([H])C([H])(C(O[H])=NC([H])([H])C1=C([H])C([H])=C([H])C([H])=C1[H])C([H])([H])C([H])([H])C([H])([H])C([H])([H])N([H])C(=O)N([H])C([H])([H])C#C[H]
 - 29
[H]OC(=NC([H])([H])C([H])([H])C([H])([H])C([H])([H])C([H])(N([H])C(O[H])=C([H])[H])C(=O)N([H])C([H])([H])C1=C([H])C([H])=C([H])C([H])=C1[H])N([H])C([H])([H])C#C[H]
 - 45
[H]OC(=NC([H])([H])C#C[H])N([H])C([H])([H])C([H])([H])C([H])([H])C([H])([H])C([H])(N([H])C(O[H])=C([H])[H])C(=O)N([H])C([H])([H])C1=C([H])C([H])=C([H])C([H])=C1[H]
 - 27
[H]OC(=NC([H])([H])C([H])([H])C([H])([H])C([H])([H])C([H])(N([H])C(=O)C([H])([H])[H])C(O[H])=NC([H])([H])C1=C([H])C([H])=C([H])C([H])=C1[H])N([H])C([H])([H])C#C[H]
 - 45
[H]OC(=NC([H])([H])C#C[H])N([H])C([H])([H])C([H])([H])C([H])([H])C([H])([H])C([H])(N([H])C(=O)C([H])([H])[H])C(O[H])=NC([H])([H])C1=C([H])C([H])=C([H])C([H])=C1[H]
 - 27
[H]OC(=NC([H])(C(O[H])=NC([H])([H])C1=C([H])C([H])=C([H])C([H])=C1[H])C([H])([H])C([H])([H])C([H])([H])C([H])([H])N([H])C(=O)N([H])C([H])([H])C#C[H])C([H])([H])[H]
 - 49
[H]OC(=NC([H])([H])C([H])([H])C([H])([H])C([H])([H])C([H])(N=C(O[H])C([H])([H])[H])C(=O)N([H])C([H])([H])C1=C([H])C([H])=C([H])C([H])=C1[H])N([H])C([H])([H])C#C[H]
 - 45
[H]OC(=NC([H])([H])C#C[H])N([H])C([H])([H])C([H])([H])C([H])([H])C([H])([H])C([H])(N=C(O[H])C([H])([H])[H])C(=O)N([H])C([H])([H])C1=C([H])C([H])=C([H])C([H])=C1[H]
 - 27
[H]OC(=C([H])[H])N([H])C([H])(C(=O)N([H])C([H])([H])C1=C([H])C([H])=C([H])C([H])=C1[H])C([H])([H])C([H])([H])C([H])([H])C([H])([H])N([H])C(=O)N([H])C([H])([H])C#C[H]
 - 29
[H]OC(=NC([H])([H])C1=C([H])C([H])=C([H])C([H])=C1[H])C([H])(N([H])C(=O)C([H])([H])[H])C([H])([H])C([H])([H])C([H])([H])C([H])([H])N([H])C(=O)N([H])C([H])([H])C#C[H]
 - 29
[H]OC(=NC([H])([H])C([H])([H])C([H])([H])C([H])([H])C([H])(N([H])C(=O)C([H])([H])[H])C(=O)N([H])C([H])([H])C1=C([H])C([H])=C([H])C([H])=C1[H])N([H])C([H])([H])C#C[H]
 - 45
[H]OC(=NC([H])([H])C#C[H])N([H])C([H])([H])C([H])([H])C([H])([H])C([H])([H])C([H])(N([H])C(=O)C([H])([H])[H])C(=O)N([H])C([H])([H])C1=C([H])C([H])=C([H])C([H])=C1[H]
 - 27
[H]OC(=NC([H])(C(=O)N([H])C([H])([H])C1=C([H])C([H])=C([H])C([H])=C1[H])C([H])([H])C([H])([H])C([H])([H])C([H])([H])N([H])C(=O)N([H])C([H])([H])C#C[H])C([H])([H])[H]
 - 49
[H]C#CC([H])([H])N([H])C(=O)N([H])C([H])([H])C([H])([H])C([H])([H])C([H])([H])C([H])(N([H])C(=O)C([H])([H])[H])C(=O)N([H])C([H])([H])C1=C([H])C([H])=C([H])C([H])=C1[H]
 - 27
[H]C1=C([H])C(=C([H])C([H])=C1OC(=O)N(C([H])([H])[H])C([H])([H])[H])C([H])(C([H])([H])[H])C([H])([H])[H]
 - 23
[H]C([H])=C([H])C([H])([H])C([H])(OC(=O)N([H])C1=C([H])C(OC([H])([H])C([H])([H])[H])=C(OC([H])([H])C([H])([H])[H])C([H])=C1[H])C([H])([H])[H]
 - 41
[H]OC(OC([H])(C([H])([H])[H])C([H])([H])C([H])=C([H])[H])=NC1=C([H])C(OC([H])([H])C([H])([H])[H])=C(OC([H])([H])C([H])([H])[H])C([H])=C1[H]
 - 43
[H]C1=C([H])C(=C([H])C(OC(=O)N(C([H])([H])[H])C([H])([H])[H])=C1[H])N(C([H])([H])[H])C([H])([H])[H]
 - 21
[H]N1N=C(SC1=NC(=O)C1=C(OC([H])([H])[H])C([H])=C([H])C([H])=C1OC([H])([H])[H])C1=C([H])C([H])=C([H])C([H])=C1[H]
 - 29
[H]N(C(=O)C1=C(OC([H])([H])[H])C([H])=C([H])C([H])=C1OC([H])([H])[H])C1=NN=C(S1)C1=C([H])C([H])=C([H])C([H])=C1[H]
 - 25
COc1cccc(OC)c1C(=O)Nc1nnc(s1)c1ccccc1
 - 'NoneType' object has no attribute 'get_contributed_electrons'
COc1cccc(OC)c1C(=O)Nc2nnc(s2)c3ccccc3
 - 'NoneType' object has no attribute 'get_contributed_electrons'
[H]OC(=NC1=NN=C(S1)C1=C([H])C([H])=C([H])C([H])=C1[H])C1=C(OC([H])([H])[H])C([H])=C([H])C([H])=C1OC([H])([H])[H]
 - 34
[H]N1N=C(SC1=NC(=O)C1=C(OC([H])([H])[H])C([H])=C([H])C([H])=C1OC([H])([H])[H])C1=C([H])C([H])=C(OC([H])([H])[H])C([H])=C1[H]
 - 29
[H]N(C(=O)C1=C(OC([H])([H])[H])C([H])=C([H])C([H])=C1OC([H])([H])[H])C1=NN=C(S1)C1=C([H])C([H])=C(OC([H])([H])[H])C([H])=C1[H]
 - 28
COc1ccc(cc1)c1nnc(NC(=O)c2c(OC)cccc2OC)s1
 - 'NoneType' object has no attribute 'get_contributed_electrons'
COc1ccc(cc1)c2nnc(NC(=O)c3c(OC)cccc3OC)s2
 - 'NoneType' object has no attribute 'get_contributed_electrons'
[H]OC(=NC1=NN=C(S1)C1=C([H])C([H])=C(OC([H])([H])[H])C([H])=C1[H])C1=C(OC([H])([H])[H])C([H])=C([H])C([H])=C1OC([H])([H])[H]
 - 38
[H]OC(=O)C1=C([H])C(OC(=O)C([H])([H])[H])=C([H])C([H])=C1[H]
 - 20
CC1=CC2=C3S(ONC3=C1)ON2
 - list index out of range
CC1Cc2[n]o[s]3o[n]c(C1)c32
 - list index out of range
CC1Cc2no[s]3onc(C1)c23
 - list index out of range
C=C1CC2=C3S(ON2)ON=C3C1
 - list index out of range
CC1=CC2=C3S(ON2)ON=C3C1
 - list index out of range
CC1=CC2=NOS3ONC(C1)=C23
 - list index out of range
C=C1CC2=C3S(ON2)ONC3=C1
 - list index out of range
[H]N1N=C(SC1=NC(=O)C1=C(OC([H])([H])[H])C([H])=C([H])C([H])=C1OC([H])([H])[H])C1=C([H])C([H])=C(Cl)C([H])=C1[H]
 - 29
[H]N(C(=O)C1=C(OC([H])([H])[H])C([H])=C([H])C([H])=C1OC([H])([H])[H])C1=NN=C(S1)C1=C([H])C([H])=C(Cl)C([H])=C1[H]
 - 28
COc1cccc(OC)c1C(=O)Nc1nnc(s1)c1ccc(Cl)cc1
 - 'NoneType' object has no attribute 'get_contributed_electrons'
COc1cccc(OC)c1C(=O)Nc2nnc(s2)c3ccc(Cl)cc3
 - 'NoneType' object has no attribute 'get_contributed_electrons'
[H]OC(=NC1=NN=C(S1)C1=C([H])C([H])=C(Cl)C([H])=C1[H])C1=C(OC([H])([H])[H])C([H])=C([H])C([H])=C1OC([H])([H])[H]
 - 34
[H]OC(N([H])[H])=C(C1=C([H])C([H])=C(C([H])=C1[H])N1SC2=C([H])C([H])=C([H])C([H])=C2C1=O)C([H])([H])C([H])([H])[H]
 - 32
[H]N([H])C(=O)C([H])(C1=C([H])C([H])=C(C([H])=C1[H])N1SC2=C([H])C([H])=C([H])C([H])=C2C1=O)C([H])([H])C([H])([H])[H]
 - 32
CCC(C(=O)N)c1ccc(cc1)n1sc2ccccc2c1=O
 - 'NoneType' object has no attribute 'get_contributed_electrons'
CCC(C(=O)N)c1ccc(cc1)n2sc3ccccc3c2=O
 - 'NoneType' object has no attribute 'get_contributed_electrons'
[H]OC(=N[H])C([H])(C1=C([H])C([H])=C(C([H])=C1[H])N1SC2=C([H])C([H])=C([H])C([H])=C2C1=O)C([H])([H])C([H])([H])[H]
 - 32
[H]N(C(=O)OC([H])(C([H])([H])[H])C([H])([H])OC([H])([H])[H])C1=C([H])C(OC([H])([H])C([H])([H])[H])=C(OC([H])([H])C([H])([H])[H])C([H])=C1[H]
 - 43
[H]OC(OC([H])(C([H])([H])[H])C([H])([H])OC([H])([H])[H])=NC1=C([H])C(OC([H])([H])C([H])([H])[H])=C(OC([H])([H])C([H])([H])[H])C([H])=C1[H]
 - 43
[H]C1=C(OC2=C1C([H])=C1C(OC(=O)C([H])=C1C([H])([H])[H])=C2C([H])([H])[H])C([H])([H])[H]
 - 26
[H]OC1(C([H])([H])N2N=C([H])N=C2[H])C([H])([H])C([H])([H])C([H])([H])C1([H])C([H])([H])C1=C([H])C([H])=C([H])C([H])=C1[H]
 - 23
[H]C#CC([H])([H])OC1=C(OC([H])([H])C#C[H])C(Cl)=C([H])C(\\N=C(/[H])N([H])OC([H])([H])[H])=C1[H]
 - 2 bonds in a row
[H]C#CC([H])([H])O\\N=C(/[H])N([H])C1=C([H])C(Cl)=C(OC([H])([H])C#C[H])C(OC([H])([H])C#C[H])=C1[H]
 - 2 bonds in a row
[H]C1=C([H])C([H])=C2C(=O)N(SC2=C1[H])C1=C([H])C([H])=C(OC([H])([H])C([H])([H])C(=O)OC([H])([H])C([H])([H])[H])C([H])=C1[H]
 - 40
CCOC(=O)CCOc1ccc(cc1)n2sc3ccccc3c2=O
 - 'NoneType' object has no attribute 'get_contributed_electrons'
[H]OC(N([H])[H])=C(C1=C([H])C([H])=C(C([H])=C1[H])N1SC2=C([H])C([H])=C([H])C([H])=C2C1=O)C([H])([H])[H]
 - 32
[H]N([H])C(=O)C([H])(C1=C([H])C([H])=C(C([H])=C1[H])N1SC2=C([H])C([H])=C([H])C([H])=C2C1=O)C([H])([H])[H]
 - 32
CC(C(=O)N)c1ccc(cc1)n1sc2ccccc2c1=O
 - 'NoneType' object has no attribute 'get_contributed_electrons'
CC(C(=O)N)c1ccc(cc1)n2sc3ccccc3c2=O
 - 'NoneType' object has no attribute 'get_contributed_electrons'
[H]OC(=N[H])C([H])(C1=C([H])C([H])=C(C([H])=C1[H])N1SC2=C([H])C([H])=C([H])C([H])=C2C1=O)C([H])([H])[H]
 - 32
CC(O)=NC1=[N+]([O-])C2=CC=CC=C2[N+]([O-])=N1
 - 'NoneType' object has no attribute 'kekulise'
OC(=C)NC1=[N+]([O-])C2=CC=CC=C2[N+]([O-])=N1
 - 'NoneType' object has no attribute 'kekulise'
CC(=O)Nc1[n][n+]([O-])c2ccccc2[n+]1[O-]
 - 'NoneType' object has no attribute 'kekulise'
CC(=O)NC1=[N+]([O-])C2=CC=CC=C2[N+]([O-])=N1
 - 'NoneType' object has no attribute 'kekulise'
CC(=O)NC1=N[N+]([O-])=C2C=CC=CC2=[N+]1[O-]
 - 'NoneType' object has no attribute 'kekulise'
CC(=O)Nc2nn(=O)c1ccccc1n2=O
 - 'NoneType' object has no attribute 'kekulise'
OC(=C)N=C1[N-][N+](O)=C2C=CC=CC2=[N+]1[O-]
 - 'NoneType' object has no attribute 'kekulise'
OC(=C)N=C1N[N+]([O-])=C2C=CC=CC2=[N+]1[O-]
 - 'NoneType' object has no attribute 'kekulise'
CC(=O)Nc1[n-][n+](=O)c2ccccc2[n+]1[O-]
 - 'NoneType' object has no attribute 'kekulise'
CC(=O)N=C1[N-][N+](O)=C2C=CC=CC2=[N+]1[O-]
 - 'NoneType' object has no attribute 'kekulise'
CC(=O)N=C1N[N+]([O-])=C2C=CC=CC2=[N+]1[O-]
 - 'NoneType' object has no attribute 'kekulise'
CC1=CC=C2C(=C1)[N+]([O-])=NC(NC(O)=C)=[N+]2[O-]
 - 'NoneType' object has no attribute 'kekulise'
CC1=CC2=[N+]([O-])N=C(NC(O)=C)[N+]([O-])=C2C=C1
 - 'NoneType' object has no attribute 'kekulise'
CC(=O)NC1=[N+]([O-])C2=CC=C(C)C=C2[N+]([O-])=N1
 - 'NoneType' object has no attribute 'kekulise'
CC(=O)NC1=N[N+]([O-])=C2C=C(C)C=CC2=[N+]1[O-]
 - 'NoneType' object has no attribute 'kekulise'
Cc1ccc2c(c1)[n+]([O-])[n]c(NC(C)=O)[n+]2[O-]
 - 'NoneType' object has no attribute 'kekulise'
CC(=O)Nc2nn(=O)c1cc(C)ccc1n2=O
 - 'NoneType' object has no attribute 'kekulise'
CC(O)=NC1=[N+]([O-])C2=CC=C(C)C=C2[N+]([O-])=N1
 - 'NoneType' object has no attribute 'kekulise'
CC(O)=NC1=N[N+]([O-])=C2C=C(C)C=CC2=[N+]1[O-]
 - 'NoneType' object has no attribute 'kekulise'
CC1=CC2=[N+](O)[N-]C(=NC(O)=C)[N+]([O-])=C2C=C1
 - 'NoneType' object has no attribute 'kekulise'
CC1=CC2=[N+]([O-])NC(=NC(O)=C)[N+]([O-])=C2C=C1
 - 'NoneType' object has no attribute 'kekulise'
CC(=O)Nc1[n-][n+](=O)c2cc(C)ccc2[n+]1[O-]
 - 'NoneType' object has no attribute 'kekulise'
CC(=O)N=C1[N-][N+](O)=C2C=C(C)C=CC2=[N+]1[O-]
 - 'NoneType' object has no attribute 'kekulise'
CC(=O)N=C1N[N+]([O-])=C2C=C(C)C=CC2=[N+]1[O-]
 - 'NoneType' object has no attribute 'kekulise'
n1c(c2ccccc2)c(c2ccccc2)nc(OC)c1
 - 'NoneType' object has no attribute 'get_contributed_electrons'
[H]C1=C(OC([H])([H])[H])N=C(C(=N1)C1=C([H])C([H])=C([H])C([H])=C1[H])C1=C([H])C([H])=C([H])C([H])=C1[H]
 - 24
n1c(c2ccccc2)c(c3ccccc3)nc(OC)c1
 - 'NoneType' object has no attribute 'get_contributed_electrons'
n1c(c2ccc(C#N)cc2)c(c2ccc(C#N)cc2)nc(C)c1
 - 'NoneType' object has no attribute 'get_contributed_electrons'
[H]C1=NC(=C(N=C1C([H])([H])[H])C1=C([H])C([H])=C(C#N)C([H])=C1[H])C1=C([H])C([H])=C(C#N)C([H])=C1[H]
 - 24
n1c(c2ccc(C#N)cc2)c(c3ccc(C#N)cc3)nc(C)c1
 - 'NoneType' object has no attribute 'get_contributed_electrons'
n1c(c2ccccc2)c(c2ccccc2)nc(Cc2c(OC)cccc2)c1
 - 'NoneType' object has no attribute 'get_contributed_electrons'
[H]C1=NC(=C(N=C1C([H])([H])C1=C([H])C([H])=C([H])C([H])=C1OC([H])([H])[H])C1=C([H])C([H])=C([H])C([H])=C1[H])C1=C([H])C([H])=C([H])C([H])=C1[H]
 - 37
n1c(c2ccccc2)c(c3ccccc3)nc(Cc4c(OC)cccc4)c1
 - 'NoneType' object has no attribute 'get_contributed_electrons'
[H]C1=C([H])C([H])=C(C([H])=C1[H])N1C([H])([H])C([H])([H])N(C([H])([H])C([H])([H])C([H])([H])ON2N=NC3=C([H])C([H])=C([H])C([H])=C23)C([H])([H])C1([H])[H]
 - 46
[H]N(C1=C2N([H])C([H])=NC2=NC([H])=N1)C([H])([H])C([H])([H])C1=C([H])C([H])=C([H])C([H])=C1[H]
 - 19
[H]N(C1=NC([H])=NC2=C1N([H])C([H])=N2)C([H])([H])C([H])([H])C1=C([H])C([H])=C([H])C([H])=C1[H]
 - 19
C(CNc1[n]c[n]c2[n]c[nH]c12)c1ccccc1
 - This structure cannot be kekulised!
[H]N(C1=C2N=C([H])N([H])C2=NC([H])=N1)C([H])([H])C([H])([H])C1=C([H])C([H])=C([H])C([H])=C1[H]
 - 19
[H]N1C([H])=NC2=C1N=C([H])N([H])C2=NC([H])([H])C([H])([H])C1=C([H])C([H])=C([H])C([H])=C1[H]
 - 19
[H]N1C([H])=NC2=C1C(=NC([H])([H])C([H])([H])C1=C([H])C([H])=C([H])C([H])=C1[H])N([H])C([H])=N2
 - 31
[H]N1C([H])=NC2=C1C(=NC([H])([H])C([H])([H])C1=C([H])C([H])=C([H])C([H])=C1[H])N=C([H])N2[H]
 - 30
[H]N1C([H])=NC2=C1N([H])C([H])=NC2=NC([H])([H])C([H])([H])C1=C([H])C([H])=C([H])C([H])=C1[H]
 - 19
[H]N(C1=C2N=C([H])N=C2N=C([H])N1[H])C([H])([H])C([H])([H])C1=C([H])C([H])=C([H])C([H])=C1[H]
 - 19
[H]N(C1=C2N=C([H])N=C2N([H])C([H])=N1)C([H])([H])C([H])([H])C1=C([H])C([H])=C([H])C([H])=C1[H]
 - 19
[H]N1C([H])=C([H])N=C1C([H])([H])C([H])([H])C1([H])OC2=C([H])C([H])=C([H])C([H])=C2OC1([H])[H]
 - 29
C(Cc1ncc[nH]1)C1COc2ccccc2O1
 - This structure cannot be kekulised!
C1Oc2ccccc2OC1CCc1[nH]cc[n]1
 - This structure cannot be kekulised!
[H]C([H])=C([H])C([H])([H])N([H])C1=C2N([H])C([H])=NC2=NC([H])=N1
 - 22
[H]C([H])=C([H])C([H])([H])N([H])C1=NC([H])=NC2=C1N([H])C([H])=N2
 - 17
C=CCNc1[n]c[n]c2[n]c[nH]c12
 - This structure cannot be kekulised!
[H]C([H])=C([H])C([H])([H])N([H])C1=C2N=C([H])N([H])C2=NC([H])=N1
 - 22
[H]C([H])=C([H])C([H])([H])N=C1N([H])C([H])=NC2=C1N([H])C([H])=N2
 - 17
[H]C([H])=C([H])C([H])([H])N=C1N([H])C([H])=NC2=C1N=C([H])N2[H]
 - 17
[H]C([H])=C([H])C([H])([H])N=C1N=C([H])N([H])C2=C1N([H])C([H])=N2
 - 17
[H]C([H])=C([H])C([H])([H])N=C1N=C([H])N([H])C2=C1N=C([H])N2[H]
 - 17
[H]C([H])=C([H])C([H])([H])N([H])C1=C2N=C([H])N=C2N=C([H])N1[H]
 - 21
[H]C([H])=C([H])C([H])([H])N([H])C1=C2N=C([H])N=C2N([H])C([H])=N1
 - 22
[H]OC([H])=NC([H])([H])C([H])([H])C([H])([H])C([H])([H])C([H])([H])N(O[H])C(=O)C([H])([H])C([H])([H])C(=O)N([H])C([H])([H])C([H])([H])C([H])([H])C([H])([H])C([H])([H])N(O[H])C(=O)C([H])([H])C([H])([H])C(=O)N([H])C([H])([H])C([H])([H])C([H])([H])C([H])([H])C([H])([H])N(O[H])C(O[H])=C([H])[H]
 - 42
[H]ON(C(O[H])=C([H])[H])C([H])([H])C([H])([H])C([H])([H])C([H])([H])C([H])([H])N([H])C(=O)C([H])([H])C([H])([H])C(=O)N(O[H])C([H])([H])C([H])([H])C([H])([H])C([H])([H])C([H])([H])N=C(O[H])C([H])([H])C([H])([H])C(=O)N(O[H])C([H])([H])C([H])([H])C([H])([H])C([H])([H])C([H])([H])N([H])C([H])=O
 - 42
[H]ON(C(O[H])=C([H])[H])C([H])([H])C([H])([H])C([H])([H])C([H])([H])C([H])([H])N=C(O[H])C([H])([H])C([H])([H])C(=O)N(O[H])C([H])([H])C([H])([H])C([H])([H])C([H])([H])C([H])([H])N([H])C(=O)C([H])([H])C([H])([H])C(=O)N(O[H])C([H])([H])C([H])([H])C([H])([H])C([H])([H])C([H])([H])N([H])C([H])=O
 - 42
[H]OC([H])=NC([H])([H])C([H])([H])C([H])([H])C([H])([H])C([H])([H])N(O[H])C(=O)C([H])([H])C([H])([H])C(=O)N([H])C([H])([H])C([H])([H])C([H])([H])C([H])([H])C([H])([H])N(O[H])C(=O)C([H])([H])C([H])([H])C(O[H])=NC([H])([H])C([H])([H])C([H])([H])C([H])([H])C([H])([H])N(O[H])C(=O)C([H])([H])[H]
 - 42
[H]ON(C(=O)C([H])([H])[H])C([H])([H])C([H])([H])C([H])([H])C([H])([H])C([H])([H])N=C(O[H])C([H])([H])C([H])([H])C(=O)N(O[H])C([H])([H])C([H])([H])C([H])([H])C([H])([H])C([H])([H])N=C(O[H])C([H])([H])C([H])([H])C(=O)N(O[H])C([H])([H])C([H])([H])C([H])([H])C([H])([H])C([H])([H])N([H])C([H])=O
 - 42
[H]ON(C(O[H])=C([H])[H])C([H])([H])C([H])([H])C([H])([H])C([H])([H])C([H])([H])N([H])C(O[H])=C([H])C([H])([H])C(=O)N(O[H])C([H])([H])C([H])([H])C([H])([H])C([H])([H])C([H])([H])N([H])C(=O)C([H])([H])C([H])([H])C(=O)N(O[H])C([H])([H])C([H])([H])C([H])([H])C([H])([H])C([H])([H])N([H])C([H])=O
 - 42
[H]ON(C(O[H])=C([H])[H])C([H])([H])C([H])([H])C([H])([H])C([H])([H])C([H])([H])N([H])C(=O)C([H])([H])C([H])([H])C(=O)N(O[H])C([H])([H])C([H])([H])C([H])([H])C([H])([H])C([H])([H])N([H])C(O[H])=C([H])C([H])([H])C(=O)N(O[H])C([H])([H])C([H])([H])C([H])([H])C([H])([H])C([H])([H])N([H])C([H])=O
 - 42
[H]ON(C(O[H])=C([H])[H])C([H])([H])C([H])([H])C([H])([H])C([H])([H])C([H])([H])N([H])C(=O)C([H])([H])C([H])=C(O[H])N(O[H])C([H])([H])C([H])([H])C([H])([H])C([H])([H])C([H])([H])N([H])C(=O)C([H])([H])C([H])([H])C(=O)N(O[H])C([H])([H])C([H])([H])C([H])([H])C([H])([H])C([H])([H])N([H])C([H])=O
 - 42
[H]ON(C(O[H])=C([H])[H])C([H])([H])C([H])([H])C([H])([H])C([H])([H])C([H])([H])N([H])C(=O)C([H])([H])C([H])([H])C(=O)N(O[H])C([H])([H])C([H])([H])C([H])([H])C([H])([H])C([H])([H])N([H])C(=O)C([H])([H])C([H])=C(O[H])N(O[H])C([H])([H])C([H])([H])C([H])([H])C([H])([H])C([H])([H])N([H])C([H])=O
 - 42
[H]OC([H])=NC([H])([H])C([H])([H])C([H])([H])C([H])([H])C([H])([H])N(O[H])C(=O)C([H])([H])C([H])([H])C(=O)N([H])C([H])([H])C([H])([H])C([H])([H])C([H])([H])C([H])([H])N(O[H])C(=O)C([H])([H])C([H])=C(O[H])N([H])C([H])([H])C([H])([H])C([H])([H])C([H])([H])C([H])([H])N(O[H])C(=O)C([H])([H])[H]
 - 42
[H]ON(C(=O)C([H])([H])[H])C([H])([H])C([H])([H])C([H])([H])C([H])([H])C([H])([H])N([H])C(O[H])=C([H])C([H])([H])C(=O)N(O[H])C([H])([H])C([H])([H])C([H])([H])C([H])([H])C([H])([H])N=C(O[H])C([H])([H])C([H])([H])C(=O)N(O[H])C([H])([H])C([H])([H])C([H])([H])C([H])([H])C([H])([H])N([H])C([H])=O
 - 42
[H]ON(C(=O)C([H])([H])[H])C([H])([H])C([H])([H])C([H])([H])C([H])([H])C([H])([H])N=C(O[H])C([H])([H])C([H])([H])C(=O)N(O[H])C([H])([H])C([H])([H])C([H])([H])C([H])([H])C([H])([H])N([H])C(O[H])=C([H])C([H])([H])C(=O)N(O[H])C([H])([H])C([H])([H])C([H])([H])C([H])([H])C([H])([H])N([H])C([H])=O
 - 42
[H]ON(C(O[H])=C([H])C([H])([H])C(O[H])=NC([H])([H])C([H])([H])C([H])([H])C([H])([H])C([H])([H])N(O[H])C(=O)C([H])([H])[H])C([H])([H])C([H])([H])C([H])([H])C([H])([H])C([H])([H])N([H])C(=O)C([H])([H])C([H])([H])C(=O)N(O[H])C([H])([H])C([H])([H])C([H])([H])C([H])([H])C([H])([H])N([H])C([H])=O
 - 42
[H]ON(C(O[H])=C([H])C([H])([H])C(=O)N([H])C([H])([H])C([H])([H])C([H])([H])C([H])([H])C([H])([H])N(O[H])C(=O)C([H])([H])C([H])([H])C(O[H])=NC([H])([H])C([H])([H])C([H])([H])C([H])([H])C([H])([H])N(O[H])C(=O)C([H])([H])[H])C([H])([H])C([H])([H])C([H])([H])C([H])([H])C([H])([H])N([H])C([H])=O
 - 70
[H]ON(C(=O)C([H])([H])[H])C([H])([H])C([H])([H])C([H])([H])C([H])([H])C([H])([H])N([H])C(O[H])=C([H])C([H])([H])C(=O)N(O[H])C([H])([H])C([H])([H])C([H])([H])C([H])([H])C([H])([H])N([H])C(O[H])=C([H])C([H])([H])C(=O)N(O[H])C([H])([H])C([H])([H])C([H])([H])C([H])([H])C([H])([H])N([H])C([H])=O
 - 42
[H]ON(C(O[H])=C([H])C([H])([H])C(=O)N([H])C([H])([H])C([H])([H])C([H])([H])C([H])([H])C([H])([H])N(O[H])C(=O)C([H])([H])C([H])=C(O[H])N([H])C([H])([H])C([H])([H])C([H])([H])C([H])([H])C([H])([H])N(O[H])C(=O)C([H])([H])[H])C([H])([H])C([H])([H])C([H])([H])C([H])([H])C([H])([H])N([H])C([H])=O
 - 70
[H]ON(C(O[H])=C([H])C([H])=C(O[H])N([H])C([H])([H])C([H])([H])C([H])([H])C([H])([H])C([H])([H])N(O[H])C(=O)C([H])([H])[H])C([H])([H])C([H])([H])C([H])([H])C([H])([H])C([H])([H])N([H])C(=O)C([H])([H])C([H])([H])C(=O)N(O[H])C([H])([H])C([H])([H])C([H])([H])C([H])([H])C([H])([H])N([H])C([H])=O
 - 42
[H]ON(C(O[H])=C([H])[H])C([H])([H])C([H])([H])C([H])([H])C([H])([H])C([H])([H])N([H])C(=O)C([H])([H])C([H])([H])C(=O)N(O[H])C([H])([H])C([H])([H])C([H])([H])C([H])([H])C([H])([H])N([H])C(=O)C([H])([H])C([H])([H])C(=O)N(O[H])C([H])([H])C([H])([H])C([H])([H])C([H])([H])C([H])([H])N([H])C([H])=O
 - 42
[H]OC([H])=NC([H])([H])C([H])([H])C([H])([H])C([H])([H])C([H])([H])N(O[H])C(=O)C([H])([H])C([H])([H])C(=O)N([H])C([H])([H])C([H])([H])C([H])([H])C([H])([H])C([H])([H])N(O[H])C(=O)C([H])([H])C([H])([H])C(=O)N([H])C([H])([H])C([H])([H])C([H])([H])C([H])([H])C([H])([H])N(O[H])C(=O)C([H])([H])[H]
 - 42
[H]ON(C(=O)C([H])([H])[H])C([H])([H])C([H])([H])C([H])([H])C([H])([H])C([H])([H])N([H])C(=O)C([H])([H])C([H])([H])C(=O)N(O[H])C([H])([H])C([H])([H])C([H])([H])C([H])([H])C([H])([H])N=C(O[H])C([H])([H])C([H])([H])C(=O)N(O[H])C([H])([H])C([H])([H])C([H])([H])C([H])([H])C([H])([H])N([H])C([H])=O
 - 42
[H]ON(C(=O)C([H])([H])[H])C([H])([H])C([H])([H])C([H])([H])C([H])([H])C([H])([H])N=C(O[H])C([H])([H])C([H])([H])C(=O)N(O[H])C([H])([H])C([H])([H])C([H])([H])C([H])([H])C([H])([H])N([H])C(=O)C([H])([H])C([H])([H])C(=O)N(O[H])C([H])([H])C([H])([H])C([H])([H])C([H])([H])C([H])([H])N([H])C([H])=O
 - 42
[H]ON(C(=O)C([H])([H])[H])C([H])([H])C([H])([H])C([H])([H])C([H])([H])C([H])([H])N([H])C(O[H])=C([H])C([H])([H])C(=O)N(O[H])C([H])([H])C([H])([H])C([H])([H])C([H])([H])C([H])([H])N([H])C(=O)C([H])([H])C([H])([H])C(=O)N(O[H])C([H])([H])C([H])([H])C([H])([H])C([H])([H])C([H])([H])N([H])C([H])=O
 - 42
[H]ON(C(=O)C([H])([H])[H])C([H])([H])C([H])([H])C([H])([H])C([H])([H])C([H])([H])N([H])C(=O)C([H])([H])C([H])([H])C(=O)N(O[H])C([H])([H])C([H])([H])C([H])([H])C([H])([H])C([H])([H])N([H])C(O[H])=C([H])C([H])([H])C(=O)N(O[H])C([H])([H])C([H])([H])C([H])([H])C([H])([H])C([H])([H])N([H])C([H])=O
 - 42
[H]ON(C(O[H])=C([H])C([H])([H])C(=O)N([H])C([H])([H])C([H])([H])C([H])([H])C([H])([H])C([H])([H])N(O[H])C(=O)C([H])([H])C([H])([H])C(=O)N([H])C([H])([H])C([H])([H])C([H])([H])C([H])([H])C([H])([H])N(O[H])C(=O)C([H])([H])[H])C([H])([H])C([H])([H])C([H])([H])C([H])([H])C([H])([H])N([H])C([H])=O
 - 70
[H]ON(C(O[H])=C([H])C([H])([H])C(=O)N([H])C([H])([H])C([H])([H])C([H])([H])C([H])([H])C([H])([H])N(O[H])C(=O)C([H])([H])[H])C([H])([H])C([H])([H])C([H])([H])C([H])([H])C([H])([H])N([H])C(=O)C([H])([H])C([H])([H])C(=O)N(O[H])C([H])([H])C([H])([H])C([H])([H])C([H])([H])C([H])([H])N([H])C([H])=O
 - 42
[H]ON(C(=O)C([H])([H])[H])C([H])([H])C([H])([H])C([H])([H])C([H])([H])C([H])([H])N([H])C(=O)C([H])([H])C([H])([H])C(=O)N(O[H])C([H])([H])C([H])([H])C([H])([H])C([H])([H])C([H])([H])N([H])C(=O)C([H])([H])C([H])([H])C(=O)N(O[H])C([H])([H])C([H])([H])C([H])([H])C([H])([H])C([H])([H])N([H])C([H])=O
 - 42
[H]OC(=C([H])[H])N([H])C(=C(O[H])N([H])C([H])([H])C1=C([H])C([H])=C([H])C([H])=C1[H])C([H])([H])C([H])([H])C([H])([H])N(C(O[H])=NC([H])([H])C([H])=C([H])[H])C([H])([H])C1=C([H])C([H])=C([H])C([H])=C1[H]
 - 33
[H]OC(=NC([H])([H])C([H])=C([H])[H])N(C([H])([H])C1=C([H])C([H])=C([H])C([H])=C1[H])C([H])([H])C([H])([H])C([H])([H])C(N=C(O[H])C([H])([H])[H])=C(O[H])N([H])C([H])([H])C1=C([H])C([H])=C([H])C([H])=C1[H]
 - 33
[H]OC(=C([H])[H])N([H])C(=C(O[H])N([H])C([H])([H])C1=C([H])C([H])=C([H])C([H])=C1[H])C([H])([H])C([H])([H])C([H])([H])N(C(=O)N([H])C([H])([H])C([H])=C([H])[H])C([H])([H])C1=C([H])C([H])=C([H])C([H])=C1[H]
 - 33
[H]OC(=NC([H])([H])C([H])=C([H])[H])N(C([H])([H])C1=C([H])C([H])=C([H])C([H])=C1[H])C([H])([H])C([H])([H])C([H])([H])C(N([H])C(=O)C([H])([H])[H])=C(O[H])N([H])C([H])([H])C1=C([H])C([H])=C([H])C([H])=C1[H]
 - 33
[H]OC(=NC(=C(O[H])N([H])C([H])([H])C1=C([H])C([H])=C([H])C([H])=C1[H])C([H])([H])C([H])([H])C([H])([H])N(C(=O)N([H])C([H])([H])C([H])=C([H])[H])C([H])([H])C1=C([H])C([H])=C([H])C([H])=C1[H])C([H])([H])[H]
 - 61
[H]OC(N([H])C([H])([H])C1=C([H])C([H])=C([H])C([H])=C1[H])=C(N([H])C(=O)C([H])([H])[H])C([H])([H])C([H])([H])C([H])([H])N(C(=O)N([H])C([H])([H])C([H])=C([H])[H])C([H])([H])C1=C([H])C([H])=C([H])C([H])=C1[H]
 - 33
[H]OC(=C([H])[H])N([H])C([H])(C(O[H])=NC([H])([H])C1=C([H])C([H])=C([H])C([H])=C1[H])C([H])([H])C([H])([H])C([H])([H])N(C(O[H])=NC([H])([H])C([H])=C([H])[H])C([H])([H])C1=C([H])C([H])=C([H])C([H])=C1[H]
 - 33
[H]OC(=NC([H])([H])C([H])=C([H])[H])N(C([H])([H])C1=C([H])C([H])=C([H])C([H])=C1[H])C([H])([H])C([H])([H])C([H])([H])C([H])(N=C(O[H])C([H])([H])[H])C(O[H])=NC([H])([H])C1=C([H])C([H])=C([H])C([H])=C1[H]
 - 33
[H]OC(=C([H])[H])N([H])C([H])(C(O[H])=NC([H])([H])C1=C([H])C([H])=C([H])C([H])=C1[H])C([H])([H])C([H])([H])C([H])([H])N(C(=O)N([H])C([H])([H])C([H])=C([H])[H])C([H])([H])C1=C([H])C([H])=C([H])C([H])=C1[H]
 - 33
[H]OC(=C([H])[H])N([H])C([H])(C(=O)N([H])C([H])([H])C1=C([H])C([H])=C([H])C([H])=C1[H])C([H])([H])C([H])([H])C([H])([H])N(C(O[H])=NC([H])([H])C([H])=C([H])[H])C([H])([H])C1=C([H])C([H])=C([H])C([H])=C1[H]
 - 33
[H]OC(=NC([H])(C(O[H])=NC([H])([H])C1=C([H])C([H])=C([H])C([H])=C1[H])C([H])([H])C([H])([H])C([H])([H])N(C(=O)N([H])C([H])([H])C([H])=C([H])[H])C([H])([H])C1=C([H])C([H])=C([H])C([H])=C1[H])C([H])([H])[H]
 - 61
[H]OC(=NC([H])([H])C([H])=C([H])[H])N(C([H])([H])C1=C([H])C([H])=C([H])C([H])=C1[H])C([H])([H])C([H])([H])C([H])([H])C([H])(N([H])C(=O)C([H])([H])[H])C(O[H])=NC([H])([H])C1=C([H])C([H])=C([H])C([H])=C1[H]
 - 33
[H]OC(=NC([H])([H])C([H])=C([H])[H])N(C([H])([H])C1=C([H])C([H])=C([H])C([H])=C1[H])C([H])([H])C([H])([H])C([H])([H])C([H])(N=C(O[H])C([H])([H])[H])C(=O)N([H])C([H])([H])C1=C([H])C([H])=C([H])C([H])=C1[H]
 - 33
[H]OC(=C([H])[H])N([H])C([H])(C(=O)N([H])C([H])([H])C1=C([H])C([H])=C([H])C([H])=C1[H])C([H])([H])C([H])([H])C([H])([H])N(C(=O)N([H])C([H])([H])C([H])=C([H])[H])C([H])([H])C1=C([H])C([H])=C([H])C([H])=C1[H]
 - 33
[H]OC(=NC([H])([H])C1=C([H])C([H])=C([H])C([H])=C1[H])C([H])(N([H])C(=O)C([H])([H])[H])C([H])([H])C([H])([H])C([H])([H])N(C(=O)N([H])C([H])([H])C([H])=C([H])[H])C([H])([H])C1=C([H])C([H])=C([H])C([H])=C1[H]
 - 33
[H]OC(=NC([H])([H])C([H])=C([H])[H])N(C([H])([H])C1=C([H])C([H])=C([H])C([H])=C1[H])C([H])([H])C([H])([H])C([H])([H])C([H])(N([H])C(=O)C([H])([H])[H])C(=O)N([H])C([H])([H])C1=C([H])C([H])=C([H])C([H])=C1[H]
 - 33
[H]OC(=NC([H])(C(=O)N([H])C([H])([H])C1=C([H])C([H])=C([H])C([H])=C1[H])C([H])([H])C([H])([H])C([H])([H])N(C(=O)N([H])C([H])([H])C([H])=C([H])[H])C([H])([H])C1=C([H])C([H])=C([H])C([H])=C1[H])C([H])([H])[H]
 - 61
[H]OC(N=C(C([H])([H])C([H])([H])C([H])([H])N(C(O[H])=NC([H])([H])C([H])=C([H])[H])C([H])([H])C1=C([H])C([H])=C([H])C([H])=C1[H])C([H])(O[H])N([H])C([H])([H])C1=C([H])C([H])=C([H])C([H])=C1[H])=C([H])[H]
 - 62
[H]OC(=NC([H])([H])C([H])=C([H])[H])N(C([H])([H])C1=C([H])C([H])=C([H])C([H])=C1[H])C([H])([H])C([H])([H])C([H])([H])C(=NC([H])(O[H])C([H])([H])[H])C(O[H])=NC([H])([H])C1=C([H])C([H])=C([H])C([H])=C1[H]
 - 33
[H]C([H])=C([H])C([H])([H])N([H])C(=O)N(C([H])([H])C1=C([H])C([H])=C([H])C([H])=C1[H])C([H])([H])C([H])([H])C([H])([H])C([H])(N([H])C(=O)C([H])([H])[H])C(=O)N([H])C([H])([H])C1=C([H])C([H])=C([H])C([H])=C1[H]
 - 33
[H]OC(N=C(C([H])([H])C([H])([H])C([H])([H])N(C(=O)N([H])C([H])([H])C([H])=C([H])[H])C([H])([H])C1=C([H])C([H])=C([H])C([H])=C1[H])C([H])(O[H])N([H])C([H])([H])C1=C([H])C([H])=C([H])C([H])=C1[H])=C([H])[H]
 - 62
[H]OC(=NC([H])([H])C1=C([H])C([H])=C([H])C([H])=C1[H])C(=NC([H])(O[H])C([H])([H])[H])C([H])([H])C([H])([H])C([H])([H])N(C(=O)N([H])C([H])([H])C([H])=C([H])[H])C([H])([H])C1=C([H])C([H])=C([H])C([H])=C1[H]
 - 33
[H]OC(=NC([H])([H])C([H])=C([H])[H])N(C([H])([H])C1=C([H])C([H])=C([H])C([H])=C1[H])C([H])([H])C([H])([H])C([H])([H])C(=NC([H])(O[H])C([H])([H])[H])C(=O)N([H])C([H])([H])C1=C([H])C([H])=C([H])C([H])=C1[H]
 - 33
[H]OC(=NC([H])([H])C([H])=C([H])[H])N(C([H])([H])C1=C([H])C([H])=C([H])C([H])=C1[H])C([H])([H])C([H])([H])C([H])([H])C(=NC(=O)C([H])([H])[H])C([H])(O[H])N([H])C([H])([H])C1=C([H])C([H])=C([H])C([H])=C1[H]
 - 33
[H]OC([H])(N([H])C([H])([H])C1=C([H])C([H])=C([H])C([H])=C1[H])C(=NC(=O)C([H])([H])[H])C([H])([H])C([H])([H])C([H])([H])N(C(=O)N([H])C([H])([H])C([H])=C([H])[H])C([H])([H])C1=C([H])C([H])=C([H])C([H])=C1[H]
 - 33
[H]OC([H])(N=C(C(=O)N([H])C([H])([H])C1=C([H])C([H])=C([H])C([H])=C1[H])C([H])([H])C([H])([H])C([H])([H])N(C(=O)N([H])C([H])([H])C([H])=C([H])[H])C([H])([H])C1=C([H])C([H])=C([H])C([H])=C1[H])C([H])([H])[H]
 - 61
[H]C1=C(OC(=O)C([H])([H])[H])C(=O)C([H])=C(O1)C([H])([H])Br
 - 16
OC(=C)C1=CC=C(C=C1O)[N+]([O-])=O
 - 'NoneType' object has no attribute 'kekulise'
[H]OC(=C([H])[H])C1=C([H])C([H])=C(C([H])=C1O[H])[N+]([O-])=O
 - 'NoneType' object has no attribute 'kekulise'
[H]OC1=C([H])C(=C([H])C([H])=C1C(=O)C([H])([H])[H])[N+]([O-])=O
 - 'NoneType' object has no attribute 'kekulise'
CC(=O)C1=CC=C(C=C1O)[N+]([O-])=O
 - 'NoneType' object has no attribute 'kekulise'
CC(=O)c1ccc(cc1O)[N+]([O-])=O
 - 'NoneType' object has no attribute 'kekulise'
CC(=O)c1ccc(cc1O)[N+](=O)[O-]
 - 'NoneType' object has no attribute 'kekulise'
[H]OC(=C([H])[H])C1=C([H])C(=C([H])C([H])=C1[H])C([H])([H])N([H])C1=C2N([H])C([H])=NC2=NC([H])=N1
 - 21
[H]OC(=C([H])[H])C1=C([H])C(=C([H])C([H])=C1[H])C([H])([H])N([H])C1=C2N=C([H])N([H])C2=NC([H])=N1
 - 21
[H]N(C1=C2N([H])C([H])=NC2=NC([H])=N1)C([H])([H])C1=C([H])C([H])=C([H])C(=C1[H])C(=O)C([H])([H])[H]
 - 26
[H]N(C1=C2N=C([H])N([H])C2=NC([H])=N1)C([H])([H])C1=C([H])C([H])=C([H])C(=C1[H])C(=O)C([H])([H])[H]
 - 26
[H]OC(=C([H])[H])C1=C([H])C(=C([H])C([H])=C1[H])C([H])([H])N=C1N([H])C([H])=NC2=C1N([H])C([H])=N2
 - 21
[H]OC(=C([H])[H])C1=C([H])C(=C([H])C([H])=C1[H])C([H])([H])N=C1N([H])C([H])=NC2=C1N=C([H])N2[H]
 - 21
[H]OC(=C([H])[H])C1=C([H])C(=C([H])C([H])=C1[H])C([H])([H])N=C1N=C([H])N([H])C2=C1N=C([H])N2[H]
 - 21
[H]OC(=C([H])[H])C1=C([H])C(=C([H])C([H])=C1[H])C([H])([H])N=C1N=C([H])N([H])C2=C1N([H])C([H])=N2
 - 21
[H]N1C([H])=NC2=C1N=C([H])N([H])C2=NC([H])([H])C1=C([H])C([H])=C([H])C(=C1[H])C(=O)C([H])([H])[H]
 - 26
[H]N1C([H])=NC2=C1C(=NC([H])([H])C1=C([H])C([H])=C([H])C(=C1[H])C(=O)C([H])([H])[H])N([H])C([H])=N2
 - 33
[H]N1C([H])=NC2=C1C(=NC([H])([H])C1=C([H])C([H])=C([H])C(=C1[H])C(=O)C([H])([H])[H])N=C([H])N2[H]
 - 32
[H]N1C([H])=NC2=C1N([H])C([H])=NC2=NC([H])([H])C1=C([H])C([H])=C([H])C(=C1[H])C(=O)C([H])([H])[H]
 - 26
[H]OC(=C([H])[H])C1=C([H])C(=C([H])C([H])=C1[H])C([H])([H])N([H])C1=C2N=C([H])N=C2N([H])C([H])=N1
 - 21
[H]OC(=C([H])[H])C1=C([H])C(=C([H])C([H])=C1[H])C([H])([H])N([H])C1=C2N=C([H])N=C2N=C([H])N1[H]
 - 21
[H]N(C1=C2N=C([H])N=C2N=C([H])N1[H])C([H])([H])C1=C([H])C([H])=C([H])C(=C1[H])C(=O)C([H])([H])[H]
 - 26
CC(=O)c1cc(CNc2[nH]c[n]c3[n]c[n]c32)ccc1
 - This structure cannot be kekulised!
[H]N(C1=C2N=C([H])N=C2N([H])C([H])=N1)C([H])([H])C1=C([H])C([H])=C([H])C(=C1[H])C(=O)C([H])([H])[H]
 - 26
CC(C)(C)[N+]([O-])=CC1=CC=C(C=C1)[N+]([O-])=O
 - 'NoneType' object has no attribute 'kekulise'
CC(C)(C)[N+]([O-])=Cc1ccc(cc1)[N+]([O-])=O
 - 'NoneType' object has no attribute 'kekulise'
CC(C)(C)[N+](=Cc1ccc(cc1)[N+](=O)[O-])[O-]
 - 'NoneType' object has no attribute 'kekulise'
[H]\\C(C1=C([H])C([H])=C(C([H])=C1[H])[N+]([O-])=O)=[N+](\\[O-])C(C([H])([H])[H])(C([H])([H])[H])C([H])([H])[H]
 - 2 bonds in a row
CC(C)(C)[N+](=O)[CH-]C1=CC=C(C=C1)[N+]([O-])=O
 - 'NoneType' object has no attribute 'kekulise'
CC(C)(C)[N+]([O-])=CC1=CC=CC(O)=C1
 - 'NoneType' object has no attribute 'kekulise'
CC(C)(C)[N+]([O-])=Cc1cccc(O)c1
 - 'NoneType' object has no attribute 'kekulise'
CC(C)(C)[N+](=Cc1cccc(O)c1)[O-]
 - 'NoneType' object has no attribute 'kekulise'
[H]OC1=C([H])C([H])=C([H])C(\\C([H])=[N+](/[O-])C(C([H])([H])[H])(C([H])([H])[H])C([H])([H])[H])=C1[H]
 - 2 bonds in a row
CC(C)(C)[N+](=O)[CH-]C1=CC=CC(O)=C1
 - 'NoneType' object has no attribute 'kekulise'
[H]OC([H])(C([H])([H])ON=C(C1([H])C([H])([H])C1([H])[H])C1([H])C([H])([H])C1([H])[H])C([H])([H])N([H])C(C([H])([H])[H])(C([H])([H])[H])C([H])([H])C1=C([H])N([H])C2=C([H])C([H])=C([H])C([H])=C12
 - 28
CC(C)(Cc1c[nH]c2ccccc12)NCC(O)CON=C(C1CC1)C1CC1
 - This structure cannot be kekulised!
[H]OC([H])(C([H])([H])ON([H])C(=C1C([H])([H])C1([H])[H])C1([H])C([H])([H])C1([H])[H])C([H])([H])N([H])C(C([H])([H])[H])(C([H])([H])[H])C([H])([H])C1=C([H])N([H])C2=C([H])C([H])=C([H])C([H])=C12
 - 28
CC(C)(CC1=c2c(=N[CH]1)cccc2)NCC(O)CON=C(C1CC1)C1CC1
 - 'NoneType' object has no attribute 'get_contributed_electrons'
[H]C(=C(C([H])([H])[H])C([H])([H])[H])C1([H])C([H])(C(=O)OC([H])([H])C2=C([H])C(I)=C([H])C([H])=C2[H])C1(C([H])([H])[H])C([H])([H])[H]
 - 33
[H]OC(C([H])([H])[H])(C([H])([H])[H])C([H])([H])C([H])([H])C(\\[H])=C(/C([H])([H])[H])C([H])([H])C([H])([H])C([H])=C(C([H])([H])[H])C([H])([H])[H]
 - 2 bonds in a row
[H]N(C1=C2N([H])C([H])=NC2=NC([H])=N1)C([H])([H])C([H])=C(C([H])([H])[H])C([H])([H])[H]
 - 16
[H]N(C1=NC([H])=NC2=C1N([H])C([H])=N2)C([H])([H])C([H])=C(C([H])([H])[H])C([H])([H])[H]
 - 16
CC(C)=CCNc1[n]c[n]c2[n]c[nH]c12
 - This structure cannot be kekulised!
[H]N(C1=C2N=C([H])N([H])C2=NC([H])=N1)C([H])([H])C([H])=C(C([H])([H])[H])C([H])([H])[H]
 - 16
[H]N1C([H])=NC2=C1C(=NC([H])([H])C([H])=C(C([H])([H])[H])C([H])([H])[H])N([H])C([H])=N2
 - 28
[H]N1C([H])=NC2=C1N=C([H])N([H])C2=NC([H])([H])C([H])=C(C([H])([H])[H])C([H])([H])[H]
 - 16
[H]N1C([H])=NC2=C1N([H])C([H])=NC2=NC([H])([H])C([H])=C(C([H])([H])[H])C([H])([H])[H]
 - 16
[H]N1C([H])=NC2=C1C(=NC([H])([H])C([H])=C(C([H])([H])[H])C([H])([H])[H])N=C([H])N2[H]
 - 27
[H]N(C1=C2N=C([H])N=C2N=C([H])N1[H])C([H])([H])C([H])=C(C([H])([H])[H])C([H])([H])[H]
 - 16
[H]N(C1=C2N=C([H])N=C2N([H])C([H])=N1)C([H])([H])C([H])=C(C([H])([H])[H])C([H])([H])[H]
 - 16
[H]OC(N([H])C([H])([H])C1=C(O[H])C(=O)C([H])=C(N1C([H])([H])[H])C([H])([H])[H])=C(C([H])([H])[H])C([H])([H])[H]
 - 27
[H]OC(=NC([H])([H])C1=C(O[H])C(=O)C([H])=C(N1C([H])([H])[H])C([H])([H])[H])C([H])(C([H])([H])[H])C([H])([H])[H]
 - 26
[H]OC1=C(N(C(=C([H])C1=O)C([H])([H])[H])C([H])([H])[H])C([H])([H])N([H])C(=O)C([H])(C([H])([H])[H])C([H])([H])[H]
 - 19
[H]OC(=O)C1=C(N=C([H])C2=C([H])C([H])=C([H])C([H])=C12)C1=NC(=O)C(N1[H])(C([H])([H])[H])C([H])(C([H])([H])[H])C([H])([H])[H]
 - 25
[H]OC(=O)C1=C(N=C([H])C2=C([H])C([H])=C([H])C([H])=C12)C1=NC(C(=O)N1[H])(C([H])([H])[H])C([H])(C([H])([H])[H])C([H])([H])[H]
 - 25
[H]OC(=O)C1=C(N=C([H])C2=C([H])C([H])=C([H])C([H])=C12)C1=NC(C(O[H])=N1)(C([H])([H])[H])C([H])(C([H])([H])[H])C([H])([H])[H]
 - 26
[H]OC(O[H])=C(N([H])C(=O)C([H])(N([H])C(O[H])=C(N([H])C(=O)C([H])(N([H])C(=O)C([H])(N([H])[H])C([H])([H])C1=C([H])C([H])=C([H])C([H])=C1[H])C([H])([H])[H])C([H])([H])[H])C([H])([H])[H])C([H])([H])C([H])(C([H])([H])[H])C([H])([H])[H]
 - 60
[H]OC(O[H])=C(N([H])C(O[H])=C(N([H])C(=O)C([H])(N([H])C(=O)C([H])(N([H])C(=O)C([H])(N([H])[H])C([H])([H])C1=C([H])C([H])=C([H])C([H])=C1[H])C([H])([H])[H])C([H])([H])[H])C([H])([H])[H])C([H])([H])C([H])(C([H])([H])[H])C([H])([H])[H]
 - 60
[H]OC(O[H])=C(N([H])C(=O)C([H])(N([H])C(=O)C([H])(N([H])C(O[H])=C(N([H])C(=O)C([H])(N([H])[H])C([H])([H])C1=C([H])C([H])=C([H])C([H])=C1[H])C([H])([H])[H])C([H])([H])[H])C([H])([H])[H])C([H])([H])C([H])(C([H])([H])[H])C([H])([H])[H]
 - 60
[H]OC(O[H])=C(N([H])C(=O)C([H])(N([H])C(=O)C([H])(N([H])C(=O)C([H])(N([H])C(O[H])=C(N([H])[H])C([H])([H])C1=C([H])C([H])=C([H])C([H])=C1[H])C([H])([H])[H])C([H])([H])[H])C([H])([H])[H])C([H])([H])C([H])(C([H])([H])[H])C([H])([H])[H]
 - 60
[H]OC(O[H])=C(N([H])C(=O)C([H])(N([H])C(=O)C([H])(N([H])C(=O)C([H])(N=C(O[H])C([H])(N([H])[H])C([H])([H])C1=C([H])C([H])=C([H])C([H])=C1[H])C([H])([H])[H])C([H])([H])[H])C([H])([H])[H])C([H])([H])C([H])(C([H])([H])[H])C([H])([H])[H]
 - 60
[H]OC(O[H])=C(N([H])C(=O)C([H])(N([H])C(=O)C([H])(N=C(O[H])C([H])(N([H])C(=O)C([H])(N([H])[H])C([H])([H])C1=C([H])C([H])=C([H])C([H])=C1[H])C([H])([H])[H])C([H])([H])[H])C([H])([H])[H])C([H])([H])C([H])(C([H])([H])[H])C([H])([H])[H]
 - 60
[H]OC(O[H])=C(N([H])C(=O)C([H])(N=C(O[H])C([H])(N([H])C(=O)C([H])(N([H])C(=O)C([H])(N([H])[H])C([H])([H])C1=C([H])C([H])=C([H])C([H])=C1[H])C([H])([H])[H])C([H])([H])[H])C([H])([H])[H])C([H])([H])C([H])(C([H])([H])[H])C([H])([H])[H]
 - 60
[H]OC(O[H])=C(N=C(O[H])C([H])(N([H])C(=O)C([H])(N([H])C(=O)C([H])(N([H])C(=O)C([H])(N([H])[H])C([H])([H])C1=C([H])C([H])=C([H])C([H])=C1[H])C([H])([H])[H])C([H])([H])[H])C([H])([H])[H])C([H])([H])C([H])(C([H])([H])[H])C([H])([H])[H]
 - 60
[H]OC(O[H])=C(N([H])C(=O)C([H])(N([H])C(=O)C([H])(N([H])C(=O)C([H])(N([H])C(=O)C([H])(N([H])[H])C([H])([H])C1=C([H])C([H])=C([H])C([H])=C1[H])C([H])([H])[H])C([H])([H])[H])C([H])([H])[H])C([H])([H])C([H])(C([H])([H])[H])C([H])([H])[H]
 - 60
[H]OC(=O)C([H])(N=C(O[H])C([H])(N([H])C(=O)C([H])(N([H])C(=O)C([H])(N=C(O[H])C([H])(N([H])[H])C([H])([H])C1=C([H])C([H])=C([H])C([H])=C1[H])C([H])([H])[H])C([H])([H])[H])C([H])([H])[H])C([H])([H])C([H])(C([H])([H])[H])C([H])([H])[H]
 - 60
[H]OC(=O)C([H])(N=C(O[H])C([H])(N([H])C(=O)C([H])(N=C(O[H])C([H])(N([H])C(=O)C([H])(N([H])[H])C([H])([H])C1=C([H])C([H])=C([H])C([H])=C1[H])C([H])([H])[H])C([H])([H])[H])C([H])([H])[H])C([H])([H])C([H])(C([H])([H])[H])C([H])([H])[H]
 - 60
[H]OC(=O)C([H])(N=C(O[H])C([H])(N=C(O[H])C([H])(N([H])C(=O)C([H])(N([H])C(=O)C([H])(N([H])[H])C([H])([H])C1=C([H])C([H])=C([H])C([H])=C1[H])C([H])([H])[H])C([H])([H])[H])C([H])([H])[H])C([H])([H])C([H])(C([H])([H])[H])C([H])([H])[H]
 - 60
[H]OC(=O)C([H])(N([H])C(=O)C([H])(N([H])C(=O)C([H])(N([H])C(=O)C([H])(N=C(O[H])C([H])(N([H])[H])C([H])([H])C1=C([H])C([H])=C([H])C([H])=C1[H])C([H])([H])[H])C([H])([H])[H])C([H])([H])[H])C([H])([H])C([H])(C([H])([H])[H])C([H])([H])[H]
 - 60
[H]OC(=O)C([H])(N([H])C(=O)C([H])(N([H])C(=O)C([H])(N=C(O[H])C([H])(N([H])C(=O)C([H])(N([H])[H])C([H])([H])C1=C([H])C([H])=C([H])C([H])=C1[H])C([H])([H])[H])C([H])([H])[H])C([H])([H])[H])C([H])([H])C([H])(C([H])([H])[H])C([H])([H])[H]
 - 60
[H]OC(=O)C([H])(N([H])C(=O)C([H])(N=C(O[H])C([H])(N([H])C(=O)C([H])(N([H])C(=O)C([H])(N([H])[H])C([H])([H])C1=C([H])C([H])=C([H])C([H])=C1[H])C([H])([H])[H])C([H])([H])[H])C([H])([H])[H])C([H])([H])C([H])(C([H])([H])[H])C([H])([H])[H]
 - 60
[H]OC(=O)C([H])(N=C(O[H])C([H])(N([H])C(=O)C([H])(N([H])C(=O)C([H])(N([H])C(=O)C([H])(N([H])[H])C([H])([H])C1=C([H])C([H])=C([H])C([H])=C1[H])C([H])([H])[H])C([H])([H])[H])C([H])([H])[H])C([H])([H])C([H])(C([H])([H])[H])C([H])([H])[H]
 - 60
[H]OC(=O)C([H])(N([H])C(=O)C([H])(N([H])C(=O)C([H])(N([H])C(=O)C([H])(N([H])C(=O)C([H])(N([H])[H])C([H])([H])C1=C([H])C([H])=C([H])C([H])=C1[H])C([H])([H])[H])C([H])([H])[H])C([H])([H])[H])C([H])([H])C([H])(C([H])([H])[H])C([H])([H])[H]
 - 60
[H]OC(N([H])C([H])(C(=O)N([H])C([H])(C(=O)N([H])C([H])(C(O[H])=NC([H])(C(=O)O[H])C([H])([H])C([H])(C([H])([H])[H])C([H])([H])[H])C([H])([H])[H])C([H])([H])[H])C([H])([H])[H])=C(N([H])[H])C([H])([H])C1=C([H])C([H])=C([H])C([H])=C1[H]
 - 55
[H]OC(N([H])C([H])(C(=O)N([H])C([H])(C(O[H])=NC([H])(C(=O)O[H])C([H])([H])C([H])(C([H])([H])[H])C([H])([H])[H])C([H])([H])[H])C([H])([H])[H])=C(N([H])C(=O)C([H])(N([H])[H])C([H])([H])C1=C([H])C([H])=C([H])C([H])=C1[H])C([H])([H])[H]
 - 45
[H]OC(N([H])C([H])(C(O[H])=NC([H])(C(=O)O[H])C([H])([H])C([H])(C([H])([H])[H])C([H])([H])[H])C([H])([H])[H])=C(N([H])C(=O)C([H])(N([H])C(=O)C([H])(N([H])[H])C([H])([H])C1=C([H])C([H])=C([H])C([H])=C1[H])C([H])([H])[H])C([H])([H])[H]
 - 36
[H]OC(N([H])C([H])(C(=O)O[H])C([H])([H])C([H])(C([H])([H])[H])C([H])([H])[H])=C(N=C(O[H])C([H])(N([H])C(=O)C([H])(N([H])C(=O)C([H])(N([H])[H])C([H])([H])C1=C([H])C([H])=C([H])C([H])=C1[H])C([H])([H])[H])C([H])([H])[H])C([H])([H])[H]
 - 69
[H]OC(N([H])C([H])(C(=O)N([H])C([H])(C(=O)N([H])C([H])(C(=O)N([H])C([H])(C(=O)O[H])C([H])([H])C([H])(C([H])([H])[H])C([H])([H])[H])C([H])([H])[H])C([H])([H])[H])C([H])([H])[H])=C(N([H])[H])C([H])([H])C1=C([H])C([H])=C([H])C([H])=C1[H]
 - 55
[H]OC(N([H])C([H])(C(=O)N([H])C([H])(C(=O)N([H])C([H])(C(=O)O[H])C([H])([H])C([H])(C([H])([H])[H])C([H])([H])[H])C([H])([H])[H])C([H])([H])[H])=C(N([H])C(=O)C([H])(N([H])[H])C([H])([H])C1=C([H])C([H])=C([H])C([H])=C1[H])C([H])([H])[H]
 - 45
[H]OC(N([H])C([H])(C(=O)O[H])C([H])([H])C([H])(C([H])([H])[H])C([H])([H])[H])=C(N([H])C(=O)C([H])(N([H])C(=O)C([H])(N([H])C(=O)C([H])(N([H])[H])C([H])([H])C1=C([H])C([H])=C([H])C([H])=C1[H])C([H])([H])[H])C([H])([H])[H])C([H])([H])[H]
 - 69
[H]OC(N([H])C([H])(C(=O)N([H])C([H])(C(=O)O[H])C([H])([H])C([H])(C([H])([H])[H])C([H])([H])[H])C([H])([H])[H])=C(N([H])C(=O)C([H])(N([H])C(=O)C([H])(N([H])[H])C([H])([H])C1=C([H])C([H])=C([H])C([H])=C1[H])C([H])([H])[H])C([H])([H])[H]
 - 36
[H]OC(N([H])C(=C(O[H])N([H])C([H])(C(=O)O[H])C([H])([H])C([H])(C([H])([H])[H])C([H])([H])[H])C([H])([H])[H])=C(N([H])C(=O)C([H])(N([H])C(=O)C([H])(N([H])[H])C([H])([H])C1=C([H])C([H])=C([H])C([H])=C1[H])C([H])([H])[H])C([H])([H])[H]
 - 36
[H]OC(O[H])=C(N([H])C(=O)C([H])(N([H])C(O[H])=C(N([H])C(=O)C1([H])N([H])C([H])([H])C([H])([H])C1([H])[H])C([H])([H])C([H])(C([H])([H])[H])C([H])([H])[H])C([H])([H])C([H])(C([H])([H])[H])C([H])([H])[H])C([H])([H])C([H])(C([H])([H])[H])C([H])([H])[H]
 - 62
[H]OC(O[H])=C(N([H])C(O[H])=C(N([H])C(=O)C([H])(N([H])C(=O)C1([H])N([H])C([H])([H])C([H])([H])C1([H])[H])C([H])([H])C([H])(C([H])([H])[H])C([H])([H])[H])C([H])([H])C([H])(C([H])([H])[H])C([H])([H])[H])C([H])([H])C([H])(C([H])([H])[H])C([H])([H])[H]
 - 62
[H]OC(O[H])=C(N([H])C(=O)C([H])(N([H])C(=O)C([H])(N([H])C(O[H])=C1N([H])C([H])([H])C([H])([H])C1([H])[H])C([H])([H])C([H])(C([H])([H])[H])C([H])([H])[H])C([H])([H])C([H])(C([H])([H])[H])C([H])([H])[H])C([H])([H])C([H])(C([H])([H])[H])C([H])([H])[H]
 - 62
[H]OC(O[H])=C(N([H])C(=O)C([H])(N([H])C(=O)C([H])(N=C(O[H])C1([H])N([H])C([H])([H])C([H])([H])C1([H])[H])C([H])([H])C([H])(C([H])([H])[H])C([H])([H])[H])C([H])([H])C([H])(C([H])([H])[H])C([H])([H])[H])C([H])([H])C([H])(C([H])([H])[H])C([H])([H])[H]
 - 62
[H]OC(O[H])=C(N=C(O[H])C([H])(N([H])C(=O)C([H])(N([H])C(=O)C1([H])N([H])C([H])([H])C([H])([H])C1([H])[H])C([H])([H])C([H])(C([H])([H])[H])C([H])([H])[H])C([H])([H])C([H])(C([H])([H])[H])C([H])([H])[H])C([H])([H])C([H])(C([H])([H])[H])C([H])([H])[H]
 - 62
[H]OC(O[H])=C(N([H])C(=O)C([H])(N=C(O[H])C([H])(N([H])C(=O)C1([H])N([H])C([H])([H])C([H])([H])C1([H])[H])C([H])([H])C([H])(C([H])([H])[H])C([H])([H])[H])C([H])([H])C([H])(C([H])([H])[H])C([H])([H])[H])C([H])([H])C([H])(C([H])([H])[H])C([H])([H])[H]
 - 62
[H]OC(O[H])=C(N([H])C(=O)C([H])(N([H])C(=O)C([H])(N([H])C(=O)C1([H])N([H])C([H])([H])C([H])([H])C1([H])[H])C([H])([H])C([H])(C([H])([H])[H])C([H])([H])[H])C([H])([H])C([H])(C([H])([H])[H])C([H])([H])[H])C([H])([H])C([H])(C([H])([H])[H])C([H])([H])[H]
 - 62
[H]OC(=O)C([H])(N([H])C(=O)C([H])(N=C(O[H])C([H])(N=C(O[H])C1([H])N([H])C([H])([H])C([H])([H])C1([H])[H])C([H])([H])C([H])(C([H])([H])[H])C([H])([H])[H])C([H])([H])C([H])(C([H])([H])[H])C([H])([H])[H])C([H])([H])C([H])(C([H])([H])[H])C([H])([H])[H]
 - 62
[H]OC(=O)C([H])(N=C(O[H])C([H])(N([H])C(=O)C([H])(N=C(O[H])C1([H])N([H])C([H])([H])C([H])([H])C1([H])[H])C([H])([H])C([H])(C([H])([H])[H])C([H])([H])[H])C([H])([H])C([H])(C([H])([H])[H])C([H])([H])[H])C([H])([H])C([H])(C([H])([H])[H])C([H])([H])[H]
 - 62
[H]OC(=O)C([H])(N=C(O[H])C([H])(N=C(O[H])C([H])(N([H])C(=O)C1([H])N([H])C([H])([H])C([H])([H])C1([H])[H])C([H])([H])C([H])(C([H])([H])[H])C([H])([H])[H])C([H])([H])C([H])(C([H])([H])[H])C([H])([H])[H])C([H])([H])C([H])(C([H])([H])[H])C([H])([H])[H]
 - 62
[H]OC(=O)C([H])(N([H])C(=O)C([H])(N([H])C(=O)C([H])(N=C(O[H])C1([H])N([H])C([H])([H])C([H])([H])C1([H])[H])C([H])([H])C([H])(C([H])([H])[H])C([H])([H])[H])C([H])([H])C([H])(C([H])([H])[H])C([H])([H])[H])C([H])([H])C([H])(C([H])([H])[H])C([H])([H])[H]
 - 62
[H]OC(=O)C([H])(N([H])C(=O)C([H])(N=C(O[H])C([H])(N([H])C(=O)C1([H])N([H])C([H])([H])C([H])([H])C1([H])[H])C([H])([H])C([H])(C([H])([H])[H])C([H])([H])[H])C([H])([H])C([H])(C([H])([H])[H])C([H])([H])[H])C([H])([H])C([H])(C([H])([H])[H])C([H])([H])[H]
 - 62
[H]OC(=O)C([H])(N=C(O[H])C([H])(N([H])C(=O)C([H])(N([H])C(=O)C1([H])N([H])C([H])([H])C([H])([H])C1([H])[H])C([H])([H])C([H])(C([H])([H])[H])C([H])([H])[H])C([H])([H])C([H])(C([H])([H])[H])C([H])([H])[H])C([H])([H])C([H])(C([H])([H])[H])C([H])([H])[H]
 - 62
[H]OC(=O)C([H])(N([H])C(=O)C([H])(N([H])C(=O)C([H])(N([H])C(=O)C1([H])N([H])C([H])([H])C([H])([H])C1([H])[H])C([H])([H])C([H])(C([H])([H])[H])C([H])([H])[H])C([H])([H])C([H])(C([H])([H])[H])C([H])([H])[H])C([H])([H])C([H])(C([H])([H])[H])C([H])([H])[H]
 - 62
[H]OC(N([H])C([H])(C(=O)O[H])C([H])([H])C([H])(C([H])([H])[H])C([H])([H])[H])=C(N([H])C(=O)C([H])(N=C(O[H])C1([H])N([H])C([H])([H])C([H])([H])C1([H])[H])C([H])([H])C([H])(C([H])([H])[H])C([H])([H])[H])C([H])([H])C([H])(C([H])([H])[H])C([H])([H])[H]
 - 62
[H]OC(N([H])C([H])(C(O[H])=NC([H])(C(=O)O[H])C([H])([H])C([H])(C([H])([H])[H])C([H])([H])[H])C([H])([H])C([H])(C([H])([H])[H])C([H])([H])[H])=C(N([H])C(=O)C1([H])N([H])C([H])([H])C([H])([H])C1([H])[H])C([H])([H])C([H])(C([H])([H])[H])C([H])([H])[H]
 - 44
[H]OC(N([H])C([H])(C(=O)N([H])C([H])(C(=O)O[H])C([H])([H])C([H])(C([H])([H])[H])C([H])([H])[H])C([H])([H])C([H])(C([H])([H])[H])C([H])([H])[H])=C(N=C(O[H])C1([H])N([H])C([H])([H])C([H])([H])C1([H])[H])C([H])([H])C([H])(C([H])([H])[H])C([H])([H])[H]
 - 44
[H]OC(N([H])C([H])(C(=O)O[H])C([H])([H])C([H])(C([H])([H])[H])C([H])([H])[H])=C(N=C(O[H])C([H])(N([H])C(=O)C1([H])N([H])C([H])([H])C([H])([H])C1([H])[H])C([H])([H])C([H])(C([H])([H])[H])C([H])([H])[H])C([H])([H])C([H])(C([H])([H])[H])C([H])([H])[H]
 - 62
[H]OC(N([H])C([H])(C(=O)N([H])C([H])(C(=O)O[H])C([H])([H])C([H])(C([H])([H])[H])C([H])([H])[H])C([H])([H])C([H])(C([H])([H])[H])C([H])([H])[H])=C(N([H])C(=O)C1([H])N([H])C([H])([H])C([H])([H])C1([H])[H])C([H])([H])C([H])(C([H])([H])[H])C([H])([H])[H]
 - 44
[H]OC(N([H])C([H])(C(=O)O[H])C([H])([H])C([H])(C([H])([H])[H])C([H])([H])[H])=C(N([H])C(=O)C([H])(N([H])C(=O)C1([H])N([H])C([H])([H])C([H])([H])C1([H])[H])C([H])([H])C([H])(C([H])([H])[H])C([H])([H])[H])C([H])([H])C([H])(C([H])([H])[H])C([H])([H])[H]
 - 62
[H]OC(N([H])C([H])(C(O[H])=NC([H])(C(=O)N([H])C([H])(C(=O)O[H])C([H])([H])C([H])(C([H])([H])[H])C([H])([H])[H])C([H])([H])C([H])(C([H])([H])[H])C([H])([H])[H])C([H])([H])C([H])(C([H])([H])[H])C([H])([H])[H])=C1N([H])C([H])([H])C([H])([H])C1([H])[H]
 - 63
[H]OC(N([H])C([H])(C(=O)N([H])C([H])(C(O[H])=NC([H])(C(=O)O[H])C([H])([H])C([H])(C([H])([H])[H])C([H])([H])[H])C([H])([H])C([H])(C([H])([H])[H])C([H])([H])[H])C([H])([H])C([H])(C([H])([H])[H])C([H])([H])[H])=C1N([H])C([H])([H])C([H])([H])C1([H])[H]
 - 63
[H]OC(N([H])C(=C(O[H])N([H])C([H])(C(=O)O[H])C([H])([H])C([H])(C([H])([H])[H])C([H])([H])[H])C([H])([H])C([H])(C([H])([H])[H])C([H])([H])[H])=C(N([H])C(=O)C1([H])N([H])C([H])([H])C([H])([H])C1([H])[H])C([H])([H])C([H])(C([H])([H])[H])C([H])([H])[H]
 - 44
[H]OC(N([H])C([H])(C(=O)N([H])C([H])(C(=O)N([H])C([H])(C(=O)O[H])C([H])([H])C([H])(C([H])([H])[H])C([H])([H])[H])C([H])([H])C([H])(C([H])([H])[H])C([H])([H])[H])C([H])([H])C([H])(C([H])([H])[H])C([H])([H])[H])=C1N([H])C([H])([H])C([H])([H])C1([H])[H]
 - 63
[H]OC(N([H])C([H])(C(=O)N([H])C([H])(C(=O)O[H])C([H])([H])C([H])(C([H])([H])[H])C([H])([H])[H])C([H])([H])C([H])(C([H])([H])[H])C([H])([H])[H])=C(N([H])C(O[H])=C1N([H])C([H])([H])C([H])([H])C1([H])[H])C([H])([H])C([H])(C([H])([H])[H])C([H])([H])[H]
 - 44
[H]OC(N([H])C([H])(C(=O)O[H])C([H])([H])C([H])(C([H])([H])[H])C([H])([H])[H])=C(N([H])C(=O)C([H])(N([H])C(O[H])=C1N([H])C([H])([H])C([H])([H])C1([H])[H])C([H])([H])C([H])(C([H])([H])[H])C([H])([H])[H])C([H])([H])C([H])(C([H])([H])[H])C([H])([H])[H]
 - 62
[H]OC(O[H])=C(N([H])C(O[H])=C(N([H])C(O[H])=C(N([H])[H])C([H])([H])C1=C([H])C([H])=C(O[H])C([H])=C1[H])C([H])([H])C1=C([H])C([H])=C(O[H])C([H])=C1[H])C([H])([H])C([H])(C([H])([H])[H])C([H])([H])[H]
 - 52
[H]OC(O[H])=C(N([H])C(O[H])=C(N=C(O[H])C([H])(N([H])[H])C([H])([H])C1=C([H])C([H])=C(O[H])C([H])=C1[H])C([H])([H])C1=C([H])C([H])=C(O[H])C([H])=C1[H])C([H])([H])C([H])(C([H])([H])[H])C([H])([H])[H]
 - 52
[H]OC(O[H])=C(N=C(O[H])C([H])(N([H])C(O[H])=C(N([H])[H])C([H])([H])C1=C([H])C([H])=C(O[H])C([H])=C1[H])C([H])([H])C1=C([H])C([H])=C(O[H])C([H])=C1[H])C([H])([H])C([H])(C([H])([H])[H])C([H])([H])[H]
 - 52
[H]OC(O[H])=C(N([H])C(O[H])=C(N([H])C(=O)C([H])(N([H])[H])C([H])([H])C1=C([H])C([H])=C(O[H])C([H])=C1[H])C([H])([H])C1=C([H])C([H])=C(O[H])C([H])=C1[H])C([H])([H])C([H])(C([H])([H])[H])C([H])([H])[H]
 - 52
[H]OC(O[H])=C(N([H])C(=O)C([H])(N([H])C(O[H])=C(N([H])[H])C([H])([H])C1=C([H])C([H])=C(O[H])C([H])=C1[H])C([H])([H])C1=C([H])C([H])=C(O[H])C([H])=C1[H])C([H])([H])C([H])(C([H])([H])[H])C([H])([H])[H]
 - 52
[H]OC(O[H])=C(N=C(O[H])C([H])(N=C(O[H])C([H])(N([H])[H])C([H])([H])C1=C([H])C([H])=C(O[H])C([H])=C1[H])C([H])([H])C1=C([H])C([H])=C(O[H])C([H])=C1[H])C([H])([H])C([H])(C([H])([H])[H])C([H])([H])[H]
 - 52
[H]OC(O[H])=C(N([H])C(=O)C([H])(N=C(O[H])C([H])(N([H])[H])C([H])([H])C1=C([H])C([H])=C(O[H])C([H])=C1[H])C([H])([H])C1=C([H])C([H])=C(O[H])C([H])=C1[H])C([H])([H])C([H])(C([H])([H])[H])C([H])([H])[H]
 - 52
[H]OC(O[H])=C(N=C(O[H])C([H])(N([H])C(=O)C([H])(N([H])[H])C([H])([H])C1=C([H])C([H])=C(O[H])C([H])=C1[H])C([H])([H])C1=C([H])C([H])=C(O[H])C([H])=C1[H])C([H])([H])C([H])(C([H])([H])[H])C([H])([H])[H]
 - 52
[H]OC(O[H])=C(N([H])C(=O)C([H])(N([H])C(=O)C([H])(N([H])[H])C([H])([H])C1=C([H])C([H])=C(O[H])C([H])=C1[H])C([H])([H])C1=C([H])C([H])=C(O[H])C([H])=C1[H])C([H])([H])C([H])(C([H])([H])[H])C([H])([H])[H]
 - 52
[H]OC(N=C(C([H])([H])C([H])(C([H])([H])[H])C([H])([H])[H])C([H])(O[H])O[H])=C(N=C(O[H])C([H])(N([H])[H])C([H])([H])C1=C([H])C([H])=C(O[H])C([H])=C1[H])C([H])([H])C1=C([H])C([H])=C(O[H])C([H])=C1[H]
 - 50
[H]OC(N([H])C([H])(C(=O)N=C(C([H])([H])C([H])(C([H])([H])[H])C([H])([H])[H])C([H])(O[H])O[H])C([H])([H])C1=C([H])C([H])=C(O[H])C([H])=C1[H])=C(N([H])[H])C([H])([H])C1=C([H])C([H])=C(O[H])C([H])=C1[H]
 - 46
[H]OC(N=C(C([H])([H])C([H])(C([H])([H])[H])C([H])([H])[H])C([H])(O[H])O[H])=C(N([H])C(=O)C([H])(N([H])[H])C([H])([H])C1=C([H])C([H])=C(O[H])C([H])=C1[H])C([H])([H])C1=C([H])C([H])=C(O[H])C([H])=C1[H]
 - 50
[H]OC(=NC([H])(C(=O)N=C(C([H])([H])C([H])(C([H])([H])[H])C([H])([H])[H])C([H])(O[H])O[H])C([H])([H])C1=C([H])C([H])=C(O[H])C([H])=C1[H])C([H])(N([H])[H])C([H])([H])C1=C([H])C([H])=C(O[H])C([H])=C1[H]
 - 45
[H]OC1=C([H])C([H])=C(C([H])=C1[H])C([H])([H])C([H])(N([H])[H])C(=O)N([H])C([H])(C(=O)N=C(C([H])([H])C([H])(C([H])([H])[H])C([H])([H])[H])C([H])(O[H])O[H])C([H])([H])C1=C([H])C([H])=C(O[H])C([H])=C1[H]
 - 50
[H]OC(=O)C([H])(N=C(O[H])C([H])(N=C(O[H])C([H])(N([H])[H])C([H])([H])C1=C([H])C([H])=C(O[H])C([H])=C1[H])C([H])([H])C1=C([H])C([H])=C(O[H])C([H])=C1[H])C([H])([H])C([H])(C([H])([H])[H])C([H])([H])[H]
 - 52
[H]OC(=O)C([H])(N([H])C(=O)C([H])(N=C(O[H])C([H])(N([H])[H])C([H])([H])C1=C([H])C([H])=C(O[H])C([H])=C1[H])C([H])([H])C1=C([H])C([H])=C(O[H])C([H])=C1[H])C([H])([H])C([H])(C([H])([H])[H])C([H])([H])[H]
 - 52
[H]OC(=O)C([H])(N=C(O[H])C([H])(N([H])C(=O)C([H])(N([H])[H])C([H])([H])C1=C([H])C([H])=C(O[H])C([H])=C1[H])C([H])([H])C1=C([H])C([H])=C(O[H])C([H])=C1[H])C([H])([H])C([H])(C([H])([H])[H])C([H])([H])[H]
 - 52
[H]OC(=O)C([H])(N([H])C(=O)C([H])(N([H])C(=O)C([H])(N([H])[H])C([H])([H])C1=C([H])C([H])=C(O[H])C([H])=C1[H])C([H])([H])C1=C([H])C([H])=C(O[H])C([H])=C1[H])C([H])([H])C([H])(C([H])([H])[H])C([H])([H])[H]
 - 52
[H]OC(=O)C(=NC([H])(O[H])C([H])(N=C(O[H])C([H])(N([H])[H])C([H])([H])C1=C([H])C([H])=C(O[H])C([H])=C1[H])C([H])([H])C1=C([H])C([H])=C(O[H])C([H])=C1[H])C([H])([H])C([H])(C([H])([H])[H])C([H])([H])[H]
 - 52
[H]OC(=O)C(=NC([H])(O[H])C([H])(N([H])C(=O)C([H])(N([H])[H])C([H])([H])C1=C([H])C([H])=C(O[H])C([H])=C1[H])C([H])([H])C1=C([H])C([H])=C(O[H])C([H])=C1[H])C([H])([H])C([H])(C([H])([H])[H])C([H])([H])[H]
 - 52
[H]OC(N([H])C([H])(C(O[H])=NC([H])(C(=O)O[H])C([H])([H])C([H])(C([H])([H])[H])C([H])([H])[H])C([H])([H])C1=C([H])C([H])=C(O[H])C([H])=C1[H])=C(N([H])[H])C([H])([H])C1=C([H])C([H])=C(O[H])C([H])=C1[H]
 - 46
[H]OC(N([H])C([H])(C(=O)O[H])C([H])([H])C([H])(C([H])([H])[H])C([H])([H])[H])=C(N=C(O[H])C([H])(N([H])[H])C([H])([H])C1=C([H])C([H])=C(O[H])C([H])=C1[H])C([H])([H])C1=C([H])C([H])=C(O[H])C([H])=C1[H]
 - 50
[H]OC(N([H])C([H])(C(=O)N([H])C([H])(C(=O)O[H])C([H])([H])C([H])(C([H])([H])[H])C([H])([H])[H])C([H])([H])C1=C([H])C([H])=C(O[H])C([H])=C1[H])=C(N([H])[H])C([H])([H])C1=C([H])C([H])=C(O[H])C([H])=C1[H]
 - 46
[H]OC(N([H])C([H])(C(=O)O[H])C([H])([H])C([H])(C([H])([H])[H])C([H])([H])[H])=C(N([H])C(=O)C([H])(N([H])[H])C([H])([H])C1=C([H])C([H])=C(O[H])C([H])=C1[H])C([H])([H])C1=C([H])C([H])=C(O[H])C([H])=C1[H]
 - 50
[H]OC(=O)C(=NC([H])(O[H])C([H])(N([H])C(O[H])=C(N([H])[H])C([H])([H])C1=C([H])C([H])=C(O[H])C([H])=C1[H])C([H])([H])C1=C([H])C([H])=C(O[H])C([H])=C1[H])C([H])([H])C([H])(C([H])([H])[H])C([H])([H])[H]
 - 52
[H]OC(N([H])C(=C(O[H])N([H])C([H])(C(=O)O[H])C([H])([H])C([H])(C([H])([H])[H])C([H])([H])[H])C([H])([H])C1=C([H])C([H])=C(O[H])C([H])=C1[H])=C(N([H])[H])C([H])([H])C1=C([H])C([H])=C(O[H])C([H])=C1[H]
 - 46
[H]OC(O[H])=C(N([H])C(O[H])=C(N([H])C(=O)C([H])(N([H])C(=O)C([H])(N([H])[H])C([H])([H])C1=C([H])N([H])C2=C([H])C([H])=C([H])C([H])=C12)C([H])([H])C([H])(C([H])([H])[H])C([H])([H])[H])C([H])([H])C([H])(C([H])([H])[H])C([H])([H])[H])C([H])(C([H])([H])[H])C([H])([H])[H]
 - 72
[H]OC(O[H])=C(N([H])C(=O)C([H])(N([H])C(=O)C([H])(N([H])C(O[H])=C(N([H])[H])C([H])([H])C1=C([H])N([H])C2=C([H])C([H])=C([H])C([H])=C12)C([H])([H])C([H])(C([H])([H])[H])C([H])([H])[H])C([H])([H])C([H])(C([H])([H])[H])C([H])([H])[H])C([H])(C([H])([H])[H])C([H])([H])[H]
 - 72
[H]OC(O[H])=C(N([H])C(=O)C([H])(N([H])C(O[H])=C(N([H])C(=O)C([H])(N([H])[H])C([H])([H])C1=C([H])N([H])C2=C([H])C([H])=C([H])C([H])=C12)C([H])([H])C([H])(C([H])([H])[H])C([H])([H])[H])C([H])([H])C([H])(C([H])([H])[H])C([H])([H])[H])C([H])(C([H])([H])[H])C([H])([H])[H]
 - 72
[H]OC(O[H])=C(N([H])C(=O)C([H])(N=C(O[H])C([H])(N([H])C(=O)C([H])(N([H])[H])C([H])([H])C1=C([H])N([H])C2=C([H])C([H])=C([H])C([H])=C12)C([H])([H])C([H])(C([H])([H])[H])C([H])([H])[H])C([H])([H])C([H])(C([H])([H])[H])C([H])([H])[H])C([H])(C([H])([H])[H])C([H])([H])[H]
 - 72
[H]OC(O[H])=C(N([H])C(=O)C([H])(N([H])C(=O)C([H])(N=C(O[H])C([H])(N([H])[H])C([H])([H])C1=C([H])N([H])C2=C([H])C([H])=C([H])C([H])=C12)C([H])([H])C([H])(C([H])([H])[H])C([H])([H])[H])C([H])([H])C([H])(C([H])([H])[H])C([H])([H])[H])C([H])(C([H])([H])[H])C([H])([H])[H]
 - 72
[H]OC(O[H])=C(N=C(O[H])C([H])(N([H])C(=O)C([H])(N([H])C(=O)C([H])(N([H])[H])C([H])([H])C1=C([H])N([H])C2=C([H])C([H])=C([H])C([H])=C12)C([H])([H])C([H])(C([H])([H])[H])C([H])([H])[H])C([H])([H])C([H])(C([H])([H])[H])C([H])([H])[H])C([H])(C([H])([H])[H])C([H])([H])[H]
 - 72
[H]OC(O[H])=C(N([H])C(=O)C([H])(N([H])C(=O)C([H])(N([H])C(=O)C([H])(N([H])[H])C([H])([H])C1=C([H])N([H])C2=C([H])C([H])=C([H])C([H])=C12)C([H])([H])C([H])(C([H])([H])[H])C([H])([H])[H])C([H])([H])C([H])(C([H])([H])[H])C([H])([H])[H])C([H])(C([H])([H])[H])C([H])([H])[H]
 - 72
[H]OC(=O)C([H])(N([H])C(=O)C([H])(N=C(O[H])C([H])(N=C(O[H])C([H])(N([H])[H])C([H])([H])C1=C([H])N([H])C2=C([H])C([H])=C([H])C([H])=C12)C([H])([H])C([H])(C([H])([H])[H])C([H])([H])[H])C([H])([H])C([H])(C([H])([H])[H])C([H])([H])[H])C([H])(C([H])([H])[H])C([H])([H])[H]
 - 72
[H]OC(=O)C([H])(N=C(O[H])C([H])(N([H])C(=O)C([H])(N=C(O[H])C([H])(N([H])[H])C([H])([H])C1=C([H])N([H])C2=C([H])C([H])=C([H])C([H])=C12)C([H])([H])C([H])(C([H])([H])[H])C([H])([H])[H])C([H])([H])C([H])(C([H])([H])[H])C([H])([H])[H])C([H])(C([H])([H])[H])C([H])([H])[H]
 - 72
[H]OC(=O)C([H])(N=C(O[H])C([H])(N=C(O[H])C([H])(N([H])C(=O)C([H])(N([H])[H])C([H])([H])C1=C([H])N([H])C2=C([H])C([H])=C([H])C([H])=C12)C([H])([H])C([H])(C([H])([H])[H])C([H])([H])[H])C([H])([H])C([H])(C([H])([H])[H])C([H])([H])[H])C([H])(C([H])([H])[H])C([H])([H])[H]
 - 72
[H]OC(=O)C([H])(N([H])C(=O)C([H])(N([H])C(=O)C([H])(N=C(O[H])C([H])(N([H])[H])C([H])([H])C1=C([H])N([H])C2=C([H])C([H])=C([H])C([H])=C12)C([H])([H])C([H])(C([H])([H])[H])C([H])([H])[H])C([H])([H])C([H])(C([H])([H])[H])C([H])([H])[H])C([H])(C([H])([H])[H])C([H])([H])[H]
 - 72
[H]OC(=O)C([H])(N([H])C(=O)C([H])(N=C(O[H])C([H])(N([H])C(=O)C([H])(N([H])[H])C([H])([H])C1=C([H])N([H])C2=C([H])C([H])=C([H])C([H])=C12)C([H])([H])C([H])(C([H])([H])[H])C([H])([H])[H])C([H])([H])C([H])(C([H])([H])[H])C([H])([H])[H])C([H])(C([H])([H])[H])C([H])([H])[H]
 - 72
[H]OC(=O)C([H])(N=C(O[H])C([H])(N([H])C(=O)C([H])(N([H])C(=O)C([H])(N([H])[H])C([H])([H])C1=C([H])N([H])C2=C([H])C([H])=C([H])C([H])=C12)C([H])([H])C([H])(C([H])([H])[H])C([H])([H])[H])C([H])([H])C([H])(C([H])([H])[H])C([H])([H])[H])C([H])(C([H])([H])[H])C([H])([H])[H]
 - 72
[H]OC(=O)C([H])(N([H])C(=O)C([H])(N([H])C(=O)C([H])(N([H])C(=O)C([H])(N([H])[H])C([H])([H])C1=C([H])N([H])C2=C([H])C([H])=C([H])C([H])=C12)C([H])([H])C([H])(C([H])([H])[H])C([H])([H])[H])C([H])([H])C([H])(C([H])([H])[H])C([H])([H])[H])C([H])(C([H])([H])[H])C([H])([H])[H]
 - 72
CC(C)CC(NC(=O)C(CC(C)C)NC(=O)C(N)Cc1c[nH]c2ccccc12)C(=O)NC(C(C)C)C(O)=O
 - This structure cannot be kekulised!
[H]OC(=O)C([H])(N=C(O[H])C([H])(N([H])C(=O)C([H])(N([H])C(O[H])=C(N([H])[H])C([H])([H])C1=C([H])N([H])C2=C([H])C([H])=C([H])C([H])=C12)C([H])([H])C([H])(C([H])([H])[H])C([H])([H])[H])C([H])([H])C([H])(C([H])([H])[H])C([H])([H])[H])C([H])(C([H])([H])[H])C([H])([H])[H]
 - 72
[H]OC(=O)C([H])(N([H])C(=O)C([H])(N=C(O[H])C([H])(N([H])C(O[H])=C(N([H])[H])C([H])([H])C1=C([H])N([H])C2=C([H])C([H])=C([H])C([H])=C12)C([H])([H])C([H])(C([H])([H])[H])C([H])([H])[H])C([H])([H])C([H])(C([H])([H])[H])C([H])([H])[H])C([H])(C([H])([H])[H])C([H])([H])[H]
 - 72
[H]OC(=O)C([H])(N([H])C(O[H])=C(N([H])C(=O)C([H])(N=C(O[H])C([H])(N([H])[H])C([H])([H])C1=C([H])N([H])C2=C([H])C([H])=C([H])C([H])=C12)C([H])([H])C([H])(C([H])([H])[H])C([H])([H])[H])C([H])([H])C([H])(C([H])([H])[H])C([H])([H])[H])C([H])(C([H])([H])[H])C([H])([H])[H]
 - 72
[H]OC(=O)C([H])(N=C(O[H])C([H])(N([H])C(O[H])=C(N([H])C(=O)C([H])(N([H])[H])C([H])([H])C1=C([H])N([H])C2=C([H])C([H])=C([H])C([H])=C12)C([H])([H])C([H])(C([H])([H])[H])C([H])([H])[H])C([H])([H])C([H])(C([H])([H])[H])C([H])([H])[H])C([H])(C([H])([H])[H])C([H])([H])[H]
 - 72
[H]OC(=O)C([H])(N([H])C(=O)C([H])(N([H])C(O[H])=C(N=C(O[H])C([H])(N([H])[H])C([H])([H])C1=C([H])N([H])C2=C([H])C([H])=C([H])C([H])=C12)C([H])([H])C([H])(C([H])([H])[H])C([H])([H])[H])C([H])([H])C([H])(C([H])([H])[H])C([H])([H])[H])C([H])(C([H])([H])[H])C([H])([H])[H]
 - 72
[H]OC(=O)C([H])(N([H])C(O[H])=C(N=C(O[H])C([H])(N([H])C(=O)C([H])(N([H])[H])C([H])([H])C1=C([H])N([H])C2=C([H])C([H])=C([H])C([H])=C12)C([H])([H])C([H])(C([H])([H])[H])C([H])([H])[H])C([H])([H])C([H])(C([H])([H])[H])C([H])([H])[H])C([H])(C([H])([H])[H])C([H])([H])[H]
 - 72
[H]OC(=O)C([H])(N([H])C(=O)C([H])(N([H])C(=O)C([H])(N([H])C(O[H])=C(N([H])[H])C([H])([H])C1=C([H])N([H])C2=C([H])C([H])=C([H])C([H])=C12)C([H])([H])C([H])(C([H])([H])[H])C([H])([H])[H])C([H])([H])C([H])(C([H])([H])[H])C([H])([H])[H])C([H])(C([H])([H])[H])C([H])([H])[H]
 - 72
[H]OC(=O)C([H])(N([H])C(=O)C([H])(N([H])C(O[H])=C(N([H])C(=O)C([H])(N([H])[H])C([H])([H])C1=C([H])N([H])C2=C([H])C([H])=C([H])C([H])=C12)C([H])([H])C([H])(C([H])([H])[H])C([H])([H])[H])C([H])([H])C([H])(C([H])([H])[H])C([H])([H])[H])C([H])(C([H])([H])[H])C([H])([H])[H]
 - 72
[H]OC(=O)C([H])(N([H])C(O[H])=C(N([H])C(=O)C([H])(N([H])C(=O)C([H])(N([H])[H])C([H])([H])C1=C([H])N([H])C2=C([H])C([H])=C([H])C([H])=C12)C([H])([H])C([H])(C([H])([H])[H])C([H])([H])[H])C([H])([H])C([H])(C([H])([H])[H])C([H])([H])[H])C([H])(C([H])([H])[H])C([H])([H])[H]
 - 72
CC(C)CC(NC(=O)C(N)CC1=c2c(=N[CH]1)cccc2)C(=O)NC(CC(C)C)C(=O)NC(C(C)C)C(=O)O
 - 'NoneType' object has no attribute 'get_contributed_electrons'
[H]OC(=O)C([H])(N([H])C(=O)C([H])(N([H])C(O[H])=C(N([H])C(O[H])=C(N([H])[H])C([H])([H])C1=C([H])N([H])C2=C([H])C([H])=C([H])C([H])=C12)C([H])([H])C([H])(C([H])([H])[H])C([H])([H])[H])C([H])([H])C([H])(C([H])([H])[H])C([H])([H])[H])C([H])(C([H])([H])[H])C([H])([H])[H]
 - 72
[H]OC(=O)C([H])(N([H])C(O[H])=C(N([H])C(=O)C([H])(N([H])C(O[H])=C(N([H])[H])C([H])([H])C1=C([H])N([H])C2=C([H])C([H])=C([H])C([H])=C12)C([H])([H])C([H])(C([H])([H])[H])C([H])([H])[H])C([H])([H])C([H])(C([H])([H])[H])C([H])([H])[H])C([H])(C([H])([H])[H])C([H])([H])[H]
 - 72
[H]OC(=O)C([H])(N([H])C(O[H])=C(N([H])C(O[H])=C(N([H])C(=O)C([H])(N([H])[H])C([H])([H])C1=C([H])N([H])C2=C([H])C([H])=C([H])C([H])=C12)C([H])([H])C([H])(C([H])([H])[H])C([H])([H])[H])C([H])([H])C([H])(C([H])([H])[H])C([H])([H])[H])C([H])(C([H])([H])[H])C([H])([H])[H]
 - 72
[H]OC(O[H])=C(N([H])C(O[H])=C(N([H])C(O[H])=C(N([H])[H])C([H])([H])C1=C([H])C([H])=C(O[H])C([H])=C1[H])C([H])([H])C([H])(C([H])([H])[H])C([H])([H])[H])C([H])(C([H])([H])[H])C([H])([H])[H]
 - 50
[H]OC(O[H])=C(N([H])C(O[H])=C(N=C(O[H])C([H])(N([H])[H])C([H])([H])C1=C([H])C([H])=C(O[H])C([H])=C1[H])C([H])([H])C([H])(C([H])([H])[H])C([H])([H])[H])C([H])(C([H])([H])[H])C([H])([H])[H]
 - 50
[H]OC(O[H])=C(N=C(O[H])C([H])(N([H])C(O[H])=C(N([H])[H])C([H])([H])C1=C([H])C([H])=C(O[H])C([H])=C1[H])C([H])([H])C([H])(C([H])([H])[H])C([H])([H])[H])C([H])(C([H])([H])[H])C([H])([H])[H]
 - 50
[H]OC(O[H])=C(N([H])C(O[H])=C(N([H])C(=O)C([H])(N([H])[H])C([H])([H])C1=C([H])C([H])=C(O[H])C([H])=C1[H])C([H])([H])C([H])(C([H])([H])[H])C([H])([H])[H])C([H])(C([H])([H])[H])C([H])([H])[H]
 - 50
[H]OC(O[H])=C(N([H])C(=O)C([H])(N([H])C(O[H])=C(N([H])[H])C([H])([H])C1=C([H])C([H])=C(O[H])C([H])=C1[H])C([H])([H])C([H])(C([H])([H])[H])C([H])([H])[H])C([H])(C([H])([H])[H])C([H])([H])[H]
 - 50
[H]OC(O[H])=C(N=C(O[H])C([H])(N=C(O[H])C([H])(N([H])[H])C([H])([H])C1=C([H])C([H])=C(O[H])C([H])=C1[H])C([H])([H])C([H])(C([H])([H])[H])C([H])([H])[H])C([H])(C([H])([H])[H])C([H])([H])[H]
 - 50
[H]OC(O[H])=C(N([H])C(=O)C([H])(N=C(O[H])C([H])(N([H])[H])C([H])([H])C1=C([H])C([H])=C(O[H])C([H])=C1[H])C([H])([H])C([H])(C([H])([H])[H])C([H])([H])[H])C([H])(C([H])([H])[H])C([H])([H])[H]
 - 50
[H]OC(O[H])=C(N=C(O[H])C([H])(N([H])C(=O)C([H])(N([H])[H])C([H])([H])C1=C([H])C([H])=C(O[H])C([H])=C1[H])C([H])([H])C([H])(C([H])([H])[H])C([H])([H])[H])C([H])(C([H])([H])[H])C([H])([H])[H]
 - 50
[H]OC(O[H])=C(N([H])C(=O)C([H])(N([H])C(=O)C([H])(N([H])[H])C([H])([H])C1=C([H])C([H])=C(O[H])C([H])=C1[H])C([H])([H])C([H])(C([H])([H])[H])C([H])([H])[H])C([H])(C([H])([H])[H])C([H])([H])[H]
 - 50
[H]OC(N=C(C([H])(O[H])O[H])C([H])(C([H])([H])[H])C([H])([H])[H])=C(N=C(O[H])C([H])(N([H])[H])C([H])([H])C1=C([H])C([H])=C(O[H])C([H])=C1[H])C([H])([H])C([H])(C([H])([H])[H])C([H])([H])[H]
 - 47
[H]OC(N([H])C([H])(C(=O)N=C(C([H])(O[H])O[H])C([H])(C([H])([H])[H])C([H])([H])[H])C([H])([H])C([H])(C([H])([H])[H])C([H])([H])[H])=C(N([H])[H])C([H])([H])C1=C([H])C([H])=C(O[H])C([H])=C1[H]
 - 41
[H]OC(N=C(C([H])(O[H])O[H])C([H])(C([H])([H])[H])C([H])([H])[H])=C(N([H])C(=O)C([H])(N([H])[H])C([H])([H])C1=C([H])C([H])=C(O[H])C([H])=C1[H])C([H])([H])C([H])(C([H])([H])[H])C([H])([H])[H]
 - 47
[H]OC(=NC([H])(C(=O)N=C(C([H])(O[H])O[H])C([H])(C([H])([H])[H])C([H])([H])[H])C([H])([H])C([H])(C([H])([H])[H])C([H])([H])[H])C([H])(N([H])[H])C([H])([H])C1=C([H])C([H])=C(O[H])C([H])=C1[H]
 - 40
[H]OC1=C([H])C([H])=C(C([H])=C1[H])C([H])([H])C([H])(N([H])[H])C(=O)N([H])C([H])(C(=O)N=C(C([H])(O[H])O[H])C([H])(C([H])([H])[H])C([H])([H])[H])C([H])([H])C([H])(C([H])([H])[H])C([H])([H])[H]
 - 47
[H]OC(=O)C([H])(N=C(O[H])C([H])(N=C(O[H])C([H])(N([H])[H])C([H])([H])C1=C([H])C([H])=C(O[H])C([H])=C1[H])C([H])([H])C([H])(C([H])([H])[H])C([H])([H])[H])C([H])(C([H])([H])[H])C([H])([H])[H]
 - 50
[H]OC(=O)C([H])(N([H])C(=O)C([H])(N=C(O[H])C([H])(N([H])[H])C([H])([H])C1=C([H])C([H])=C(O[H])C([H])=C1[H])C([H])([H])C([H])(C([H])([H])[H])C([H])([H])[H])C([H])(C([H])([H])[H])C([H])([H])[H]
 - 50
[H]OC(=O)C([H])(N=C(O[H])C([H])(N([H])C(=O)C([H])(N([H])[H])C([H])([H])C1=C([H])C([H])=C(O[H])C([H])=C1[H])C([H])([H])C([H])(C([H])([H])[H])C([H])([H])[H])C([H])(C([H])([H])[H])C([H])([H])[H]
 - 50
[H]OC(=O)C([H])(N([H])C(=O)C([H])(N([H])C(=O)C([H])(N([H])[H])C([H])([H])C1=C([H])C([H])=C(O[H])C([H])=C1[H])C([H])([H])C([H])(C([H])([H])[H])C([H])([H])[H])C([H])(C([H])([H])[H])C([H])([H])[H]
 - 50
[H]OC(=O)C(=NC([H])(O[H])C([H])(N=C(O[H])C([H])(N([H])[H])C([H])([H])C1=C([H])C([H])=C(O[H])C([H])=C1[H])C([H])([H])C([H])(C([H])([H])[H])C([H])([H])[H])C([H])(C([H])([H])[H])C([H])([H])[H]
 - 50
[H]OC(=O)C(=NC([H])(O[H])C([H])(N([H])C(=O)C([H])(N([H])[H])C([H])([H])C1=C([H])C([H])=C(O[H])C([H])=C1[H])C([H])([H])C([H])(C([H])([H])[H])C([H])([H])[H])C([H])(C([H])([H])[H])C([H])([H])[H]
 - 50
[H]OC(N([H])C([H])(C(O[H])=NC([H])(C(=O)O[H])C([H])(C([H])([H])[H])C([H])([H])[H])C([H])([H])C([H])(C([H])([H])[H])C([H])([H])[H])=C(N([H])[H])C([H])([H])C1=C([H])C([H])=C(O[H])C([H])=C1[H]
 - 41
[H]OC(N([H])C([H])(C(=O)O[H])C([H])(C([H])([H])[H])C([H])([H])[H])=C(N=C(O[H])C([H])(N([H])[H])C([H])([H])C1=C([H])C([H])=C(O[H])C([H])=C1[H])C([H])([H])C([H])(C([H])([H])[H])C([H])([H])[H]
 - 47
[H]OC(N([H])C([H])(C(=O)N([H])C([H])(C(=O)O[H])C([H])(C([H])([H])[H])C([H])([H])[H])C([H])([H])C([H])(C([H])([H])[H])C([H])([H])[H])=C(N([H])[H])C([H])([H])C1=C([H])C([H])=C(O[H])C([H])=C1[H]
 - 41
[H]OC(N([H])C([H])(C(=O)O[H])C([H])(C([H])([H])[H])C([H])([H])[H])=C(N([H])C(=O)C([H])(N([H])[H])C([H])([H])C1=C([H])C([H])=C(O[H])C([H])=C1[H])C([H])([H])C([H])(C([H])([H])[H])C([H])([H])[H]
 - 47
[H]OC(=O)C(=NC([H])(O[H])C([H])(N([H])C(O[H])=C(N([H])[H])C([H])([H])C1=C([H])C([H])=C(O[H])C([H])=C1[H])C([H])([H])C([H])(C([H])([H])[H])C([H])([H])[H])C([H])(C([H])([H])[H])C([H])([H])[H]
 - 50
[H]OC(N([H])C(=C(O[H])N([H])C([H])(C(=O)O[H])C([H])(C([H])([H])[H])C([H])([H])[H])C([H])([H])C([H])(C([H])([H])[H])C([H])([H])[H])=C(N([H])[H])C([H])([H])C1=C([H])C([H])=C(O[H])C([H])=C1[H]
 - 41
[H]N(\\C(=N/C#N)N([H])S(=O)(=O)C1=C(N([H])C2([H])C([H])([H])C2([H])[H])C([H])=C([H])N=C1[H])C([H])(C([H])([H])[H])C([H])([H])[H]
 - 2 bonds in a row
[H]N(C1=C([H])C(Br)=C([H])C([H])=C1[H])C1=C(C([H])=NC([H])=C1[H])S(=O)(=O)N([H])C(=N\\C#N)\\N([H])C([H])(C([H])([H])[H])C([H])([H])[H]
 - 2 bonds in a row
[H]N(C1=C([H])C(I)=C([H])C([H])=C1[H])C1=C(C([H])=NC([H])=C1[H])S(=O)(=O)N([H])C(=N\\C#N)\\N([H])C([H])(C([H])([H])[H])C([H])([H])[H]
 - 2 bonds in a row
[H]N(\\C(=N/C#N)N([H])S(=O)(=O)C1=C(N([H])C2=C(C([H])=C([H])C([H])=C2[H])C([H])([H])[H])C([H])=C([H])N=C1[H])C([H])(C([H])([H])[H])C([H])([H])[H]
 - 2 bonds in a row
[H]OC([H])(C([H])([H])OC1=C([H])C([H])=C(C([H])=C1[H])C([H])([H])C1=NC(Br)=C([H])N1[H])C([H])([H])N([H])C([H])(C([H])([H])[H])C([H])([H])[H]
 - 30
CC(C)NCC(O)COc1ccc(Cc2[nH]cc(Br)[n]2)cc1
 - This structure cannot be kekulised!
[H]OC([H])(C([H])([H])OC1=C([H])C([H])=C(C([H])=C1[H])C([H])([H])C1=NC([H])=C(Br)N1[H])C([H])([H])N([H])C([H])(C([H])([H])[H])C([H])([H])[H]
 - 30
[H]OC1=NC(=NC(=N1)N([H])[H])N([H])C([H])(C([H])([H])[H])C([H])([H])[H]
 - 13
[H]N=C1N([H])C(=O)N([H])C(=NC([H])(C([H])([H])[H])C([H])([H])[H])N1[H]
 - 22
[H]N([H])C1=NC(=O)N([H])C(=NC([H])(C([H])([H])[H])C([H])([H])[H])N1[H]
 - 22
[H]N([H])C1=NC(=NC([H])(C([H])([H])[H])C([H])([H])[H])N([H])C(=O)N1[H]
 - 22
[H]OC1=NC(=N[H])N([H])C(=NC([H])(C([H])([H])[H])C([H])([H])[H])N1[H]
 - 22
[H]OC1=NC(=NC([H])(C([H])([H])[H])C([H])([H])[H])N([H])C(=N[H])N1[H]
 - 22
[H]OC1=NC(=NC(=NC([H])(C([H])([H])[H])C([H])([H])[H])N1[H])N([H])[H]
 - 19
[H]OC1=NC(=NC([H])(C([H])([H])[H])C([H])([H])[H])N([H])C(=N1)N([H])[H]
 - 20
[H]OC1=NC(=NC([H])(C([H])([H])[H])C([H])([H])[H])N=C(N([H])[H])N1[H]
 - 22
[H]N=C1N=C(N([H])C([H])(C([H])([H])[H])C([H])([H])[H])N([H])C(=O)N1[H]
 - 22
[H]N=C1N([H])C(=O)N=C(N([H])C([H])(C([H])([H])[H])C([H])([H])[H])N1[H]
 - 22
[H]N([H])C1=NC(=O)N=C(N([H])C([H])(C([H])([H])[H])C([H])([H])[H])N1[H]
 - 22
[H]N([H])C1=NC(=O)N([H])C(=N1)N([H])C([H])(C([H])([H])[H])C([H])([H])[H]
 - 13
[H]N([H])C1=NC(=NC(=O)N1[H])N([H])C([H])(C([H])([H])[H])C([H])([H])[H]
 - 13
[H]OC1=NC(=NC(=N[H])N1[H])N([H])C([H])(C([H])([H])[H])C([H])([H])[H]
 - 13
[H]OC1=NC(=N[H])N=C(N([H])C([H])(C([H])([H])[H])C([H])([H])[H])N1[H]
 - 22
[H]OC1=NC(=N[H])N([H])C(=N1)N([H])C([H])(C([H])([H])[H])C([H])([H])[H]
 - 13
[H]OC1=C([H])OC(=C([H])C1=O)C([H])([H])SC([H])(C([H])([H])[H])C([H])([H])[H]
 - 14
[H]OC(=C([H])C(=O)N([H])C1=C(C([H])=C([H])C([H])=C1C([H])(C([H])([H])[H])C([H])([H])[H])C([H])(C([H])([H])[H])C([H])([H])[H])C1(C2=C([H])C([H])=C([H])C([H])=C2[H])C([H])([H])C([H])([H])C([H])([H])C1([H])[H]
 - 39
[H]OC(=C=C(O[H])C1(C2=C([H])C([H])=C([H])C([H])=C2[H])C([H])([H])C([H])([H])C([H])([H])C1([H])[H])N([H])C1=C(C([H])=C([H])C([H])=C1C([H])(C([H])([H])[H])C([H])([H])[H])C([H])(C([H])([H])[H])C([H])([H])[H]
 - 32
[H]OC(=NC1=C(C([H])=C([H])C([H])=C1C([H])(C([H])([H])[H])C([H])([H])[H])C([H])(C([H])([H])[H])C([H])([H])[H])C([H])=C(O[H])C1(C2=C([H])C([H])=C([H])C([H])=C2[H])C([H])([H])C([H])([H])C([H])([H])C1([H])[H]
 - 34
[H]OC(N([H])C1=C(C([H])=C([H])C([H])=C1C([H])(C([H])([H])[H])C([H])([H])[H])C([H])(C([H])([H])[H])C([H])([H])[H])=C([H])C(=O)C1(C2=C([H])C([H])=C([H])C([H])=C2[H])C([H])([H])C([H])([H])C([H])([H])C1([H])[H]
 - 35
[H]N(C(=O)C([H])([H])C(=O)C1(C2=C([H])C([H])=C([H])C([H])=C2[H])C([H])([H])C([H])([H])C([H])([H])C1([H])[H])C1=C(C([H])=C([H])C([H])=C1C([H])(C([H])([H])[H])C([H])([H])[H])C([H])(C([H])([H])[H])C([H])([H])[H]
 - 34
[H]OC(=NC1=C(C([H])=C([H])C([H])=C1C([H])(C([H])([H])[H])C([H])([H])[H])C([H])(C([H])([H])[H])C([H])([H])[H])C([H])([H])C(=O)C1(C2=C([H])C([H])=C([H])C([H])=C2[H])C([H])([H])C([H])([H])C([H])([H])C1([H])[H]
 - 34
[H]OC(=NC([H])([H])C([H])([H])C([H])([H])N1C(=C([H])C(C([H])=C1C([H])([H])[H])=C1C(=O)C2=C([H])C([H])=C([H])C([H])=C2C1=O)C([H])([H])[H])N(N=O)C([H])([H])C([H])([H])Cl
 - 45
[H]N(C(=O)N(N=O)C([H])([H])C([H])([H])Cl)C([H])([H])C([H])([H])C([H])([H])N1C(=C([H])C(C([H])=C1C([H])([H])[H])=C1C(=O)C2=C([H])C([H])=C([H])C([H])=C2C1=O)C([H])([H])[H]
 - 51
[H]OC(=C([H])C([H])([H])[H])N(C1=C([H])C([H])=C([H])C([H])=C1[H])C1(C(=O)OC([H])([H])[H])C([H])([H])C([H])([H])N(C([H])([H])C([H])([H])C([H])([H])C([H])([H])C([H])([H])F)C([H])([H])C1([H])[H]
 - 30
[H]C1=C([H])C([H])=C(C([H])=C1[H])N(C(=O)C([H])([H])C([H])([H])[H])C1(C(=O)OC([H])([H])[H])C([H])([H])C([H])([H])N(C([H])([H])C([H])([H])C([H])([H])C([H])([H])C([H])([H])F)C([H])([H])C1([H])[H]
 - 30
[H]OC(=C([H])C([H])([H])[H])N(C1=C([H])C([H])=C([H])C([H])=C1[H])C1(C(=O)OC([H])([H])F)C([H])([H])C([H])([H])N(C([H])([H])C([H])([H])C2=C([H])C([H])=C([H])C([H])=C2[H])C([H])([H])C1([H])[H]
 - 57
[H]C1=C([H])C([H])=C(C([H])=C1[H])N(C(=O)C([H])([H])C([H])([H])[H])C1(C(=O)OC([H])([H])F)C([H])([H])C([H])([H])N(C([H])([H])C([H])([H])C2=C([H])C([H])=C([H])C([H])=C2[H])C([H])([H])C1([H])[H]
 - 57
[H]OC(O[H])=C(N=C(O[H])C([H])([H])N([H])C(=O)C1([H])N(C(O[H])=C(N([H])[H])C([H])(C([H])([H])[H])C([H])([H])C([H])([H])[H])C([H])([H])C([H])([H])C1([H])[H])C([H])(C([H])([H])[H])C([H])([H])C([H])([H])[H]
 - 50
[H]OC(O[H])=C(N([H])C(O[H])=C([H])N([H])C(=O)C1([H])N(C(O[H])=C(N([H])[H])C([H])(C([H])([H])[H])C([H])([H])C([H])([H])[H])C([H])([H])C([H])([H])C1([H])[H])C([H])(C([H])([H])[H])C([H])([H])C([H])([H])[H]
 - 50
[H]OC(O[H])=C(N([H])C(=O)C([H])([H])N([H])C(=O)C1([H])N(C(O[H])=C(N([H])[H])C([H])(C([H])([H])[H])C([H])([H])C([H])([H])[H])C([H])([H])C([H])([H])C1([H])[H])C([H])(C([H])([H])[H])C([H])([H])C([H])([H])[H]
 - 50
[H]OC(O[H])=C(N=C(O[H])C([H])([H])N([H])C(O[H])=C1N(C(=O)C([H])(N([H])[H])C([H])(C([H])([H])[H])C([H])([H])C([H])([H])[H])C([H])([H])C([H])([H])C1([H])[H])C([H])(C([H])([H])[H])C([H])([H])C([H])([H])[H]
 - 50
[H]OC(O[H])=C(N([H])C(O[H])=C([H])N([H])C(O[H])=C1N(C(=O)C([H])(N([H])[H])C([H])(C([H])([H])[H])C([H])([H])C([H])([H])[H])C([H])([H])C([H])([H])C1([H])[H])C([H])(C([H])([H])[H])C([H])([H])C([H])([H])[H]
 - 50
[H]OC(O[H])=C(N([H])C(=O)C([H])([H])N([H])C(O[H])=C1N(C(=O)C([H])(N([H])[H])C([H])(C([H])([H])[H])C([H])([H])C([H])([H])[H])C([H])([H])C([H])([H])C1([H])[H])C([H])(C([H])([H])[H])C([H])([H])C([H])([H])[H]
 - 50
[H]OC(O[H])=C(N=C(O[H])C([H])([H])N=C(O[H])C1([H])N(C(=O)C([H])(N([H])[H])C([H])(C([H])([H])[H])C([H])([H])C([H])([H])[H])C([H])([H])C([H])([H])C1([H])[H])C([H])(C([H])([H])[H])C([H])([H])C([H])([H])[H]
 - 50
[H]OC(O[H])=C(N([H])C(O[H])=C([H])N=C(O[H])C1([H])N(C(=O)C([H])(N([H])[H])C([H])(C([H])([H])[H])C([H])([H])C([H])([H])[H])C([H])([H])C([H])([H])C1([H])[H])C([H])(C([H])([H])[H])C([H])([H])C([H])([H])[H]
 - 50
[H]OC(O[H])=C(N([H])C(=O)C([H])([H])N=C(O[H])C1([H])N(C(=O)C([H])(N([H])[H])C([H])(C([H])([H])[H])C([H])([H])C([H])([H])[H])C([H])([H])C([H])([H])C1([H])[H])C([H])(C([H])([H])[H])C([H])([H])C([H])([H])[H]
 - 50
[H]OC(O[H])=C(N=C(O[H])C([H])([H])N([H])C(=O)C1([H])N(C(=O)C([H])(N([H])[H])C([H])(C([H])([H])[H])C([H])([H])C([H])([H])[H])C([H])([H])C([H])([H])C1([H])[H])C([H])(C([H])([H])[H])C([H])([H])C([H])([H])[H]
 - 50
[H]OC(O[H])=C(N([H])C(O[H])=C([H])N([H])C(=O)C1([H])N(C(=O)C([H])(N([H])[H])C([H])(C([H])([H])[H])C([H])([H])C([H])([H])[H])C([H])([H])C([H])([H])C1([H])[H])C([H])(C([H])([H])[H])C([H])([H])C([H])([H])[H]
 - 50
[H]OC(O[H])=C(N([H])C(=O)C([H])([H])N([H])C(=O)C1([H])N(C(=O)C([H])(N([H])[H])C([H])(C([H])([H])[H])C([H])([H])C([H])([H])[H])C([H])([H])C([H])([H])C1([H])[H])C([H])(C([H])([H])[H])C([H])([H])C([H])([H])[H]
 - 50
[H]OC(=O)C([H])(N=C(O[H])C([H])([H])N=C(O[H])C1([H])N(C(=O)C([H])(N([H])[H])C([H])(C([H])([H])[H])C([H])([H])C([H])([H])[H])C([H])([H])C([H])([H])C1([H])[H])C([H])(C([H])([H])[H])C([H])([H])C([H])([H])[H]
 - 50
[H]OC(=O)C([H])(N([H])C(=O)C([H])([H])N=C(O[H])C1([H])N(C(O[H])=C(N([H])[H])C([H])(C([H])([H])[H])C([H])([H])C([H])([H])[H])C([H])([H])C([H])([H])C1([H])[H])C([H])(C([H])([H])[H])C([H])([H])C([H])([H])[H]
 - 50
[H]OC(=O)C([H])(N=C(O[H])C([H])([H])N([H])C(=O)C1([H])N(C(O[H])=C(N([H])[H])C([H])(C([H])([H])[H])C([H])([H])C([H])([H])[H])C([H])([H])C([H])([H])C1([H])[H])C([H])(C([H])([H])[H])C([H])([H])C([H])([H])[H]
 - 50
[H]OC(=O)C([H])(N=C(O[H])C([H])([H])N([H])C(=O)C1([H])N(C(=O)C([H])(N([H])[H])C([H])(C([H])([H])[H])C([H])([H])C([H])([H])[H])C([H])([H])C([H])([H])C1([H])[H])C([H])(C([H])([H])[H])C([H])([H])C([H])([H])[H]
 - 50
[H]OC(=O)C([H])(N([H])C(=O)C([H])([H])N=C(O[H])C1([H])N(C(=O)C([H])(N([H])[H])C([H])(C([H])([H])[H])C([H])([H])C([H])([H])[H])C([H])([H])C([H])([H])C1([H])[H])C([H])(C([H])([H])[H])C([H])([H])C([H])([H])[H]
 - 50
[H]OC(N1C([H])([H])C([H])([H])C([H])([H])C1([H])C(=O)N([H])C([H])([H])C(=O)N([H])C([H])(C(=O)O[H])C([H])(C([H])([H])[H])C([H])([H])C([H])([H])[H])=C(N([H])[H])C([H])(C([H])([H])[H])C([H])([H])C([H])([H])[H]
 - 46
[H]OC(=O)C([H])(N([H])C(=O)C([H])([H])N([H])C(=O)C1([H])N(C(=O)C([H])(N([H])[H])C([H])(C([H])([H])[H])C([H])([H])C([H])([H])[H])C([H])([H])C([H])([H])C1([H])[H])C([H])(C([H])([H])[H])C([H])([H])C([H])([H])[H]
 - 50
[H]OC(=O)C([H])(N=C(O[H])C([H])([H])N([H])C(O[H])=C1N(C(=O)C([H])(N([H])[H])C([H])(C([H])([H])[H])C([H])([H])C([H])([H])[H])C([H])([H])C([H])([H])C1([H])[H])C([H])(C([H])([H])[H])C([H])([H])C([H])([H])[H]
 - 50
[H]OC(N1C(=C(O[H])N([H])C([H])([H])C(=O)N([H])C([H])(C(=O)O[H])C([H])(C([H])([H])[H])C([H])([H])C([H])([H])[H])C([H])([H])C([H])([H])C1([H])[H])=C(N([H])[H])C([H])(C([H])([H])[H])C([H])([H])C([H])([H])[H]
 - 46
[H]OC(N([H])C([H])([H])C(=O)N([H])C([H])(C(=O)O[H])C([H])(C([H])([H])[H])C([H])([H])C([H])([H])[H])=C1N(C(=O)C([H])(N([H])[H])C([H])(C([H])([H])[H])C([H])([H])C([H])([H])[H])C([H])([H])C([H])([H])C1([H])[H]
 - 32
[H]OC(N([H])C([H])(C(=O)O[H])C([H])(C([H])([H])[H])C([H])([H])C([H])([H])[H])=C([H])N=C(O[H])C1([H])N(C(=O)C([H])(N([H])[H])C([H])(C([H])([H])[H])C([H])([H])C([H])([H])[H])C([H])([H])C([H])([H])C1([H])[H]
 - 29
[H]OC(N([H])C([H])(C(=O)O[H])C([H])(C([H])([H])[H])C([H])([H])C([H])([H])[H])=C([H])N([H])C(=O)C1([H])N(C(O[H])=C(N([H])[H])C([H])(C([H])([H])[H])C([H])([H])C([H])([H])[H])C([H])([H])C([H])([H])C1([H])[H]
 - 29
[H]OC(N([H])C([H])(C(=O)O[H])C([H])(C([H])([H])[H])C([H])([H])C([H])([H])[H])=C([H])N([H])C(=O)C1([H])N(C(=O)C([H])(N([H])[H])C([H])(C([H])([H])[H])C([H])([H])C([H])([H])[H])C([H])([H])C([H])([H])C1([H])[H]
 - 29
[H]OC(N([H])C([H])(C(=O)O[H])C([H])(C([H])([H])[H])C([H])([H])C([H])([H])[H])=C([H])N([H])C(O[H])=C1N(C(=O)C([H])(N([H])[H])C([H])(C([H])([H])[H])C([H])([H])C([H])([H])[H])C([H])([H])C([H])([H])C1([H])[H]
 - 29
[H]OC(O[H])=C(N([H])C(O[H])=C(N([H])C(O[H])=C(N([H])[H])C([H])(C([H])([H])[H])C([H])([H])C([H])([H])[H])C([H])(C([H])([H])[H])C([H])([H])C([H])([H])[H])C([H])(O[H])C([H])([H])[H]
 - 48
[H]OC(O[H])=C(N([H])C(O[H])=C(N=C(O[H])C([H])(N([H])[H])C([H])(C([H])([H])[H])C([H])([H])C([H])([H])[H])C([H])(C([H])([H])[H])C([H])([H])C([H])([H])[H])C([H])(O[H])C([H])([H])[H]
 - 48
[H]OC(O[H])=C(N=C(O[H])C([H])(N([H])C(O[H])=C(N([H])[H])C([H])(C([H])([H])[H])C([H])([H])C([H])([H])[H])C([H])(C([H])([H])[H])C([H])([H])C([H])([H])[H])C([H])(O[H])C([H])([H])[H]
 - 48
[H]OC(O[H])=C(N([H])C(O[H])=C(N([H])C(=O)C([H])(N([H])[H])C([H])(C([H])([H])[H])C([H])([H])C([H])([H])[H])C([H])(C([H])([H])[H])C([H])([H])C([H])([H])[H])C([H])(O[H])C([H])([H])[H]
 - 48
[H]OC(O[H])=C(N([H])C(=O)C([H])(N([H])C(O[H])=C(N([H])[H])C([H])(C([H])([H])[H])C([H])([H])C([H])([H])[H])C([H])(C([H])([H])[H])C([H])([H])C([H])([H])[H])C([H])(O[H])C([H])([H])[H]
 - 48
[H]OC(O[H])=C(N=C(O[H])C([H])(N=C(O[H])C([H])(N([H])[H])C([H])(C([H])([H])[H])C([H])([H])C([H])([H])[H])C([H])(C([H])([H])[H])C([H])([H])C([H])([H])[H])C([H])(O[H])C([H])([H])[H]
 - 48
[H]OC(O[H])=C(N([H])C(=O)C([H])(N=C(O[H])C([H])(N([H])[H])C([H])(C([H])([H])[H])C([H])([H])C([H])([H])[H])C([H])(C([H])([H])[H])C([H])([H])C([H])([H])[H])C([H])(O[H])C([H])([H])[H]
 - 48
[H]OC(O[H])=C(N=C(O[H])C([H])(N([H])C(=O)C([H])(N([H])[H])C([H])(C([H])([H])[H])C([H])([H])C([H])([H])[H])C([H])(C([H])([H])[H])C([H])([H])C([H])([H])[H])C([H])(O[H])C([H])([H])[H]
 - 48
[H]OC(O[H])=C(N([H])C(=O)C([H])(N([H])C(=O)C([H])(N([H])[H])C([H])(C([H])([H])[H])C([H])([H])C([H])([H])[H])C([H])(C([H])([H])[H])C([H])([H])C([H])([H])[H])C([H])(O[H])C([H])([H])[H]
 - 48
[H]OC(N=C(C([H])(O[H])O[H])C([H])(O[H])C([H])([H])[H])=C(N=C(O[H])C([H])(N([H])[H])C([H])(C([H])([H])[H])C([H])([H])C([H])([H])[H])C([H])(C([H])([H])[H])C([H])([H])C([H])([H])[H]
 - 43
[H]OC(N([H])C([H])(C(=O)N=C(C([H])(O[H])O[H])C([H])(O[H])C([H])([H])[H])C([H])(C([H])([H])[H])C([H])([H])C([H])([H])[H])=C(N([H])[H])C([H])(C([H])([H])[H])C([H])([H])C([H])([H])[H]
 - 39
[H]OC(N=C(C([H])(O[H])O[H])C([H])(O[H])C([H])([H])[H])=C(N([H])C(=O)C([H])(N([H])[H])C([H])(C([H])([H])[H])C([H])([H])C([H])([H])[H])C([H])(C([H])([H])[H])C([H])([H])C([H])([H])[H]
 - 43
[H]OC(=NC([H])(C(=O)N=C(C([H])(O[H])O[H])C([H])(O[H])C([H])([H])[H])C([H])(C([H])([H])[H])C([H])([H])C([H])([H])[H])C([H])(N([H])[H])C([H])(C([H])([H])[H])C([H])([H])C([H])([H])[H]
 - 38
[H]OC([H])(O[H])C(=NC(=O)C([H])(N([H])C(=O)C([H])(N([H])[H])C([H])(C([H])([H])[H])C([H])([H])C([H])([H])[H])C([H])(C([H])([H])[H])C([H])([H])C([H])([H])[H])C([H])(O[H])C([H])([H])[H]
 - 48
[H]OC(=O)C([H])(N=C(O[H])C([H])(N=C(O[H])C([H])(N([H])[H])C([H])(C([H])([H])[H])C([H])([H])C([H])([H])[H])C([H])(C([H])([H])[H])C([H])([H])C([H])([H])[H])C([H])(O[H])C([H])([H])[H]
 - 48
[H]OC(=O)C([H])(N([H])C(=O)C([H])(N=C(O[H])C([H])(N([H])[H])C([H])(C([H])([H])[H])C([H])([H])C([H])([H])[H])C([H])(C([H])([H])[H])C([H])([H])C([H])([H])[H])C([H])(O[H])C([H])([H])[H]
 - 48
[H]OC(=O)C([H])(N=C(O[H])C([H])(N([H])C(=O)C([H])(N([H])[H])C([H])(C([H])([H])[H])C([H])([H])C([H])([H])[H])C([H])(C([H])([H])[H])C([H])([H])C([H])([H])[H])C([H])(O[H])C([H])([H])[H]
 - 48
[H]OC(=O)C([H])(N([H])C(=O)C([H])(N([H])C(=O)C([H])(N([H])[H])C([H])(C([H])([H])[H])C([H])([H])C([H])([H])[H])C([H])(C([H])([H])[H])C([H])([H])C([H])([H])[H])C([H])(O[H])C([H])([H])[H]
 - 48
[H]OC(=O)C(=NC([H])(O[H])C([H])(N=C(O[H])C([H])(N([H])[H])C([H])(C([H])([H])[H])C([H])([H])C([H])([H])[H])C([H])(C([H])([H])[H])C([H])([H])C([H])([H])[H])C([H])(O[H])C([H])([H])[H]
 - 48
[H]OC(=O)C(=NC([H])(O[H])C([H])(N([H])C(=O)C([H])(N([H])[H])C([H])(C([H])([H])[H])C([H])([H])C([H])([H])[H])C([H])(C([H])([H])[H])C([H])([H])C([H])([H])[H])C([H])(O[H])C([H])([H])[H]
 - 48
[H]OC(=O)C([H])(N=C(O[H])C([H])(N([H])C(O[H])=C(N([H])[H])C([H])(C([H])([H])[H])C([H])([H])C([H])([H])[H])C([H])(C([H])([H])[H])C([H])([H])C([H])([H])[H])C([H])(O[H])C([H])([H])[H]
 - 48
[H]OC(=O)C([H])(N([H])C(O[H])=C(N=C(O[H])C([H])(N([H])[H])C([H])(C([H])([H])[H])C([H])([H])C([H])([H])[H])C([H])(C([H])([H])[H])C([H])([H])C([H])([H])[H])C([H])(O[H])C([H])([H])[H]
 - 48
[H]OC(N([H])C([H])(C(=O)N([H])C([H])(C(=O)O[H])C([H])(O[H])C([H])([H])[H])C([H])(C([H])([H])[H])C([H])([H])C([H])([H])[H])=C(N([H])[H])C([H])(C([H])([H])[H])C([H])([H])C([H])([H])[H]
 - 39
[H]OC(N([H])C([H])(C(=O)O[H])C([H])(O[H])C([H])([H])[H])=C(N([H])C(=O)C([H])(N([H])[H])C([H])(C([H])([H])[H])C([H])([H])C([H])([H])[H])C([H])(C([H])([H])[H])C([H])([H])C([H])([H])[H]
 - 43
[H]OC(=O)C(=NC([H])(O[H])C([H])(N([H])C(O[H])=C(N([H])[H])C([H])(C([H])([H])[H])C([H])([H])C([H])([H])[H])C([H])(C([H])([H])[H])C([H])([H])C([H])([H])[H])C([H])(O[H])C([H])([H])[H]
 - 48
[H]OC(N([H])C(=C(O[H])N([H])C([H])(C(=O)O[H])C([H])(O[H])C([H])([H])[H])C([H])(C([H])([H])[H])C([H])([H])C([H])([H])[H])=C(N([H])[H])C([H])(C([H])([H])[H])C([H])([H])C([H])([H])[H]
 - 39
[H]OC(O[H])=C(N([H])C(=O)C([H])(N([H])C(O[H])=C(N([H])C(=O)C([H])(N([H])[H])C([H])(C([H])([H])[H])C([H])([H])C([H])([H])[H])C([H])([H])[H])C([H])([H])[H])C([H])(C([H])([H])[H])C([H])([H])C([H])([H])[H]
 - 49
[H]OC(O[H])=C(N([H])C(O[H])=C(N([H])C(=O)C([H])(N([H])C(=O)C([H])(N([H])[H])C([H])(C([H])([H])[H])C([H])([H])C([H])([H])[H])C([H])([H])[H])C([H])([H])[H])C([H])(C([H])([H])[H])C([H])([H])C([H])([H])[H]
 - 49
[H]OC(O[H])=C(N([H])C(=O)C([H])(N([H])C(=O)C([H])(N([H])C(O[H])=C(N([H])[H])C([H])(C([H])([H])[H])C([H])([H])C([H])([H])[H])C([H])([H])[H])C([H])([H])[H])C([H])(C([H])([H])[H])C([H])([H])C([H])([H])[H]
 - 49
[H]OC(O[H])=C(N([H])C(=O)C([H])(N([H])C(=O)C([H])(N=C(O[H])C([H])(N([H])[H])C([H])(C([H])([H])[H])C([H])([H])C([H])([H])[H])C([H])([H])[H])C([H])([H])[H])C([H])(C([H])([H])[H])C([H])([H])C([H])([H])[H]
 - 49
[H]OC(O[H])=C(N([H])C(=O)C([H])(N=C(O[H])C([H])(N([H])C(=O)C([H])(N([H])[H])C([H])(C([H])([H])[H])C([H])([H])C([H])([H])[H])C([H])([H])[H])C([H])([H])[H])C([H])(C([H])([H])[H])C([H])([H])C([H])([H])[H]
 - 49
[H]OC(O[H])=C(N=C(O[H])C([H])(N([H])C(=O)C([H])(N([H])C(=O)C([H])(N([H])[H])C([H])(C([H])([H])[H])C([H])([H])C([H])([H])[H])C([H])([H])[H])C([H])([H])[H])C([H])(C([H])([H])[H])C([H])([H])C([H])([H])[H]
 - 49
CCC(C)C(N)C(=O)NC(C)C(=O)NC(C)C(O)=NC(C(C)CC)=C(O)O
 - Processing took more than 5 seconds
[H]OC(O[H])=C(N([H])C(=O)C([H])(N([H])C(=O)C([H])(N([H])C(=O)C([H])(N([H])[H])C([H])(C([H])([H])[H])C([H])([H])C([H])([H])[H])C([H])([H])[H])C([H])([H])[H])C([H])(C([H])([H])[H])C([H])([H])C([H])([H])[H]
 - 49
[H]OC(=O)C([H])(N=C(O[H])C([H])(N([H])C(=O)C([H])(N=C(O[H])C([H])(N([H])[H])C([H])(C([H])([H])[H])C([H])([H])C([H])([H])[H])C([H])([H])[H])C([H])([H])[H])C([H])(C([H])([H])[H])C([H])([H])C([H])([H])[H]
 - 49
[H]OC(=O)C([H])(N([H])C(=O)C([H])(N=C(O[H])C([H])(N=C(O[H])C([H])(N([H])[H])C([H])(C([H])([H])[H])C([H])([H])C([H])([H])[H])C([H])([H])[H])C([H])([H])[H])C([H])(C([H])([H])[H])C([H])([H])C([H])([H])[H]
 - 49
[H]OC(=O)C([H])(N=C(O[H])C([H])(N=C(O[H])C([H])(N([H])C(=O)C([H])(N([H])[H])C([H])(C([H])([H])[H])C([H])([H])C([H])([H])[H])C([H])([H])[H])C([H])([H])[H])C([H])(C([H])([H])[H])C([H])([H])C([H])([H])[H]
 - 49
[H]OC(=O)C([H])(N([H])C(=O)C([H])(N([H])C(=O)C([H])(N=C(O[H])C([H])(N([H])[H])C([H])(C([H])([H])[H])C([H])([H])C([H])([H])[H])C([H])([H])[H])C([H])([H])[H])C([H])(C([H])([H])[H])C([H])([H])C([H])([H])[H]
 - 49
[H]OC(=O)C([H])(N=C(O[H])C([H])(N([H])C(=O)C([H])(N([H])C(=O)C([H])(N([H])[H])C([H])(C([H])([H])[H])C([H])([H])C([H])([H])[H])C([H])([H])[H])C([H])([H])[H])C([H])(C([H])([H])[H])C([H])([H])C([H])([H])[H]
 - 49
[H]OC(=O)C([H])(N([H])C(=O)C([H])(N=C(O[H])C([H])(N([H])C(=O)C([H])(N([H])[H])C([H])(C([H])([H])[H])C([H])([H])C([H])([H])[H])C([H])([H])[H])C([H])([H])[H])C([H])(C([H])([H])[H])C([H])([H])C([H])([H])[H]
 - 49
[H]OC(=O)C([H])(N([H])C(=O)C([H])(N([H])C(=O)C([H])(N([H])C(=O)C([H])(N([H])[H])C([H])(C([H])([H])[H])C([H])([H])C([H])([H])[H])C([H])([H])[H])C([H])([H])[H])C([H])(C([H])([H])[H])C([H])([H])C([H])([H])[H]
 - 49
[H]OC(=O)C([H])(N=C(O[H])C([H])(N([H])C(=O)C([H])(N([H])C(O[H])=C(N([H])[H])C([H])(C([H])([H])[H])C([H])([H])C([H])([H])[H])C([H])([H])[H])C([H])([H])[H])C([H])(C([H])([H])[H])C([H])([H])C([H])([H])[H]
 - 49
[H]OC(=O)C([H])(N([H])C(=O)C([H])(N=C(O[H])C([H])(N([H])C(O[H])=C(N([H])[H])C([H])(C([H])([H])[H])C([H])([H])C([H])([H])[H])C([H])([H])[H])C([H])([H])[H])C([H])(C([H])([H])[H])C([H])([H])C([H])([H])[H]
 - 49
[H]OC(=O)C([H])(N=C(O[H])C([H])(N([H])C(O[H])=C(N([H])C(=O)C([H])(N([H])[H])C([H])(C([H])([H])[H])C([H])([H])C([H])([H])[H])C([H])([H])[H])C([H])([H])[H])C([H])(C([H])([H])[H])C([H])([H])C([H])([H])[H]
 - 49
[H]OC(=O)C([H])(N([H])C(O[H])=C(N([H])C(=O)C([H])(N=C(O[H])C([H])(N([H])[H])C([H])(C([H])([H])[H])C([H])([H])C([H])([H])[H])C([H])([H])[H])C([H])([H])[H])C([H])(C([H])([H])[H])C([H])([H])C([H])([H])[H]
 - 49
[H]OC(=O)C([H])(N([H])C(O[H])=C(N=C(O[H])C([H])(N([H])C(=O)C([H])(N([H])[H])C([H])(C([H])([H])[H])C([H])([H])C([H])([H])[H])C([H])([H])[H])C([H])([H])[H])C([H])(C([H])([H])[H])C([H])([H])C([H])([H])[H]
 - 49
[H]OC(=O)C([H])(N([H])C(=O)C([H])(N([H])C(O[H])=C(N=C(O[H])C([H])(N([H])[H])C([H])(C([H])([H])[H])C([H])([H])C([H])([H])[H])C([H])([H])[H])C([H])([H])[H])C([H])(C([H])([H])[H])C([H])([H])C([H])([H])[H]
 - 49
[H]OC(N([H])C([H])(C(=O)N([H])C([H])(C(=O)N([H])C([H])(C(=O)O[H])C([H])(C([H])([H])[H])C([H])([H])C([H])([H])[H])C([H])([H])[H])C([H])([H])[H])=C(N([H])[H])C([H])(C([H])([H])[H])C([H])([H])C([H])([H])[H]
 - 45
[H]OC(N([H])C([H])(C(=O)O[H])C([H])(C([H])([H])[H])C([H])([H])C([H])([H])[H])=C(N([H])C(=O)C([H])(N([H])C(=O)C([H])(N([H])[H])C([H])(C([H])([H])[H])C([H])([H])C([H])([H])[H])C([H])([H])[H])C([H])([H])[H]
 - 58
[H]OC(N([H])C([H])(C(=O)N([H])C([H])(C(=O)O[H])C([H])(C([H])([H])[H])C([H])([H])C([H])([H])[H])C([H])([H])[H])=C(N([H])C(=O)C([H])(N([H])[H])C([H])(C([H])([H])[H])C([H])([H])C([H])([H])[H])C([H])([H])[H]
 - 35
[H]OC(N([H])C([H])(C(=O)N([H])C([H])(C(=O)O[H])C([H])(C([H])([H])[H])C([H])([H])C([H])([H])[H])C([H])([H])[H])=C(N([H])C(O[H])=C(N([H])[H])C([H])(C([H])([H])[H])C([H])([H])C([H])([H])[H])C([H])([H])[H]
 - 35
[H]OC(N([H])C([H])(C(=O)O[H])C([H])(C([H])([H])[H])C([H])([H])C([H])([H])[H])=C(N([H])C(=O)C([H])(N([H])C(O[H])=C(N([H])[H])C([H])(C([H])([H])[H])C([H])([H])C([H])([H])[H])C([H])([H])[H])C([H])([H])[H]
 - 58
[H]OC(N([H])C(=C(O[H])N([H])C([H])(C(=O)O[H])C([H])(C([H])([H])[H])C([H])([H])C([H])([H])[H])C([H])([H])[H])=C(N([H])C(=O)C([H])(N([H])[H])C([H])(C([H])([H])[H])C([H])([H])C([H])([H])[H])C([H])([H])[H]
 - 35
[H]OC(O[H])=C(N([H])C(O[H])=C(N([H])C(O[H])=C(N([H])[H])C([H])(C([H])([H])[H])C([H])([H])C([H])([H])[H])C([H])([H])O[H])C([H])(C([H])([H])[H])C([H])([H])C([H])([H])[H]
 - 40
[H]OC(O[H])=C(N=C(O[H])C([H])(N([H])C(O[H])=C(N([H])[H])C([H])(C([H])([H])[H])C([H])([H])C([H])([H])[H])C([H])([H])O[H])C([H])(C([H])([H])[H])C([H])([H])C([H])([H])[H]
 - 40
[H]OC(O[H])=C(N([H])C(O[H])=C(N=C(O[H])C([H])(N([H])[H])C([H])(C([H])([H])[H])C([H])([H])C([H])([H])[H])C([H])([H])O[H])C([H])(C([H])([H])[H])C([H])([H])C([H])([H])[H]
 - 40
[H]OC(O[H])=C(N([H])C(O[H])=C(N([H])C(=O)C([H])(N([H])[H])C([H])(C([H])([H])[H])C([H])([H])C([H])([H])[H])C([H])([H])O[H])C([H])(C([H])([H])[H])C([H])([H])C([H])([H])[H]
 - 40
[H]OC(O[H])=C(N([H])C(=O)C([H])(N([H])C(O[H])=C(N([H])[H])C([H])(C([H])([H])[H])C([H])([H])C([H])([H])[H])C([H])([H])O[H])C([H])(C([H])([H])[H])C([H])([H])C([H])([H])[H]
 - 40
[H]OC(O[H])=C(N=C(O[H])C([H])(N=C(O[H])C([H])(N([H])[H])C([H])(C([H])([H])[H])C([H])([H])C([H])([H])[H])C([H])([H])O[H])C([H])(C([H])([H])[H])C([H])([H])C([H])([H])[H]
 - 40
[H]OC(O[H])=C(N([H])C(=O)C([H])(N=C(O[H])C([H])(N([H])[H])C([H])(C([H])([H])[H])C([H])([H])C([H])([H])[H])C([H])([H])O[H])C([H])(C([H])([H])[H])C([H])([H])C([H])([H])[H]
 - 40
[H]OC(O[H])=C(N=C(O[H])C([H])(N([H])C(=O)C([H])(N([H])[H])C([H])(C([H])([H])[H])C([H])([H])C([H])([H])[H])C([H])([H])O[H])C([H])(C([H])([H])[H])C([H])([H])C([H])([H])[H]
 - 40
[H]OC(O[H])=C(N([H])C(=O)C([H])(N([H])C(=O)C([H])(N([H])[H])C([H])(C([H])([H])[H])C([H])([H])C([H])([H])[H])C([H])([H])O[H])C([H])(C([H])([H])[H])C([H])([H])C([H])([H])[H]
 - 40
[H]OC(N=C(C([H])(O[H])O[H])C([H])(C([H])([H])[H])C([H])([H])C([H])([H])[H])=C(N=C(O[H])C([H])(N([H])[H])C([H])(C([H])([H])[H])C([H])([H])C([H])([H])[H])C([H])([H])O[H]
 - 25
[H]OC(N([H])C([H])(C(=O)N=C(C([H])(O[H])O[H])C([H])(C([H])([H])[H])C([H])([H])C([H])([H])[H])C([H])([H])O[H])=C(N([H])[H])C([H])(C([H])([H])[H])C([H])([H])C([H])([H])[H]
 - 36
[H]OC(N=C(C([H])(O[H])O[H])C([H])(C([H])([H])[H])C([H])([H])C([H])([H])[H])=C(N([H])C(=O)C([H])(N([H])[H])C([H])(C([H])([H])[H])C([H])([H])C([H])([H])[H])C([H])([H])O[H]
 - 25
[H]OC(=NC([H])(C(=O)N=C(C([H])(O[H])O[H])C([H])(C([H])([H])[H])C([H])([H])C([H])([H])[H])C([H])([H])O[H])C([H])(N([H])[H])C([H])(C([H])([H])[H])C([H])([H])C([H])([H])[H]
 - 35
[H]OC([H])([H])C([H])(N([H])C(=O)C([H])(N([H])[H])C([H])(C([H])([H])[H])C([H])([H])C([H])([H])[H])C(=O)N=C(C([H])(O[H])O[H])C([H])(C([H])([H])[H])C([H])([H])C([H])([H])[H]
 - 30
[H]OC(=O)C([H])(N=C(O[H])C([H])(N=C(O[H])C([H])(N([H])[H])C([H])(C([H])([H])[H])C([H])([H])C([H])([H])[H])C([H])([H])O[H])C([H])(C([H])([H])[H])C([H])([H])C([H])([H])[H]
 - 40
[H]OC(=O)C([H])(N=C(O[H])C([H])(N([H])C(=O)C([H])(N([H])[H])C([H])(C([H])([H])[H])C([H])([H])C([H])([H])[H])C([H])([H])O[H])C([H])(C([H])([H])[H])C([H])([H])C([H])([H])[H]
 - 40
[H]OC(=O)C([H])(N([H])C(=O)C([H])(N=C(O[H])C([H])(N([H])[H])C([H])(C([H])([H])[H])C([H])([H])C([H])([H])[H])C([H])([H])O[H])C([H])(C([H])([H])[H])C([H])([H])C([H])([H])[H]
 - 40
[H]OC(=O)C([H])(N([H])C(=O)C([H])(N([H])C(=O)C([H])(N([H])[H])C([H])(C([H])([H])[H])C([H])([H])C([H])([H])[H])C([H])([H])O[H])C([H])(C([H])([H])[H])C([H])([H])C([H])([H])[H]
 - 40
[H]OC(=O)C(=NC([H])(O[H])C([H])(N=C(O[H])C([H])(N([H])[H])C([H])(C([H])([H])[H])C([H])([H])C([H])([H])[H])C([H])([H])O[H])C([H])(C([H])([H])[H])C([H])([H])C([H])([H])[H]
 - 40
[H]OC(=O)C(=NC([H])(O[H])C([H])(N([H])C(=O)C([H])(N([H])[H])C([H])(C([H])([H])[H])C([H])([H])C([H])([H])[H])C([H])([H])O[H])C([H])(C([H])([H])[H])C([H])([H])C([H])([H])[H]
 - 40
[H]OC(=O)C([H])(N=C(O[H])C([H])(N([H])C(O[H])=C(N([H])[H])C([H])(C([H])([H])[H])C([H])([H])C([H])([H])[H])C([H])([H])O[H])C([H])(C([H])([H])[H])C([H])([H])C([H])([H])[H]
 - 40
[H]OC(=O)C([H])(N([H])C(O[H])=C(N=C(O[H])C([H])(N([H])[H])C([H])(C([H])([H])[H])C([H])([H])C([H])([H])[H])C([H])([H])O[H])C([H])(C([H])([H])[H])C([H])([H])C([H])([H])[H]
 - 40
[H]OC(N([H])C([H])(C(=O)N([H])C([H])(C(=O)O[H])C([H])(C([H])([H])[H])C([H])([H])C([H])([H])[H])C([H])([H])O[H])=C(N([H])[H])C([H])(C([H])([H])[H])C([H])([H])C([H])([H])[H]
 - 36
[H]OC(N([H])C([H])(C(=O)O[H])C([H])(C([H])([H])[H])C([H])([H])C([H])([H])[H])=C(N([H])C(=O)C([H])(N([H])[H])C([H])(C([H])([H])[H])C([H])([H])C([H])([H])[H])C([H])([H])O[H]
 - 25
[H]OC(=O)C(=NC([H])(O[H])C([H])(N([H])C(O[H])=C(N([H])[H])C([H])(C([H])([H])[H])C([H])([H])C([H])([H])[H])C([H])([H])O[H])C([H])(C([H])([H])[H])C([H])([H])C([H])([H])[H]
 - 40
[H]OC(N([H])C([H])(C(=O)O[H])C([H])(C([H])([H])[H])C([H])([H])C([H])([H])[H])=C(N([H])C(O[H])=C(N([H])[H])C([H])(C([H])([H])[H])C([H])([H])C([H])([H])[H])C([H])([H])O[H]
 - 25
[H]OC(O[H])=C(N([H])C(O[H])=C(N([H])C(=O)C([H])(N([H])C(=O)C([H])(N([H])C(=O)C([H])(N([H])[H])C([H])([H])O[H])C([H])([H])C([H])(C([H])([H])[H])C([H])([H])[H])C([H])([H])[H])C([H])(C([H])([H])[H])C([H])([H])C([H])([H])[H])C([H])(C([H])([H])[H])C([H])([H])[H]
 - 69
[H]OC(O[H])=C(N([H])C(=O)C([H])(N([H])C(=O)C([H])(N([H])C(O[H])=C(N([H])C(=O)C([H])(N([H])[H])C([H])([H])O[H])C([H])([H])C([H])(C([H])([H])[H])C([H])([H])[H])C([H])([H])[H])C([H])(C([H])([H])[H])C([H])([H])C([H])([H])[H])C([H])(C([H])([H])[H])C([H])([H])[H]
 - 69
[H]OC(O[H])=C(N([H])C(=O)C([H])(N([H])C(O[H])=C(N([H])C(=O)C([H])(N([H])C(=O)C([H])(N([H])[H])C([H])([H])O[H])C([H])([H])C([H])(C([H])([H])[H])C([H])([H])[H])C([H])([H])[H])C([H])(C([H])([H])[H])C([H])([H])C([H])([H])[H])C([H])(C([H])([H])[H])C([H])([H])[H]
 - 69
[H]OC(O[H])=C(N([H])C(=O)C([H])(N([H])C(=O)C([H])(N([H])C(=O)C([H])(N([H])C(O[H])=C(N([H])[H])C([H])([H])O[H])C([H])([H])C([H])(C([H])([H])[H])C([H])([H])[H])C([H])([H])[H])C([H])(C([H])([H])[H])C([H])([H])C([H])([H])[H])C([H])(C([H])([H])[H])C([H])([H])[H]
 - 69
[H]OC(O[H])=C(N([H])C(=O)C([H])(N([H])C(=O)C([H])(N([H])C(=O)C([H])(N=C(O[H])C([H])(N([H])[H])C([H])([H])O[H])C([H])([H])C([H])(C([H])([H])[H])C([H])([H])[H])C([H])([H])[H])C([H])(C([H])([H])[H])C([H])([H])C([H])([H])[H])C([H])(C([H])([H])[H])C([H])([H])[H]
 - 69
[H]OC(O[H])=C(N([H])C(=O)C([H])(N=C(O[H])C([H])(N([H])C(=O)C([H])(N([H])C(=O)C([H])(N([H])[H])C([H])([H])O[H])C([H])([H])C([H])(C([H])([H])[H])C([H])([H])[H])C([H])([H])[H])C([H])(C([H])([H])[H])C([H])([H])C([H])([H])[H])C([H])(C([H])([H])[H])C([H])([H])[H]
 - 69
[H]OC(O[H])=C(N([H])C(=O)C([H])(N([H])C(=O)C([H])(N=C(O[H])C([H])(N([H])C(=O)C([H])(N([H])[H])C([H])([H])O[H])C([H])([H])C([H])(C([H])([H])[H])C([H])([H])[H])C([H])([H])[H])C([H])(C([H])([H])[H])C([H])([H])C([H])([H])[H])C([H])(C([H])([H])[H])C([H])([H])[H]
 - 69
[H]OC(O[H])=C(N=C(O[H])C([H])(N([H])C(=O)C([H])(N([H])C(=O)C([H])(N([H])C(=O)C([H])(N([H])[H])C([H])([H])O[H])C([H])([H])C([H])(C([H])([H])[H])C([H])([H])[H])C([H])([H])[H])C([H])(C([H])([H])[H])C([H])([H])C([H])([H])[H])C([H])(C([H])([H])[H])C([H])([H])[H]
 - 69
[H]OC(O[H])=C(N([H])C(=O)C([H])(N([H])C(=O)C([H])(N([H])C(=O)C([H])(N([H])C(=O)C([H])(N([H])[H])C([H])([H])O[H])C([H])([H])C([H])(C([H])([H])[H])C([H])([H])[H])C([H])([H])[H])C([H])(C([H])([H])[H])C([H])([H])C([H])([H])[H])C([H])(C([H])([H])[H])C([H])([H])[H]
 - 69
[H]OC(=O)C([H])(N=C(O[H])C([H])(N=C(O[H])C([H])(N([H])C(=O)C([H])(N([H])C(=O)C([H])(N([H])[H])C([H])([H])O[H])C([H])([H])C([H])(C([H])([H])[H])C([H])([H])[H])C([H])([H])[H])C([H])(C([H])([H])[H])C([H])([H])C([H])([H])[H])C([H])(C([H])([H])[H])C([H])([H])[H]
 - 69
[H]OC(=O)C([H])(N=C(O[H])C([H])(N([H])C(=O)C([H])(N([H])C(=O)C([H])(N=C(O[H])C([H])(N([H])[H])C([H])([H])O[H])C([H])([H])C([H])(C([H])([H])[H])C([H])([H])[H])C([H])([H])[H])C([H])(C([H])([H])[H])C([H])([H])C([H])([H])[H])C([H])(C([H])([H])[H])C([H])([H])[H]
 - 69
[H]OC(=O)C([H])(N=C(O[H])C([H])(N([H])C(=O)C([H])(N=C(O[H])C([H])(N([H])C(=O)C([H])(N([H])[H])C([H])([H])O[H])C([H])([H])C([H])(C([H])([H])[H])C([H])([H])[H])C([H])([H])[H])C([H])(C([H])([H])[H])C([H])([H])C([H])([H])[H])C([H])(C([H])([H])[H])C([H])([H])[H]
 - 69
[H]OC(=O)C([H])(N([H])C(=O)C([H])(N=C(O[H])C([H])(N([H])C(=O)C([H])(N([H])C(=O)C([H])(N([H])[H])C([H])([H])O[H])C([H])([H])C([H])(C([H])([H])[H])C([H])([H])[H])C([H])([H])[H])C([H])(C([H])([H])[H])C([H])([H])C([H])([H])[H])C([H])(C([H])([H])[H])C([H])([H])[H]
 - 69
[H]OC(=O)C([H])(N([H])C(=O)C([H])(N([H])C(=O)C([H])(N([H])C(=O)C([H])(N=C(O[H])C([H])(N([H])[H])C([H])([H])O[H])C([H])([H])C([H])(C([H])([H])[H])C([H])([H])[H])C([H])([H])[H])C([H])(C([H])([H])[H])C([H])([H])C([H])([H])[H])C([H])(C([H])([H])[H])C([H])([H])[H]
 - 69
[H]OC(=O)C([H])(N=C(O[H])C([H])(N([H])C(=O)C([H])(N([H])C(=O)C([H])(N([H])C(=O)C([H])(N([H])[H])C([H])([H])O[H])C([H])([H])C([H])(C([H])([H])[H])C([H])([H])[H])C([H])([H])[H])C([H])(C([H])([H])[H])C([H])([H])C([H])([H])[H])C([H])(C([H])([H])[H])C([H])([H])[H]
 - 69
[H]OC(=O)C([H])(N([H])C(=O)C([H])(N([H])C(=O)C([H])(N=C(O[H])C([H])(N([H])C(=O)C([H])(N([H])[H])C([H])([H])O[H])C([H])([H])C([H])(C([H])([H])[H])C([H])([H])[H])C([H])([H])[H])C([H])(C([H])([H])[H])C([H])([H])C([H])([H])[H])C([H])(C([H])([H])[H])C([H])([H])[H]
 - 69
[H]OC(=O)C([H])(N([H])C(=O)C([H])(N([H])C(=O)C([H])(N([H])C(=O)C([H])(N([H])C(=O)C([H])(N([H])[H])C([H])([H])O[H])C([H])([H])C([H])(C([H])([H])[H])C([H])([H])[H])C([H])([H])[H])C([H])(C([H])([H])[H])C([H])([H])C([H])([H])[H])C([H])(C([H])([H])[H])C([H])([H])[H]
 - 69
[H]OC(=O)C([H])(N=C(O[H])C([H])(N([H])C(=O)C([H])(N([H])C(=O)C([H])(N([H])C(O[H])=C(N([H])[H])C([H])([H])O[H])C([H])([H])C([H])(C([H])([H])[H])C([H])([H])[H])C([H])([H])[H])C([H])(C([H])([H])[H])C([H])([H])C([H])([H])[H])C([H])(C([H])([H])[H])C([H])([H])[H]
 - 69
[H]OC(=O)C([H])(N=C(O[H])C([H])(N([H])C(=O)C([H])(N([H])C(O[H])=C(N([H])C(=O)C([H])(N([H])[H])C([H])([H])O[H])C([H])([H])C([H])(C([H])([H])[H])C([H])([H])[H])C([H])([H])[H])C([H])(C([H])([H])[H])C([H])([H])C([H])([H])[H])C([H])(C([H])([H])[H])C([H])([H])[H]
 - 69
[H]OC(=O)C([H])(N=C(O[H])C([H])(N([H])C(O[H])=C(N([H])C(=O)C([H])(N([H])C(=O)C([H])(N([H])[H])C([H])([H])O[H])C([H])([H])C([H])(C([H])([H])[H])C([H])([H])[H])C([H])([H])[H])C([H])(C([H])([H])[H])C([H])([H])C([H])([H])[H])C([H])(C([H])([H])[H])C([H])([H])[H]
 - 69
[H]OC(=O)C([H])(N([H])C(O[H])=C(N=C(O[H])C([H])(N([H])C(=O)C([H])(N([H])C(=O)C([H])(N([H])[H])C([H])([H])O[H])C([H])([H])C([H])(C([H])([H])[H])C([H])([H])[H])C([H])([H])[H])C([H])(C([H])([H])[H])C([H])([H])C([H])([H])[H])C([H])(C([H])([H])[H])C([H])([H])[H]
 - 69
[H]OC(N([H])C([H])(C(=O)N([H])C([H])(C(=O)N([H])C([H])(C(=O)N([H])C([H])(C(=O)O[H])C([H])(C([H])([H])[H])C([H])([H])[H])C([H])(C([H])([H])[H])C([H])([H])C([H])([H])[H])C([H])([H])[H])C([H])([H])C([H])(C([H])([H])[H])C([H])([H])[H])=C(N([H])[H])C([H])([H])O[H]
 - 70
[H]OC(N([H])C([H])(C(=O)O[H])C([H])(C([H])([H])[H])C([H])([H])[H])=C(N([H])C(=O)C([H])(N([H])C(=O)C([H])(N([H])C(=O)C([H])(N([H])[H])C([H])([H])O[H])C([H])([H])C([H])(C([H])([H])[H])C([H])([H])[H])C([H])([H])[H])C([H])(C([H])([H])[H])C([H])([H])C([H])([H])[H]
 - 66
[H]OC(N([H])C([H])(C(=O)N([H])C([H])(C(=O)N([H])C([H])(C(=O)O[H])C([H])(C([H])([H])[H])C([H])([H])[H])C([H])(C([H])([H])[H])C([H])([H])C([H])([H])[H])C([H])([H])[H])=C(N([H])C(=O)C([H])(N([H])[H])C([H])([H])O[H])C([H])([H])C([H])(C([H])([H])[H])C([H])([H])[H]
 - 51
[H]OC(N([H])C([H])(C(=O)N([H])C([H])(C(=O)O[H])C([H])(C([H])([H])[H])C([H])([H])[H])C([H])(C([H])([H])[H])C([H])([H])C([H])([H])[H])=C(N([H])C(=O)C([H])(N([H])C(=O)C([H])(N([H])[H])C([H])([H])O[H])C([H])([H])C([H])(C([H])([H])[H])C([H])([H])[H])C([H])([H])[H]
 - 41
[H]OC(N([H])C(=C(O[H])N([H])C([H])(C(=O)O[H])C([H])(C([H])([H])[H])C([H])([H])[H])C([H])(C([H])([H])[H])C([H])([H])C([H])([H])[H])=C(N([H])C(=O)C([H])(N([H])C(=O)C([H])(N([H])[H])C([H])([H])O[H])C([H])([H])C([H])(C([H])([H])[H])C([H])([H])[H])C([H])([H])[H]
 - 41
[H]OC(O[H])=C(N([H])C(O[H])=C(N([H])C(O[H])=C(N([H])[H])C([H])(O[H])C([H])([H])[H])C([H])([H])C([H])(C([H])([H])[H])C([H])([H])[H])C([H])(C([H])([H])[H])C([H])([H])C([H])([H])[H]
 - 43
[H]OC(O[H])=C(N([H])C(O[H])=C(N=C(O[H])C([H])(N([H])[H])C([H])(O[H])C([H])([H])[H])C([H])([H])C([H])(C([H])([H])[H])C([H])([H])[H])C([H])(C([H])([H])[H])C([H])([H])C([H])([H])[H]
 - 43
[H]OC(O[H])=C(N=C(O[H])C([H])(N([H])C(O[H])=C(N([H])[H])C([H])(O[H])C([H])([H])[H])C([H])([H])C([H])(C([H])([H])[H])C([H])([H])[H])C([H])(C([H])([H])[H])C([H])([H])C([H])([H])[H]
 - 43
[H]OC(O[H])=C(N([H])C(O[H])=C(N([H])C(=O)C([H])(N([H])[H])C([H])(O[H])C([H])([H])[H])C([H])([H])C([H])(C([H])([H])[H])C([H])([H])[H])C([H])(C([H])([H])[H])C([H])([H])C([H])([H])[H]
 - 43
[H]OC(O[H])=C(N([H])C(=O)C([H])(N([H])C(O[H])=C(N([H])[H])C([H])(O[H])C([H])([H])[H])C([H])([H])C([H])(C([H])([H])[H])C([H])([H])[H])C([H])(C([H])([H])[H])C([H])([H])C([H])([H])[H]
 - 43
[H]OC(O[H])=C(N=C(O[H])C([H])(N=C(O[H])C([H])(N([H])[H])C([H])(O[H])C([H])([H])[H])C([H])([H])C([H])(C([H])([H])[H])C([H])([H])[H])C([H])(C([H])([H])[H])C([H])([H])C([H])([H])[H]
 - 43
[H]OC(O[H])=C(N([H])C(=O)C([H])(N=C(O[H])C([H])(N([H])[H])C([H])(O[H])C([H])([H])[H])C([H])([H])C([H])(C([H])([H])[H])C([H])([H])[H])C([H])(C([H])([H])[H])C([H])([H])C([H])([H])[H]
 - 43
[H]OC(O[H])=C(N=C(O[H])C([H])(N([H])C(=O)C([H])(N([H])[H])C([H])(O[H])C([H])([H])[H])C([H])([H])C([H])(C([H])([H])[H])C([H])([H])[H])C([H])(C([H])([H])[H])C([H])([H])C([H])([H])[H]
 - 43
[H]OC(O[H])=C(N([H])C(=O)C([H])(N([H])C(=O)C([H])(N([H])[H])C([H])(O[H])C([H])([H])[H])C([H])([H])C([H])(C([H])([H])[H])C([H])([H])[H])C([H])(C([H])([H])[H])C([H])([H])C([H])([H])[H]
 - 43
[H]OC(N=C(C([H])(O[H])O[H])C([H])(C([H])([H])[H])C([H])([H])C([H])([H])[H])=C(N=C(O[H])C([H])(N([H])[H])C([H])(O[H])C([H])([H])[H])C([H])([H])C([H])(C([H])([H])[H])C([H])([H])[H]
 - 25
[H]OC(N([H])C([H])(C(=O)N=C(C([H])(O[H])O[H])C([H])(C([H])([H])[H])C([H])([H])C([H])([H])[H])C([H])([H])C([H])(C([H])([H])[H])C([H])([H])[H])=C(N([H])[H])C([H])(O[H])C([H])([H])[H]
 - 44
[H]OC(N=C(C([H])(O[H])O[H])C([H])(C([H])([H])[H])C([H])([H])C([H])([H])[H])=C(N([H])C(=O)C([H])(N([H])[H])C([H])(O[H])C([H])([H])[H])C([H])([H])C([H])(C([H])([H])[H])C([H])([H])[H]
 - 25
[H]OC(=NC([H])(C(=O)N=C(C([H])(O[H])O[H])C([H])(C([H])([H])[H])C([H])([H])C([H])([H])[H])C([H])([H])C([H])(C([H])([H])[H])C([H])([H])[H])C([H])(N([H])[H])C([H])(O[H])C([H])([H])[H]
 - 43
[H]OC([H])(O[H])C(=NC(=O)C([H])(N([H])C(=O)C([H])(N([H])[H])C([H])(O[H])C([H])([H])[H])C([H])([H])C([H])(C([H])([H])[H])C([H])([H])[H])C([H])(C([H])([H])[H])C([H])([H])C([H])([H])[H]
 - 43
[H]OC(=O)C([H])(N=C(O[H])C([H])(N=C(O[H])C([H])(N([H])[H])C([H])(O[H])C([H])([H])[H])C([H])([H])C([H])(C([H])([H])[H])C([H])([H])[H])C([H])(C([H])([H])[H])C([H])([H])C([H])([H])[H]
 - 43
[H]OC(=O)C([H])(N([H])C(=O)C([H])(N=C(O[H])C([H])(N([H])[H])C([H])(O[H])C([H])([H])[H])C([H])([H])C([H])(C([H])([H])[H])C([H])([H])[H])C([H])(C([H])([H])[H])C([H])([H])C([H])([H])[H]
 - 43
[H]OC(=O)C([H])(N=C(O[H])C([H])(N([H])C(=O)C([H])(N([H])[H])C([H])(O[H])C([H])([H])[H])C([H])([H])C([H])(C([H])([H])[H])C([H])([H])[H])C([H])(C([H])([H])[H])C([H])([H])C([H])([H])[H]
 - 43
[H]OC(=O)C([H])(N([H])C(=O)C([H])(N([H])C(=O)C([H])(N([H])[H])C([H])(O[H])C([H])([H])[H])C([H])([H])C([H])(C([H])([H])[H])C([H])([H])[H])C([H])(C([H])([H])[H])C([H])([H])C([H])([H])[H]
 - 43
[H]OC(=O)C(=NC([H])(O[H])C([H])(N=C(O[H])C([H])(N([H])[H])C([H])(O[H])C([H])([H])[H])C([H])([H])C([H])(C([H])([H])[H])C([H])([H])[H])C([H])(C([H])([H])[H])C([H])([H])C([H])([H])[H]
 - 43
[H]OC(=O)C(=NC([H])(O[H])C([H])(N([H])C(=O)C([H])(N([H])[H])C([H])(O[H])C([H])([H])[H])C([H])([H])C([H])(C([H])([H])[H])C([H])([H])[H])C([H])(C([H])([H])[H])C([H])([H])C([H])([H])[H]
 - 43
[H]OC(=O)C([H])(N=C(O[H])C([H])(N([H])C(O[H])=C(N([H])[H])C([H])(O[H])C([H])([H])[H])C([H])([H])C([H])(C([H])([H])[H])C([H])([H])[H])C([H])(C([H])([H])[H])C([H])([H])C([H])([H])[H]
 - 43
[H]OC(=O)C([H])(N([H])C(O[H])=C(N=C(O[H])C([H])(N([H])[H])C([H])(O[H])C([H])([H])[H])C([H])([H])C([H])(C([H])([H])[H])C([H])([H])[H])C([H])(C([H])([H])[H])C([H])([H])C([H])([H])[H]
 - 43
[H]OC(N([H])C([H])(C(=O)N([H])C([H])(C(=O)O[H])C([H])(C([H])([H])[H])C([H])([H])C([H])([H])[H])C([H])([H])C([H])(C([H])([H])[H])C([H])([H])[H])=C(N([H])[H])C([H])(O[H])C([H])([H])[H]
 - 44
[H]OC(N([H])C([H])(C(=O)O[H])C([H])(C([H])([H])[H])C([H])([H])C([H])([H])[H])=C(N([H])C(=O)C([H])(N([H])[H])C([H])(O[H])C([H])([H])[H])C([H])([H])C([H])(C([H])([H])[H])C([H])([H])[H]
 - 25
[H]OC(=O)C(=NC([H])(O[H])C([H])(N([H])C(O[H])=C(N([H])[H])C([H])(O[H])C([H])([H])[H])C([H])([H])C([H])(C([H])([H])[H])C([H])([H])[H])C([H])(C([H])([H])[H])C([H])([H])C([H])([H])[H]
 - 43
[H]OC(N([H])C([H])(C(=O)O[H])C([H])(C([H])([H])[H])C([H])([H])C([H])([H])[H])=C(N([H])C(O[H])=C(N([H])[H])C([H])(O[H])C([H])([H])[H])C([H])([H])C([H])(C([H])([H])[H])C([H])([H])[H]
 - 25
[H]OC(O[H])=C(N([H])C(O[H])=C(N([H])[H])C([H])([H])C([H])(C([H])([H])[H])C([H])([H])[H])C([H])(C([H])([H])[H])C([H])([H])C([H])([H])[H]
 - 29
[H]OC(N([H])C(=C(C([H])([H])[H])C([H])([H])C([H])([H])[H])C([H])(O[H])O[H])=C(N([H])[H])C([H])([H])C([H])(C([H])([H])[H])C([H])([H])[H]
 - 25
[H]OC(O[H])=C(N([H])C([H])(O[H])C(N([H])[H])=C([H])C([H])(C([H])([H])[H])C([H])([H])[H])C([H])(C([H])([H])[H])C([H])([H])C([H])([H])[H]
 - 29
[H]OC(O[H])=C(N=C(O[H])C([H])(N([H])[H])C([H])([H])C([H])(C([H])([H])[H])C([H])([H])[H])C([H])(C([H])([H])[H])C([H])([H])C([H])([H])[H]
 - 29
[H]OC(O[H])=C(N([H])C(=O)C([H])(N([H])[H])C([H])([H])C([H])(C([H])([H])[H])C([H])([H])[H])C([H])(C([H])([H])[H])C([H])([H])C([H])([H])[H]
 - 29
[H]OC([H])(O[H])C(N([H])C([H])(O[H])C(N([H])[H])=C([H])C([H])(C([H])([H])[H])C([H])([H])[H])=C(C([H])([H])[H])C([H])([H])C([H])([H])[H]
 - 30
[H]OC(=NC(=C(C([H])([H])[H])C([H])([H])C([H])([H])[H])C([H])(O[H])O[H])C([H])(N([H])[H])C([H])([H])C([H])(C([H])([H])[H])C([H])([H])[H]
 - 24
[H]OC(N=C(C([H])(O[H])O[H])C([H])(C([H])([H])[H])C([H])([H])C([H])([H])[H])=C(N([H])[H])C([H])([H])C([H])(C([H])([H])[H])C([H])([H])[H]
 - 25
[H]OC(N([H])C([H])(C([H])(O[H])O[H])C([H])(C([H])([H])[H])C([H])([H])C([H])([H])[H])=C(N([H])[H])C([H])=C(C([H])([H])[H])C([H])([H])[H]
 - 27
[H]OC([H])(O[H])C(N([H])C(=O)C([H])(N([H])[H])C([H])([H])C([H])(C([H])([H])[H])C([H])([H])[H])=C(C([H])([H])[H])C([H])([H])C([H])([H])[H]
 - 30
[H]OC(O[H])=C(N([H])C([H])(O[H])C(=N[H])C([H])([H])C([H])(C([H])([H])[H])C([H])([H])[H])C([H])(C([H])([H])[H])C([H])([H])C([H])([H])[H]
 - 29
[H]OC(=NC([H])(C([H])(O[H])O[H])C([H])(C([H])([H])[H])C([H])([H])C([H])([H])[H])C(N([H])[H])=C([H])C([H])(C([H])([H])[H])C([H])([H])[H]
 - 26
[H]OC([H])(O[H])C([H])(N([H])C(=O)C(N([H])[H])=C([H])C([H])(C([H])([H])[H])C([H])([H])[H])C([H])(C([H])([H])[H])C([H])([H])C([H])([H])[H]
 - 29
[H]OC([H])(O[H])C(N([H])C([H])(O[H])C(=N[H])C([H])([H])C([H])(C([H])([H])[H])C([H])([H])[H])=C(C([H])([H])[H])C([H])([H])C([H])([H])[H]
 - 30
[H]OC([H])(O[H])C(=NC([H])(O[H])C(N([H])[H])=C([H])C([H])(C([H])([H])[H])C([H])([H])[H])C([H])(C([H])([H])[H])C([H])([H])C([H])([H])[H]
 - 29
[H]OC([H])(O[H])C(=NC(=O)C([H])(N([H])[H])C([H])([H])C([H])(C([H])([H])[H])C([H])([H])[H])C([H])(C([H])([H])[H])C([H])([H])C([H])([H])[H]
 - 29
[H]OC(=NC([H])(C([H])(O[H])O[H])C([H])(C([H])([H])[H])C([H])([H])C([H])([H])[H])C(=N[H])C([H])([H])C([H])(C([H])([H])[H])C([H])([H])[H]
 - 26
[H]OC([H])(O[H])C([H])(N([H])C(=O)C(=N[H])C([H])([H])C([H])(C([H])([H])[H])C([H])([H])[H])C([H])(C([H])([H])[H])C([H])([H])C([H])([H])[H]
 - 29
[H]OC([H])(O[H])C(=NC([H])(O[H])C(=N[H])C([H])([H])C([H])(C([H])([H])[H])C([H])([H])[H])C([H])(C([H])([H])[H])C([H])([H])C([H])([H])[H]
 - 29
[H]OC(=O)C([H])(N([H])C([H])(O[H])C(=N[H])C([H])([H])C([H])(C([H])([H])[H])C([H])([H])[H])C([H])(C([H])([H])[H])C([H])([H])C([H])([H])[H]
 - 29
[H]OC(=O)C([H])(N=C(O[H])C([H])(N([H])[H])C([H])([H])C([H])(C([H])([H])[H])C([H])([H])[H])C([H])(C([H])([H])[H])C([H])([H])C([H])([H])[H]
 - 29
[H]OC(=O)C([H])(N([H])C(=O)C([H])(N([H])[H])C([H])([H])C([H])(C([H])([H])[H])C([H])([H])[H])C([H])(C([H])([H])[H])C([H])([H])C([H])([H])[H]
 - 29
[H]OC(=O)C(=NC([H])(O[H])C([H])(N([H])[H])C([H])([H])C([H])(C([H])([H])[H])C([H])([H])[H])C([H])(C([H])([H])[H])C([H])([H])C([H])([H])[H]
 - 29
[H]OC(N([H])C([H])(C(=O)O[H])C([H])(C([H])([H])[H])C([H])([H])C([H])([H])[H])=C(N([H])[H])C([H])([H])C([H])(C([H])([H])[H])C([H])([H])[H]
 - 25
[H]OC(=O)C(N([H])C([H])(O[H])C([H])(N([H])[H])C([H])([H])C([H])(C([H])([H])[H])C([H])([H])[H])=C(C([H])([H])[H])C([H])([H])C([H])([H])[H]
 - 30
[H]OC(=O)C([H])(N([H])C([H])(O[H])C(N([H])[H])=C([H])C([H])(C([H])([H])[H])C([H])([H])[H])C([H])(C([H])([H])[H])C([H])([H])C([H])([H])[H]
 - 29
[H]OC1=C(\\C(=N\\OC([H])([H])C([H])([H])[H])C([H])([H])C([H])([H])C([H])([H])[H])C(=O)OC2(C([H])([H])C([H])([H])C([H])([H])C2([H])[H])C1([H])[H]
 - 2 bonds in a row
CCCCC(CO[N+](=O)[O-])O[N+](=O)[O-]
 - 'NoneType' object has no attribute 'kekulise'
[H]C([H])([H])C([H])([H])C([H])([H])C([H])([H])C([H])(O[N+]([O-])=O)C([H])([H])O[N+]([O-])=O
 - 'NoneType' object has no attribute 'kekulise'
CCCCC(CO[N+]([O-])=O)O[N+]([O-])=O
 - 'NoneType' object has no attribute 'kekulise'
[H]OC(=C([H])C([H])([H])C([H])([H])C([H])([H])C([H])([H])[H])C1=C([H])C([H])=NC([H])=C1[H]
 - 19
[H]C1=NC([H])=C([H])C(=C1[H])C(=O)C([H])([H])C([H])([H])C([H])([H])C([H])([H])C([H])([H])[H]
 - 14
[H]C([H])([H])C([H])([H])C([H])([H])C([H])([H])C([H])([H])C([H])([H])C([H])([H])C([H])([H])C([H])([H])C([H])([H])C([H])([H])C([H])([H])N=C=S
 - 16
[H]OC([H])([H])C1([H])OC([H])(N2C([H])=NC3=C(N=C([H])N=C23)N([H])C([H])([H])C([H])([H])C([H])([H])C([H])([H])C([H])([H])C([H])([H])[H])C([H])(O[H])C1([H])O[H]
 - 47
[H]OC([H])([H])C1([H])OC([H])(N2C([H])=NC3=C2N=C([H])N([H])C3=NC([H])([H])C([H])([H])C([H])([H])C([H])([H])C([H])([H])C([H])([H])[H])C([H])(O[H])C1([H])O[H]
 - 47
[H]OC([H])([H])C1([H])OC([H])(N2C([H])=NC3=C2N([H])C([H])=NC3=NC([H])([H])C([H])([H])C([H])([H])C([H])([H])C([H])([H])C([H])([H])[H])C([H])(O[H])C1([H])O[H]
 - 47
[H]OC(=NC([H])([H])C([H])([H])C([H])([H])C([H])([H])C([H])([H])[H])N1C(=O)N(C([H])([H])[H])C([H])([H])C1([H])O[H]
 - 21
[H]OC1([H])N(C(=O)N([H])C([H])([H])C([H])([H])C([H])([H])C([H])([H])C([H])([H])[H])C(=O)N(C([H])([H])[H])C1([H])[H]
 - 33
[H]OC([H])([H])C([H])([H])N(C([H])([H])C([H])([H])C([H])([H])C([H])([H])[H])C([H])([H])C([H])([H])C([H])([H])C([H])([H])[H]
 - 23
[H]N(C1=C2N([H])C([H])=NC2=NC([H])=N1)C([H])([H])C([H])([H])C([H])([H])OC([H])([H])C([H])([H])C([H])([H])C([H])([H])[H]
 - 19
[H]N(C1=C2N=C([H])N([H])C2=NC([H])=N1)C([H])([H])C([H])([H])C([H])([H])OC([H])([H])C([H])([H])C([H])([H])C([H])([H])[H]
 - 19
[H]N1C([H])=NC2=C1C(=NC([H])([H])C([H])([H])C([H])([H])OC([H])([H])C([H])([H])C([H])([H])C([H])([H])[H])N([H])C([H])=N2
 - 37
[H]N1C([H])=NC2=C1N=C([H])N([H])C2=NC([H])([H])C([H])([H])C([H])([H])OC([H])([H])C([H])([H])C([H])([H])C([H])([H])[H]
 - 19
[H]N1C([H])=NC2=C1C(=NC([H])([H])C([H])([H])C([H])([H])OC([H])([H])C([H])([H])C([H])([H])C([H])([H])[H])N=C([H])N2[H]
 - 36
[H]N1C([H])=NC2=C1N([H])C([H])=NC2=NC([H])([H])C([H])([H])C([H])([H])OC([H])([H])C([H])([H])C([H])([H])C([H])([H])[H]
 - 19
[H]N(C1=C2N=C([H])N=C2N([H])C([H])=N1)C([H])([H])C([H])([H])C([H])([H])OC([H])([H])C([H])([H])C([H])([H])C([H])([H])[H]
 - 19
[H]N(C1=C2N=C([H])N=C2N=C([H])N1[H])C([H])([H])C([H])([H])C([H])([H])OC([H])([H])C([H])([H])C([H])([H])C([H])([H])[H]
 - 19
CCCCOCCCNc1[nH]c[n]c2[n]c[n]c21
 - This structure cannot be kekulised!
[H]OC(N=C([H])C1=C([H])C([H])=C([H])C([H])=C1[H])=C(N([H])C([H])(O[H])C([H])([H])[H])C([H])([H])C([H])([H])C([H])([H])C([H])([H])N(C(=O)N(N=O)C([H])([H])C([H])=C([H])[H])C([H])([H])C([H])([H])C([H])([H])[H]
 - 32
[H]OC(=C([H])[H])N([H])C(=C(O[H])N([H])C([H])([H])C1=C([H])C([H])=C([H])C([H])=C1[H])C([H])([H])C([H])([H])C([H])([H])C([H])([H])N(C(=O)N(N=O)C([H])([H])C([H])=C([H])[H])C([H])([H])C([H])([H])C([H])([H])[H]
 - 32
[H]OC(=NC(=C(O[H])N([H])C([H])([H])C1=C([H])C([H])=C([H])C([H])=C1[H])C([H])([H])C([H])([H])C([H])([H])C([H])([H])N(C(=O)N(N=O)C([H])([H])C([H])=C([H])[H])C([H])([H])C([H])([H])C([H])([H])[H])C([H])([H])[H]
 - 61
[H]OC(N([H])C([H])([H])C1=C([H])C([H])=C([H])C([H])=C1[H])=C(N([H])C(=O)C([H])([H])[H])C([H])([H])C([H])([H])C([H])([H])C([H])([H])N(C(=O)N(N=O)C([H])([H])C([H])=C([H])[H])C([H])([H])C([H])([H])C([H])([H])[H]
 - 32
[H]OC([H])(N=C([H])C1=C([H])C([H])=C([H])C([H])=C1[H])C(N([H])C([H])(O[H])C([H])([H])[H])=C([H])C([H])([H])C([H])([H])C([H])([H])N(C(=O)N(N=O)C([H])([H])C([H])=C([H])[H])C([H])([H])C([H])([H])C([H])([H])[H]
 - 32
[H]OC(=C([H])[H])N([H])C(=C([H])C([H])([H])C([H])([H])C([H])([H])N(C(=O)N(N=O)C([H])([H])C([H])=C([H])[H])C([H])([H])C([H])([H])C([H])([H])[H])C([H])(O[H])N([H])C([H])([H])C1=C([H])C([H])=C([H])C([H])=C1[H]
 - 45
[H]OC(=NC([H])([H])C1=C([H])C([H])=C([H])C([H])=C1[H])C(N([H])C([H])(O[H])C([H])([H])[H])=C([H])C([H])([H])C([H])([H])C([H])([H])N(C(=O)N(N=O)C([H])([H])C([H])=C([H])[H])C([H])([H])C([H])([H])C([H])([H])[H]
 - 32
[H]OC(=NC(=C([H])C([H])([H])C([H])([H])C([H])([H])N(C(=O)N(N=O)C([H])([H])C([H])=C([H])[H])C([H])([H])C([H])([H])C([H])([H])[H])C([H])(O[H])N([H])C([H])([H])C1=C([H])C([H])=C([H])C([H])=C1[H])C([H])([H])[H]
 - 61
[H]OC(N([H])C([H])([H])C1=C([H])C([H])=C([H])C([H])=C1[H])=C(N([H])C([H])(O[H])C([H])([H])[H])C([H])=C([H])C([H])([H])C([H])([H])N(C(=O)N(N=O)C([H])([H])C([H])=C([H])[H])C([H])([H])C([H])([H])C([H])([H])[H]
 - 32
[H]OC(=C([H])[H])N([H])C([H])(C(O[H])=NC([H])([H])C1=C([H])C([H])=C([H])C([H])=C1[H])C([H])([H])C([H])([H])C([H])([H])C([H])([H])N(C(=O)N(N=O)C([H])([H])C([H])=C([H])[H])C([H])([H])C([H])([H])C([H])([H])[H]
 - 32
[H]OC(=NC([H])(C(O[H])=NC([H])([H])C1=C([H])C([H])=C([H])C([H])=C1[H])C([H])([H])C([H])([H])C([H])([H])C([H])([H])N(C(=O)N(N=O)C([H])([H])C([H])=C([H])[H])C([H])([H])C([H])([H])C([H])([H])[H])C([H])([H])[H]
 - 61
[H]OC([H])(N([H])C([H])(C(=O)N=C([H])C1=C([H])C([H])=C([H])C([H])=C1[H])C([H])([H])C([H])([H])C([H])([H])C([H])([H])N(C(=O)N(N=O)C([H])([H])C([H])=C([H])[H])C([H])([H])C([H])([H])C([H])([H])[H])C([H])([H])[H]
 - 61
[H]OC([H])(N([H])C(=C([H])C([H])([H])C([H])([H])C([H])([H])N(C(=O)N(N=O)C([H])([H])C([H])=C([H])[H])C([H])([H])C([H])([H])C([H])([H])[H])C(=O)N([H])C([H])([H])C1=C([H])C([H])=C([H])C([H])=C1[H])C([H])([H])[H]
 - 61
[H]OC([H])(N([H])C([H])([H])C1=C([H])C([H])=C([H])C([H])=C1[H])C(N([H])C(=O)C([H])([H])[H])=C([H])C([H])([H])C([H])([H])C([H])([H])N(C(=O)N(N=O)C([H])([H])C([H])=C([H])[H])C([H])([H])C([H])([H])C([H])([H])[H]
 - 32
[H]OC(=C([H])[H])N([H])C([H])(C(=O)N([H])C([H])([H])C1=C([H])C([H])=C([H])C([H])=C1[H])C([H])([H])C([H])([H])C([H])([H])C([H])([H])N(C(=O)N(N=O)C([H])([H])C([H])=C([H])[H])C([H])([H])C([H])([H])C([H])([H])[H]
 - 32
[H]OC(=NC([H])([H])C1=C([H])C([H])=C([H])C([H])=C1[H])C([H])(N([H])C(=O)C([H])([H])[H])C([H])([H])C([H])([H])C([H])([H])C([H])([H])N(C(=O)N(N=O)C([H])([H])C([H])=C([H])[H])C([H])([H])C([H])([H])C([H])([H])[H]
 - 32
[H]OC(=NC([H])(C(=O)N([H])C([H])([H])C1=C([H])C([H])=C([H])C([H])=C1[H])C([H])([H])C([H])([H])C([H])([H])C([H])([H])N(C(=O)N(N=O)C([H])([H])C([H])=C([H])[H])C([H])([H])C([H])([H])C([H])([H])[H])C([H])([H])[H]
 - 61
[H]OC([H])(N=C([H])C1=C([H])C([H])=C([H])C([H])=C1[H])C(=NC([H])(O[H])C([H])([H])[H])C([H])([H])C([H])([H])C([H])([H])C([H])([H])N(C(=O)N(N=O)C([H])([H])C([H])=C([H])[H])C([H])([H])C([H])([H])C([H])([H])[H]
 - 32
[H]C([H])=C([H])C([H])([H])N(N=O)C(=O)N(C([H])([H])C([H])([H])C([H])([H])[H])C([H])([H])C([H])([H])C([H])([H])C([H])([H])C([H])(N([H])C(=O)C([H])([H])[H])C(=O)N([H])C([H])([H])C1=C([H])C([H])=C([H])C([H])=C1[H]
 - 32
[H]OC(N=C(C([H])([H])C([H])([H])C([H])([H])C([H])([H])N(C(=O)N(N=O)C([H])([H])C([H])=C([H])[H])C([H])([H])C([H])([H])C([H])([H])[H])C([H])(O[H])N([H])C([H])([H])C1=C([H])C([H])=C([H])C([H])=C1[H])=C([H])[H]
 - 62
[H]OC(=NC([H])([H])C1=C([H])C([H])=C([H])C([H])=C1[H])C(=NC([H])(O[H])C([H])([H])[H])C([H])([H])C([H])([H])C([H])([H])C([H])([H])N(C(=O)N(N=O)C([H])([H])C([H])=C([H])[H])C([H])([H])C([H])([H])C([H])([H])[H]
 - 32
[H]OC([H])(N=C(C(=O)N([H])C([H])([H])C1=C([H])C([H])=C([H])C([H])=C1[H])C([H])([H])C([H])([H])C([H])([H])C([H])([H])N(C(=O)N(N=O)C([H])([H])C([H])=C([H])[H])C([H])([H])C([H])([H])C([H])([H])[H])C([H])([H])[H]
 - 61
[H]OC([H])(N([H])C([H])([H])C1=C([H])C([H])=C([H])C([H])=C1[H])C(=NC(=O)C([H])([H])[H])C([H])([H])C([H])([H])C([H])([H])C([H])([H])N(C(=O)N(N=O)C([H])([H])C([H])=C([H])[H])C([H])([H])C([H])([H])C([H])([H])[H]
 - 32
[H]OC(=NC([H])([H])C1=C([H])C([H])=C([H])C([H])=C1[H])C([H])(N([H])C([H])(O[H])C([H])([H])[H])C([H])=C([H])C([H])([H])C([H])([H])N(C(=O)N(N=O)C([H])([H])C([H])=C([H])[H])C([H])([H])C([H])([H])C([H])([H])[H]
 - 32
[H]OC([H])(N([H])C([H])(C([H])=C([H])C([H])([H])C([H])([H])N(C(=O)N(N=O)C([H])([H])C([H])=C([H])[H])C([H])([H])C([H])([H])C([H])([H])[H])C(=O)N([H])C([H])([H])C1=C([H])C([H])=C([H])C([H])=C1[H])C([H])([H])[H]
 - 61
[H]OC([H])(N=C(C([H])=C([H])C([H])([H])C([H])([H])N(C(=O)N(N=O)C([H])([H])C([H])=C([H])[H])C([H])([H])C([H])([H])C([H])([H])[H])C([H])(O[H])N([H])C([H])([H])C1=C([H])C([H])=C([H])C([H])=C1[H])C([H])([H])[H]
 - 61
[H]N(C1=C2N([H])C([H])=NC2=NC([H])=N1)C([H])([H])C([H])([H])C([H])([H])OC([H])([H])C([H])([H])C([H])([H])[H]
 - 18
[H]N(C1=C2N=C([H])N([H])C2=NC([H])=N1)C([H])([H])C([H])([H])C([H])([H])OC([H])([H])C([H])([H])C([H])([H])[H]
 - 18
[H]N1C([H])=NC2=C1C(=NC([H])([H])C([H])([H])C([H])([H])OC([H])([H])C([H])([H])C([H])([H])[H])N([H])C([H])=N2
 - 34
[H]N1C([H])=NC2=C1N=C([H])N([H])C2=NC([H])([H])C([H])([H])C([H])([H])OC([H])([H])C([H])([H])C([H])([H])[H]
 - 18
[H]N1C([H])=NC2=C1C(=NC([H])([H])C([H])([H])C([H])([H])OC([H])([H])C([H])([H])C([H])([H])[H])N=C([H])N2[H]
 - 33
[H]N1C([H])=NC2=C1N([H])C([H])=NC2=NC([H])([H])C([H])([H])C([H])([H])OC([H])([H])C([H])([H])C([H])([H])[H]
 - 18
[H]N(C1=C2N=C([H])N=C2N=C([H])N1[H])C([H])([H])C([H])([H])C([H])([H])OC([H])([H])C([H])([H])C([H])([H])[H]
 - 18
CCCOCCCNc1[nH]c[n]c2[n]c[n]c21
 - This structure cannot be kekulised!
[H]N(C1=C2N=C([H])N=C2N([H])C([H])=N1)C([H])([H])C([H])([H])C([H])([H])OC([H])([H])C([H])([H])C([H])([H])[H]
 - 18
[H]N(C1=C2N([H])C([H])=NC2=NC([H])=N1)C([H])([H])C1=C(OC([H])([H])C([H])([H])C([H])([H])[H])C([H])=C([H])C([H])=C1[H]
 - 37
[H]N(C1=C2N=C([H])N([H])C2=NC([H])=N1)C([H])([H])C1=C(OC([H])([H])C([H])([H])C([H])([H])[H])C([H])=C([H])C([H])=C1[H]
 - 37
[H]N1C([H])=NC2=C1N=C([H])N([H])C2=NC([H])([H])C1=C(OC([H])([H])C([H])([H])C([H])([H])[H])C([H])=C([H])C([H])=C1[H]
 - 37
[H]N1C([H])=NC2=C1C(=NC([H])([H])C1=C(OC([H])([H])C([H])([H])C([H])([H])[H])C([H])=C([H])C([H])=C1[H])N([H])C([H])=N2
 - 38
[H]N1C([H])=NC2=C1C(=NC([H])([H])C1=C(OC([H])([H])C([H])([H])C([H])([H])[H])C([H])=C([H])C([H])=C1[H])N=C([H])N2[H]
 - 37
[H]N1C([H])=NC2=C1N([H])C([H])=NC2=NC([H])([H])C1=C(OC([H])([H])C([H])([H])C([H])([H])[H])C([H])=C([H])C([H])=C1[H]
 - 37
[H]N(C1=C2N=C([H])N=C2N=C([H])N1[H])C([H])([H])C1=C(OC([H])([H])C([H])([H])C([H])([H])[H])C([H])=C([H])C([H])=C1[H]
 - 37
CCCOc1ccccc1CNc1[nH]c[n]c2[n]c[n]c21
 - This structure cannot be kekulised!
[H]N(C1=C2N=C([H])N=C2N([H])C([H])=N1)C([H])([H])C1=C(OC([H])([H])C([H])([H])C([H])([H])[H])C([H])=C([H])C([H])=C1[H]
 - 37
[H]N(C1=C2N([H])C([H])=NC2=NC([H])=N1)C([H])([H])C1=C([H])C([H])=C(OC([H])([H])C([H])([H])C([H])([H])[H])C([H])=C1[H]
 - 37
[H]N(C1=C2N=C([H])N([H])C2=NC([H])=N1)C([H])([H])C1=C([H])C([H])=C(OC([H])([H])C([H])([H])C([H])([H])[H])C([H])=C1[H]
 - 37
[H]N1C([H])=NC2=C1N=C([H])N([H])C2=NC([H])([H])C1=C([H])C([H])=C(OC([H])([H])C([H])([H])C([H])([H])[H])C([H])=C1[H]
 - 37
[H]N1C([H])=NC2=C1C(=NC([H])([H])C1=C([H])C([H])=C(OC([H])([H])C([H])([H])C([H])([H])[H])C([H])=C1[H])N([H])C([H])=N2
 - 38
[H]N1C([H])=NC2=C1N([H])C([H])=NC2=NC([H])([H])C1=C([H])C([H])=C(OC([H])([H])C([H])([H])C([H])([H])[H])C([H])=C1[H]
 - 37
[H]N1C([H])=NC2=C1C(=NC([H])([H])C1=C([H])C([H])=C(OC([H])([H])C([H])([H])C([H])([H])[H])C([H])=C1[H])N=C([H])N2[H]
 - 37
[H]N(C1=C2N=C([H])N=C2N=C([H])N1[H])C([H])([H])C1=C([H])C([H])=C(OC([H])([H])C([H])([H])C([H])([H])[H])C([H])=C1[H]
 - 37
CCCOc1ccc(CNc2[nH]c[n]c3[n]c[n]c32)cc1
 - This structure cannot be kekulised!
[H]N(C1=C2N=C([H])N=C2N([H])C([H])=N1)C([H])([H])C1=C([H])C([H])=C(OC([H])([H])C([H])([H])C([H])([H])[H])C([H])=C1[H]
 - 37
[H]OC1=C(N(C(=C([H])C1=O)C([H])([H])[H])C([H])([H])[H])C([H])([H])C([H])([H])C([H])([H])[H]
 - 19
[H]C1=C([H])C([H])=C(C([H])=C1[H])C(=O)N(C1=NC(=NC(=N1)C([H])([H])C([H])([H])C([H])([H])[H])N1C([H])([H])C([H])([H])OC([H])([H])C1([H])[H])C([H])([H])[H]
 - 45
[H]N(C(=O)C1=C([H])C([H])=C([H])C([H])=C1[H])C1=NC(=NC(=N1)N1C([H])([H])C([H])([H])OC([H])([H])C1([H])[H])C([H])([H])C([H])([H])C([H])([H])[H]
 - 36
[H]OC(=NC1=NC(=NC(=N1)N1C([H])([H])C([H])([H])OC([H])([H])C1([H])[H])C([H])([H])C([H])([H])C([H])([H])[H])C1=C([H])C([H])=C([H])C([H])=C1[H]
 - 35
[H]N1C(=NC(=O)C2=C([H])C([H])=C([H])C([H])=C2[H])N=C(N=C1C([H])([H])C([H])([H])C([H])([H])[H])N1C([H])([H])C([H])([H])OC([H])([H])C1([H])[H]
 - 32
[H]N1C(=NC(=NC(=O)C2=C([H])C([H])=C([H])C([H])=C2[H])N=C1C([H])([H])C([H])([H])C([H])([H])[H])N1C([H])([H])C([H])([H])OC([H])([H])C1([H])[H]
 - 32
[H]N1C(=NC(=O)C2=C([H])C([H])=C([H])C([H])=C2[H])N=C(N=C1N1C([H])([H])C([H])([H])OC([H])([H])C1([H])[H])C([H])([H])C([H])([H])C([H])([H])[H]
 - 36
[H]N(C1=NC(=NC(=N1)N1C([H])([H])C([H])([H])OC([H])([H])C1([H])[H])C([H])([H])C([H])([H])C([H])([H])[H])C1=C(OC([H])([H])[H])C([H])=C([H])C([H])=C1[H]
 - 33
[H]N1C(=NC2=C(OC([H])([H])[H])C([H])=C([H])C([H])=C2[H])N=C(N=C1C([H])([H])C([H])([H])C([H])([H])[H])N1C([H])([H])C([H])([H])OC([H])([H])C1([H])[H]
 - 34
[H]N1C(=NC(=NC2=C(OC([H])([H])[H])C([H])=C([H])C([H])=C2[H])N=C1C([H])([H])C([H])([H])C([H])([H])[H])N1C([H])([H])C([H])([H])OC([H])([H])C1([H])[H]
 - 34
[H]N1C(=NC2=C(OC([H])([H])[H])C([H])=C([H])C([H])=C2[H])N=C(N=C1N1C([H])([H])C([H])([H])OC([H])([H])C1([H])[H])C([H])([H])C([H])([H])C([H])([H])[H]
 - 38
[H]OC(N([H])C1=C(F)C(F)=C([H])C([H])=C1[H])=C([H])C1=NN([H])C(N([H])C2=C3C([H])=C(OC([H])([H])[H])C(OC([H])([H])C([H])([H])C([H])([H])N(C([H])([H])C([H])([H])[H])C([H])([H])C([H])([H])O[H])=C([H])C3=NC([H])=N2)=C1[H]
 - 70
[H]OC(N([H])C1=C(F)C(F)=C([H])C([H])=C1[H])=C([H])C1=C([H])C(=NN1[H])N([H])C1=C2C([H])=C(OC([H])([H])[H])C(OC([H])([H])C([H])([H])C([H])([H])N(C([H])([H])C([H])([H])[H])C([H])([H])C([H])([H])O[H])=C([H])C2=NC([H])=N1
 - 71
[H]OC([H])([H])C([H])([H])N(C([H])([H])C([H])([H])[H])C([H])([H])C([H])([H])C([H])([H])OC1=C([H])C2=NC([H])=NC(N([H])C3=C([H])C(=NN3[H])C([H])([H])C(=O)N([H])C3=C(F)C(F)=C([H])C([H])=C3[H])=C2C([H])=C1OC([H])([H])[H]
 - 66
[H]OC([H])([H])C([H])([H])N(C([H])([H])C([H])([H])[H])C([H])([H])C([H])([H])C([H])([H])OC1=C([H])C2=NC([H])=NC(N([H])C3=NN([H])C(=C3[H])C([H])([H])C(=O)N([H])C3=C(F)C(F)=C([H])C([H])=C3[H])=C2C([H])=C1OC([H])([H])[H]
 - 66
[H]OC([H])([H])C([H])([H])N(C([H])([H])C([H])([H])[H])C([H])([H])C([H])([H])C([H])([H])OC1=C(OC([H])([H])[H])C([H])=C2C(=NC([H])=NC2=C1[H])N([H])C1=NN([H])C(=C1[H])C([H])([H])C(=O)N([H])C1=C(F)C(F)=C([H])C([H])=C1[H]
 - 43
COc1cc2c(Nc3cc(CC(=O)Nc4cccc(F)c4F)[nH][n]3)[n]c[n]c2cc1OCCCN(CCO)CC
 - This structure cannot be kekulised!
[H]OC(=NC1=C(F)C(F)=C([H])C([H])=C1[H])C([H])([H])C1=NN([H])C(N([H])C2=C3C([H])=C(OC([H])([H])[H])C(OC([H])([H])C([H])([H])C([H])([H])N(C([H])([H])C([H])([H])[H])C([H])([H])C([H])([H])O[H])=C([H])C3=NC([H])=N2)=C1[H]
 - 70
[H]OC(=NC1=C(F)C(F)=C([H])C([H])=C1[H])C([H])([H])C1=C([H])C(=NN1[H])N([H])C1=C2C([H])=C(OC([H])([H])[H])C(OC([H])([H])C([H])([H])C([H])([H])N(C([H])([H])C([H])([H])[H])C([H])([H])C([H])([H])O[H])=C([H])C2=NC([H])=N1
 - 71
[H]OC(N([H])C1=C(F)C(F)=C([H])C([H])=C1[H])=C([H])C1=NN([H])C(N=C2N([H])C([H])=NC3=C([H])C(OC([H])([H])C([H])([H])C([H])([H])N(C([H])([H])C([H])([H])[H])C([H])([H])C([H])([H])O[H])=C(OC([H])([H])[H])C([H])=C23)=C1[H]
 - 70
[H]OC(N([H])C1=C(F)C(F)=C([H])C([H])=C1[H])=C([H])C1=C([H])C(N=C2N([H])C([H])=NC3=C([H])C(OC([H])([H])C([H])([H])C([H])([H])N(C([H])([H])C([H])([H])[H])C([H])([H])C([H])([H])O[H])=C(OC([H])([H])[H])C([H])=C23)=NN1[H]
 - 70
[H]OC(N([H])C1=C(F)C(F)=C([H])C([H])=C1[H])=C([H])C1=NN([H])C(N=C2N=C([H])N([H])C3=C([H])C(OC([H])([H])C([H])([H])C([H])([H])N(C([H])([H])C([H])([H])[H])C([H])([H])C([H])([H])O[H])=C(OC([H])([H])[H])C([H])=C23)=C1[H]
 - 70
[H]OC(N([H])C1=C(F)C(F)=C([H])C([H])=C1[H])=C([H])C1=C([H])C(N=C2N=C([H])N([H])C3=C([H])C(OC([H])([H])C([H])([H])C([H])([H])N(C([H])([H])C([H])([H])[H])C([H])([H])C([H])([H])O[H])=C(OC([H])([H])[H])C([H])=C23)=NN1[H]
 - 70
[H]OC([H])([H])C([H])([H])N(C([H])([H])C([H])([H])[H])C([H])([H])C([H])([H])C([H])([H])OC1=C(OC([H])([H])[H])C([H])=C2C(=NC3=NN([H])C(=C3[H])C([H])([H])C(=O)N([H])C3=C(F)C(F)=C([H])C([H])=C3[H])N([H])C([H])=NC2=C1[H]
 - 70
[H]OC([H])([H])C([H])([H])N(C([H])([H])C([H])([H])[H])C([H])([H])C([H])([H])C([H])([H])OC1=C(OC([H])([H])[H])C([H])=C2C(=NC3=C([H])C(=NN3[H])C([H])([H])C(=O)N([H])C3=C(F)C(F)=C([H])C([H])=C3[H])N([H])C([H])=NC2=C1[H]
 - 70
[H]OC([H])([H])C([H])([H])N(C([H])([H])C([H])([H])[H])C([H])([H])C([H])([H])C([H])([H])OC1=C(OC([H])([H])[H])C([H])=C2C(=NC3=NN([H])C(=C3[H])C([H])([H])C(=O)N([H])C3=C(F)C(F)=C([H])C([H])=C3[H])N=C([H])N([H])C2=C1[H]
 - 70
[H]OC([H])([H])C([H])([H])N(C([H])([H])C([H])([H])[H])C([H])([H])C([H])([H])C([H])([H])OC1=C(OC([H])([H])[H])C([H])=C2C(=NC3=C([H])C(=NN3[H])C([H])([H])C(=O)N([H])C3=C(F)C(F)=C([H])C([H])=C3[H])N=C([H])N([H])C2=C1[H]
 - 70
[H]OC(=NC1=C(F)C(F)=C([H])C([H])=C1[H])C([H])([H])C1=C([H])C(N=C2N([H])C([H])=NC3=C([H])C(OC([H])([H])C([H])([H])C([H])([H])N(C([H])([H])C([H])([H])[H])C([H])([H])C([H])([H])O[H])=C(OC([H])([H])[H])C([H])=C23)=NN1[H]
 - 70
[H]OC(=NC1=C(F)C(F)=C([H])C([H])=C1[H])C([H])([H])C1=NN([H])C(N=C2N([H])C([H])=NC3=C([H])C(OC([H])([H])C([H])([H])C([H])([H])N(C([H])([H])C([H])([H])[H])C([H])([H])C([H])([H])O[H])=C(OC([H])([H])[H])C([H])=C23)=C1[H]
 - 70
[H]OC(=NC1=C(F)C(F)=C([H])C([H])=C1[H])C([H])([H])C1=C([H])C(N=C2N=C([H])N([H])C3=C([H])C(OC([H])([H])C([H])([H])C([H])([H])N(C([H])([H])C([H])([H])[H])C([H])([H])C([H])([H])O[H])=C(OC([H])([H])[H])C([H])=C23)=NN1[H]
 - 70
[H]OC(=NC1=C(F)C(F)=C([H])C([H])=C1[H])C([H])([H])C1=NN([H])C(N=C2N=C([H])N([H])C3=C([H])C(OC([H])([H])C([H])([H])C([H])([H])N(C([H])([H])C([H])([H])[H])C([H])([H])C([H])([H])O[H])=C(OC([H])([H])[H])C([H])=C23)=C1[H]
 - 70
[H]OC(N([H])C1=C(F)C(F)=C([H])C([H])=C1[H])=C([H])C1=C([H])C(=NC2=C3C([H])=C(OC([H])([H])[H])C(OC([H])([H])C([H])([H])C([H])([H])N(C([H])([H])C([H])([H])[H])C([H])([H])C([H])([H])O[H])=C([H])C3=NC([H])=N2)N([H])N1[H]
 - 70
[H]OC([H])([H])C([H])([H])N(C([H])([H])C([H])([H])[H])C([H])([H])C([H])([H])C([H])([H])OC1=C([H])C2=NC([H])=NC(N=C3N([H])N([H])C(=C3[H])C([H])([H])C(=O)N([H])C3=C(F)C(F)=C([H])C([H])=C3[H])=C2C([H])=C1OC([H])([H])[H]
 - 66
[H]OC(=NC1=C(F)C(F)=C([H])C([H])=C1[H])C([H])([H])C1=C([H])C(=NC2=C3C([H])=C(OC([H])([H])[H])C(OC([H])([H])C([H])([H])C([H])([H])N(C([H])([H])C([H])([H])[H])C([H])([H])C([H])([H])O[H])=C([H])C3=NC([H])=N2)N([H])N1[H]
 - 70
[H]SC(=NC([H])([H])C([H])([H])[H])N([H])S(=O)(=O)C1=C(N([H])C2([H])C([H])([H])C([H])([H])C([H])([H])C([H])([H])C2([H])[H])C([H])=C([H])N=C1[H]
 - 43
[H]SC(=NS(=O)(=O)C1=C(N([H])C2([H])C([H])([H])C([H])([H])C([H])([H])C([H])([H])C2([H])[H])C([H])=C([H])N=C1[H])N([H])C([H])([H])C([H])([H])[H]
 - 36
[H]N(C(=S)N([H])S(=O)(=O)C1=C(N([H])C2([H])C([H])([H])C([H])([H])C([H])([H])C([H])([H])C2([H])[H])C([H])=C([H])N=C1[H])C([H])([H])C([H])([H])[H]
 - 38
[H]SC(=NC([H])([H])C([H])([H])[H])N([H])S(=O)(=O)C1=C([H])N([H])C([H])=C([H])C1=NC1([H])C([H])([H])C([H])([H])C([H])([H])C([H])([H])C1([H])[H]
 - 26
[H]SC(=NS(=O)(=O)C1=C([H])N([H])C([H])=C([H])C1=NC1([H])C([H])([H])C([H])([H])C([H])([H])C([H])([H])C1([H])[H])N([H])C([H])([H])C([H])([H])[H]
 - 36
[H]N(C(=S)N([H])S(=O)(=O)C1=C([H])N([H])C([H])=C([H])C1=NC1([H])C([H])([H])C([H])([H])C([H])([H])C([H])([H])C1([H])[H])C([H])([H])C([H])([H])[H]
 - 38
[H]OS(=O)(=NC([H])(S[H])N=C([H])C([H])([H])[H])C1=C(N([H])C2([H])C([H])([H])C([H])([H])C([H])([H])C([H])([H])C2([H])[H])C([H])=C([H])N=C1[H]
 - 43
[H]OS([H])(=O)(N=C(S[H])N=C([H])C([H])([H])[H])C1=C(N([H])C2([H])C([H])([H])C([H])([H])C([H])([H])C([H])([H])C2([H])[H])C([H])=C([H])N=C1[H]
 - 43
[H]OS([H])(=O)(N([H])C(S[H])=NC([H])=C([H])[H])C1=C(N([H])C2([H])C([H])([H])C([H])([H])C([H])([H])C([H])([H])C2([H])[H])C([H])=C([H])N=C1[H]
 - 43
[H]OS(=O)(=NC(S[H])=NC([H])([H])C([H])([H])[H])C1=C(N([H])C2([H])C([H])([H])C([H])([H])C([H])([H])C([H])([H])C2([H])[H])C([H])=C([H])N=C1[H]
 - 43
[H]OS(=O)(=NC([H])(S[H])N([H])C([H])=C([H])[H])C1=C(N([H])C2([H])C([H])([H])C([H])([H])C([H])([H])C([H])([H])C2([H])[H])C([H])=C([H])N=C1[H]
 - 43
[H]OS([H])(=O)(N=C(S[H])N([H])C([H])=C([H])[H])C1=C(N([H])C2([H])C([H])([H])C([H])([H])C([H])([H])C([H])([H])C2([H])[H])C([H])=C([H])N=C1[H]
 - 43
[H]OS(=O)(=NC(=S)N([H])C([H])([H])C([H])([H])[H])C1=C(N([H])C2([H])C([H])([H])C([H])([H])C([H])([H])C([H])([H])C2([H])[H])C([H])=C([H])N=C1[H]
 - 43
[H]OS(=O)(=NC([H])(S[H])N=C([H])C([H])([H])[H])C1=C([H])N([H])C([H])=C([H])C1=NC1([H])C([H])([H])C([H])([H])C([H])([H])C([H])([H])C1([H])[H]
 - 26
[H]OS(=O)(=NC(S[H])=NC([H])([H])C([H])([H])[H])C1=C([H])N([H])C([H])=C([H])C1=NC1([H])C([H])([H])C([H])([H])C([H])([H])C([H])([H])C1([H])[H]
 - 26
[H]OS(=O)(=NC([H])(S[H])N([H])C([H])=C([H])[H])C1=C([H])N([H])C([H])=C([H])C1=NC1([H])C([H])([H])C([H])([H])C([H])([H])C([H])([H])C1([H])[H]
 - 26
[H]OS([H])(=O)(N=C(S[H])N=C([H])C([H])([H])[H])C1=C([H])N([H])C([H])=C([H])C1=NC1([H])C([H])([H])C([H])([H])C([H])([H])C([H])([H])C1([H])[H]
 - 26
[H]OS([H])(=O)(N([H])C(S[H])=NC([H])=C([H])[H])C1=C([H])N([H])C([H])=C([H])C1=NC1([H])C([H])([H])C([H])([H])C([H])([H])C([H])([H])C1([H])[H]
 - 26
[H]OS([H])(=O)(N=C(S[H])N([H])C([H])=C([H])[H])C1=C([H])N([H])C([H])=C([H])C1=NC1([H])C([H])([H])C([H])([H])C([H])([H])C([H])([H])C1([H])[H]
 - 26
[H]OS(=O)(=NC(=S)N([H])C([H])([H])C([H])([H])[H])C1=C([H])N([H])C([H])=C([H])C1=NC1([H])C([H])([H])C([H])([H])C([H])([H])C([H])([H])C1([H])[H]
 - 26
[H]OS([H])(O[H])(=NC(S[H])=NC([H])=C([H])[H])C1=C(N([H])C2([H])C([H])([H])C([H])([H])C([H])([H])C([H])([H])C2([H])[H])C([H])=C([H])N=C1[H]
 - 43
[H]OS([H])(O[H])(=NC(=S)N=C([H])C([H])([H])[H])C1=C(N([H])C2([H])C([H])([H])C([H])([H])C([H])([H])C([H])([H])C2([H])[H])C([H])=C([H])N=C1[H]
 - 43
[H]OS([H])(O[H])(=NC(=S)N([H])C([H])=C([H])[H])C1=C(N([H])C2([H])C([H])([H])C([H])([H])C([H])([H])C([H])([H])C2([H])[H])C([H])=C([H])N=C1[H]
 - 43
[H]OS([H])(O[H])(=NC(S[H])=NC([H])=C([H])[H])C1=C([H])N([H])C([H])=C([H])C1=NC1([H])C([H])([H])C([H])([H])C([H])([H])C([H])([H])C1([H])[H]
 - 26
[H]OS([H])(O[H])(=NC(=S)N=C([H])C([H])([H])[H])C1=C([H])N([H])C([H])=C([H])C1=NC1([H])C([H])([H])C([H])([H])C([H])([H])C([H])([H])C1([H])[H]
 - 26
[H]OS([H])(O[H])(=NC(=S)N([H])C([H])=C([H])[H])C1=C([H])N([H])C([H])=C([H])C1=NC1([H])C([H])([H])C([H])([H])C([H])([H])C([H])([H])C1([H])[H]
 - 26
[H]S\\C(SC([H])([H])[H])=N/C([H])([H])C([H])([H])[H]
 - 2 bonds in a row
[H]N(\\C(=N/C#N)N([H])S(=O)(=O)C1=C(N([H])C2([H])C([H])([H])C([H])([H])C([H])([H])C([H])([H])C([H])([H])C([H])([H])C2([H])[H])C([H])=C([H])N=C1[H])C([H])([H])C([H])([H])[H]
 - 2 bonds in a row
[H]N1C(=C(C(=O)OC([H])([H])[H])C([H])(C(C(=O)OC([H])([H])C([H])([H])[H])=C1C([H])([H])[H])C([H])([H])[H])C([H])([H])[H]
 - 25
[H]C([H])=C1N([H])C(=C(C(=O)OC([H])([H])C([H])([H])[H])C([H])(C([H])([H])[H])C1([H])C(=O)OC([H])([H])[H])C([H])([H])[H]
 - 25
[H]C([H])=C1N([H])C(=C(C(=O)OC([H])([H])[H])C([H])(C([H])([H])[H])C1([H])C(=O)OC([H])([H])C([H])([H])[H])C([H])([H])[H]
 - 22
[H]C([H])=C1N([H])C(=C([H])[H])C([H])(C(=O)OC([H])([H])C([H])([H])[H])C([H])(C([H])([H])[H])C1([H])C(=O)OC([H])([H])[H]
 - 29
[H]C([H])([H])OC(=O)C1=C(N=C(C([H])([H])[H])C([H])(C(=O)OC([H])([H])C([H])([H])[H])C1([H])C([H])([H])[H])C([H])([H])[H]
 - 28
[H]C([H])([H])OC(=O)C1([H])C(=NC(=C(C(=O)OC([H])([H])C([H])([H])[H])C1([H])C([H])([H])[H])C([H])([H])[H])C([H])([H])[H]
 - 24
[H]C([H])=C1N=C(C([H])([H])[H])C([H])(C(=O)OC([H])([H])[H])C([H])(C([H])([H])[H])C1([H])C(=O)OC([H])([H])C([H])([H])[H]
 - 26
[H]C([H])=C1N=C(C([H])([H])[H])C([H])(C(=O)OC([H])([H])C([H])([H])[H])C([H])(C([H])([H])[H])C1([H])C(=O)OC([H])([H])[H]
 - 29
[H]C1=C(C(=O)OC([H])([H])C([H])([H])[H])C(=O)N2C([H])=C(C([H])=C([H])C2=N1)C([H])([H])[H]
 - 25
[H]C1=C([H])C(\\C(=N\\OC([H])([H])C([H])([H])[H])C([H])([H])[H])=C(C(=O)OC([H])([H])[H])C(OC2=NC(OC([H])([H])[H])=C([H])C(OC([H])([H])[H])=N2)=C1[H]
 - 2 bonds in a row
CCOP(O)(NC(C)=CC)OC1=CC(C)=CC=C1[N+]([O-])=O
 - 'NoneType' object has no attribute 'kekulise'
CCOP(O)(NC(=C)CC)OC1=CC(C)=CC=C1[N+]([O-])=O
 - 'NoneType' object has no attribute 'kekulise'
[H]OP([H])(OC1=C(C([H])=C([H])C(=C1[H])C([H])([H])[H])[N+]([O-])=O)(OC([H])([H])C([H])([H])[H])N([H])C(=C([H])[H])C([H])([H])C([H])([H])[H]
 - 'NoneType' object has no attribute 'kekulise'
[H]OP([H])(OC1=C(C([H])=C([H])C(=C1[H])C([H])([H])[H])[N+]([O-])=O)(OC([H])([H])C([H])([H])[H])N([H])C(=C([H])C([H])([H])[H])C([H])([H])[H]
 - 'NoneType' object has no attribute 'kekulise'
[H]N(C([H])(C([H])([H])[H])C([H])([H])C([H])([H])[H])P(=O)(OC1=C(C([H])=C([H])C(=C1[H])C([H])([H])[H])[N+]([O-])=O)OC([H])([H])C([H])([H])[H]
 - 'NoneType' object has no attribute 'kekulise'
Cc1ccc(c(c1)OP(=O)(NC(C)CC)OCC)[N+]([O-])=O
 - 'NoneType' object has no attribute 'kekulise'
CCOP(=O)(NC(C)CC)OC1=CC(C)=CC=C1[N+]([O-])=O
 - 'NoneType' object has no attribute 'kekulise'
CCOP(=O)(NC(C)CC)Oc1cc(C)ccc1[N+](=O)[O-]
 - 'NoneType' object has no attribute 'kekulise'
CCOP(O)(OC1=CC(C)=CC=C1[N+]([O-])=O)N=C(C)CC
 - 'NoneType' object has no attribute 'kekulise'
[H]OP([H])(OC1=C(C([H])=C([H])C(=C1[H])C([H])([H])[H])[N+]([O-])=O)(OC([H])([H])C([H])([H])[H])N=C(C([H])([H])[H])C([H])([H])C([H])([H])[H]
 - 'NoneType' object has no attribute 'kekulise'
[H]OP(OC1=C(C([H])=C([H])C(=C1[H])C([H])([H])[H])[N+]([O-])=O)(OC([H])([H])C([H])([H])[H])=NC([H])(C([H])([H])[H])C([H])([H])C([H])([H])[H]
 - 'NoneType' object has no attribute 'kekulise'
CCOP(O)(OC1=CC(C)=CC=C1[N+]([O-])=O)=NC(C)CC
 - 'NoneType' object has no attribute 'kekulise'
[H]C([H])([H])C([H])([H])OP(=O)(OC([H])([H])C([H])([H])[H])C(Cl)(Cl)P(=O)(OC([H])([H])C([H])([H])[H])OC([H])([H])C([H])([H])[H]
 - 20
[H]C1=C([H])C(=C([H])C([H])=C1F)C1([H])OC2=C(C(=C([H])N3C2=NC(=C3C([H])([H])[H])C([H])([H])[H])C(=O)N(C([H])([H])[H])C([H])([H])[H])C([H])([H])C1([H])[H]
 - 47
[H]OC([H])([H])C1=C(N=C2N1C([H])=C(C(=O)N(C([H])([H])[H])C([H])([H])[H])C1=C2OC([H])(C2=C([H])C([H])=C([H])C([H])=C2[H])C([H])([H])C1([H])[H])C([H])([H])[H]
 - 47
[H]C1=C([H])C(Cl)=C(OC([H])([H])C([H])([H])N(C([H])([H])[H])C([H])([H])[H])C(Cl)=C1[H]
 - 26
[H]C1=C([H])C(Cl)=C(OC([H])([H])C([H])([H])N(C([H])([H])[H])C([H])([H])[H])C([H])=C1[H]
 - 26
[H]C1=C([H])C(C#N)=C([H])C([H])=C1\\N=N\\N(C(=O)OC([H])([H])OC(=O)C([H])([H])[H])C([H])([H])[H]
 - 2 bonds in a row
[H]OC(=NC1([H])C([H])([H])C([H])([H])C([H])([H])C([H])([H])C1([H])[H])N1C(=O)N(C([H])([H])[H])C([H])([H])C1([H])O[H]
 - 22
[H]OC1([H])N(C(=O)N([H])C2([H])C([H])([H])C([H])([H])C([H])([H])C([H])([H])C2([H])[H])C(=O)N(C([H])([H])[H])C1([H])[H]
 - 34
[H]N([H])C1=C([H])C([H])=C(C([H])=C1[H])C([H])([H])C([H])(N([H])C([H])([H])[H])C([H])([H])[H]
 - 14
[H]N(C([H])([H])[H])C([H])(C([H])([H])[H])C([H])([H])C1=C([H])C([H])=C(OC([H])([H])[H])C([H])=C1[H]
 - 14
[H]OC(N([H])C([H])([H])C1([H])C([H])([H])C([H])([H])C([H])(N([H])[H])C([H])([H])C1([H])[H])=C1N(C(O[H])=C(N([H])C([H])([H])[H])C([H])([H])C2=C([H])C([H])=C([H])C([H])=C2[H])C([H])([H])C([H])([H])C1([H])[H]
 - 29
[H]OC(N1C([H])([H])C([H])([H])C([H])([H])C1([H])C(O[H])=NC([H])([H])C1([H])C([H])([H])C([H])([H])C([H])(N([H])[H])C([H])([H])C1([H])[H])=C(N([H])C([H])([H])[H])C([H])([H])C1=C([H])C([H])=C([H])C([H])=C1[H]
 - 42
[H]OC(N1C([H])([H])C([H])([H])C([H])([H])C1([H])C(=O)N([H])C([H])([H])C1([H])C([H])([H])C([H])([H])C([H])(N([H])[H])C([H])([H])C1([H])[H])=C(N([H])C([H])([H])[H])C([H])([H])C1=C([H])C([H])=C([H])C([H])=C1[H]
 - 42
[H]OC(N([H])C([H])([H])C1([H])C([H])([H])C([H])([H])C([H])(N([H])[H])C([H])([H])C1([H])[H])=C1N(C([H])([H])C([H])([H])C1([H])[H])C([H])(O[H])C(N([H])C([H])([H])[H])=C([H])C1=C([H])C([H])=C([H])C([H])=C1[H]
 - 29
[H]OC(=NC([H])([H])C1([H])C([H])([H])C([H])([H])C([H])(N([H])[H])C([H])([H])C1([H])[H])C1([H])N(C([H])([H])C([H])([H])C1([H])[H])C([H])(O[H])C(N([H])C([H])([H])[H])=C([H])C1=C([H])C([H])=C([H])C([H])=C1[H]
 - 29
[H]OC(N([H])C([H])([H])C1([H])C([H])([H])C([H])([H])C([H])(N([H])[H])C([H])([H])C1([H])[H])=C1N(C(=O)C([H])(N([H])C([H])([H])[H])C([H])([H])C2=C([H])C([H])=C([H])C([H])=C2[H])C([H])([H])C([H])([H])C1([H])[H]
 - 29
[H]OC([H])(N1C([H])([H])C([H])([H])C([H])([H])C1([H])C(=O)N([H])C([H])([H])C1([H])C([H])([H])C([H])([H])C([H])(N([H])[H])C([H])([H])C1([H])[H])C(N([H])C([H])([H])[H])=C([H])C1=C([H])C([H])=C([H])C([H])=C1[H]
 - 43
[H]OC(N([H])C([H])([H])C1([H])C([H])([H])C([H])([H])C([H])(N([H])[H])C([H])([H])C1([H])[H])=C1N(C([H])([H])C([H])([H])C1([H])[H])C([H])(O[H])C(=NC([H])([H])[H])C([H])([H])C1=C([H])C([H])=C([H])C([H])=C1[H]
 - 29
[H]OC(=NC([H])([H])C1([H])C([H])([H])C([H])([H])C([H])(N([H])[H])C([H])([H])C1([H])[H])C1([H])N(C(=O)C([H])(N([H])C([H])([H])[H])C([H])([H])C2=C([H])C([H])=C([H])C([H])=C2[H])C([H])([H])C([H])([H])C1([H])[H]
 - 29
[H]N([H])C1([H])C([H])([H])C([H])([H])C([H])(C([H])([H])N([H])C(=O)C2([H])N(C(=O)C([H])(N([H])C([H])([H])[H])C([H])([H])C3=C([H])C([H])=C([H])C([H])=C3[H])C([H])([H])C([H])([H])C2([H])[H])C([H])([H])C1([H])[H]
 - 60
[H]OC(=NC([H])([H])C1([H])C([H])([H])C([H])([H])C([H])(N([H])[H])C([H])([H])C1([H])[H])C1([H])N(C([H])([H])C([H])([H])C1([H])[H])C([H])(O[H])C(=NC([H])([H])[H])C([H])([H])C1=C([H])C([H])=C([H])C([H])=C1[H]
 - 29
[H]OC([H])(N1C([H])([H])C([H])([H])C([H])([H])C1([H])C(=O)N([H])C([H])([H])C1([H])C([H])([H])C([H])([H])C([H])(N([H])[H])C([H])([H])C1([H])[H])C(=NC([H])([H])[H])C([H])([H])C1=C([H])C([H])=C([H])C([H])=C1[H]
 - 43
[H]C(=C(C(=O)OC([H])([H])[H])C(=O)OC([H])([H])[H])C1=C([H])N=C(SC(=O)C([H])([H])[H])N1C([H])([H])[H]
 - 30
[H]\\C(=C(\\C(=O)OC([H])([H])[H])C([H])([H])[H])C1([H])C([H])(C(=O)OC([H])([H])C2=C([H])C(=C([H])C([H])=C2[H])C([H])([H])C2=C([H])C([H])=C([H])C([H])=C2[H])C1(C([H])([H])[H])C([H])([H])[H]
 - 2 bonds in a row
[H]OP([H])(OC1=C([H])C(Cl)=C(Cl)C([H])=C1[H])(OC([H])([H])C1([H])OC([H])(C([H])=C1[H])N1C([H])=C(C(=O)N([H])C1=O)C([H])([H])[H])N([H])C(=C([H])[H])C(=O)OC([H])([H])[H]
 - 44
[H]OC1=NC(=O)N(C([H])=C1C([H])([H])[H])C1([H])OC([H])(C([H])=C1[H])C([H])([H])OP([H])(O[H])(OC1=C([H])C(Cl)=C(Cl)C([H])=C1[H])N([H])C(=C([H])[H])C(=O)OC([H])([H])[H]
 - 44
[H]OC1=NC(=O)C(=C([H])N1C1([H])OC([H])(C([H])=C1[H])C([H])([H])OP([H])(O[H])(OC1=C([H])C(Cl)=C(Cl)C([H])=C1[H])N([H])C(=C([H])[H])C(=O)OC([H])([H])[H])C([H])([H])[H]
 - 53
[H]N(C([H])(C(=O)OC([H])([H])[H])C([H])([H])[H])P(=O)(OC1=C([H])C(Cl)=C(Cl)C([H])=C1[H])OC([H])([H])C1([H])OC([H])(C([H])=C1[H])N1C([H])=C(C(=O)N([H])C1=O)C([H])([H])[H]
 - 35
[H]OP([H])(OC1=C([H])C(Cl)=C(Cl)C([H])=C1[H])(OC([H])([H])C1([H])OC([H])(C([H])=C1[H])N1C([H])=C(C(=O)N([H])C1=O)C([H])([H])[H])N=C(C(=O)OC([H])([H])[H])C([H])([H])[H]
 - 44
[H]OC1=NC(=O)C(=C([H])N1C1([H])OC([H])(C([H])=C1[H])C([H])([H])OP(=O)(OC1=C([H])C(Cl)=C(Cl)C([H])=C1[H])N([H])C([H])(C(=O)OC([H])([H])[H])C([H])([H])[H])C([H])([H])[H]
 - 53
[H]OC1=NC(=O)N(C([H])=C1C([H])([H])[H])C1([H])OC([H])(C([H])=C1[H])C([H])([H])OP(=O)(OC1=C([H])C(Cl)=C(Cl)C([H])=C1[H])N([H])C([H])(C(=O)OC([H])([H])[H])C([H])([H])[H]
 - 42
[H]OC1=NC(=O)N(C([H])=C1C([H])([H])[H])C1([H])OC([H])(C([H])=C1[H])C([H])([H])OP([H])(O[H])(OC1=C([H])C(Cl)=C(Cl)C([H])=C1[H])N=C(C(=O)OC([H])([H])[H])C([H])([H])[H]
 - 44
[H]OC1=NC(=O)C(=C([H])N1C1([H])OC([H])(C([H])=C1[H])C([H])([H])OP([H])(O[H])(OC1=C([H])C(Cl)=C(Cl)C([H])=C1[H])N=C(C(=O)OC([H])([H])[H])C([H])([H])[H])C([H])([H])[H]
 - 53
[H]OP(OC1=C([H])C(Cl)=C(Cl)C([H])=C1[H])(OC([H])([H])C1([H])OC([H])(C([H])=C1[H])N1C([H])=C(C(=O)N([H])C1=O)C([H])([H])[H])=NC([H])(C(=O)OC([H])([H])[H])C([H])([H])[H]
 - 43
[H]OC1=NC(=O)C(=C([H])N1C1([H])OC([H])(C([H])=C1[H])C([H])([H])OP(O[H])(OC1=C([H])C(Cl)=C(Cl)C([H])=C1[H])=NC([H])(C(=O)OC([H])([H])[H])C([H])([H])[H])C([H])([H])[H]
 - 53
[H]OC1=NC(=O)N(C([H])=C1C([H])([H])[H])C1([H])OC([H])(C([H])=C1[H])C([H])([H])OP(O[H])(OC1=C([H])C(Cl)=C(Cl)C([H])=C1[H])=NC([H])(C(=O)OC([H])([H])[H])C([H])([H])[H]
 - 43
[H]OP([H])(OC1=C([H])C([H])=C(OC(F)(F)F)C([H])=C1[H])(OC([H])([H])C1([H])OC([H])(C([H])=C1[H])N1C([H])=C(C(=O)N([H])C1=O)C([H])([H])[H])N([H])C(=C([H])[H])C(=O)OC([H])([H])[H]
 - 48
[H]OC1=NC(=O)C(=C([H])N1C1([H])OC([H])(C([H])=C1[H])C([H])([H])OP([H])(O[H])(OC1=C([H])C([H])=C(OC(F)(F)F)C([H])=C1[H])N([H])C(=C([H])[H])C(=O)OC([H])([H])[H])C([H])([H])[H]
 - 57
[H]OC1=NC(=O)N(C([H])=C1C([H])([H])[H])C1([H])OC([H])(C([H])=C1[H])C([H])([H])OP([H])(O[H])(OC1=C([H])C([H])=C(OC(F)(F)F)C([H])=C1[H])N([H])C(=C([H])[H])C(=O)OC([H])([H])[H]
 - 48
[H]N(C([H])(C(=O)OC([H])([H])[H])C([H])([H])[H])P(=O)(OC1=C([H])C([H])=C(OC(F)(F)F)C([H])=C1[H])OC([H])([H])C1([H])OC([H])(C([H])=C1[H])N1C([H])=C(C(=O)N([H])C1=O)C([H])([H])[H]
 - 38
[H]OP([H])(OC1=C([H])C([H])=C(OC(F)(F)F)C([H])=C1[H])(OC([H])([H])C1([H])OC([H])(C([H])=C1[H])N1C([H])=C(C(=O)N([H])C1=O)C([H])([H])[H])N=C(C(=O)OC([H])([H])[H])C([H])([H])[H]
 - 48
[H]OC1=NC(=O)C(=C([H])N1C1([H])OC([H])(C([H])=C1[H])C([H])([H])OP(=O)(OC1=C([H])C([H])=C(OC(F)(F)F)C([H])=C1[H])N([H])C([H])(C(=O)OC([H])([H])[H])C([H])([H])[H])C([H])([H])[H]
 - 57
[H]OC1=NC(=O)N(C([H])=C1C([H])([H])[H])C1([H])OC([H])(C([H])=C1[H])C([H])([H])OP(=O)(OC1=C([H])C([H])=C(OC(F)(F)F)C([H])=C1[H])N([H])C([H])(C(=O)OC([H])([H])[H])C([H])([H])[H]
 - 46
[H]OC1=NC(=O)N(C([H])=C1C([H])([H])[H])C1([H])OC([H])(C([H])=C1[H])C([H])([H])OP([H])(O[H])(OC1=C([H])C([H])=C(OC(F)(F)F)C([H])=C1[H])N=C(C(=O)OC([H])([H])[H])C([H])([H])[H]
 - 48
[H]OC1=NC(=O)C(=C([H])N1C1([H])OC([H])(C([H])=C1[H])C([H])([H])OP([H])(O[H])(OC1=C([H])C([H])=C(OC(F)(F)F)C([H])=C1[H])N=C(C(=O)OC([H])([H])[H])C([H])([H])[H])C([H])([H])[H]
 - 57
[H]OP(OC1=C([H])C([H])=C(OC(F)(F)F)C([H])=C1[H])(OC([H])([H])C1([H])OC([H])(C([H])=C1[H])N1C([H])=C(C(=O)N([H])C1=O)C([H])([H])[H])=NC([H])(C(=O)OC([H])([H])[H])C([H])([H])[H]
 - 47
[H]OC1=NC(=O)C(=C([H])N1C1([H])OC([H])(C([H])=C1[H])C([H])([H])OP(O[H])(OC1=C([H])C([H])=C(OC(F)(F)F)C([H])=C1[H])=NC([H])(C(=O)OC([H])([H])[H])C([H])([H])[H])C([H])([H])[H]
 - 57
[H]OC1=NC(=O)N(C([H])=C1C([H])([H])[H])C1([H])OC([H])(C([H])=C1[H])C([H])([H])OP(O[H])(OC1=C([H])C([H])=C(OC(F)(F)F)C([H])=C1[H])=NC([H])(C(=O)OC([H])([H])[H])C([H])([H])[H]
 - 47
[H]OC(=C([H])[H])C1=C([H])C([H])=C(OP([H])(O[H])(OC([H])([H])C2([H])OC([H])(C([H])=C2[H])N2C([H])=C(C(=O)N([H])C2=O)C([H])([H])[H])N([H])C(=C([H])[H])C(=O)OC([H])([H])[H])C([H])=C1[H]
 - 60
[H]OC(=C([H])[H])C1=C([H])C([H])=C(OP([H])(O[H])(OC([H])([H])C2([H])OC([H])(C([H])=C2[H])N2C([H])=C(C(=O)N=C2O[H])C([H])([H])[H])N([H])C(=C([H])[H])C(=O)OC([H])([H])[H])C([H])=C1[H]
 - 60
[H]OC(=C([H])[H])C1=C([H])C([H])=C(OP([H])(O[H])(OC([H])([H])C2([H])OC([H])(C([H])=C2[H])N2C([H])=C(C(O[H])=NC2=O)C([H])([H])[H])N([H])C(=C([H])[H])C(=O)OC([H])([H])[H])C([H])=C1[H]
 - 60
[H]OP([H])(OC1=C([H])C([H])=C(C([H])=C1[H])C(=O)C([H])([H])[H])(OC([H])([H])C1([H])OC([H])(C([H])=C1[H])N1C([H])=C(C(=O)N([H])C1=O)C([H])([H])[H])N([H])C(=C([H])[H])C(=O)OC([H])([H])[H]
 - 49
[H]OC1=NC(=O)N(C([H])=C1C([H])([H])[H])C1([H])OC([H])(C([H])=C1[H])C([H])([H])OP([H])(O[H])(OC1=C([H])C([H])=C(C([H])=C1[H])C(=O)C([H])([H])[H])N([H])C(=C([H])[H])C(=O)OC([H])([H])[H]
 - 49
[H]OC1=NC(=O)C(=C([H])N1C1([H])OC([H])(C([H])=C1[H])C([H])([H])OP([H])(O[H])(OC1=C([H])C([H])=C(C([H])=C1[H])C(=O)C([H])([H])[H])N([H])C(=C([H])[H])C(=O)OC([H])([H])[H])C([H])([H])[H]
 - 58
[H]OC(=C([H])[H])C1=C([H])C([H])=C(OP(=O)(OC([H])([H])C2([H])OC([H])(C([H])=C2[H])N2C([H])=C(C(=O)N([H])C2=O)C([H])([H])[H])N([H])C([H])(C(=O)OC([H])([H])[H])C([H])([H])[H])C([H])=C1[H]
 - 60
[H]OC(=C([H])[H])C1=C([H])C([H])=C(OP([H])(O[H])(OC([H])([H])C2([H])OC([H])(C([H])=C2[H])N2C([H])=C(C(=O)N([H])C2=O)C([H])([H])[H])N=C(C(=O)OC([H])([H])[H])C([H])([H])[H])C([H])=C1[H]
 - 60
[H]OC(=C([H])[H])C1=C([H])C([H])=C(OP(=O)(OC([H])([H])C2([H])OC([H])(C([H])=C2[H])N2C([H])=C(C(=O)N=C2O[H])C([H])([H])[H])N([H])C([H])(C(=O)OC([H])([H])[H])C([H])([H])[H])C([H])=C1[H]
 - 60
[H]OC(=C([H])[H])C1=C([H])C([H])=C(OP(=O)(OC([H])([H])C2([H])OC([H])(C([H])=C2[H])N2C([H])=C(C(O[H])=NC2=O)C([H])([H])[H])N([H])C([H])(C(=O)OC([H])([H])[H])C([H])([H])[H])C([H])=C1[H]
 - 60
[H]N(C([H])(C(=O)OC([H])([H])[H])C([H])([H])[H])P(=O)(OC1=C([H])C([H])=C(C([H])=C1[H])C(=O)C([H])([H])[H])OC([H])([H])C1([H])OC([H])(C([H])=C1[H])N1C([H])=C(C(=O)N([H])C1=O)C([H])([H])[H]
 - 36
[H]OC(=C([H])[H])C1=C([H])C([H])=C(OP([H])(O[H])(OC([H])([H])C2([H])OC([H])(C([H])=C2[H])N2C([H])=C(C(=O)N=C2O[H])C([H])([H])[H])N=C(C(=O)OC([H])([H])[H])C([H])([H])[H])C([H])=C1[H]
 - 60
[H]OC(=C([H])[H])C1=C([H])C([H])=C(OP([H])(O[H])(OC([H])([H])C2([H])OC([H])(C([H])=C2[H])N2C([H])=C(C(O[H])=NC2=O)C([H])([H])[H])N=C(C(=O)OC([H])([H])[H])C([H])([H])[H])C([H])=C1[H]
 - 60
[H]OP([H])(OC1=C([H])C([H])=C(C([H])=C1[H])C(=O)C([H])([H])[H])(OC([H])([H])C1([H])OC([H])(C([H])=C1[H])N1C([H])=C(C(=O)N([H])C1=O)C([H])([H])[H])N=C(C(=O)OC([H])([H])[H])C([H])([H])[H]
 - 49
[H]OC1=NC(=O)C(=C([H])N1C1([H])OC([H])(C([H])=C1[H])C([H])([H])OP(=O)(OC1=C([H])C([H])=C(C([H])=C1[H])C(=O)C([H])([H])[H])N([H])C([H])(C(=O)OC([H])([H])[H])C([H])([H])[H])C([H])([H])[H]
 - 58
[H]OC1=NC(=O)N(C([H])=C1C([H])([H])[H])C1([H])OC([H])(C([H])=C1[H])C([H])([H])OP(=O)(OC1=C([H])C([H])=C(C([H])=C1[H])C(=O)C([H])([H])[H])N([H])C([H])(C(=O)OC([H])([H])[H])C([H])([H])[H]
 - 47
[H]OC1=NC(=O)C(=C([H])N1C1([H])OC([H])(C([H])=C1[H])C([H])([H])OP([H])(O[H])(OC1=C([H])C([H])=C(C([H])=C1[H])C(=O)C([H])([H])[H])N=C(C(=O)OC([H])([H])[H])C([H])([H])[H])C([H])([H])[H]
 - 58
[H]OC1=NC(=O)N(C([H])=C1C([H])([H])[H])C1([H])OC([H])(C([H])=C1[H])C([H])([H])OP([H])(O[H])(OC1=C([H])C([H])=C(C([H])=C1[H])C(=O)C([H])([H])[H])N=C(C(=O)OC([H])([H])[H])C([H])([H])[H]
 - 49
[H]OC(=C([H])[H])C1=C([H])C([H])=C(OP(O[H])(OC([H])([H])C2([H])OC([H])(C([H])=C2[H])N2C([H])=C(C(=O)N([H])C2=O)C([H])([H])[H])=NC([H])(C(=O)OC([H])([H])[H])C([H])([H])[H])C([H])=C1[H]
 - 60
[H]OC(=C([H])[H])C1=C([H])C([H])=C(OP(O[H])(OC([H])([H])C2([H])OC([H])(C([H])=C2[H])N2C([H])=C(C(O[H])=NC2=O)C([H])([H])[H])=NC([H])(C(=O)OC([H])([H])[H])C([H])([H])[H])C([H])=C1[H]
 - 60
[H]OC(=C([H])[H])C1=C([H])C([H])=C(OP(O[H])(OC([H])([H])C2([H])OC([H])(C([H])=C2[H])N2C([H])=C(C(=O)N=C2O[H])C([H])([H])[H])=NC([H])(C(=O)OC([H])([H])[H])C([H])([H])[H])C([H])=C1[H]
 - 60
[H]OP(OC1=C([H])C([H])=C(C([H])=C1[H])C(=O)C([H])([H])[H])(OC([H])([H])C1([H])OC([H])(C([H])=C1[H])N1C([H])=C(C(=O)N([H])C1=O)C([H])([H])[H])=NC([H])(C(=O)OC([H])([H])[H])C([H])([H])[H]
 - 48
[H]OC1=NC(=O)C(=C([H])N1C1([H])OC([H])(C([H])=C1[H])C([H])([H])OP(O[H])(OC1=C([H])C([H])=C(C([H])=C1[H])C(=O)C([H])([H])[H])=NC([H])(C(=O)OC([H])([H])[H])C([H])([H])[H])C([H])([H])[H]
 - 58
[H]OC1=NC(=O)N(C([H])=C1C([H])([H])[H])C1([H])OC([H])(C([H])=C1[H])C([H])([H])OP(O[H])(OC1=C([H])C([H])=C(C([H])=C1[H])C(=O)C([H])([H])[H])=NC([H])(C(=O)OC([H])([H])[H])C([H])([H])[H]
 - 48
[H]OP([H])(OC1=C([H])C(I)=C([H])C([H])=C1[H])(OC([H])([H])C1([H])OC([H])(C([H])=C1[H])N1C([H])=C(C(=O)N([H])C1=O)C([H])([H])[H])N([H])C(=C([H])[H])C(=O)OC([H])([H])[H]
 - 44
[H]OC1=NC(=O)N(C([H])=C1C([H])([H])[H])C1([H])OC([H])(C([H])=C1[H])C([H])([H])OP([H])(O[H])(OC1=C([H])C(I)=C([H])C([H])=C1[H])N([H])C(=C([H])[H])C(=O)OC([H])([H])[H]
 - 44
[H]OC1=NC(=O)C(=C([H])N1C1([H])OC([H])(C([H])=C1[H])C([H])([H])OP([H])(O[H])(OC1=C([H])C(I)=C([H])C([H])=C1[H])N([H])C(=C([H])[H])C(=O)OC([H])([H])[H])C([H])([H])[H]
 - 53
[H]N(C([H])(C(=O)OC([H])([H])[H])C([H])([H])[H])P(=O)(OC1=C([H])C(I)=C([H])C([H])=C1[H])OC([H])([H])C1([H])OC([H])(C([H])=C1[H])N1C([H])=C(C(=O)N([H])C1=O)C([H])([H])[H]
 - 34
[H]OP([H])(OC1=C([H])C(I)=C([H])C([H])=C1[H])(OC([H])([H])C1([H])OC([H])(C([H])=C1[H])N1C([H])=C(C(=O)N([H])C1=O)C([H])([H])[H])N=C(C(=O)OC([H])([H])[H])C([H])([H])[H]
 - 44
[H]OC1=NC(=O)C(=C([H])N1C1([H])OC([H])(C([H])=C1[H])C([H])([H])OP(=O)(OC1=C([H])C(I)=C([H])C([H])=C1[H])N([H])C([H])(C(=O)OC([H])([H])[H])C([H])([H])[H])C([H])([H])[H]
 - 53
[H]OC1=NC(=O)N(C([H])=C1C([H])([H])[H])C1([H])OC([H])(C([H])=C1[H])C([H])([H])OP(=O)(OC1=C([H])C(I)=C([H])C([H])=C1[H])N([H])C([H])(C(=O)OC([H])([H])[H])C([H])([H])[H]
 - 42
[H]OC1=NC(=O)C(=C([H])N1C1([H])OC([H])(C([H])=C1[H])C([H])([H])OP([H])(O[H])(OC1=C([H])C(I)=C([H])C([H])=C1[H])N=C(C(=O)OC([H])([H])[H])C([H])([H])[H])C([H])([H])[H]
 - 53
[H]OC1=NC(=O)N(C([H])=C1C([H])([H])[H])C1([H])OC([H])(C([H])=C1[H])C([H])([H])OP([H])(O[H])(OC1=C([H])C(I)=C([H])C([H])=C1[H])N=C(C(=O)OC([H])([H])[H])C([H])([H])[H]
 - 44
[H]OP(OC1=C([H])C(I)=C([H])C([H])=C1[H])(OC([H])([H])C1([H])OC([H])(C([H])=C1[H])N1C([H])=C(C(=O)N([H])C1=O)C([H])([H])[H])=NC([H])(C(=O)OC([H])([H])[H])C([H])([H])[H]
 - 43
[H]OC1=NC(=O)N(C([H])=C1C([H])([H])[H])C1([H])OC([H])(C([H])=C1[H])C([H])([H])OP(O[H])(OC1=C([H])C(I)=C([H])C([H])=C1[H])=NC([H])(C(=O)OC([H])([H])[H])C([H])([H])[H]
 - 43
[H]OC1=NC(=O)C(=C([H])N1C1([H])OC([H])(C([H])=C1[H])C([H])([H])OP(O[H])(OC1=C([H])C(I)=C([H])C([H])=C1[H])=NC([H])(C(=O)OC([H])([H])[H])C([H])([H])[H])C([H])([H])[H]
 - 53
[H]N1C(=C(C(=O)OC([H])([H])[H])C([H])(C2=C3OC([H])([H])OC3=C([H])C([H])=C2[H])C(C(=O)OC([H])(C([H])([H])[H])C([H])([H])[H])=C1C([H])([H])[H])C([H])([H])[H]
 - 42
[H]C([H])=C1N([H])C(=C(C(=O)OC([H])(C([H])([H])[H])C([H])([H])[H])C([H])(C2=C3OC([H])([H])OC3=C([H])C([H])=C2[H])C1([H])C(=O)OC([H])([H])[H])C([H])([H])[H]
 - 38
[H]C([H])=C1N([H])C(=C(C(=O)OC([H])([H])[H])C([H])(C2=C3OC([H])([H])OC3=C([H])C([H])=C2[H])C1([H])C(=O)OC([H])(C([H])([H])[H])C([H])([H])[H])C([H])([H])[H]
 - 32
[H]C([H])=C1N([H])C(=C([H])[H])C([H])(C(=O)OC([H])(C([H])([H])[H])C([H])([H])[H])C([H])(C2=C3OC([H])([H])OC3=C([H])C([H])=C2[H])C1([H])C(=O)OC([H])([H])[H]
 - 42
[H]C1=C([H])C(=C2OC([H])([H])OC2=C1[H])C1([H])C(C(=O)OC([H])([H])[H])=C(N=C(C([H])([H])[H])C1([H])C(=O)OC([H])(C([H])([H])[H])C([H])([H])[H])C([H])([H])[H]
 - 32
[H]C1=C([H])C(=C2OC([H])([H])OC2=C1[H])C1([H])C(C(=O)OC([H])(C([H])([H])[H])C([H])([H])[H])=C(N=C(C([H])([H])[H])C1([H])C(=O)OC([H])([H])[H])C([H])([H])[H]
 - 38
[H]C([H])=C1N=C(C([H])([H])[H])C([H])(C(=O)OC([H])([H])[H])C([H])(C2=C3OC([H])([H])OC3=C([H])C([H])=C2[H])C1([H])C(=O)OC([H])(C([H])([H])[H])C([H])([H])[H]
 - 36
[H]C([H])=C1N=C(C([H])([H])[H])C([H])(C(=O)OC([H])(C([H])([H])[H])C([H])([H])[H])C([H])(C2=C3OC([H])([H])OC3=C([H])C([H])=C2[H])C1([H])C(=O)OC([H])([H])[H]
 - 42
[H]N1C(=C(C(=O)OC([H])([H])[H])C([H])(C2=C3OC([H])([H])OC3=C([H])C([H])=C2[H])C(C(=O)OC([H])([H])C2=C([H])N=C([H])C([H])=C2[H])=C1C([H])([H])[H])C([H])([H])[H]
 - 45
[H]C([H])=C1N([H])C(=C(C(=O)OC([H])([H])[H])C([H])(C2=C3OC([H])([H])OC3=C([H])C([H])=C2[H])C1([H])C(=O)OC([H])([H])C1=C([H])N=C([H])C([H])=C1[H])C([H])([H])[H]
 - 32
[H]C([H])=C1N([H])C(=C(C(=O)OC([H])([H])C2=C([H])N=C([H])C([H])=C2[H])C([H])(C2=C3OC([H])([H])OC3=C([H])C([H])=C2[H])C1([H])C(=O)OC([H])([H])[H])C([H])([H])[H]
 - 41
[H]C([H])=C1N([H])C(=C([H])[H])C([H])(C(=O)OC([H])([H])C2=C([H])N=C([H])C([H])=C2[H])C([H])(C2=C3OC([H])([H])OC3=C([H])C([H])=C2[H])C1([H])C(=O)OC([H])([H])[H]
 - 45
[H]C1=NC([H])=C(C([H])=C1[H])C([H])([H])OC(=O)C1([H])C(=NC(=C(C(=O)OC([H])([H])[H])C1([H])C1=C2OC([H])([H])OC2=C([H])C([H])=C1[H])C([H])([H])[H])C([H])([H])[H]
 - 50
[H]C1=NC([H])=C(C([H])=C1[H])C([H])([H])OC(=O)C1=C(N=C(C([H])([H])[H])C([H])(C(=O)OC([H])([H])[H])C1([H])C1=C2OC([H])([H])OC2=C([H])C([H])=C1[H])C([H])([H])[H]
 - 34
[H]C([H])=C1N=C(C([H])([H])[H])C([H])(C(=O)OC([H])([H])[H])C([H])(C2=C3OC([H])([H])OC3=C([H])C([H])=C2[H])C1([H])C(=O)OC([H])([H])C1=C([H])N=C([H])C([H])=C1[H]
 - 36
[H]C([H])=C1N=C(C([H])([H])[H])C([H])(C(=O)OC([H])([H])C2=C([H])N=C([H])C([H])=C2[H])C([H])(C2=C3OC([H])([H])OC3=C([H])C([H])=C2[H])C1([H])C(=O)OC([H])([H])[H]
 - 45
[H]C([H])=C([H])C([H])([H])O\\N=C(\\C1=C(C(=O)OC([H])([H])[H])C(OC2=NC(OC([H])([H])[H])=C([H])C(OC([H])([H])[H])=N2)=C([H])C([H])=C1[H])C([H])([H])[H]
 - 2 bonds in a row
[H]OC([H])(C([H])([H])OC1=C([H])C([H])=C(C([H])=C1[H])C1=NC(=C(N1[H])C([H])([H])[H])C([H])([H])OC([H])([H])[H])C([H])([H])N([H])C([H])([H])C([H])([H])C1=C([H])C(OC([H])([H])[H])=C(OC([H])([H])[H])C([H])=C1[H]
 - 37
[H]OC([H])(C([H])([H])OC1=C([H])C([H])=C(C([H])=C1[H])C1=NC(=C(N1[H])C([H])([H])OC([H])([H])[H])C([H])([H])[H])C([H])([H])N([H])C([H])([H])C([H])([H])C1=C([H])C(OC([H])([H])[H])=C(OC([H])([H])[H])C([H])=C1[H]
 - 37
Cc1[n]c([nH]c1COC)-c1ccc(cc1)OCC(O)CNCCc1cc(OC)c(cc1)OC
 - This structure cannot be kekulised!
[H]N([H])C1=C(OC([H])([H])[H])C([H])=C(OC([H])([H])[H])C(Cl)=C1[H]
 - 21
[H]OC(=O)C1(N=C(SC1([H])[H])C1=C(O[H])C([H])=C([H])C(OC([H])([H])[H])=C1[H])C([H])([H])[H]
 - 28
[H]OC1=C(\\C([H])=N\\N([H])C(=O)C2=C([H])C([H])=C(OC([H])([H])[H])C([H])=C2[H])C(=C([H])C([H])=C1C([H])([H])[H])C([H])([H])O[H]
 - 2 bonds in a row
[H]OC1=C(OC(=O)C([H])([H])[H])C([H])(C2=C([H])C([H])=C(OC([H])([H])[H])C([H])=C2[H])C([H])([H])C2=C(OC([H])([H])[H])C(Br)=C([H])C([H])=C2N1C([H])([H])C([H])([H])N(C([H])([H])[H])C([H])([H])[H]
 - 46
[H]C1=C([H])C(=C([H])C([H])=C1OC([H])([H])[H])C1([H])C([H])([H])C2=C(OC([H])([H])[H])C(Br)=C([H])C([H])=C2N(C(=O)C1([H])OC(=O)C([H])([H])[H])C([H])([H])C([H])([H])N(C([H])([H])[H])C([H])([H])[H]
 - 38
[H]OC1=C(O[H])C([H])(C2=C([H])C([H])=C(OC([H])([H])[H])C([H])=C2[H])C([H])([H])C2=C(C([H])=C([H])C([H])=C2N1C([H])([H])C([H])([H])N(C([H])([H])[H])C([H])([H])[H])C(F)(F)F
 - 36
[H]OC1([H])N(C2=C([H])C([H])=C([H])C(=C2C([H])([H])C([H])(C2=C([H])C([H])=C(OC([H])([H])[H])C([H])=C2[H])C1=O)C(F)(F)F)C([H])([H])C([H])([H])N(C([H])([H])[H])C([H])([H])[H]
 - 35
[H]OC1([H])C(=O)N(C2=C([H])C([H])=C([H])C(=C2C([H])([H])C1([H])C1=C([H])C([H])=C(OC([H])([H])[H])C([H])=C1[H])C(F)(F)F)C([H])([H])C([H])([H])N(C([H])([H])[H])C([H])([H])[H]
 - 41
[H]OC1=C(C2=C([H])C([H])=C(OC([H])([H])[H])C([H])=C2[H])C([H])([H])C2=C(C([H])=C([H])C([H])=C2N(C([H])([H])C([H])([H])N(C([H])([H])[H])C([H])([H])[H])C1([H])O[H])C(F)(F)F
 - 48
[H]OC1=C(OC(=O)C([H])([H])[H])C([H])(C2=C([H])C([H])=C(OC([H])([H])[H])C([H])=C2[H])C([H])([H])C2=C([H])C(SC([H])([H])[H])=C([H])C([H])=C2N1C([H])([H])C([H])([H])N(C([H])([H])[H])C([H])([H])[H]
 - 46
[H]C1=C([H])C(=C([H])C([H])=C1OC([H])([H])[H])C1([H])C([H])([H])C2=C([H])C(SC([H])([H])[H])=C([H])C([H])=C2N(C(=O)C1([H])OC(=O)C([H])([H])[H])C([H])([H])C([H])([H])N(C([H])([H])[H])C([H])([H])[H]
 - 38
[H]OC1=C(C([H])([H])C([H])=C([H])[H])C([H])(C2=C([H])C([H])=C(OC([H])([H])[H])C([H])=C2[H])C([H])([H])C2=C([H])C([H])=C([H])C([H])=C2N1C([H])([H])C([H])([H])N(C([H])([H])[H])C([H])([H])[H]
 - 43
[H]C([H])=C([H])C([H])([H])C1([H])C(=O)N(C2=C([H])C([H])=C([H])C([H])=C2C([H])([H])C1([H])C1=C([H])C([H])=C(OC([H])([H])[H])C([H])=C1[H])C([H])([H])C([H])([H])N(C([H])([H])[H])C([H])([H])[H]
 - 44
[H]N=C1N([H])N=NN1C1=C([H])C([H])=C(OC([H])([H])[H])C([H])=C1[H]
 - 22
[H]N=C1N=NN([H])N1C1=C([H])C([H])=C(OC([H])([H])[H])C([H])=C1[H]
 - 22
[H]N([H])C1=NN=NN1C1=C([H])C([H])=C(OC([H])([H])[H])C([H])=C1[H]
 - 22
COc1ccc(cc1)n1nnnc1N
 - 'NoneType' object has no attribute 'get_contributed_electrons'
COc1ccc(cc1)n2nnnc2N
 - 'NoneType' object has no attribute 'get_contributed_electrons'
[H]N(C([H])([H])C1=C(OC([H])([H])[H])C([H])=C([H])C(=C1[H])S(=O)(=O)C([H])([H])[H])C1([H])C([H])([H])C([H])([H])C([H])([H])N([H])C1([H])C1=C([H])C([H])=C([H])C([H])=C1[H]
 - 27
[H]OS(=O)(=C([H])[H])C1=C([H])C(=C(OC([H])([H])[H])C([H])=C1[H])C([H])([H])N([H])C1([H])C([H])([H])C([H])([H])C([H])([H])N([H])C1([H])C1=C([H])C([H])=C([H])C([H])=C1[H]
 - 27
[H]N(C([H])([H])C1=C(OC([H])([H])[H])C([H])=C([H])C(=C1[H])C1=C([H])SC([H])=C1[H])C1([H])C([H])([H])C([H])([H])C([H])([H])N([H])C1([H])C1=C([H])C([H])=C([H])C([H])=C1[H]
 - 28
COc1ccc(cc1CNC1CCCNC1c1ccccc1)c1ccsc1
 - 'NoneType' object has no attribute 'get_contributed_electrons'
COc1ccc(cc1CNC2CCCNC2c3ccccc3)c4ccsc4
 - 'NoneType' object has no attribute 'get_contributed_electrons'
[H]N=C1N([H])N=NN1C1=C([H])C(OC([H])([H])[H])=C([H])C([H])=C1[H]
 - 22
[H]N=C1N=NN([H])N1C1=C([H])C(OC([H])([H])[H])=C([H])C([H])=C1[H]
 - 22
[H]N([H])C1=NN=NN1C1=C([H])C(OC([H])([H])[H])=C([H])C([H])=C1[H]
 - 22
COc1cccc(c1)n1nnnc1N
 - 'NoneType' object has no attribute 'get_contributed_electrons'
COc1cccc(c1)n2nnnc2N
 - 'NoneType' object has no attribute 'get_contributed_electrons'
[H]OC(=O)C1=C(OC2=NC(OC([H])([H])[H])=C([H])C(OC([H])([H])[H])=N2)C([H])=C([H])C([H])=C1C(F)(F)F
 - 31
[H]C1=C([H])C2=C([H])C(=C([H])C([H])=C2C([H])=C1OC([H])([H])[H])C([H])(C(=O)OC([H])([H])C([H])([H])C([H])([H])OC(=O)C([H])([H])[H])C([H])([H])[H]
 - 43
[H]OC(=O)C1=C(N=C([H])C(OC([H])([H])[H])=C1[H])C1=NC(=O)C(N1[H])(C([H])([H])[H])C([H])(C([H])([H])[H])C([H])([H])[H]
 - 23
[H]OC(=O)C1=C(N=C([H])C(OC([H])([H])[H])=C1[H])C1=NC(C(=O)N1[H])(C([H])([H])[H])C([H])(C([H])([H])[H])C([H])([H])[H]
 - 23
[H]OC(=O)C1=C(N=C([H])C(OC([H])([H])[H])=C1[H])C1=NC(C(O[H])=N1)(C([H])([H])[H])C([H])(C([H])([H])[H])C([H])([H])[H]
 - 24
[H]OC(O[H])=C(N([H])C(O[H])=C(N([H])[H])C([H])([H])C([H])(C([H])([H])[H])C([H])([H])[H])C([H])([H])C([H])([H])SC([H])([H])[H]
 - 29
[H]OC(N([H])C(=C([H])C([H])([H])SC([H])([H])[H])C([H])(O[H])O[H])=C(N([H])[H])C([H])([H])C([H])(C([H])([H])[H])C([H])([H])[H]
 - 23
[H]OC(O[H])=C(N([H])C([H])(O[H])C(N([H])[H])=C([H])C([H])(C([H])([H])[H])C([H])([H])[H])C([H])([H])C([H])([H])SC([H])([H])[H]
 - 29
[H]OC(O[H])=C(N=C(O[H])C([H])(N([H])[H])C([H])([H])C([H])(C([H])([H])[H])C([H])([H])[H])C([H])([H])C([H])([H])SC([H])([H])[H]
 - 29
[H]OC(O[H])=C(N([H])C(=O)C([H])(N([H])[H])C([H])([H])C([H])(C([H])([H])[H])C([H])([H])[H])C([H])([H])C([H])([H])SC([H])([H])[H]
 - 29
[H]OC(N=C(C([H])([H])C([H])([H])SC([H])([H])[H])C([H])(O[H])O[H])=C(N([H])[H])C([H])([H])C([H])(C([H])([H])[H])C([H])([H])[H]
 - 23
[H]OC(N([H])C([H])(C([H])([H])C([H])([H])SC([H])([H])[H])C([H])(O[H])O[H])=C(N([H])[H])C([H])=C(C([H])([H])[H])C([H])([H])[H]
 - 25
[H]OC(O[H])=C(N([H])C([H])(O[H])C(=N[H])C([H])([H])C([H])(C([H])([H])[H])C([H])([H])[H])C([H])([H])C([H])([H])SC([H])([H])[H]
 - 29
[H]OC([H])(O[H])C(N([H])C([H])(O[H])C(N([H])[H])=C([H])C([H])(C([H])([H])[H])C([H])([H])[H])=C([H])C([H])([H])SC([H])([H])[H]
 - 30
[H]OC(=NC(=C([H])C([H])([H])SC([H])([H])[H])C([H])(O[H])O[H])C([H])(N([H])[H])C([H])([H])C([H])(C([H])([H])[H])C([H])([H])[H]
 - 22
[H]OC(=NC([H])(C([H])([H])C([H])([H])SC([H])([H])[H])C([H])(O[H])O[H])C(N([H])[H])=C([H])C([H])(C([H])([H])[H])C([H])([H])[H]
 - 24
[H]OC([H])(O[H])C(N([H])C(=O)C([H])(N([H])[H])C([H])([H])C([H])(C([H])([H])[H])C([H])([H])[H])=C([H])C([H])([H])SC([H])([H])[H]
 - 30
[H]OC([H])(O[H])C([H])(N([H])C(=O)C(N([H])[H])=C([H])C([H])(C([H])([H])[H])C([H])([H])[H])C([H])([H])C([H])([H])SC([H])([H])[H]
 - 29
[H]OC([H])(O[H])C(=NC([H])(O[H])C(N([H])[H])=C([H])C([H])(C([H])([H])[H])C([H])([H])[H])C([H])([H])C([H])([H])SC([H])([H])[H]
 - 29
[H]OC([H])(O[H])C(N([H])C([H])(O[H])C(=N[H])C([H])([H])C([H])(C([H])([H])[H])C([H])([H])[H])=C([H])C([H])([H])SC([H])([H])[H]
 - 30
[H]OC([H])(O[H])C(=NC(=O)C([H])(N([H])[H])C([H])([H])C([H])(C([H])([H])[H])C([H])([H])[H])C([H])([H])C([H])([H])SC([H])([H])[H]
 - 29
[H]OC(=NC([H])(C([H])([H])C([H])([H])SC([H])([H])[H])C([H])(O[H])O[H])C(=N[H])C([H])([H])C([H])(C([H])([H])[H])C([H])([H])[H]
 - 24
[H]OC([H])(O[H])C([H])(N([H])C(=O)C(=N[H])C([H])([H])C([H])(C([H])([H])[H])C([H])([H])[H])C([H])([H])C([H])([H])SC([H])([H])[H]
 - 29
[H]OC([H])(O[H])C(=NC([H])(O[H])C(=N[H])C([H])([H])C([H])(C([H])([H])[H])C([H])([H])[H])C([H])([H])C([H])([H])SC([H])([H])[H]
 - 29
[H]OC(=O)C([H])(N([H])C([H])(O[H])C(=N[H])C([H])([H])C([H])(C([H])([H])[H])C([H])([H])[H])C([H])([H])C([H])([H])SC([H])([H])[H]
 - 29
[H]OC(=O)C([H])(N=C(O[H])C([H])(N([H])[H])C([H])([H])C([H])(C([H])([H])[H])C([H])([H])[H])C([H])([H])C([H])([H])SC([H])([H])[H]
 - 29
[H]OC(=O)C([H])(N([H])C(=O)C([H])(N([H])[H])C([H])([H])C([H])(C([H])([H])[H])C([H])([H])[H])C([H])([H])C([H])([H])SC([H])([H])[H]
 - 29
[H]OC(=O)C(=NC([H])(O[H])C([H])(N([H])[H])C([H])([H])C([H])(C([H])([H])[H])C([H])([H])[H])C([H])([H])C([H])([H])SC([H])([H])[H]
 - 29
[H]OC(=O)C([H])(N([H])C(O[H])=C(N([H])[H])C([H])([H])C([H])(C([H])([H])[H])C([H])([H])[H])C([H])([H])C([H])([H])SC([H])([H])[H]
 - 29
[H]OC(=O)C([H])(N([H])C([H])(O[H])C(N([H])[H])=C([H])C([H])(C([H])([H])[H])C([H])([H])[H])C([H])([H])C([H])([H])SC([H])([H])[H]
 - 29
[H]OC(=O)C(N([H])C([H])(O[H])C([H])(N([H])[H])C([H])([H])C([H])(C([H])([H])[H])C([H])([H])[H])=C([H])C([H])([H])SC([H])([H])[H]
 - 30
[H]OC(O[H])=C(N([H])C(O[H])=C(N([H])[H])C([H])([H])C1=C([H])C([H])=C([H])C([H])=C1[H])C([H])([H])C([H])([H])SC([H])([H])[H]
 - 30
[H]OC(O[H])=C(N([H])C([H])(O[H])C(N([H])[H])=C([H])C1=C([H])C([H])=C([H])C([H])=C1[H])C([H])([H])C([H])([H])SC([H])([H])[H]
 - 30
[H]OC(N([H])C(=C([H])C([H])([H])SC([H])([H])[H])C([H])(O[H])O[H])=C(N([H])[H])C([H])([H])C1=C([H])C([H])=C([H])C([H])=C1[H]
 - 23
[H]OC(O[H])=C(N=C(O[H])C([H])(N([H])[H])C([H])([H])C1=C([H])C([H])=C([H])C([H])=C1[H])C([H])([H])C([H])([H])SC([H])([H])[H]
 - 30
[H]OC(O[H])=C(N([H])C(=O)C([H])(N([H])[H])C([H])([H])C1=C([H])C([H])=C([H])C([H])=C1[H])C([H])([H])C([H])([H])SC([H])([H])[H]
 - 30
[H]OC(N=C(C([H])([H])C([H])([H])SC([H])([H])[H])C([H])(O[H])O[H])=C(N([H])[H])C([H])([H])C1=C([H])C([H])=C([H])C([H])=C1[H]
 - 23
[H]OC([H])(O[H])C(N([H])C([H])(O[H])C(N([H])[H])=C([H])C1=C([H])C([H])=C([H])C([H])=C1[H])=C([H])C([H])([H])SC([H])([H])[H]
 - 31
[H]OC(O[H])=C(N([H])C([H])(O[H])C(=N[H])C([H])([H])C1=C([H])C([H])=C([H])C([H])=C1[H])C([H])([H])C([H])([H])SC([H])([H])[H]
 - 30
[H]OC(=NC([H])(C([H])([H])C([H])([H])SC([H])([H])[H])C([H])(O[H])O[H])C(N([H])[H])=C([H])C1=C([H])C([H])=C([H])C([H])=C1[H]
 - 24
[H]OC(=NC(=C([H])C([H])([H])SC([H])([H])[H])C([H])(O[H])O[H])C([H])(N([H])[H])C([H])([H])C1=C([H])C([H])=C([H])C([H])=C1[H]
 - 22
[H]OC([H])(O[H])C([H])(N([H])C(=O)C(N([H])[H])=C([H])C1=C([H])C([H])=C([H])C([H])=C1[H])C([H])([H])C([H])([H])SC([H])([H])[H]
 - 30
[H]OC(O[H])=C(N([H])C([H])(O[H])C([H])(N([H])[H])C([H])([H])C1=C([H])C([H])=C([H])C([H])=C1[H])C([H])=C([H])SC([H])([H])[H]
 - 32
[H]OC([H])(O[H])C(N([H])C(=O)C([H])(N([H])[H])C([H])([H])C1=C([H])C([H])=C([H])C([H])=C1[H])=C([H])C([H])([H])SC([H])([H])[H]
 - 31
[H]OC([H])(O[H])C(=NC([H])(O[H])C(N([H])[H])=C([H])C1=C([H])C([H])=C([H])C([H])=C1[H])C([H])([H])C([H])([H])SC([H])([H])[H]
 - 30
[H]OC([H])(O[H])C(N([H])C([H])(O[H])C(=N[H])C([H])([H])C1=C([H])C([H])=C([H])C([H])=C1[H])=C([H])C([H])([H])SC([H])([H])[H]
 - 31
[H]OC([H])(O[H])C(=NC(=O)C([H])(N([H])[H])C([H])([H])C1=C([H])C([H])=C([H])C([H])=C1[H])C([H])([H])C([H])([H])SC([H])([H])[H]
 - 30
[H]OC(=NC([H])(C([H])([H])C([H])([H])SC([H])([H])[H])C([H])(O[H])O[H])C(=N[H])C([H])([H])C1=C([H])C([H])=C([H])C([H])=C1[H]
 - 24
[H]OC([H])(O[H])C([H])(N([H])C(=O)C(=N[H])C([H])([H])C1=C([H])C([H])=C([H])C([H])=C1[H])C([H])([H])C([H])([H])SC([H])([H])[H]
 - 30
[H]OC([H])(O[H])C(=NC([H])(O[H])C(=N[H])C([H])([H])C1=C([H])C([H])=C([H])C([H])=C1[H])C([H])([H])C([H])([H])SC([H])([H])[H]
 - 30
[H]OC(=O)C([H])(N([H])C([H])(O[H])C(=N[H])C([H])([H])C1=C([H])C([H])=C([H])C([H])=C1[H])C([H])([H])C([H])([H])SC([H])([H])[H]
 - 30
[H]OC(=O)C([H])(N=C(O[H])C([H])(N([H])[H])C([H])([H])C1=C([H])C([H])=C([H])C([H])=C1[H])C([H])([H])C([H])([H])SC([H])([H])[H]
 - 30
[H]OC(=O)C([H])(N([H])C(=O)C([H])(N([H])[H])C([H])([H])C1=C([H])C([H])=C([H])C([H])=C1[H])C([H])([H])C([H])([H])SC([H])([H])[H]
 - 30
[H]OC(=O)C(=NC([H])(O[H])C([H])(N([H])[H])C([H])([H])C1=C([H])C([H])=C([H])C([H])=C1[H])C([H])([H])C([H])([H])SC([H])([H])[H]
 - 30
[H]OC(N([H])C([H])(C(=O)O[H])C([H])([H])C([H])([H])SC([H])([H])[H])=C(N([H])[H])C([H])([H])C1=C([H])C([H])=C([H])C([H])=C1[H]
 - 23
[H]OC(=O)C([H])(N([H])C([H])(O[H])C(N([H])[H])=C([H])C1=C([H])C([H])=C([H])C([H])=C1[H])C([H])([H])C([H])([H])SC([H])([H])[H]
 - 30
[H]OC(=O)C(N([H])C([H])(O[H])C([H])(N([H])[H])C([H])([H])C1=C([H])C([H])=C([H])C([H])=C1[H])=C([H])C([H])([H])SC([H])([H])[H]
 - 31
[H]OC1=C(N(C([H])=C([H])C1=O)C([H])([H])C([H])([H])C([H])([H])O[H])C([H])([H])[H]
 - 23
[H]OC1=C(C([H])=C([H])C([H])=C1[H])C(=O)OC([H])([H])C([H])([H])C([H])([H])N1C([H])=C([H])C(=O)C(O[H])=C1C([H])([H])[H]
 - 23
[H]C1=C(OC2=C(C([H])=C3C(N(C(=O)C([H])=C3C([H])([H])[H])C([H])([H])[H])=C12)C([H])([H])[H])C([H])([H])[H]
 - 25
[H]OC1=C(N(C([H])=C([H])C1=O)C([H])([H])C([H])([H])C([H])([H])OC(=O)C1=C([H])N=C(C([H])=C1[H])C([H])([H])[H])C([H])([H])[H]
 - 37
[H]N([H])C([H])([H])C([H])([H])C1=C(C([H])=C([H])C([H])=C1C([H])([H])[H])C([H])([H])[H]
 - 18
[H]N1N=C([H])C(=C1[H])C([H])([H])C1=C(C([H])=C([H])C([H])=C1C([H])([H])[H])C([H])([H])[H]
 - 20
Cc1cccc(C)c1Cc1c[nH][n]c1
 - This structure cannot be kekulised!
Cc1cccc(C)c1Cc1cn[nH]c1
 - This structure cannot be kekulised!
[H]N=C1OC([H])(C([H])([H])N2C([H])([H])C([H])([H])N(C3=C([H])C([H])=C([H])C(=C3[H])C([H])([H])[H])C([H])([H])C2([H])[H])C([H])([H])N1[H]
 - 41
[H]N([H])C1=NC([H])([H])C([H])(O1)C([H])([H])N1C([H])([H])C([H])([H])N(C2=C([H])C([H])=C([H])C(=C2[H])C([H])([H])[H])C([H])([H])C1([H])[H]
 - 40
CC1=NC=C(N1CCN=[N+]=[N-])[N+]([O-])=O
 - 'NoneType' object has no attribute 'kekulise'
[H]N=[N+]=NC([H])([H])C([H])([H])N1C(=NC([H])=C1[N+]([O-])=O)C([H])([H])[H]
 - 'NoneType' object has no attribute 'kekulise'
Cc1[n]cc([n]1CCN=[N+]=N)[N+]([O-])=O
 - 'NoneType' object has no attribute 'kekulise'
CC1=NC=C(N1CCN=[N+]=N)[N+]([O-])=O
 - 'NoneType' object has no attribute 'kekulise'
Cc1ncc([N+](=O)[O-])n1CCN=[N+]=[N-]
 - 'NoneType' object has no attribute 'kekulise'
Cc1ncc(N(=O)=O)n1CCN=N#N
 - 'NoneType' object has no attribute 'kekulise'
Cc1ncc(n1CCN=[N]#N)N(=O)=O
 - 'NoneType' object has no attribute 'kekulise'
CC1=NC=C(N1CC[N-][N+]#N)[N+]([O-])=O
 - 'NoneType' object has no attribute 'kekulise'
[H]N([N+]#N)C([H])([H])C([H])([H])N1C(=NC([H])=C1[N+]([O-])=O)C([H])([H])[H]
 - 'NoneType' object has no attribute 'kekulise'
CC1=NC=C(N1CCN[N+]#N)[N+]([O-])=O
 - 'NoneType' object has no attribute 'kekulise'
[H]N=C1OC([H])(C([H])([H])OC2=C([H])C(=C([H])C(=C2[H])C([H])([H])[H])C([H])([H])[H])C([H])([H])N1[H]
 - 31
[H]N([H])C1=NC([H])([H])C([H])(O1)C([H])([H])OC1=C([H])C(=C([H])C(=C1[H])C([H])([H])[H])C([H])([H])[H]
 - 17
[H]C1=C([H])C2=C3OC(=O)C(=C(C3=C([H])C(=C2O1)C([H])([H])[H])C([H])([H])[H])C([H])([H])[H]
 - 26
Cc1ccc(CO)c(C=NNC(=O)c2ccc(cc2)[N+](=O)[O-])c1O
 - 'NoneType' object has no attribute 'kekulise'
CC1=CC=C(CO)C(C=NN=C(O)C2=CC=C(C=C2)[N+]([O-])=O)=C1O
 - 'NoneType' object has no attribute 'kekulise'
CC1=CC=C(CO)C(C=NNC(=O)C2=CC=C(C=C2)[N+]([O-])=O)=C1O
 - 'NoneType' object has no attribute 'kekulise'
Cc1ccc(CO)c(C=NNC(=O)c2ccc(cc2)[N+]([O-])=O)c1O
 - 'NoneType' object has no attribute 'kekulise'
[H]OC1=C(\\C([H])=N\\N([H])C(=O)C2=C([H])C([H])=C(C([H])=C2[H])[N+]([O-])=O)C(=C([H])C([H])=C1C([H])([H])[H])C([H])([H])O[H]
 - 2 bonds in a row
CC1=CC=C(CO)C(CN=NC(=O)C2=CC=C(C=C2)[N+]([O-])=O)=C1O
 - 'NoneType' object has no attribute 'kekulise'
CC1=C(O)C(=C=NNC(O)C2=CC=C(C=C2)[N+]([O-])=O)C(=CO)C=C1
 - 'NoneType' object has no attribute 'kekulise'
CC1=C(O)C(=CNN=C(O)C2=CC=C(C=C2)[N+]([O-])=O)C(=CO)C=C1
 - 'NoneType' object has no attribute 'kekulise'
CC1=C(O)C(=CN=NC(O)C2=CC=C(C=C2)[N+]([O-])=O)C(=CO)C=C1
 - 'NoneType' object has no attribute 'kekulise'
CC1=C(O)C(=CNNC(=O)C2=CC=C(C=C2)[N+]([O-])=O)C(=CO)C=C1
 - 'NoneType' object has no attribute 'kekulise'
[H]N=C1OC([H])(C([H])([H])OC2=C(C([H])=C(C([H])=C2[H])C([H])([H])[H])C([H])([H])[H])C([H])([H])N1[H]
 - 31
[H]N([H])C1=NC([H])([H])C([H])(O1)C([H])([H])OC1=C(C([H])=C(C([H])=C1[H])C([H])([H])[H])C([H])([H])[H]
 - 17
[H]C1=C(C2=C3OC(=O)C(=C(C3=C([H])C([H])=C2O1)C([H])([H])[H])C([H])([H])[H])C([H])([H])[H]
 - 26
[H]OC(=NC([H])([H])C1=C([H])C([H])=C([H])C([H])=C1[H])C([H])([H])N1C(=O)C2=C([H])C([H])=C([H])C([H])=C2N=C1C([H])([H])[H]
 - 36
[H]OC(N([H])C([H])([H])C1=C([H])C([H])=C([H])C([H])=C1[H])=C([H])N1C(=O)C2=C([H])C([H])=C([H])C([H])=C2N=C1C([H])([H])[H]
 - 36
[H]N(C(=O)C([H])([H])N1C(=O)C2=C([H])C([H])=C([H])C([H])=C2N=C1C([H])([H])[H])C([H])([H])C1=C([H])C([H])=C([H])C([H])=C1[H]
 - 27
CC1=CN(C2OC(COP3(=O)OCC4=CC(=CC=C4O3)[N+]([O-])=O)C=C2)C(=O)N=C1[O]
 - 'NoneType' object has no attribute 'kekulise'
CC1=CN(C2OC(COP3(=O)OCC4=CC(=CC=C4O3)[N+]([O-])=O)C=C2)C(=O)[N]C1=O
 - 'NoneType' object has no attribute 'kekulise'
CC1=CN(C2OC(COP3(=O)OCc4cc(ccc4O3)[N+](=O)[O-])C=C2)C(=O)[N]C1=O
 - 'NoneType' object has no attribute 'kekulise'
[H]N1C(=O)N(C([H])=C(C1=O)C([H])([H])[H])C1([H])OC([H])(C([H])=C1[H])C([H])([H])OP1(=O)OC2=C(C([H])=C(C([H])=C2[H])[N+]([O-])=O)C([H])([H])O1
 - 'NoneType' object has no attribute 'kekulise'
CC1=CN(C2C=CC(COP3(=O)Oc4ccc(cc4CO3)[N+]([O-])=O)O2)C(=O)NC1=O
 - 'NoneType' object has no attribute 'kekulise'
CC1=CN(C2OC(COP3(=O)OCC4=CC(=CC=C4O3)[N+]([O-])=O)C=C2)C(=O)NC1=O
 - 'NoneType' object has no attribute 'kekulise'
[H]OC1=NC(=O)N(C([H])=C1C([H])([H])[H])C1([H])OC([H])(C([H])=C1[H])C([H])([H])OP1(=O)OC2=C(C([H])=C(C([H])=C2[H])[N+]([O-])=O)C([H])([H])O1
 - 'NoneType' object has no attribute 'kekulise'
CC1=CN(C2OC(COP3(=O)OCC4=CC(=CC=C4O3)[N+]([O-])=O)C=C2)C(=O)N=C1O
 - 'NoneType' object has no attribute 'kekulise'
CC1=CN(C2OC(COP3(=O)OCC4=CC(=CC=C4O3)[N+]([O-])=O)C=C2)C([O])=NC1=O
 - 'NoneType' object has no attribute 'kekulise'
[H]OC1=NC(=O)C(=C([H])N1C1([H])OC([H])(C([H])=C1[H])C([H])([H])OP1(=O)OC2=C(C([H])=C(C([H])=C2[H])[N+]([O-])=O)C([H])([H])O1)C([H])([H])[H]
 - 'NoneType' object has no attribute 'kekulise'
CC1=CN(C2OC(COP3(=O)OCC4=CC(=CC=C4O3)[N+]([O-])=O)C=C2)C(O)=NC1=O
 - 'NoneType' object has no attribute 'kekulise'
Clc1ccc(c(Cl)c1)c1cc(=O)c2ccccc2o1
 - 'NoneType' object has no attribute 'get_contributed_electrons'
[H]C1=C([H])C([H])=C2C(=O)C([H])=C(OC2=C1[H])C1=C([H])C([H])=C(Cl)C([H])=C1Cl
 - 26
Clc1ccc(c(Cl)c1)c3cc(=O)c2ccccc2o3
 - 'NoneType' object has no attribute 'get_contributed_electrons'
[H]C1=C([H])C2=NN(N=C2C([H])=C1[H])C([H])([H])C([H])([H])N1C([H])([H])C([H])([H])N(C2=C([H])C([H])=C(Cl)C([H])=C2[H])C([H])([H])C1([H])[H]
 - 42
ClC1=CC=C(C=C1)C1=NOC(=N1)N1CCOCC1
 - Processing took more than 5 seconds
[H]C1=C([H])C(=C([H])C([H])=C1Cl)C1=NOC(=N1)N1C([H])([H])C([H])([H])OC([H])([H])C1([H])[H]
 - 28
Clc1ccc(cc1)c1noc(n1)N1CCOCC1
 - 'NoneType' object has no attribute 'get_contributed_electrons'
Clc1ccc(cc1)c2noc(n2)N3CCOCC3
 - 'NoneType' object has no attribute 'get_contributed_electrons'
Cn1c2CNCCc2c2cc(ccc12)[N+](=O)[O-]
 - 'NoneType' object has no attribute 'kekulise'
CN1C2=C(CCNC2)C2=CC(=CC=C12)[N+]([O-])=O
 - 'NoneType' object has no attribute 'kekulise'
[H]N1C([H])([H])C2=C(C3=C(C([H])=C([H])C(=C3[H])[N+]([O-])=O)N2C([H])([H])[H])C([H])([H])C1([H])[H]
 - 'NoneType' object has no attribute 'kekulise'
C[n]1c2ccc(cc2c2CCNCc12)[N+]([O-])=O
 - 'NoneType' object has no attribute 'kekulise'
Cn1c2CNCCc2c2cc(ccc12)[N+]([O-])=O
 - 'NoneType' object has no attribute 'kekulise'
[H]OC(=NC([H])([H])C(F)(F)F)N([H])S(=O)(=O)C1=C(N([H])C2([H])C([H])([H])C([H])([H])C([H])([H])C([H])([H])C([H])([H])C([H])([H])C2([H])[H])C([H])=C([H])N=C1[H]
 - 49
[H]OC(=NS(=O)(=O)C1=C(N([H])C2([H])C([H])([H])C([H])([H])C([H])([H])C([H])([H])C([H])([H])C([H])([H])C2([H])[H])C([H])=C([H])N=C1[H])N([H])C([H])([H])C(F)(F)F
 - 42
[H]N(C(=O)N([H])S(=O)(=O)C1=C(N([H])C2([H])C([H])([H])C([H])([H])C([H])([H])C([H])([H])C([H])([H])C([H])([H])C2([H])[H])C([H])=C([H])N=C1[H])C([H])([H])C(F)(F)F
 - 44
[H]OC(=NC([H])([H])C(F)(F)F)N([H])S(=O)(=O)C1=C([H])N([H])C([H])=C([H])C1=NC1([H])C([H])([H])C([H])([H])C([H])([H])C([H])([H])C([H])([H])C([H])([H])C1([H])[H]
 - 28
[H]OC(=NS(=O)(=O)C1=C([H])N([H])C([H])=C([H])C1=NC1([H])C([H])([H])C([H])([H])C([H])([H])C([H])([H])C([H])([H])C([H])([H])C1([H])[H])N([H])C([H])([H])C(F)(F)F
 - 42
[H]N(C(=O)N([H])S(=O)(=O)C1=C([H])N([H])C([H])=C([H])C1=NC1([H])C([H])([H])C([H])([H])C([H])([H])C([H])([H])C([H])([H])C([H])([H])C1([H])[H])C([H])([H])C(F)(F)F
 - 44
[H]OC(N=C([H])C(F)(F)F)=NS([H])(=O)(O[H])C1=C(N([H])C2([H])C([H])([H])C([H])([H])C([H])([H])C([H])([H])C([H])([H])C([H])([H])C2([H])[H])C([H])=C([H])N=C1[H]
 - 49
[H]OS([H])(=O)(N([H])C(=O)N=C([H])C(F)(F)F)C1=C(N([H])C2([H])C([H])([H])C([H])([H])C([H])([H])C([H])([H])C([H])([H])C([H])([H])C2([H])[H])C([H])=C([H])N=C1[H]
 - 49
[H]OC(=NC([H])([H])C(F)(F)F)N=S(=O)(O[H])C1=C(N([H])C2([H])C([H])([H])C([H])([H])C([H])([H])C([H])([H])C([H])([H])C([H])([H])C2([H])[H])C([H])=C([H])N=C1[H]
 - 49
[H]OC([H])(N=C([H])C(F)(F)F)N([H])S(=O)(=O)C1=C(N([H])C2([H])C([H])([H])C([H])([H])C([H])([H])C([H])([H])C([H])([H])C([H])([H])C2([H])[H])C([H])=C([H])N=C1[H]
 - 49
[H]OS(=O)(=NC(=O)N([H])C([H])([H])C(F)(F)F)C1=C(N([H])C2([H])C([H])([H])C([H])([H])C([H])([H])C([H])([H])C([H])([H])C([H])([H])C2([H])[H])C([H])=C([H])N=C1[H]
 - 49
[H]OC(=NC([H])([H])C(F)(F)F)N=S(=O)(O[H])C1=C([H])N([H])C([H])=C([H])C1=NC1([H])C([H])([H])C([H])([H])C([H])([H])C([H])([H])C([H])([H])C([H])([H])C1([H])[H]
 - 28
[H]OC([H])(N=C([H])C(F)(F)F)N([H])S(=O)(=O)C1=C([H])N([H])C([H])=C([H])C1=NC1([H])C([H])([H])C([H])([H])C([H])([H])C([H])([H])C([H])([H])C([H])([H])C1([H])[H]
 - 28
[H]OS(=O)(=NC(=O)N([H])C([H])([H])C(F)(F)F)C1=C([H])N([H])C([H])=C([H])C1=NC1([H])C([H])([H])C([H])([H])C([H])([H])C([H])([H])C([H])([H])C([H])([H])C1([H])[H]
 - 28
[H]OC(N=C([H])C(F)(F)F)=NS([H])(=O)(O[H])C1=C([H])N([H])C([H])=C([H])C1=NC1([H])C([H])([H])C([H])([H])C([H])([H])C([H])([H])C([H])([H])C([H])([H])C1([H])[H]
 - 28
[H]OS([H])(=O)(N([H])C(=O)N=C([H])C(F)(F)F)C1=C([H])N([H])C([H])=C([H])C1=NC1([H])C([H])([H])C([H])([H])C([H])([H])C([H])([H])C([H])([H])C([H])([H])C1([H])[H]
 - 28
[H]OS([H])(O[H])(=NC(=O)N=C([H])C(F)(F)F)C1=C(N([H])C2([H])C([H])([H])C([H])([H])C([H])([H])C([H])([H])C([H])([H])C([H])([H])C2([H])[H])C([H])=C([H])N=C1[H]
 - 49
[H]OC([H])(N=C([H])C(F)(F)F)N=S(=O)(O[H])C1=C(N([H])C2([H])C([H])([H])C([H])([H])C([H])([H])C([H])([H])C([H])([H])C([H])([H])C2([H])[H])C([H])=C([H])N=C1[H]
 - 49
[H]OC([H])(N=C([H])C(F)(F)F)N=S(=O)(O[H])C1=C([H])N([H])C([H])=C([H])C1=NC1([H])C([H])([H])C([H])([H])C([H])([H])C([H])([H])C([H])([H])C([H])([H])C1([H])[H]
 - 28
[H]OS([H])(O[H])(=NC(=O)N=C([H])C(F)(F)F)C1=C([H])N([H])C([H])=C([H])C1=NC1([H])C([H])([H])C([H])([H])C([H])([H])C([H])([H])C([H])([H])C([H])([H])C1([H])[H]
 - 28
[H]N(C1=C2N=C([H])N([H])C2=NC([H])=N1)C([H])([H])C1=C([H])C([H])=C([H])C(=C1[H])C(F)(F)F
 - 26
[H]N(C1=C2N([H])C([H])=NC2=NC([H])=N1)C([H])([H])C1=C([H])C([H])=C([H])C(=C1[H])C(F)(F)F
 - 26
[H]N1C([H])=NC2=C1N=C([H])N([H])C2=NC([H])([H])C1=C([H])C([H])=C([H])C(=C1[H])C(F)(F)F
 - 26
[H]N1C([H])=NC2=C1C(=NC([H])([H])C1=C([H])C([H])=C([H])C(=C1[H])C(F)(F)F)N([H])C([H])=N2
 - 31
[H]N1C([H])=NC2=C1C(=NC([H])([H])C1=C([H])C([H])=C([H])C(=C1[H])C(F)(F)F)N=C([H])N2[H]
 - 30
[H]N1C([H])=NC2=C1N([H])C([H])=NC2=NC([H])([H])C1=C([H])C([H])=C([H])C(=C1[H])C(F)(F)F
 - 26
[H]N(C1=C2N=C([H])N=C2N=C([H])N1[H])C([H])([H])C1=C([H])C([H])=C([H])C(=C1[H])C(F)(F)F
 - 26
FC(F)(F)c1cc(CNc2[nH]c[n]c3[n]c[n]c32)ccc1
 - This structure cannot be kekulised!
[H]N(C1=C2N=C([H])N=C2N([H])C([H])=N1)C([H])([H])C1=C([H])C([H])=C([H])C(=C1[H])C(F)(F)F
 - 26
[H]N(C1=C2N([H])C([H])=NC2=NC([H])=N1)C([H])([H])C1=C(F)C([H])=C([H])C([H])=C1[H]
 - 19
[H]N(C1=C2N=C([H])N([H])C2=NC([H])=N1)C([H])([H])C1=C(F)C([H])=C([H])C([H])=C1[H]
 - 19
[H]N1C([H])=NC2=C1N=C([H])N([H])C2=NC([H])([H])C1=C(F)C([H])=C([H])C([H])=C1[H]
 - 19
[H]N1C([H])=NC2=C1C(=NC([H])([H])C1=C(F)C([H])=C([H])C([H])=C1[H])N([H])C([H])=N2
 - 28
[H]N1C([H])=NC2=C1N([H])C([H])=NC2=NC([H])([H])C1=C(F)C([H])=C([H])C([H])=C1[H]
 - 19
[H]N1C([H])=NC2=C1C(=NC([H])([H])C1=C(F)C([H])=C([H])C([H])=C1[H])N=C([H])N2[H]
 - 27
[H]N(C1=C2N=C([H])N=C2N=C([H])N1[H])C([H])([H])C1=C(F)C([H])=C([H])C([H])=C1[H]
 - 19
Fc1ccccc1CNc1[nH]c[n]c2[n]c[n]c21
 - This structure cannot be kekulised!
[H]N(C1=C2N=C([H])N=C2N([H])C([H])=N1)C([H])([H])C1=C(F)C([H])=C([H])C([H])=C1[H]
 - 19
[H]OC(N([H])C([H])([H])C1=C([H])N=C(N([H])[H])C([H])=C1[H])=C1N(C(O[H])=C(N([H])[H])C([H])(C2([H])C([H])([H])C([H])([H])C([H])([H])C([H])([H])C2([H])[H])C2([H])C([H])([H])C([H])([H])C([H])([H])C([H])([H])C2([H])[H])C([H])([H])C([H])([H])C1([H])[H]
 - 72
[H]OC(N1C([H])([H])C([H])([H])C([H])([H])C1([H])C(O[H])=NC([H])([H])C1=C([H])N=C(N([H])[H])C([H])=C1[H])=C(N([H])[H])C([H])(C1([H])C([H])([H])C([H])([H])C([H])([H])C([H])([H])C1([H])[H])C1([H])C([H])([H])C([H])([H])C([H])([H])C([H])([H])C1([H])[H]
 - 35
[H]OC(N([H])C([H])([H])C1=C([H])N=C(N([H])[H])C([H])=C1[H])=C1N(C([H])([H])C([H])([H])C1([H])[H])C([H])(O[H])C(N([H])[H])=C(C1([H])C([H])([H])C([H])([H])C([H])([H])C([H])([H])C1([H])[H])C1([H])C([H])([H])C([H])([H])C([H])([H])C([H])([H])C1([H])[H]
 - 34
[H]OC(N1C([H])([H])C([H])([H])C([H])([H])C1([H])C(=O)N([H])C([H])([H])C1=C([H])N=C(N([H])[H])C([H])=C1[H])=C(N([H])[H])C([H])(C1([H])C([H])([H])C([H])([H])C([H])([H])C([H])([H])C1([H])[H])C1([H])C([H])([H])C([H])([H])C([H])([H])C([H])([H])C1([H])[H]
 - 35
[H]OC(=NC([H])([H])C1=C([H])N=C(N([H])[H])C([H])=C1[H])C1([H])N(C([H])([H])C([H])([H])C1([H])[H])C([H])(O[H])C(N([H])[H])=C(C1([H])C([H])([H])C([H])([H])C([H])([H])C([H])([H])C1([H])[H])C1([H])C([H])([H])C([H])([H])C([H])([H])C([H])([H])C1([H])[H]
 - 34
[H]OC([H])(N1C([H])([H])C([H])([H])C([H])([H])C1([H])C(=O)N([H])C([H])([H])C1=C([H])N=C(N([H])[H])C([H])=C1[H])C(N([H])[H])=C(C1([H])C([H])([H])C([H])([H])C([H])([H])C([H])([H])C1([H])[H])C1([H])C([H])([H])C([H])([H])C([H])([H])C([H])([H])C1([H])[H]
 - 36
[H]OC(N([H])C([H])([H])C1=C([H])N=C(N([H])[H])C([H])=C1[H])=C1N(C(=O)C([H])(N([H])[H])C([H])(C2([H])C([H])([H])C([H])([H])C([H])([H])C([H])([H])C2([H])[H])C2([H])C([H])([H])C([H])([H])C([H])([H])C([H])([H])C2([H])[H])C([H])([H])C([H])([H])C1([H])[H]
 - 72
[H]OC(N([H])C([H])([H])C1=C([H])N([H])C(=N[H])C([H])=C1[H])=C1N(C(O[H])=C(N([H])[H])C([H])(C2([H])C([H])([H])C([H])([H])C([H])([H])C([H])([H])C2([H])[H])C2([H])C([H])([H])C([H])([H])C([H])([H])C([H])([H])C2([H])[H])C([H])([H])C([H])([H])C1([H])[H]
 - 72
[H]OC(=NC([H])([H])C1=C([H])N=C(N([H])[H])C([H])=C1[H])C1([H])N(C(=O)C([H])(N([H])[H])C([H])(C2([H])C([H])([H])C([H])([H])C([H])([H])C([H])([H])C2([H])[H])C2([H])C([H])([H])C([H])([H])C([H])([H])C([H])([H])C2([H])[H])C([H])([H])C([H])([H])C1([H])[H]
 - 72
[H]OC(N1C([H])([H])C([H])([H])C([H])([H])C1([H])C(O[H])=NC([H])([H])C1=C([H])N([H])C(=N[H])C([H])=C1[H])=C(N([H])[H])C([H])(C1([H])C([H])([H])C([H])([H])C([H])([H])C([H])([H])C1([H])[H])C1([H])C([H])([H])C([H])([H])C([H])([H])C([H])([H])C1([H])[H]
 - 35
[H]OC(N([H])C([H])([H])C1=C([H])N([H])C(=N[H])C([H])=C1[H])=C1N(C([H])([H])C([H])([H])C1([H])[H])C([H])(O[H])C(N([H])[H])=C(C1([H])C([H])([H])C([H])([H])C([H])([H])C([H])([H])C1([H])[H])C1([H])C([H])([H])C([H])([H])C([H])([H])C([H])([H])C1([H])[H]
 - 34
[H]OC(N([H])C([H])([H])C1=C([H])N=C(N([H])[H])C([H])=C1[H])=C1N(C([H])([H])C([H])([H])C1([H])[H])C([H])(O[H])C(=N[H])C([H])(C1([H])C([H])([H])C([H])([H])C([H])([H])C([H])([H])C1([H])[H])C1([H])C([H])([H])C([H])([H])C([H])([H])C([H])([H])C1([H])[H]
 - 34
[H]N([H])C1=NC([H])=C(C([H])=C1[H])C([H])([H])N([H])C(=O)C1([H])N(C(=O)C([H])(N([H])[H])C([H])(C2([H])C([H])([H])C([H])([H])C([H])([H])C([H])([H])C2([H])[H])C2([H])C([H])([H])C([H])([H])C([H])([H])C([H])([H])C2([H])[H])C([H])([H])C([H])([H])C1([H])[H]
 - 72
[H]OC(N1C([H])([H])C([H])([H])C([H])([H])C1([H])C(=O)N([H])C([H])([H])C1=C([H])N([H])C(=N[H])C([H])=C1[H])=C(N([H])[H])C([H])(C1([H])C([H])([H])C([H])([H])C([H])([H])C([H])([H])C1([H])[H])C1([H])C([H])([H])C([H])([H])C([H])([H])C([H])([H])C1([H])[H]
 - 35
[H]OC(=NC([H])([H])C1=C([H])N([H])C(=N[H])C([H])=C1[H])C1([H])N(C([H])([H])C([H])([H])C1([H])[H])C([H])(O[H])C(N([H])[H])=C(C1([H])C([H])([H])C([H])([H])C([H])([H])C([H])([H])C1([H])[H])C1([H])C([H])([H])C([H])([H])C([H])([H])C([H])([H])C1([H])[H]
 - 34
[H]OC(=NC([H])([H])C1=C([H])N=C(N([H])[H])C([H])=C1[H])C1([H])N(C([H])([H])C([H])([H])C1([H])[H])C([H])(O[H])C(=N[H])C([H])(C1([H])C([H])([H])C([H])([H])C([H])([H])C([H])([H])C1([H])[H])C1([H])C([H])([H])C([H])([H])C([H])([H])C([H])([H])C1([H])[H]
 - 34
[H]OC([H])(N1C([H])([H])C([H])([H])C([H])([H])C1([H])C(=O)N([H])C([H])([H])C1=C([H])N([H])C(=N[H])C([H])=C1[H])C(N([H])[H])=C(C1([H])C([H])([H])C([H])([H])C([H])([H])C([H])([H])C1([H])[H])C1([H])C([H])([H])C([H])([H])C([H])([H])C([H])([H])C1([H])[H]
 - 36
[H]OC([H])(N1C([H])([H])C([H])([H])C([H])([H])C1([H])C(=O)N([H])C([H])([H])C1=C([H])N=C(N([H])[H])C([H])=C1[H])C(=N[H])C([H])(C1([H])C([H])([H])C([H])([H])C([H])([H])C([H])([H])C1([H])[H])C1([H])C([H])([H])C([H])([H])C([H])([H])C([H])([H])C1([H])[H]
 - 36
[H]OC(N([H])C([H])([H])C1=C([H])N([H])C(=N[H])C([H])=C1[H])=C1N(C(=O)C([H])(N([H])[H])C([H])(C2([H])C([H])([H])C([H])([H])C([H])([H])C([H])([H])C2([H])[H])C2([H])C([H])([H])C([H])([H])C([H])([H])C([H])([H])C2([H])[H])C([H])([H])C([H])([H])C1([H])[H]
 - 72
[H]OC(=NC([H])([H])C1=C([H])N([H])C(=N[H])C([H])=C1[H])C1([H])N(C(=O)C([H])(N([H])[H])C([H])(C2([H])C([H])([H])C([H])([H])C([H])([H])C([H])([H])C2([H])[H])C2([H])C([H])([H])C([H])([H])C([H])([H])C([H])([H])C2([H])[H])C([H])([H])C([H])([H])C1([H])[H]
 - 72
[H]OC(N([H])C([H])([H])C1=C([H])N([H])C(=N[H])C([H])=C1[H])=C1N(C([H])([H])C([H])([H])C1([H])[H])C([H])(O[H])C(=N[H])C([H])(C1([H])C([H])([H])C([H])([H])C([H])([H])C([H])([H])C1([H])[H])C1([H])C([H])([H])C([H])([H])C([H])([H])C([H])([H])C1([H])[H]
 - 34
[H]N=C1N([H])C([H])=C(C([H])=C1[H])C([H])([H])N([H])C(=O)C1([H])N(C(=O)C([H])(N([H])[H])C([H])(C2([H])C([H])([H])C([H])([H])C([H])([H])C([H])([H])C2([H])[H])C2([H])C([H])([H])C([H])([H])C([H])([H])C([H])([H])C2([H])[H])C([H])([H])C([H])([H])C1([H])[H]
 - 72
[H]OC(=NC([H])([H])C1=C([H])N([H])C(=N[H])C([H])=C1[H])C1([H])N(C([H])([H])C([H])([H])C1([H])[H])C([H])(O[H])C(=N[H])C([H])(C1([H])C([H])([H])C([H])([H])C([H])([H])C([H])([H])C1([H])[H])C1([H])C([H])([H])C([H])([H])C([H])([H])C([H])([H])C1([H])[H]
 - 34
[H]OC([H])(N1C([H])([H])C([H])([H])C([H])([H])C1([H])C(=O)N([H])C([H])([H])C1=C([H])N([H])C(=N[H])C([H])=C1[H])C(=N[H])C([H])(C1([H])C([H])([H])C([H])([H])C([H])([H])C([H])([H])C1([H])[H])C1([H])C([H])([H])C([H])([H])C([H])([H])C([H])([H])C1([H])[H]
 - 36
[H]OC(O[H])=C(N([H])C(O[H])=C(N=C(O[H])C([H])([H])N([H])[H])C([H])([H])C1=C([H])C([H])=C([H])C([H])=C1[H])C([H])([H])C1=C([H])C([H])=C(O[H])C([H])=C1[H]
 - 37
[H]OC(O[H])=C(N([H])C(O[H])=C(N([H])C(O[H])=C([H])N([H])[H])C([H])([H])C1=C([H])C([H])=C([H])C([H])=C1[H])C([H])([H])C1=C([H])C([H])=C(O[H])C([H])=C1[H]
 - 37
[H]OC(O[H])=C(N([H])C(O[H])=C(N([H])C(=O)C([H])([H])N([H])[H])C([H])([H])C1=C([H])C([H])=C([H])C([H])=C1[H])C([H])([H])C1=C([H])C([H])=C(O[H])C([H])=C1[H]
 - 37
[H]OC(O[H])=C(N=C(O[H])C([H])(N=C(O[H])C([H])([H])N([H])[H])C([H])([H])C1=C([H])C([H])=C([H])C([H])=C1[H])C([H])([H])C1=C([H])C([H])=C(O[H])C([H])=C1[H]
 - 37
[H]OC(O[H])=C(N=C(O[H])C([H])(N([H])C(O[H])=C([H])N([H])[H])C([H])([H])C1=C([H])C([H])=C([H])C([H])=C1[H])C([H])([H])C1=C([H])C([H])=C(O[H])C([H])=C1[H]
 - 37
[H]OC(O[H])=C(N=C(O[H])C([H])(N([H])C(=O)C([H])([H])N([H])[H])C([H])([H])C1=C([H])C([H])=C([H])C([H])=C1[H])C([H])([H])C1=C([H])C([H])=C(O[H])C([H])=C1[H]
 - 37
[H]OC(O[H])=C(N([H])C(=O)C([H])(N=C(O[H])C([H])([H])N([H])[H])C([H])([H])C1=C([H])C([H])=C([H])C([H])=C1[H])C([H])([H])C1=C([H])C([H])=C(O[H])C([H])=C1[H]
 - 37
[H]OC(O[H])=C(N([H])C(=O)C([H])(N([H])C(O[H])=C([H])N([H])[H])C([H])([H])C1=C([H])C([H])=C([H])C([H])=C1[H])C([H])([H])C1=C([H])C([H])=C(O[H])C([H])=C1[H]
 - 37
[H]OC(O[H])=C(N([H])C(=O)C([H])(N([H])C(=O)C([H])([H])N([H])[H])C([H])([H])C1=C([H])C([H])=C([H])C([H])=C1[H])C([H])([H])C1=C([H])C([H])=C(O[H])C([H])=C1[H]
 - 37
[H]OC(N=C(C([H])([H])C1=C([H])C([H])=C(O[H])C([H])=C1[H])C([H])(O[H])O[H])=C(N=C(O[H])C([H])([H])N([H])[H])C([H])([H])C1=C([H])C([H])=C([H])C([H])=C1[H]
 - 38
[H]OC(N=C(C([H])([H])C1=C([H])C([H])=C(O[H])C([H])=C1[H])C([H])(O[H])O[H])=C(N([H])C(=O)C([H])([H])N([H])[H])C([H])([H])C1=C([H])C([H])=C([H])C([H])=C1[H]
 - 38
[H]OC(=NC([H])(C(=O)N=C(C([H])([H])C1=C([H])C([H])=C(O[H])C([H])=C1[H])C([H])(O[H])O[H])C([H])([H])C1=C([H])C([H])=C([H])C([H])=C1[H])C([H])([H])N([H])[H]
 - 46
[H]OC(N([H])C([H])(C(=O)N=C(C([H])([H])C1=C([H])C([H])=C(O[H])C([H])=C1[H])C([H])(O[H])O[H])C([H])([H])C1=C([H])C([H])=C([H])C([H])=C1[H])=C([H])N([H])[H]
 - 47
[H]OC1=C([H])C([H])=C(C([H])=C1[H])C([H])([H])C(=NC(=O)C([H])(N([H])C(=O)C([H])([H])N([H])[H])C([H])([H])C1=C([H])C([H])=C([H])C([H])=C1[H])C([H])(O[H])O[H]
 - 46
[H]OC(=O)C([H])(N=C(O[H])C([H])(N=C(O[H])C([H])([H])N([H])[H])C([H])([H])C1=C([H])C([H])=C([H])C([H])=C1[H])C([H])([H])C1=C([H])C([H])=C(O[H])C([H])=C1[H]
 - 37
[H]OC(=O)C([H])(N([H])C(=O)C([H])(N=C(O[H])C([H])([H])N([H])[H])C([H])([H])C1=C([H])C([H])=C([H])C([H])=C1[H])C([H])([H])C1=C([H])C([H])=C(O[H])C([H])=C1[H]
 - 37
[H]OC(=O)C([H])(N=C(O[H])C([H])(N([H])C(=O)C([H])([H])N([H])[H])C([H])([H])C1=C([H])C([H])=C([H])C([H])=C1[H])C([H])([H])C1=C([H])C([H])=C(O[H])C([H])=C1[H]
 - 37
[H]OC(=O)C([H])(N([H])C(=O)C([H])(N([H])C(=O)C([H])([H])N([H])[H])C([H])([H])C1=C([H])C([H])=C([H])C([H])=C1[H])C([H])([H])C1=C([H])C([H])=C(O[H])C([H])=C1[H]
 - 37
[H]OC(=O)C(=NC([H])(O[H])C([H])(N=C(O[H])C([H])([H])N([H])[H])C([H])([H])C1=C([H])C([H])=C([H])C([H])=C1[H])C([H])([H])C1=C([H])C([H])=C(O[H])C([H])=C1[H]
 - 37
[H]OC(=O)C(=NC([H])(O[H])C([H])(N([H])C(=O)C([H])([H])N([H])[H])C([H])([H])C1=C([H])C([H])=C([H])C([H])=C1[H])C([H])([H])C1=C([H])C([H])=C(O[H])C([H])=C1[H]
 - 37
[H]OC(=O)C([H])(N([H])C(O[H])=C(N=C(O[H])C([H])([H])N([H])[H])C([H])([H])C1=C([H])C([H])=C([H])C([H])=C1[H])C([H])([H])C1=C([H])C([H])=C(O[H])C([H])=C1[H]
 - 37
[H]OC(N([H])C([H])(C(=O)O[H])C([H])([H])C1=C([H])C([H])=C(O[H])C([H])=C1[H])=C(N([H])C(=O)C([H])([H])N([H])[H])C([H])([H])C1=C([H])C([H])=C([H])C([H])=C1[H]
 - 38
[H]OC(N([H])C([H])(C(O[H])=NC([H])(C(=O)O[H])C([H])([H])C1=C([H])C([H])=C(O[H])C([H])=C1[H])C([H])([H])C1=C([H])C([H])=C([H])C([H])=C1[H])=C([H])N([H])[H]
 - 47
[H]OC(N([H])C([H])(C(=O)N([H])C([H])(C(=O)O[H])C([H])([H])C1=C([H])C([H])=C(O[H])C([H])=C1[H])C([H])([H])C1=C([H])C([H])=C([H])C([H])=C1[H])=C([H])N([H])[H]
 - 47
[H]OC(=O)C(=NC([H])(O[H])C([H])(N([H])C(O[H])=C([H])N([H])[H])C([H])([H])C1=C([H])C([H])=C([H])C([H])=C1[H])C([H])([H])C1=C([H])C([H])=C(O[H])C([H])=C1[H]
 - 37
[H]OC(N([H])C(=C(O[H])N([H])C([H])(C(=O)O[H])C([H])([H])C1=C([H])C([H])=C(O[H])C([H])=C1[H])C([H])([H])C1=C([H])C([H])=C([H])C([H])=C1[H])=C([H])N([H])[H]
 - 47
[H]N([H])S(=O)(=O)C1=C([H])C([H])=NC([H])=N1
 - 15
[H]OS(=O)(=N[H])C1=C([H])C([H])=NC([H])=N1
 - 15
[H]N([H])S(=O)(=O)C1=C([H])C([H])=C(C([H])=C1[H])C([H])([H])N1C([H])=NC2=C([H])C([H])=C([H])C([H])=C12
 - 21
[H]OS(=O)(=N[H])C1=C([H])C([H])=C(C([H])=C1[H])C([H])([H])N1C([H])=NC2=C([H])C([H])=C([H])C([H])=C12
 - 21
NC1=c2c(=NC(=O)[C]1c1ccccc1)cc(Cl)cc2
 - 'NoneType' object has no attribute 'get_contributed_electrons'
[H]OC1=NC2=C([H])C(Cl)=C([H])C([H])=C2C(N([H])[H])=C1C1=C([H])C([H])=C([H])C([H])=C1[H]
 - 20
[H]OC1=NC2=C([H])C(Cl)=C([H])C([H])=C2C(=N[H])C1([H])C1=C([H])C([H])=C([H])C([H])=C1[H]
 - 20
[H]N=C1C2=C([H])C([H])=C(Cl)C([H])=C2N([H])C(=O)C1([H])C1=C([H])C([H])=C([H])C([H])=C1[H]
 - 20
[H]OC1=C(C(=N[H])C2=C([H])C([H])=C(Cl)C([H])=C2N1[H])C1=C([H])C([H])=C([H])C([H])=C1[H]
 - 20
[H]N([H])C1=C(C(=O)N([H])C2=C([H])C(Cl)=C([H])C([H])=C12)C1=C([H])C([H])=C([H])C([H])=C1[H]
 - 20
[H]N([H])C1=C2C([H])=C([H])C(Cl)=C([H])C2=NC(=O)C1([H])C1=C([H])C([H])=C([H])C([H])=C1[H]
 - 20
[H]OC(N([H])C([H])([H])C1=C([H])N=C(N([H])[H])C([H])=C1[H])=C1N(C(O[H])=C(N([H])S(=O)(=O)C([H])([H])C2=C([H])C([H])=C([H])C([H])=C2[H])C([H])([H])C2=C([H])C(Cl)=C(Cl)C([H])=C2[H])C([H])([H])C([H])([H])C1([H])[H]
 - 66
[H]OC(=NC([H])([H])C1=C([H])N=C(N([H])[H])C([H])=C1[H])C1([H])N(C(O[H])=C(N([H])S(=O)(=O)C([H])([H])C2=C([H])C([H])=C([H])C([H])=C2[H])C([H])([H])C2=C([H])C(Cl)=C(Cl)C([H])=C2[H])C([H])([H])C([H])([H])C1([H])[H]
 - 66
[H]OC(N1C([H])([H])C([H])([H])C([H])([H])C1([H])C(=O)N([H])C([H])([H])C1=C([H])N=C(N([H])[H])C([H])=C1[H])=C(N([H])S(=O)(=O)C([H])([H])C1=C([H])C([H])=C([H])C([H])=C1[H])C([H])([H])C1=C([H])C(Cl)=C(Cl)C([H])=C1[H]
 - 55
[H]OC(N([H])C([H])([H])C1=C([H])N=C(N([H])[H])C([H])=C1[H])=C1N(C(=O)C([H])(N([H])S(=O)(=O)C([H])([H])C2=C([H])C([H])=C([H])C([H])=C2[H])C([H])([H])C2=C([H])C(Cl)=C(Cl)C([H])=C2[H])C([H])([H])C([H])([H])C1([H])[H]
 - 66
[H]OC(N([H])C([H])([H])C1=C([H])N([H])C(=N[H])C([H])=C1[H])=C1N(C(O[H])=C(N([H])S(=O)(=O)C([H])([H])C2=C([H])C([H])=C([H])C([H])=C2[H])C([H])([H])C2=C([H])C(Cl)=C(Cl)C([H])=C2[H])C([H])([H])C([H])([H])C1([H])[H]
 - 66
[H]OC(=NC([H])([H])C1=C([H])N=C(N([H])[H])C([H])=C1[H])C1([H])N(C(=O)C([H])(N([H])S(=O)(=O)C([H])([H])C2=C([H])C([H])=C([H])C([H])=C2[H])C([H])([H])C2=C([H])C(Cl)=C(Cl)C([H])=C2[H])C([H])([H])C([H])([H])C1([H])[H]
 - 66
[H]OC(=NC([H])([H])C1=C([H])N([H])C(=N[H])C([H])=C1[H])C1([H])N(C(O[H])=C(N([H])S(=O)(=O)C([H])([H])C2=C([H])C([H])=C([H])C([H])=C2[H])C([H])([H])C2=C([H])C(Cl)=C(Cl)C([H])=C2[H])C([H])([H])C([H])([H])C1([H])[H]
 - 66
[H]N([H])C1=NC([H])=C(C([H])=C1[H])C([H])([H])N([H])C(=O)C1([H])N(C(=O)C([H])(N([H])S(=O)(=O)C([H])([H])C2=C([H])C([H])=C([H])C([H])=C2[H])C([H])([H])C2=C([H])C(Cl)=C(Cl)C([H])=C2[H])C([H])([H])C([H])([H])C1([H])[H]
 - 66
[H]OC(N1C([H])([H])C([H])([H])C([H])([H])C1([H])C(=O)N([H])C([H])([H])C1=C([H])N([H])C(=N[H])C([H])=C1[H])=C(N([H])S(=O)(=O)C([H])([H])C1=C([H])C([H])=C([H])C([H])=C1[H])C([H])([H])C1=C([H])C(Cl)=C(Cl)C([H])=C1[H]
 - 55
[H]OC(N1C([H])([H])C([H])([H])C([H])([H])C1([H])C(=O)N([H])C([H])([H])C1=C([H])N=C(N([H])[H])C([H])=C1[H])=C(N=S(=O)(O[H])C([H])([H])C1=C([H])C([H])=C([H])C([H])=C1[H])C([H])([H])C1=C([H])C(Cl)=C(Cl)C([H])=C1[H]
 - 55
[H]OC(N1C([H])([H])C([H])([H])C([H])([H])C1([H])C(=O)N([H])C([H])([H])C1=C([H])N=C(N([H])[H])C([H])=C1[H])=C(N([H])S(=O)(O[H])=C([H])C1=C([H])C([H])=C([H])C([H])=C1[H])C([H])([H])C1=C([H])C(Cl)=C(Cl)C([H])=C1[H]
 - 55
[H]OC(N([H])C([H])([H])C1=C([H])N([H])C(=N[H])C([H])=C1[H])=C1N(C(=O)C([H])(N([H])S(=O)(=O)C([H])([H])C2=C([H])C([H])=C([H])C([H])=C2[H])C([H])([H])C2=C([H])C(Cl)=C(Cl)C([H])=C2[H])C([H])([H])C([H])([H])C1([H])[H]
 - 66
[H]OC(N([H])C([H])([H])C1=C([H])N=C(N([H])[H])C([H])=C1[H])=C1N(C(=O)C([H])(N=S(=O)(O[H])C([H])([H])C2=C([H])C([H])=C([H])C([H])=C2[H])C([H])([H])C2=C([H])C(Cl)=C(Cl)C([H])=C2[H])C([H])([H])C([H])([H])C1([H])[H]
 - 66
[H]OC(=NC([H])([H])C1=C([H])N([H])C(=N[H])C([H])=C1[H])C1([H])N(C(=O)C([H])(N([H])S(=O)(=O)C([H])([H])C2=C([H])C([H])=C([H])C([H])=C2[H])C([H])([H])C2=C([H])C(Cl)=C(Cl)C([H])=C2[H])C([H])([H])C([H])([H])C1([H])[H]
 - 66
[H]OC(N([H])C([H])([H])C1=C([H])N=C(N([H])[H])C([H])=C1[H])=C1N(C(=O)C([H])(N([H])S(=O)(O[H])=C([H])C2=C([H])C([H])=C([H])C([H])=C2[H])C([H])([H])C2=C([H])C(Cl)=C(Cl)C([H])=C2[H])C([H])([H])C([H])([H])C1([H])[H]
 - 66
[H]OC(=NC([H])([H])C1=C([H])N=C(N([H])[H])C([H])=C1[H])C1([H])N(C(=O)C([H])(N=S(=O)(O[H])C([H])([H])C2=C([H])C([H])=C([H])C([H])=C2[H])C([H])([H])C2=C([H])C(Cl)=C(Cl)C([H])=C2[H])C([H])([H])C([H])([H])C1([H])[H]
 - 66
[H]N=C1N([H])C([H])=C(C([H])=C1[H])C([H])([H])N([H])C(=O)C1([H])N(C(=O)C([H])(N([H])S(=O)(=O)C([H])([H])C2=C([H])C([H])=C([H])C([H])=C2[H])C([H])([H])C2=C([H])C(Cl)=C(Cl)C([H])=C2[H])C([H])([H])C([H])([H])C1([H])[H]
 - 66
[H]OC(=NC([H])([H])C1=C([H])N=C(N([H])[H])C([H])=C1[H])C1([H])N(C(=O)C([H])(N([H])S(=O)(O[H])=C([H])C2=C([H])C([H])=C([H])C([H])=C2[H])C([H])([H])C2=C([H])C(Cl)=C(Cl)C([H])=C2[H])C([H])([H])C([H])([H])C1([H])[H]
 - 66
[H]OS(=O)(=NC([H])(C(=O)N1C([H])([H])C([H])([H])C([H])([H])C1([H])C(=O)N([H])C([H])([H])C1=C([H])N=C(N([H])[H])C([H])=C1[H])C([H])([H])C1=C([H])C(Cl)=C(Cl)C([H])=C1[H])C([H])([H])C1=C([H])C([H])=C([H])C([H])=C1[H]
 - 55
[H]OS(=O)(N([H])C([H])(C(=O)N1C([H])([H])C([H])([H])C([H])([H])C1([H])C(=O)N([H])C([H])([H])C1=C([H])N=C(N([H])[H])C([H])=C1[H])C([H])([H])C1=C([H])C(Cl)=C(Cl)C([H])=C1[H])=C([H])C1=C([H])C([H])=C([H])C([H])=C1[H]
 - 56
[H]OC(N([H])C([H])([H])C1=C([H])N([H])C(=N[H])C([H])=C1[H])=C1N(C(=O)C([H])(N=S(=O)(O[H])C([H])([H])C2=C([H])C([H])=C([H])C([H])=C2[H])C([H])([H])C2=C([H])C(Cl)=C(Cl)C([H])=C2[H])C([H])([H])C([H])([H])C1([H])[H]
 - 66
[H]OC(=NC([H])([H])C1=C([H])N([H])C(=N[H])C([H])=C1[H])C1([H])N(C(=O)C([H])(N=S(=O)(O[H])C([H])([H])C2=C([H])C([H])=C([H])C([H])=C2[H])C([H])([H])C2=C([H])C(Cl)=C(Cl)C([H])=C2[H])C([H])([H])C([H])([H])C1([H])[H]
 - 66
[H]OC(=NC([H])([H])C1=C([H])N([H])C(=N[H])C([H])=C1[H])C1([H])N(C(=O)C([H])(N([H])S(=O)(O[H])=C([H])C2=C([H])C([H])=C([H])C([H])=C2[H])C([H])([H])C2=C([H])C(Cl)=C(Cl)C([H])=C2[H])C([H])([H])C([H])([H])C1([H])[H]
 - 66
[H]OS(=O)(=NC([H])(C(=O)N1C([H])([H])C([H])([H])C([H])([H])C1([H])C(=O)N([H])C([H])([H])C1=C([H])N([H])C(=N[H])C([H])=C1[H])C([H])([H])C1=C([H])C(Cl)=C(Cl)C([H])=C1[H])C([H])([H])C1=C([H])C([H])=C([H])C([H])=C1[H]
 - 55
[H]OS(=O)(N([H])C([H])(C(=O)N1C([H])([H])C([H])([H])C([H])([H])C1([H])C(=O)N([H])C([H])([H])C1=C([H])N([H])C(=N[H])C([H])=C1[H])C([H])([H])C1=C([H])C(Cl)=C(Cl)C([H])=C1[H])=C([H])C1=C([H])C([H])=C([H])C([H])=C1[H]
 - 56
[H]OS(O[H])(=NC([H])(C(=O)N1C([H])([H])C([H])([H])C([H])([H])C1([H])C(=O)N([H])C([H])([H])C1=C([H])N=C(N([H])[H])C([H])=C1[H])C([H])([H])C1=C([H])C(Cl)=C(Cl)C([H])=C1[H])=C([H])C1=C([H])C([H])=C([H])C([H])=C1[H]
 - 56
[H]OC(=NC1([H])C([H])([H])C([H])([H])C([H])([H])C([H])([H])C([H])([H])C([H])([H])C1([H])[H])N([H])S(=O)(=O)C1=C(N([H])C2([H])C([H])([H])C([H])([H])C([H])([H])C([H])([H])C2([H])[H])C([H])=C([H])N=C1[H]
 - 29
[H]OC(=NS(=O)(=O)C1=C(N([H])C2([H])C([H])([H])C([H])([H])C([H])([H])C([H])([H])C2([H])[H])C([H])=C([H])N=C1[H])N([H])C1([H])C([H])([H])C([H])([H])C([H])([H])C([H])([H])C([H])([H])C([H])([H])C1([H])[H]
 - 36
[H]N(C(=O)N([H])S(=O)(=O)C1=C(N([H])C2([H])C([H])([H])C([H])([H])C([H])([H])C([H])([H])C2([H])[H])C([H])=C([H])N=C1[H])C1([H])C([H])([H])C([H])([H])C([H])([H])C([H])([H])C([H])([H])C([H])([H])C1([H])[H]
 - 38
[H]OC(=NC1=C([H])C([H])([H])C([H])([H])C([H])([H])C([H])([H])C([H])([H])C1([H])[H])N([H])S([H])(=O)(O[H])C1=C(N([H])C2([H])C([H])([H])C([H])([H])C([H])([H])C([H])([H])C2([H])[H])C([H])=C([H])N=C1[H]
 - 29
[H]OC(=NS([H])(=O)(O[H])C1=C(N([H])C2([H])C([H])([H])C([H])([H])C([H])([H])C([H])([H])C2([H])[H])C([H])=C([H])N=C1[H])N([H])C1=C([H])C([H])([H])C([H])([H])C([H])([H])C([H])([H])C([H])([H])C1([H])[H]
 - 38
[H]OC(=NC1([H])C([H])([H])C([H])([H])C([H])([H])C([H])([H])C([H])([H])C([H])([H])C1([H])[H])N([H])S(=O)(=O)C1=C([H])N([H])C([H])=C([H])C1=NC1([H])C([H])([H])C([H])([H])C([H])([H])C([H])([H])C1([H])[H]
 - 29
[H]OC(=NS(=O)(=O)C1=C([H])N([H])C([H])=C([H])C1=NC1([H])C([H])([H])C([H])([H])C([H])([H])C([H])([H])C1([H])[H])N([H])C1([H])C([H])([H])C([H])([H])C([H])([H])C([H])([H])C([H])([H])C([H])([H])C1([H])[H]
 - 36
[H]N(C(=O)N([H])S(=O)(=O)C1=C([H])N([H])C([H])=C([H])C1=NC1([H])C([H])([H])C([H])([H])C([H])([H])C([H])([H])C1([H])[H])C1([H])C([H])([H])C([H])([H])C([H])([H])C([H])([H])C([H])([H])C([H])([H])C1([H])[H]
 - 38
[H]OC(N=C1C([H])([H])C([H])([H])C([H])([H])C([H])([H])C([H])([H])C([H])([H])C1([H])[H])=NS([H])(=O)(O[H])C1=C(N([H])C2([H])C([H])([H])C([H])([H])C([H])([H])C([H])([H])C2([H])[H])C([H])=C([H])N=C1[H]
 - 29
[H]OC(=NC1=C([H])C([H])([H])C([H])([H])C([H])([H])C([H])([H])C([H])([H])C1([H])[H])N([H])S([H])(=O)(O[H])C1=C([H])N([H])C([H])=C([H])C1=NC1([H])C([H])([H])C([H])([H])C([H])([H])C([H])([H])C1([H])[H]
 - 29
[H]OC(=NC1([H])C([H])([H])C([H])([H])C([H])([H])C([H])([H])C([H])([H])C([H])([H])C1([H])[H])N=S(=O)(O[H])C1=C(N([H])C2([H])C([H])([H])C([H])([H])C([H])([H])C([H])([H])C2([H])[H])C([H])=C([H])N=C1[H]
 - 29
[H]OC(=NS([H])(=O)(O[H])C1=C([H])N([H])C([H])=C([H])C1=NC1([H])C([H])([H])C([H])([H])C([H])([H])C([H])([H])C1([H])[H])N([H])C1=C([H])C([H])([H])C([H])([H])C([H])([H])C([H])([H])C([H])([H])C1([H])[H]
 - 38
[H]OS(=O)(=NC(=O)N([H])C1([H])C([H])([H])C([H])([H])C([H])([H])C([H])([H])C([H])([H])C([H])([H])C1([H])[H])C1=C(N([H])C2([H])C([H])([H])C([H])([H])C([H])([H])C([H])([H])C2([H])[H])C([H])=C([H])N=C1[H]
 - 33
[H]OC(=NC1=C([H])C([H])([H])C([H])([H])C([H])([H])C([H])([H])C([H])([H])C1([H])[H])N=S([H])(O[H])(O[H])C1=C(N([H])C2([H])C([H])([H])C([H])([H])C([H])([H])C([H])([H])C2([H])[H])C([H])=C([H])N=C1[H]
 - 29
[H]OS([H])(O[H])(=NC(=O)N([H])C1=C([H])C([H])([H])C([H])([H])C([H])([H])C([H])([H])C([H])([H])C1([H])[H])C1=C(N([H])C2([H])C([H])([H])C([H])([H])C([H])([H])C([H])([H])C2([H])[H])C([H])=C([H])N=C1[H]
 - 33
[H]OC(=NC1([H])C([H])([H])C([H])([H])C([H])([H])C([H])([H])C([H])([H])C([H])([H])C1([H])[H])N=S(=O)(O[H])C1=C([H])N([H])C([H])=C([H])C1=NC1([H])C([H])([H])C([H])([H])C([H])([H])C([H])([H])C1([H])[H]
 - 29
[H]OC([H])(N=S(=O)(O[H])C1=C(N([H])C2([H])C([H])([H])C([H])([H])C([H])([H])C([H])([H])C2([H])[H])C([H])=C([H])N=C1[H])N([H])C1=C([H])C([H])([H])C([H])([H])C([H])([H])C([H])([H])C([H])([H])C1([H])[H]
 - 38
[H]OC(N=C1C([H])([H])C([H])([H])C([H])([H])C([H])([H])C([H])([H])C([H])([H])C1([H])[H])=NS([H])(=O)(O[H])C1=C([H])N([H])C([H])=C([H])C1=NC1([H])C([H])([H])C([H])([H])C([H])([H])C([H])([H])C1([H])[H]
 - 29
[H]OS(=O)(=NC(=O)N([H])C1([H])C([H])([H])C([H])([H])C([H])([H])C([H])([H])C([H])([H])C([H])([H])C1([H])[H])C1=C([H])N([H])C([H])=C([H])C1=NC1([H])C([H])([H])C([H])([H])C([H])([H])C([H])([H])C1([H])[H]
 - 33
[H]OS([H])(O[H])(=NC(=O)N=C1C([H])([H])C([H])([H])C([H])([H])C([H])([H])C([H])([H])C([H])([H])C1([H])[H])C1=C(N([H])C2([H])C([H])([H])C([H])([H])C([H])([H])C([H])([H])C2([H])[H])C([H])=C([H])N=C1[H]
 - 33
[H]OC([H])(N=C1C([H])([H])C([H])([H])C([H])([H])C([H])([H])C([H])([H])C([H])([H])C1([H])[H])N=S(=O)(O[H])C1=C(N([H])C2([H])C([H])([H])C([H])([H])C([H])([H])C([H])([H])C2([H])[H])C([H])=C([H])N=C1[H]
 - 29
[H]OC(=NC1=C([H])C([H])([H])C([H])([H])C([H])([H])C([H])([H])C([H])([H])C1([H])[H])N=S([H])(O[H])(O[H])C1=C([H])N([H])C([H])=C([H])C1=NC1([H])C([H])([H])C([H])([H])C([H])([H])C([H])([H])C1([H])[H]
 - 29
[H]OC([H])(N=S(=O)(O[H])C1=C([H])N([H])C([H])=C([H])C1=NC1([H])C([H])([H])C([H])([H])C([H])([H])C([H])([H])C1([H])[H])N([H])C1=C([H])C([H])([H])C([H])([H])C([H])([H])C([H])([H])C([H])([H])C1([H])[H]
 - 38
[H]OS([H])(O[H])(=NC(=O)N([H])C1=C([H])C([H])([H])C([H])([H])C([H])([H])C([H])([H])C([H])([H])C1([H])[H])C1=C([H])N([H])C([H])=C([H])C1=NC1([H])C([H])([H])C([H])([H])C([H])([H])C([H])([H])C1([H])[H]
 - 33
[H]OC([H])(N=C1C([H])([H])C([H])([H])C([H])([H])C([H])([H])C([H])([H])C([H])([H])C1([H])[H])N=S(=O)(O[H])C1=C([H])N([H])C([H])=C([H])C1=NC1([H])C([H])([H])C([H])([H])C([H])([H])C([H])([H])C1([H])[H]
 - 29
[H]OS([H])(O[H])(=NC(=O)N=C1C([H])([H])C([H])([H])C([H])([H])C([H])([H])C([H])([H])C([H])([H])C1([H])[H])C1=C([H])N([H])C([H])=C([H])C1=NC1([H])C([H])([H])C([H])([H])C([H])([H])C([H])([H])C1([H])[H]
 - 33
[H]OC(=NC1([H])C([H])([H])C([H])([H])C([H])([H])C([H])([H])C([H])([H])C([H])([H])C1([H])[H])N([H])S(=O)(=O)C1=C(N([H])C2([H])C([H])([H])C([H])([H])C([H])([H])C([H])([H])C([H])([H])C2([H])[H])C([H])=C([H])N=C1[H]
 - 30
[H]OC(=NS(=O)(=O)C1=C(N([H])C2([H])C([H])([H])C([H])([H])C([H])([H])C([H])([H])C([H])([H])C2([H])[H])C([H])=C([H])N=C1[H])N([H])C1([H])C([H])([H])C([H])([H])C([H])([H])C([H])([H])C([H])([H])C([H])([H])C1([H])[H]
 - 39
[H]N(C(=O)N([H])S(=O)(=O)C1=C(N([H])C2([H])C([H])([H])C([H])([H])C([H])([H])C([H])([H])C([H])([H])C2([H])[H])C([H])=C([H])N=C1[H])C1([H])C([H])([H])C([H])([H])C([H])([H])C([H])([H])C([H])([H])C([H])([H])C1([H])[H]
 - 41
[H]OC(=NC1=C([H])C([H])([H])C([H])([H])C([H])([H])C([H])([H])C([H])([H])C1([H])[H])N([H])S([H])(=O)(O[H])C1=C(N([H])C2([H])C([H])([H])C([H])([H])C([H])([H])C([H])([H])C([H])([H])C2([H])[H])C([H])=C([H])N=C1[H]
 - 30
[H]OC(=NS([H])(=O)(O[H])C1=C(N([H])C2([H])C([H])([H])C([H])([H])C([H])([H])C([H])([H])C([H])([H])C2([H])[H])C([H])=C([H])N=C1[H])N([H])C1=C([H])C([H])([H])C([H])([H])C([H])([H])C([H])([H])C([H])([H])C1([H])[H]
 - 41
[H]OC(=NC1([H])C([H])([H])C([H])([H])C([H])([H])C([H])([H])C([H])([H])C([H])([H])C1([H])[H])N([H])S(=O)(=O)C1=C([H])N([H])C([H])=C([H])C1=NC1([H])C([H])([H])C([H])([H])C([H])([H])C([H])([H])C([H])([H])C1([H])[H]
 - 30
[H]OC(=NS(=O)(=O)C1=C([H])N([H])C([H])=C([H])C1=NC1([H])C([H])([H])C([H])([H])C([H])([H])C([H])([H])C([H])([H])C1([H])[H])N([H])C1([H])C([H])([H])C([H])([H])C([H])([H])C([H])([H])C([H])([H])C([H])([H])C1([H])[H]
 - 39
[H]N(C(=O)N([H])S(=O)(=O)C1=C([H])N([H])C([H])=C([H])C1=NC1([H])C([H])([H])C([H])([H])C([H])([H])C([H])([H])C([H])([H])C1([H])[H])C1([H])C([H])([H])C([H])([H])C([H])([H])C([H])([H])C([H])([H])C([H])([H])C1([H])[H]
 - 41
[H]OC(N=C1C([H])([H])C([H])([H])C([H])([H])C([H])([H])C([H])([H])C([H])([H])C1([H])[H])=NS([H])(=O)(O[H])C1=C(N([H])C2([H])C([H])([H])C([H])([H])C([H])([H])C([H])([H])C([H])([H])C2([H])[H])C([H])=C([H])N=C1[H]
 - 30
[H]OC(=NC1=C([H])C([H])([H])C([H])([H])C([H])([H])C([H])([H])C([H])([H])C1([H])[H])N([H])S([H])(=O)(O[H])C1=C([H])N([H])C([H])=C([H])C1=NC1([H])C([H])([H])C([H])([H])C([H])([H])C([H])([H])C([H])([H])C1([H])[H]
 - 30
[H]OC(=NC1([H])C([H])([H])C([H])([H])C([H])([H])C([H])([H])C([H])([H])C([H])([H])C1([H])[H])N=S(=O)(O[H])C1=C(N([H])C2([H])C([H])([H])C([H])([H])C([H])([H])C([H])([H])C([H])([H])C2([H])[H])C([H])=C([H])N=C1[H]
 - 30
[H]OC(=NS([H])(=O)(O[H])C1=C([H])N([H])C([H])=C([H])C1=NC1([H])C([H])([H])C([H])([H])C([H])([H])C([H])([H])C([H])([H])C1([H])[H])N([H])C1=C([H])C([H])([H])C([H])([H])C([H])([H])C([H])([H])C([H])([H])C1([H])[H]
 - 41
[H]OS(=O)(=NC(=O)N([H])C1([H])C([H])([H])C([H])([H])C([H])([H])C([H])([H])C([H])([H])C([H])([H])C1([H])[H])C1=C(N([H])C2([H])C([H])([H])C([H])([H])C([H])([H])C([H])([H])C([H])([H])C2([H])[H])C([H])=C([H])N=C1[H]
 - 33
[H]OC(=NC1=C([H])C([H])([H])C([H])([H])C([H])([H])C([H])([H])C([H])([H])C1([H])[H])N=S([H])(O[H])(O[H])C1=C(N([H])C2([H])C([H])([H])C([H])([H])C([H])([H])C([H])([H])C([H])([H])C2([H])[H])C([H])=C([H])N=C1[H]
 - 31
[H]OS([H])(O[H])(=NC(=O)N([H])C1=C([H])C([H])([H])C([H])([H])C([H])([H])C([H])([H])C([H])([H])C1([H])[H])C1=C(N([H])C2([H])C([H])([H])C([H])([H])C([H])([H])C([H])([H])C([H])([H])C2([H])[H])C([H])=C([H])N=C1[H]
 - 33
[H]OC(=NC1([H])C([H])([H])C([H])([H])C([H])([H])C([H])([H])C([H])([H])C([H])([H])C1([H])[H])N=S(=O)(O[H])C1=C([H])N([H])C([H])=C([H])C1=NC1([H])C([H])([H])C([H])([H])C([H])([H])C([H])([H])C([H])([H])C1([H])[H]
 - 30
[H]OC([H])(N=S(=O)(O[H])C1=C(N([H])C2([H])C([H])([H])C([H])([H])C([H])([H])C([H])([H])C([H])([H])C2([H])[H])C([H])=C([H])N=C1[H])N([H])C1=C([H])C([H])([H])C([H])([H])C([H])([H])C([H])([H])C([H])([H])C1([H])[H]
 - 41
[H]OC(N=C1C([H])([H])C([H])([H])C([H])([H])C([H])([H])C([H])([H])C([H])([H])C1([H])[H])=NS([H])(=O)(O[H])C1=C([H])N([H])C([H])=C([H])C1=NC1([H])C([H])([H])C([H])([H])C([H])([H])C([H])([H])C([H])([H])C1([H])[H]
 - 30
[H]OS(=O)(=NC(=O)N([H])C1([H])C([H])([H])C([H])([H])C([H])([H])C([H])([H])C([H])([H])C([H])([H])C1([H])[H])C1=C([H])N([H])C([H])=C([H])C1=NC1([H])C([H])([H])C([H])([H])C([H])([H])C([H])([H])C([H])([H])C1([H])[H]
 - 33
[H]OS([H])(O[H])(=NC(=O)N=C1C([H])([H])C([H])([H])C([H])([H])C([H])([H])C([H])([H])C([H])([H])C1([H])[H])C1=C(N([H])C2([H])C([H])([H])C([H])([H])C([H])([H])C([H])([H])C([H])([H])C2([H])[H])C([H])=C([H])N=C1[H]
 - 33
[H]OC([H])(N=C1C([H])([H])C([H])([H])C([H])([H])C([H])([H])C([H])([H])C([H])([H])C1([H])[H])N=S(=O)(O[H])C1=C(N([H])C2([H])C([H])([H])C([H])([H])C([H])([H])C([H])([H])C([H])([H])C2([H])[H])C([H])=C([H])N=C1[H]
 - 30
[H]OC(=NC1=C([H])C([H])([H])C([H])([H])C([H])([H])C([H])([H])C([H])([H])C1([H])[H])N=S([H])(O[H])(O[H])C1=C([H])N([H])C([H])=C([H])C1=NC1([H])C([H])([H])C([H])([H])C([H])([H])C([H])([H])C([H])([H])C1([H])[H]
 - 31
[H]OC([H])(N=S(=O)(O[H])C1=C([H])N([H])C([H])=C([H])C1=NC1([H])C([H])([H])C([H])([H])C([H])([H])C([H])([H])C([H])([H])C1([H])[H])N([H])C1=C([H])C([H])([H])C([H])([H])C([H])([H])C([H])([H])C([H])([H])C1([H])[H]
 - 41
[H]OS([H])(O[H])(=NC(=O)N([H])C1=C([H])C([H])([H])C([H])([H])C([H])([H])C([H])([H])C([H])([H])C1([H])[H])C1=C([H])N([H])C([H])=C([H])C1=NC1([H])C([H])([H])C([H])([H])C([H])([H])C([H])([H])C([H])([H])C1([H])[H]
 - 33
[H]OC([H])(N=C1C([H])([H])C([H])([H])C([H])([H])C([H])([H])C([H])([H])C([H])([H])C1([H])[H])N=S(=O)(O[H])C1=C([H])N([H])C([H])=C([H])C1=NC1([H])C([H])([H])C([H])([H])C([H])([H])C([H])([H])C([H])([H])C1([H])[H]
 - 30
[H]OS([H])(O[H])(=NC(=O)N=C1C([H])([H])C([H])([H])C([H])([H])C([H])([H])C([H])([H])C([H])([H])C1([H])[H])C1=C([H])N([H])C([H])=C([H])C1=NC1([H])C([H])([H])C([H])([H])C([H])([H])C([H])([H])C([H])([H])C1([H])[H]
 - 33
[H]OC1=NC(=C([H])N1C([H])([H])C1=C([H])C([H])=C([H])C([H])=C1[H])N1C([H])([H])C([H])([H])OC([H])([H])C1([H])[H]
 - 23
[H]N1C(=O)N(C([H])=C1N1C([H])([H])C([H])([H])OC([H])([H])C1([H])[H])C([H])([H])C1=C([H])C([H])=C([H])C([H])=C1[H]
 - 23
[H]C1=C([H])C([H])=C(C([H])=C1[H])C([H])([H])N1C(=O)N=C(N2C([H])([H])C([H])([H])OC([H])([H])C2([H])[H])C1([H])[H]
 - 34
O=C1CNC(=O)C(CC2=c3c(=N[CH]2)cccc3)N1
 - 'NoneType' object has no attribute 'get_contributed_electrons'
[H]OC1=C([H])N([H])C(O[H])=C(N1[H])C([H])([H])C1=C([H])N([H])C2=C([H])C([H])=C([H])C([H])=C12
 - 31
[H]OC1=C(N([H])C([H])(O[H])C([H])=N1)C([H])([H])C1=C([H])N([H])C2=C([H])C([H])=C([H])C([H])=C12
 - 31
[H]OC1=C([H])N([H])C([H])(O[H])C(N1[H])=C([H])C1=C([H])N([H])C2=C([H])C([H])=C([H])C([H])=C12
 - 31
[H]OC1=C(N([H])C(=O)C([H])([H])N1[H])C([H])([H])C1=C([H])N([H])C2=C([H])C([H])=C([H])C([H])=C12
 - 31
[H]OC1([H])N([H])C(=C([H])C2=C([H])N([H])C3=C([H])C([H])=C([H])C([H])=C23)C([H])(O[H])N=C1[H]
 - 30
[H]OC1=C([H])N([H])C([H])(O[H])C(=N1)C([H])([H])C1=C([H])N([H])C2=C([H])C([H])=C([H])C([H])=C12
 - 31
[H]OC1=NC(=C(O[H])N([H])C1([H])[H])C([H])([H])C1=C([H])N([H])C2=C([H])C([H])=C([H])C([H])=C12
 - 31
[H]OC1([H])N=C(C([H])([H])C2=C([H])N([H])C3=C([H])C([H])=C([H])C([H])=C23)C([H])(O[H])N=C1[H]
 - 30
[H]OC1=C([H])N([H])C(=O)C([H])(N1[H])C([H])([H])C1=C([H])N([H])C2=C([H])C([H])=C([H])C([H])=C12
 - 31
[H]OC1([H])N([H])C(=C([H])C2=C([H])N([H])C3=C([H])C([H])=C([H])C([H])=C23)C(=O)N([H])C1([H])[H]
 - 29
[H]OC1([H])N([H])C([H])([H])C(=O)N([H])C1=C([H])C1=C([H])N([H])C2=C([H])C([H])=C([H])C([H])=C12
 - 31
[H]OC1=C([H])N=C(O[H])C([H])(N1[H])C([H])([H])C1=C([H])N([H])C2=C([H])C([H])=C([H])C([H])=C12
 - 31
[H]OC1=NC([H])([H])C([H])(O[H])N([H])C1=C([H])C1=C([H])N([H])C2=C([H])C([H])=C([H])C([H])=C12
 - 31
[H]OC1=NC(=C([H])C2=C([H])N([H])C3=C([H])C([H])=C([H])C([H])=C23)C([H])(O[H])N([H])C1([H])[H]
 - 29
[H]OC1([H])N=C([H])C(=O)N([H])C1([H])C([H])([H])C1=C([H])N([H])C2=C([H])C([H])=C([H])C([H])=C12
 - 31
[H]OC1([H])N([H])C([H])(C(=O)N=C1[H])C([H])([H])C1=C([H])N([H])C2=C([H])C([H])=C([H])C([H])=C12
 - 31
[H]OC1([H])N=C(C(=O)N([H])C1([H])[H])C([H])([H])C1=C([H])N([H])C2=C([H])C([H])=C([H])C([H])=C12
 - 31
[H]OC1([H])N([H])C([H])([H])C(=O)N=C1C([H])([H])C1=C([H])N([H])C2=C([H])C([H])=C([H])C([H])=C12
 - 31
[H]OC1=NC([H])(C([H])([H])C2=C([H])N([H])C3=C([H])C([H])=C([H])C([H])=C23)C([H])(O[H])N=C1[H]
 - 30
[H]OC1=NC([H])([H])C([H])(O[H])N=C1C([H])([H])C1=C([H])N([H])C2=C([H])C([H])=C([H])C([H])=C12
 - 31
[H]N1C([H])=C(C2=C([H])C([H])=C([H])C([H])=C12)C([H])([H])C1([H])N([H])C(=O)C([H])([H])N([H])C1=O
 - 19
O=C1CNC(=O)C(Cc2c[nH]c3ccccc23)N1
 - This structure cannot be kekulised!
[H]OC1=NC([H])(C(=O)N([H])C1([H])[H])C([H])([H])C1=C([H])N([H])C2=C([H])C([H])=C([H])C([H])=C12
 - 31
[H]OC1=NC([H])([H])C(=O)N([H])C1([H])C([H])([H])C1=C([H])N([H])C2=C([H])C([H])=C([H])C([H])=C12
 - 31
[H]OC1=NC([H])(C(O[H])=NC1([H])[H])C([H])([H])C1=C([H])N([H])C2=C([H])C([H])=C([H])C([H])=C12
 - 31
[O-][N+](=O)OC1CCCCC1O[N+](=O)[O-]
 - 'NoneType' object has no attribute 'kekulise'
[H]C1([H])C([H])([H])C([H])([H])C([H])(O[N+]([O-])=O)C([H])(O[N+]([O-])=O)C1([H])[H]
 - 'NoneType' object has no attribute 'kekulise'
[O-][N+](=O)OC1CCCCC1O[N+]([O-])=O
 - 'NoneType' object has no attribute 'kekulise'
[O-][N+](=O)c1ccc2Cc3ccccc3-c2c1
 - 'NoneType' object has no attribute 'kekulise'
[H]C1=C([H])C([H])=C2C(=C1[H])C1=C([H])C(=C([H])C([H])=C1C2([H])[H])[N+]([O-])=O
 - 'NoneType' object has no attribute 'kekulise'
[O-][N+](=O)c1cc2c(Cc3ccccc-23)cc1
 - 'NoneType' object has no attribute 'kekulise'
O=N(=O)c3ccc2Cc1ccccc1c2c3
 - 'NoneType' object has no attribute 'get_contributed_electrons'
[O-][N+](=O)C1=CC=C2CC3=CC=CC=C3C2=C1
 - 'NoneType' object has no attribute 'kekulise'
[H]C1([H])S(=O)C([H])([H])C([H])([H])C1([H])[H]
 - 12
[H]OS1=C([H])C([H])([H])C([H])([H])C1([H])[H]
 - 12
[H]OS1([H])C([H])=C([H])C([H])([H])C1([H])[H]
 - 12
[H]OC(O[H])=C1N=C(SC1([H])[H])C1=C(O[H])C([H])=C([H])C(O[H])=C1[H]
 - 24
[H]OC(=O)C1([H])N=C(SC1([H])[H])C1=C(O[H])C([H])=C([H])C(O[H])=C1[H]
 - 24
[H]OC(=O)C1=NC([H])(SC1([H])[H])C1=C(O[H])C([H])=C([H])C(O[H])=C1[H]
 - 24
[H]OC(=O)C1=C([H])SC([H])(N1[H])C1=C(O[H])C([H])=C([H])C(O[H])=C1[H]
 - 24
[H]OC(=O)C([H])([H])C([H])([H])C([H])([H])C([H])([H])O\\N=C(/C1=NC([H])=NC([H])=C1[H])C1=C([H])C([H])=C([H])C([H])=C1[H]
 - 2 bonds in a row
[H]OC(=O)C([H])([H])C([H])([H])C([H])([H])C([H])([H])O\\N=C(/C1=C([H])N=NC([H])=C1[H])C1=C([H])C(=C([H])C([H])=C1[H])C(F)(F)F
 - 2 bonds in a row
OC(=O)c1cn(c2ccc(F)cc2F)c2cc(N3CCNCC3)c(F)cc2c1=O
 - 'NoneType' object has no attribute 'get_contributed_electrons'
[H]OC(=O)C1=C([H])N(C2=C([H])C([H])=C(F)C([H])=C2F)C2=C(C([H])=C(F)C(=C2[H])N2C([H])([H])C([H])([H])N([H])C([H])([H])C2([H])[H])C1=O
 - 44
OC(=O)c4cn(c1ccc(F)cc1F)c3cc(N2CCNCC2)c(F)cc3c4=O
 - 'NoneType' object has no attribute 'get_contributed_electrons'
[H]OC(=O)C1=C([H])N(C2=C([H])C([H])=C(O[H])C([H])=C2[H])C2=C([H])C(N3C([H])([H])C([H])([H])N([H])C([H])([H])C3([H])[H])=C(F)C([H])=C2C1=O
 - 45
OC(=O)c1cn(c2ccc(O)cc2)c2cc(N3CCNCC3)c(F)cc2c1=O
 - 'NoneType' object has no attribute 'get_contributed_electrons'
OC(=O)c4cn(c1ccc(O)cc1)c3cc(N2CCNCC2)c(F)cc3c4=O
 - 'NoneType' object has no attribute 'get_contributed_electrons'
[H]OC([H])(C([H])([H])ON=C(C1([H])C([H])([H])C1([H])[H])C1([H])C([H])([H])C1([H])[H])C([H])([H])N([H])C([H])([H])C([H])([H])C([H])([H])C1=C([H])C([H])=C([H])C([H])=C1[H]
 - 27
[H]OC([H])(C([H])([H])ON([H])C(=C1C([H])([H])C1([H])[H])C1([H])C([H])([H])C1([H])[H])C([H])([H])N([H])C([H])([H])C([H])([H])C([H])([H])C1=C([H])C([H])=C([H])C([H])=C1[H]
 - 27
[H]OC([H])([H])C1([H])OC([H])(N2C([H])=NC3=C(N=C([H])N=C23)N([H])C([H])([H])C([H])([H])C2=C([H])C([H])=C([H])C([H])=C2[H])C([H])(O[H])C1([H])O[H]
 - 45
[H]OC([H])([H])C1([H])OC([H])(N2C([H])=NC3=C2N=C([H])N([H])C3=NC([H])([H])C([H])([H])C2=C([H])C([H])=C([H])C([H])=C2[H])C([H])(O[H])C1([H])O[H]
 - 45
[H]OC([H])([H])C1([H])OC([H])(N2C([H])=NC3=C2N([H])C([H])=NC3=NC([H])([H])C([H])([H])C2=C([H])C([H])=C([H])C([H])=C2[H])C([H])(O[H])C1([H])O[H]
 - 45
[H]OC([H])([H])C1([H])OC([H])(N2C([H])=NC3=C(N=C([H])N=C23)N([H])C([H])([H])C2=C([H])C([H])=C([H])O2)C([H])(O[H])C1([H])O[H]
 - 39
[H]OC([H])([H])C1([H])OC([H])(N2C([H])=NC3=C2N=C([H])N([H])C3=NC([H])([H])C2=C([H])C([H])=C([H])O2)C([H])(O[H])C1([H])O[H]
 - 39
[H]OC([H])([H])C1([H])OC([H])(N2C([H])=NC3=C2N([H])C([H])=NC3=NC([H])([H])C2=C([H])C([H])=C([H])O2)C([H])(O[H])C1([H])O[H]
 - 39
OCC=CCOCn1ccnc1[N+]([O-])=O
 - 'NoneType' object has no attribute 'kekulise'
[O-][N+](=O)c1[n]cc[n]1COCC=CCO
 - 'NoneType' object has no attribute 'kekulise'
OCC=CCOCn1ccnc1[N+](=O)[O-]
 - 'NoneType' object has no attribute 'kekulise'
OCC=CCOCN1C=CN=C1[N+]([O-])=O
 - 'NoneType' object has no attribute 'kekulise'
[H]OC([H])([H])C(\\[H])=C(/[H])C([H])([H])OC([H])([H])N1C([H])=C([H])N=C1[N+]([O-])=O
 - 2 bonds in a row
[H]OC1=C(Cl)OC(=C([H])C1=O)C([H])([H])Cl
 - 12
Oc1ccc(F)cc1[N+](=O)[O-]
 - 'NoneType' object has no attribute 'kekulise'
OC1=CC=C(F)C=C1[N+]([O-])=O
 - 'NoneType' object has no attribute 'kekulise'
[H]OC1=C(C([H])=C(F)C([H])=C1[H])[N+]([O-])=O
 - 'NoneType' object has no attribute 'kekulise'
[O-][N+](=O)c1cc(F)ccc1O
 - 'NoneType' object has no attribute 'kekulise'
Oc1ccc(F)cc1[N+]([O-])=O
 - 'NoneType' object has no attribute 'kekulise'
[H]OC1=NC2=C([H])C(Cl)=C([H])C([H])=C2C(O[H])=C1C(=O)C1=C([H])C([H])=C(Br)S1
 - 22
[H]OC1=C(C(=O)C2=C([H])C([H])=C(Br)S2)C(=O)C2=C([H])C([H])=C(Cl)C([H])=C2N1[H]
 - 27
[H]OC(C1=C([H])C([H])=C(Br)S1)=C1C(O[H])=NC2=C([H])C(Cl)=C([H])C([H])=C2C1=O
 - 27
[H]OC(C1=C([H])C([H])=C(Br)S1)=C1C(=O)N([H])C2=C([H])C(Cl)=C([H])C([H])=C2C1=O
 - 27
[H]OC1=C(C(=O)C2=C([H])C([H])=C(Br)S2)C(=O)N([H])C2=C([H])C(Cl)=C([H])C([H])=C12
 - 28
[H]OC1=NC2=C([H])C(Cl)=C([H])C([H])=C2C(=O)C1([H])C(=O)C1=C([H])C([H])=C(Br)S1
 - 22
[H]N1C(=O)C([H])(C(=O)C2=C([H])C([H])=C(Br)S2)C(=O)C2=C([H])C([H])=C(Cl)C([H])=C12
 - 28
[H]OC(C1=C([H])C([H])=C(Br)S1)=C1C(=O)N=C2C([H])=C(Cl)C([H])=C([H])C2=C1O[H]
 - 26
[H]OC1=C2C([H])=C([H])C(Cl)=C([H])C2=NC(=O)C1([H])C(=O)C1=C([H])C([H])=C(Br)S1
 - 22
OC1=c2c(=NC(=O)[C]1C(=O)c1ccc(Br)s1)cc(Cl)cc2
 - 'NoneType' object has no attribute 'get_contributed_electrons'
[H]OC1=C([H])C2=C(C(O[H])=C1[H])C([H])([H])C([H])(OC([H])([H])C([H])([H])C#N)C([H])(O2)C1=C([H])C(O[H])=C(O[H])C([H])=C1[H]
 - 29
[H]OC1=C([H])C2=C(C(O[H])=C1[H])C([H])([H])C([H])(OC([H])([H])C([H])=C=N[H])C([H])(O2)C1=C([H])C(O[H])=C(O[H])C([H])=C1[H]
 - 29
[H]OC1=C([H])OC(=C([H])C1=O)C([H])([H])SC1=NC([H])=C([H])C([H])=C1[H]
 - 17
[H]OC1=C2C(=O)C3=C(O[H])C([H])=C([H])C([H])=C3C(=C([H])N([H])C3=C([H])C([H])=C([H])C([H])=C3[H])C2=C([H])C([H])=C1[H]
 - 39
[H]OC1=C2C(=O)C3=C(O[H])C([H])=C([H])C([H])=C3C([H])(C([H])=NC3=C([H])C([H])=C([H])C([H])=C3[H])C2=C([H])C([H])=C1[H]
 - 39
[H]OC1=NC2=C([H])C(Cl)=C([H])C([H])=C2C(O[H])=C1C1=C([H])C(=C([H])C([H])=C1[H])N1C([H])=C([H])C2=C([H])C([H])=C([H])C([H])=C12
 - 29
[H]OC1=NC2=C([H])C(Cl)=C([H])C([H])=C2C(=O)C1([H])C1=C([H])C(=C([H])C([H])=C1[H])N1C([H])=C([H])C2=C([H])C([H])=C([H])C([H])=C12
 - 29
[H]N1C(=O)C([H])(C2=C([H])C(=C([H])C([H])=C2[H])N2C([H])=C([H])C3=C([H])C([H])=C([H])C([H])=C23)C(=O)C2=C([H])C([H])=C(Cl)C([H])=C12
 - 43
[H]OC1=C(C(=O)C2=C([H])C([H])=C(Cl)C([H])=C2N1[H])C1=C([H])C(=C([H])C([H])=C1[H])N1C([H])=C([H])C2=C([H])C([H])=C([H])C([H])=C12
 - 29
[H]OC1=C(C(=O)N([H])C2=C([H])C(Cl)=C([H])C([H])=C12)C1=C([H])C(=C([H])C([H])=C1[H])N1C([H])=C([H])C2=C([H])C([H])=C([H])C([H])=C12
 - 29
[H]OC1=C2C([H])=C([H])C(Cl)=C([H])C2=NC(=O)C1([H])C1=C([H])C(=C([H])C([H])=C1[H])N1C([H])=C([H])C2=C([H])C([H])=C([H])C([H])=C12
 - 29
OC1=c2c(=NC(=O)[C]1c1cccc(c1)n1ccc3ccccc13)cc(Cl)cc2
 - 'NoneType' object has no attribute 'get_contributed_electrons'
[H]SC(=NN=C(C1=C([H])C([H])=C([H])C([H])=N1)C1=C([H])C([H])=C([H])C([H])=N1)N([H])C1=C([H])C([H])=C([H])C([H])=C1[H]
 - 27
[H]SC(=NC1=C([H])C([H])=C([H])C([H])=C1[H])N([H])N=C(C1=C([H])C([H])=C([H])C([H])=N1)C1=C([H])C([H])=C([H])C([H])=N1
 - 30
[H]N(N=C(C1=C([H])C([H])=C([H])C([H])=N1)C1=C([H])C([H])=C([H])C([H])=N1)C(=S)N([H])C1=C([H])C([H])=C([H])C([H])=C1[H]
 - 25
[H]SC(N=NC([H])(C1=C([H])C([H])=C([H])C([H])=N1)C1=C([H])C([H])=C([H])C([H])=N1)=NC1=C([H])C([H])=C([H])C([H])=C1[H]
 - 28
[H]N(C(=S)N=NC([H])(C1=C([H])C([H])=C([H])C([H])=N1)C1=C([H])C([H])=C([H])C([H])=N1)C1=C([H])C([H])=C([H])C([H])=C1[H]
 - 29
CCCCCCCCCC(=O)N[C@@H](CC1=CNC2=CC=CC=C21)C(=O)N[C@@H](CC(=O)N)C(=O)N[C@@H](CC(=O)O)C(=O)N[C@H]3[C@H](OC(=O)[C@@H](NC(=O)[C@@H](NC(=O)[C@H](NC(=O)CNC(=O)[C@@H](NC(=O)[C@H](NC(=O)[C@@H](NC(=O)[C@@H](NC(=O)CNC3=O)CCCN)CC(=O)O)C)CC(=O)O)CO)[C@H](C)CC(=O)O)CC(=O)C4=CC=CC=C4N)C - Processing took more than 5 seconds
